 ConEmuTh

 Timestamp is 56d404fe (Mon Feb 29 11:44:46 2016)

 Preferred load address is 10000000

 Start         Length     Name                   Class
 0001:00000000 00015694H .text                   CODE
 0002:00000000 00000310H .idata$5                DATA
 0002:00000310 00000004H .CRT$XCA                DATA
 0002:00000314 00000004H .CRT$XCZ                DATA
 0002:00000318 00000004H .CRT$XIA                DATA
 0002:0000031c 0000000cH .CRT$XIC                DATA
 0002:00000328 00000004H .CRT$XIZ                DATA
 0002:0000032c 00000004H .CRT$XPA                DATA
 0002:00000330 00000004H .CRT$XPZ                DATA
 0002:00000334 00000004H .CRT$XTA                DATA
 0002:00000338 00000004H .CRT$XTZ                DATA
 0002:00000340 00002518H .rdata                  DATA
 0002:00002860 00000010H .rdata$sxdata           DATA
 0002:00002870 00000004H .rtc$IAA                DATA
 0002:00002874 00000004H .rtc$IZZ                DATA
 0002:00002878 00000004H .rtc$TAA                DATA
 0002:0000287c 00000004H .rtc$TZZ                DATA
 0002:00002880 00000354H .xdata$x                DATA
 0002:00002bd4 0000008cH .idata$2                DATA
 0002:00002c60 00000014H .idata$3                DATA
 0002:00002c74 00000310H .idata$4                DATA
 0002:00002f84 00000d56H .idata$6                DATA
 0002:00003ce0 00000168H .edata                  DATA
 0003:00000000 00000ce0H .data                   DATA
 0003:00000ce0 00029a44H .bss                    DATA
 0004:00000000 000000e8H .rsrc$01                DATA
 0004:000000f0 000013a8H .rsrc$02                DATA

  Address         Publics by Value              Rva+Base       Lib:Object

 0000:00000000       __except_list              00000000     <absolute>
 0000:00000004       ___safe_se_handler_count   00000004     <absolute>
 0000:00000000       ___ImageBase               10000000     <linker-defined>
 0001:00000000       _wmemmove                  10001000 f i CEStr.obj
 0001:00000018       ?Empty@CEStr@@QAEXXZ       10001018 f   CEStr.obj
 0001:0000003d       ??BCEStr@@QBEPB_WXZ        1000103d f   CEStr.obj
 0001:00000040       ?GetMaxCount@CEStr@@QAEHXZ 10001040 f   CEStr.obj
 0001:0000005f       ?GetBuffer@CEStr@@QAEPA_WH@Z 1000105f f   CEStr.obj
 0001:000000d6       ?AttachInt@CEStr@@AAEPB_WAAPA_W@Z 100010d6 f   CEStr.obj
 0001:00000114       ?IsEmpty@CEStr@@QAE_NXZ    10001114 f   CEStr.obj
 0001:00000127       ?StringCchCopyNW@@YGJPA_WIPB_WI@Z 10001127 f i CEStr.obj
 0001:000001a3       ??0CEStr@@QAE@XZ           100011a3 f   CEStr.obj
 0001:000001b2       ??1CEStr@@QAE@XZ           100011b2 f   CEStr.obj
 0001:000001e8       ?Attach@CEStr@@QAEPB_WPA_W@Z 100011e8 f   CEStr.obj
 0001:000001f5       ?Set@CEStr@@QAEPB_WPB_WH@Z 100011f5 f   CEStr.obj
 0001:000002b2       ?SavePathVar@CEStr@@QAEXPB_W@Z 100012b2 f   CEStr.obj
 0001:000002dd       ?PointToName@@YIPB_WPB_W@Z 100012dd f   CmdLine.obj
 0001:00000318       ?PointToExt@@YIPB_WPB_W@Z  10001318 f   CmdLine.obj
 0001:0000032d       ?Unquote@@YIPB_WPA_W_N@Z   1000132d f   CmdLine.obj
 0001:00000370       ?CommonShutdown@@YIXXZ     10001370 f   Common.obj
 0001:000003ce       ?ExecutePrepareCmd@@YIXPAUCESERVER_REQ_HDR@@KI@Z 100013ce f   ConEmuCheck.obj
 0001:00000431       ?ExecuteFreeResult@@YIXAAPAUCESERVER_REQ@@@Z 10001431 f   ConEmuCheck.obj
 0001:00000442       ?StringCchCopyW@@YGJPA_WIPB_W@Z 10001442 f i ConEmuCheck.obj
 0001:00000474       ?ExecutePrepareCmd@@YIXPAUCESERVER_REQ@@KI@Z 10001474 f   ConEmuCheck.obj
 0001:000004a2       ?ExecuteNewCmd@@YIPAUCESERVER_REQ@@KI@Z 100014a2 f   ConEmuCheck.obj
 0001:000004dc       ?ModuleName@@YIPB_WPB_W@Z  100014dc f   ConEmuCheck.obj
 0001:00000564       ?ExecuteOpenPipe@@YIPAXPB_WAAY0CAI@_W0KKHPAXH@Z 10001564 f   ConEmuCheck.obj
 0001:000006b3       ?ExecuteCmd@@YIPAUCESERVER_REQ@@PB_WPAU1@KPAUHWND__@@HKH@Z 100016b3 f   ConEmuCheck.obj
 0001:00000812       ?ExecuteGuiCmd@@YIPAUCESERVER_REQ@@PAUHWND__@@PAU1@0H@Z 10001812 f   ConEmuCheck.obj
 0001:000008af       _GetMinFarVersionW@0       100018af f   ConEmuTh.obj
 0001:000008b5       ?GetPluginInfoWcmn@@YGXPAX@Z 100018b5 f   ConEmuTh.obj
 0001:000008e2       ?GetMainThreadId@@YIKXZ    100018e2 f   ConEmuTh.obj
 0001:00000a84       ?OpenW@@YGPAXPBUOpenInfo@@@Z 10001a84 f   ConEmuTh.obj
 0001:00000ab3       ?ShowMessage@@YIHHH@Z      10001ab3 f   ConEmuTh.obj
 0001:00000aeb       ?GetMsgW@@YIPB_WH@Z        10001aeb f   ConEmuTh.obj
 0001:00000b24       ?PostMacro@@YIXPA_W@Z      10001b24 f   ConEmuTh.obj
 0001:00000c58       ?ShowPluginMenu@@YIHXZ     10001c58 f   ConEmuTh.obj
 0001:00000c90       ?CheckPanelSettings@@YIHH@Z 10001c90 f   ConEmuTh.obj
 0001:00000cc8       ?LoadPanelItemInfo@@YIXPAUCeFullPanelInfo@@H@Z 10001cc8 f   ConEmuTh.obj
 0001:00000d00       ?GetActivePanel@@YIPAUCeFullPanelInfo@@XZ 10001d00 f   ConEmuTh.obj
 0001:00000d41       ?ResetUngetBuffer@@YIXXZ   10001d41 f   ConEmuTh.obj
 0001:00000d50       ?OnPreReadConsole@@YGHPAXPAU_INPUT_RECORD@@KPAKPAH@Z 10001d50 f   ConEmuTh.obj
 0001:00000d6c       ?ShowLastError@@YIHXZ      10001d6c f   ConEmuTh.obj
 0001:00000dd9       ?GetFocusedThumbnails@@YIPAUCeFullPanelInfo@@XZ 10001dd9 f   ConEmuTh.obj
 0001:00000e24       ?CheckWindows@@YI_NXZ      10001e24 f   ConEmuTh.obj
 0001:00000e9b       ?CheckVarsInitialized@@YIXXZ 10001e9b f   ConEmuTh.obj
 0001:00000fb0       ?ExecuteInMainThread@@YIXPAUConEmuThSynchroArg@@@Z 10001fb0 f   ConEmuTh.obj
 0001:0000101c       ?GetFarRect@@YIHPAU_SMALL_RECT@@@Z 1000201c f   ConEmuTh.obj
 0001:0000108a       ?SettingsLoad@@YIHPB_WPAK@Z 1000208a f   ConEmuTh.obj
 0001:000010c2       ?SettingsLoadReg@@YIHPB_W0PAK@Z 100020c2 f   ConEmuTh.obj
 0001:00001124       ?SettingsSave@@YIXPB_WPAK@Z 10002124 f   ConEmuTh.obj
 0001:0000115c       ?SettingsSaveReg@@YIXPB_W0PAK@Z 1000215c f   ConEmuTh.obj
 0001:000011a8       ?SavePanelViewState@@YIXHK@Z 100021a8 f   ConEmuTh.obj
 0001:000011d5       ?isPreloadByDefault@@YI_NXZ 100021d5 f   ConEmuTh.obj
 0001:000011fd       ?FreeUserData@CePluginPanelItem@@QAEXXZ 100021fd f   ConEmuTh.obj
 0001:0000123e       ?FreeItem@CePluginPanelItem@@QAEXXZ 1000223e f   ConEmuTh.obj
 0001:00001253       ??0?$MFileMapping@Utag_DetectedDialog@@@@QAE@XZ 10002253 f i ConEmuTh.obj
 0001:00001253       ??0?$MFileMapping@UPanelViewSetMapping@@@@QAE@XZ 10002253 f i ConEmuTh.obj
 0001:00001277       ?ClosePtr@?$MFileMapping@Utag_DetectedDialog@@@@QAEXXZ 10002277 f i ConEmuTh.obj
 0001:00001277       ?ClosePtr@?$MFileMapping@UPanelViewSetMapping@@@@QAEXXZ 10002277 f i ConEmuTh.obj
 0001:0000128e       ?StringCchCatW@@YGJPA_WIPB_W@Z 1000228e f i ConEmuTh.obj
 0001:00001555       ?LoadFarVersion@@YIHXZ     10002555 f   ConEmuTh.obj
 0001:000015a0       ?ReloadResourcesW@@YIXXZ   100025a0 f   ConEmuTh.obj
 0001:00001603       ?ReloadPanelsInfo@@YIXXZ   10002603 f   ConEmuTh.obj
 0001:00001759       ?OnPreWriteConsoleOutput@@YGHPAXPBU_CHAR_INFO@@U_COORD@@2PAU_SMALL_RECT@@@Z 10002759 f   ConEmuTh.obj
 0001:0000186c       ?IsThumbnailsActive@@YIPAUCeFullPanelInfo@@H@Z 1000286c f   ConEmuTh.obj
 0001:00001a04       ?SettingsLoadOther@@YIXPB_W@Z 10002a04 f   ConEmuTh.obj
 0001:00001afe       ?SetFrom@?$MFileMapping@Utag_DetectedDialog@@@@QAE_NPBUtag_DetectedDialog@@H@Z 10002afe f i ConEmuTh.obj
 0001:00001b4e       ?CloseMap@?$MFileMapping@Utag_DetectedDialog@@@@QAEXXZ 10002b4e f i ConEmuTh.obj
 0001:00001b4e       ?CloseMap@?$MFileMapping@UPanelViewSetMapping@@@@QAEXXZ 10002b4e f i ConEmuTh.obj
 0001:00001b82       _DllMain@12                10002b82 f   ConEmuTh.obj
 0001:00001c3c       ?ProcessConsoleInput@@YIHHPAU_INPUT_RECORD@@KPAK@Z 10002c3c f   ConEmuTh.obj
 0001:00001edf       ?UpdateEnvVar@@YIXH@Z      10002edf f   ConEmuTh.obj
 0001:00001eff       ?InitName@?$MFileMapping@Utag_DetectedDialog@@@@QAEPB_WPB_WKK@Z 10002eff f i ConEmuTh.obj
 0001:00001eff       ?InitName@?$MFileMapping@UPanelViewSetMapping@@@@QAEPB_WPB_WKK@Z 10002eff f i ConEmuTh.obj
 0001:00001f2f       ?InternalOpenCreate@?$MFileMapping@Utag_DetectedDialog@@@@IAEPAUtag_DetectedDialog@@HHH@Z 10002f2f f i ConEmuTh.obj
 0001:00002046       ?InternalOpenCreate@?$MFileMapping@UPanelViewSetMapping@@@@IAEPAUPanelViewSetMapping@@HHH@Z 10003046 f i ConEmuTh.obj
 0001:0000215d       ??_G?$MFileMapping@Utag_DetectedDialog@@@@QAEPAXI@Z 1000315d f i ConEmuTh.obj
 0001:0000217e       ?OnPostPeekConsole@@YGHPAXPAU_INPUT_RECORD@@KPAKPAH@Z 1000317e f   ConEmuTh.obj
 0001:000021bb       ?OnPostReadConsole@@YGHPAXPAU_INPUT_RECORD@@KPAKPAH@Z 100031bb f   ConEmuTh.obj
 0001:000021f9       ?ExitPlugin@@YIXXZ         100031f9 f   ConEmuTh.obj
 0001:000022f2       _ExitFARW@0                100032f2 f   ConEmuTh.obj
 0001:00002319       ?ExitFARW3@@YGXPAX@Z       10003319 f   ConEmuTh.obj
 0001:00002347       ?OnReadyForPanelsReload@@YIXXZ 10003347 f   ConEmuTh.obj
 0001:00002461       ?ProcessSynchroEventCommon@@YIHHPAX@Z 10003461 f   ConEmuTh.obj
 0001:000025a1       _ProcessSynchroEventW@8    100035a1 f   ConEmuTh.obj
 0001:000025b1       ?LoadThSet@@YIHK@Z         100035b1 f   ConEmuTh.obj
 0001:0000270c       ?CheckConEmu@@YIHH@Z       1000370c f   ConEmuTh.obj
 0001:000027e6       ?StartPlugin@@YIXH@Z       100037e6 f   ConEmuTh.obj
 0001:000028fa       ?OnPrePeekConsole@@YGHPAXPAU_INPUT_RECORD@@KPAKPAH@Z 100038fa f   ConEmuTh.obj
 0001:0000299d       ?EntryPoint@@YIXHH_N@Z     1000399d f   ConEmuTh.obj
 0001:00002b19       _SetStartupInfoW@4         10003b19 f   ConEmuTh.obj
 0001:00002b6d       ?OpenPluginWcmn@@YIPAXHH_N@Z 10003b6d f   ConEmuTh.obj
 0001:00002bae       ?GetStdIndex@Far3Color@@SIHKPBK@Z 10003bae f i ConEmuTh1900.obj
 0001:00002bc8       ?Color2FgIndex@Far3Color@@SIXKAAGPBK@Z 10003bc8 f i ConEmuTh1900.obj
 0001:00002c97       ?Color2BgIndex@Far3Color@@SIXKHAAGPBK@Z 10003c97 f i ConEmuTh1900.obj
 0001:00002d7d       ?FarColor_3_2@@YIEABUFarColor@@@Z 10003d7d f i ConEmuTh1900.obj
 0001:00002e0e       ?GetPluginInfoW1900@@YIXPAX@Z 10003e0e f   ConEmuTh1900.obj
 0001:00002e5f       ?SetStartupInfoW1900@@YIXPAX@Z 10003e5f f   ConEmuTh1900.obj
 0001:00002f4d       ?OpenW1900@@YIPAXPBX@Z     10003f4d f   ConEmuTh1900.obj
 0001:00002fa5       ?ExitFARW1900@@YIXXZ       10003fa5 f   ConEmuTh1900.obj
 0001:00002fd4       ?ShowMessageW1900@@YIHPB_WH@Z 10003fd4 f   ConEmuTh1900.obj
 0001:00003044       ?ShowMessageW1900@@YIHHH@Z 10004044 f   ConEmuTh1900.obj
 0001:00003074       ?GetMsgW1900@@YIPB_WH@Z    10004074 f   ConEmuTh1900.obj
 0001:00003093       ?PostMacroW1900@@YIXPA_W@Z 10004093 f   ConEmuTh1900.obj
 0001:000030f8       ?ShowPluginMenuW1900@@YIHXZ 100040f8 f   ConEmuTh1900.obj
 0001:00003291       ?LoadPanelItemInfoW1900@@YIXPAUCeFullPanelInfo@@H@Z 10004291 f   ConEmuTh1900.obj
 0001:00003551       ?LoadPanelInfoW1900@@YIHH@Z 10004551 f   ConEmuTh1900.obj
 0001:00003960       ?ReloadPanelsInfoW1900@@YIXXZ 10004960 f   ConEmuTh1900.obj
 0001:00003979       ?SetCurrentPanelItemW1900@@YIXHHH@Z 10004979 f   ConEmuTh1900.obj
 0001:00003a51       ?CheckPanelSettingsW1900@@YIHH@Z 10004a51 f   ConEmuTh1900.obj
 0001:00003af2       ?ExecuteInMainThreadW1900@@YIXPAUConEmuThSynchroArg@@@Z 10004af2 f   ConEmuTh1900.obj
 0001:00003b09       ?GetFarRectW1900@@YIXPAU_SMALL_RECT@@@Z 10004b09 f   ConEmuTh1900.obj
 0001:00003b37       ?CheckFarPanelsW1900@@YI_NXZ 10004b37 f   ConEmuTh1900.obj
 0001:00003b7b       ?SettingsLoadW1900@@YIHPB_WPAK@Z 10004b7b f   ConEmuTh1900.obj
 0001:00003c10       ?SettingsSaveW1900@@YIXPB_WPAK@Z 10004c10 f   ConEmuTh1900.obj
 0001:00003caa       ?IsFarLua@FarVersion@@QBE_NXZ 10004caa f i ConEmuTh2800.obj
 0001:00003cc5       _GetGlobalInfoW@4          10004cc5 f   ConEmuTh2800.obj
 0001:00003d58       ?GetPluginInfoW2800@@YIXPAX@Z 10004d58 f   ConEmuTh2800.obj
 0001:00003da9       ?SetStartupInfoW2800@@YIXPAX@Z 10004da9 f   ConEmuTh2800.obj
 0001:00003e97       ?ProcessSynchroEventW3@@YGHPAX@Z 10004e97 f   ConEmuTh2800.obj
 0001:00003ea9       ?ExitFARW2800@@YIXXZ       10004ea9 f   ConEmuTh2800.obj
 0001:00003ed8       ?ShowMessageW2800@@YIHPB_WH@Z 10004ed8 f   ConEmuTh2800.obj
 0001:00003f48       ?ShowMessageW2800@@YIHHH@Z 10004f48 f   ConEmuTh2800.obj
 0001:00003f78       ?GetMsgW2800@@YIPB_WH@Z    10004f78 f   ConEmuTh2800.obj
 0001:00003f97       ?PostMacroW2800@@YIXPA_W@Z 10004f97 f   ConEmuTh2800.obj
 0001:00003ffe       ?ShowPluginMenuW2800@@YIHXZ 10004ffe f   ConEmuTh2800.obj
 0001:00004197       ?FreePanelItemUserData2800@@YIXPAXKP6GHXZ@Z 10005197 f   ConEmuTh2800.obj
 0001:000041c0       ?LoadPanelItemInfoW2800@@YIXPAUCeFullPanelInfo@@H@Z 100051c0 f   ConEmuTh2800.obj
 0001:000044bc       ?LoadPanelInfoW2800@@YIHH@Z 100054bc f   ConEmuTh2800.obj
 0001:000048cb       ?ReloadPanelsInfoW2800@@YIXXZ 100058cb f   ConEmuTh2800.obj
 0001:000048e4       ?SetCurrentPanelItemW2800@@YIXHHH@Z 100058e4 f   ConEmuTh2800.obj
 0001:000049b6       ?SetCurrentPanelItemW2800Int@@YIXHHH@Z 100059b6 f   ConEmuTh2800.obj
 0001:00004a8a       ?CheckPanelSettingsW2800@@YIHH@Z 10005a8a f   ConEmuTh2800.obj
 0001:00004b2b       ?ExecuteInMainThreadW2800@@YIXPAUConEmuThSynchroArg@@@Z 10005b2b f   ConEmuTh2800.obj
 0001:00004b42       ?GetFarRectW2800@@YIXPAU_SMALL_RECT@@@Z 10005b42 f   ConEmuTh2800.obj
 0001:00004b70       ?CheckFarPanelsW2800@@YI_NXZ 10005b70 f   ConEmuTh2800.obj
 0001:00004bce       ?SettingsLoadW2800@@YIHPB_WPAK@Z 10005bce f   ConEmuTh2800.obj
 0001:00004c59       ?SettingsSaveW2800@@YIXPB_WPAK@Z 10005c59 f   ConEmuTh2800.obj
 0001:00004ce9       ?OpenW2800@@YIPAXPBX@Z     10005ce9 f   ConEmuTh2800.obj
 0001:00004d8b       ?GetPluginInfoW995@@YIXPAX@Z 10005d8b f   ConEmuTh995.obj
 0001:00004de3       ?SetStartupInfoW995@@YIXPAX@Z 10005de3 f   ConEmuTh995.obj
 0001:00004f28       _OpenPluginW@8             10005f28 f   ConEmuTh995.obj
 0001:00004f58       ?ExitFARW995@@YIXXZ        10005f58 f   ConEmuTh995.obj
 0001:00004f9e       ?ShowMessageW995@@YIHPB_WH@Z 10005f9e f   ConEmuTh995.obj
 0001:00004fc3       ?ShowMessageW995@@YIHHH@Z  10005fc3 f   ConEmuTh995.obj
 0001:00004ff1       ?GetMsgW995@@YIPB_WH@Z     10005ff1 f   ConEmuTh995.obj
 0001:0000500e       ?PostMacroW995@@YIXPA_W@Z  1000600e f   ConEmuTh995.obj
 0001:00005061       ?ShowPluginMenuW995@@YIHXZ 10006061 f   ConEmuTh995.obj
 0001:0000517f       ?LoadPanelItemInfoW995@@YIXPAUCeFullPanelInfo@@H@Z 1000617f f   ConEmuTh995.obj
 0001:000052c4       ?LoadPanelInfo995@@YIHH@Z  100062c4 f   ConEmuTh995.obj
 0001:00005578       ?ReloadPanelsInfoW995@@YIXXZ 10006578 f   ConEmuTh995.obj
 0001:00005591       ?SetCurrentPanelItemW995@@YIXHHH@Z 10006591 f   ConEmuTh995.obj
 0001:00005658       ?CheckPanelSettingsW995@@YIHH@Z 10006658 f   ConEmuTh995.obj
 0001:000056b4       ?ExecuteInMainThreadW995@@YIXPAUConEmuThSynchroArg@@@Z 100066b4 f   ConEmuTh995.obj
 0001:000056c7       ?GetFarRectW995@@YIXPAU_SMALL_RECT@@@Z 100066c7 f   ConEmuTh995.obj
 0001:000056f1       ?CheckFarPanelsW995@@YI_NXZ 100066f1 f   ConEmuTh995.obj
 0001:00005736       ?SettingsLoadW995@@YIHPB_WPAK@Z 10006736 f   ConEmuTh995.obj
 0001:00005747       ?SettingsSaveW995@@YIXPB_WPAK@Z 10006747 f   ConEmuTh995.obj
 0001:00005758       ?SettingsLoadOtherW995@@YIXXZ 10006758 f   ConEmuTh995.obj
 0001:00005763       _GetMinFarVersion@0        10006763 f   ConEmuThA.obj
 0001:00005792       _GetPluginInfo@4           10006792 f   ConEmuThA.obj
 0001:000057f3       _ExitFAR@0                 100067f3 f   ConEmuThA.obj
 0001:0000583e       ?ShowMessageA@@YIHPBDH@Z   1000683e f   ConEmuThA.obj
 0001:0000586d       ?ShowMessageA@@YIHHH@Z     1000686d f   ConEmuThA.obj
 0001:000058a5       ?PostMacroA@@YIXPAD@Z      100068a5 f   ConEmuThA.obj
 0001:000058fd       ?ShowPluginMenuA@@YIHXZ    100068fd f   ConEmuThA.obj
 0001:00005a7d       ?GetMsgA@@YIPB_WHPA_W@Z    10006a7d f   ConEmuThA.obj
 0001:00005ae6       __initp_misc_winxfltr      10006ae6 f   LIBCMT:winxfltr.obj
 0001:00005ae6       ?OnThreadStopped@?$CQueueProcessor@PAUIMAGE_CACHE_INFO@@@@MAEXXZ 10006ae6 f   ImgCache.obj
 0001:00005ae6       ?SettingsLoadOtherW1900@@YIXXZ 10006ae6 f   ConEmuTh1900.obj
 0001:00005ae6       ?SettingsLoadOtherW2800@@YIXXZ 10006ae6 f   ConEmuTh2800.obj
 0001:00005ae6       ?LoadPanelItemInfoA@@YIXPAUCeFullPanelInfo@@H@Z 10006ae6 f   ConEmuThA.obj
 0001:00005b1e       ?LoadPanelInfoA@@YIHH@Z    10006b1e f   ConEmuThA.obj
 0001:00005e75       ?ReloadPanelsInfoA@@YIXXZ  10006e75 f   ConEmuThA.obj
 0001:00005e8e       ?SetCurrentPanelItemA@@YIXHHH@Z 10006e8e f   ConEmuThA.obj
 0001:00005f66       ?CheckPanelSettingsA@@YIHH@Z 10006f66 f   ConEmuThA.obj
 0001:00005fce       ?CheckFarPanelsA@@YI_NXZ   10006fce f   ConEmuThA.obj
 0001:00006031       ?SettingsLoadA@@YIHPB_WPAK@Z 10007031 f   ConEmuThA.obj
 0001:00006042       ?SettingsSaveA@@YIXPB_WPAK@Z 10007042 f   ConEmuThA.obj
 0001:00006053       ?SettingsLoadOtherA@@YIXXZ 10007053 f   ConEmuThA.obj
 0001:0000605e       ?ReloadResourcesA@@YIXXZ   1000705e f   ConEmuThA.obj
 0001:000060e9       _SetStartupInfo@4          100070e9 f   ConEmuThA.obj
 0001:00006259       _OpenPlugin@8              10007259 f   ConEmuThA.obj
 0001:0000627c       ?GetIndexFromWndCoord@CeFullPanelInfo@@QAEHHHAAH@Z 1000727c f   Display.obj
 0001:000062f3       ?GetConCoordFromIndex@CeFullPanelInfo@@QAEHHAAU_COORD@@@Z 100072f3 f   Display.obj
 0001:00006389       ?LoadItemColors@CeFullPanelInfo@@QAEXHPAUCePluginPanelItem@@PAUCePluginPanelItemColor@@HH@Z 10007389 f   Display.obj
 0001:000065b4       ?GetItemColors@CeFullPanelInfo@@QAEPAUHBRUSH__@@HPAUCePluginPanelItem@@PAUCePluginPanelItemColor@@HAAK2@Z 100075b4 f   Display.obj
 0001:0000660e       ?CalcTopPanelItem@CeFullPanelInfo@@QAEHHH@Z 1000760e f   Display.obj
 0001:000066bc       ?DisplayReloadPanel@CeFullPanelInfo@@QAEXXZ 100076bc f   Display.obj
 0001:000066df       ?UnregisterPanelView@CeFullPanelInfo@@QAEH_N@Z 100076df f   Display.obj
 0001:000067dc       ?RequestSetPos@CeFullPanelInfo@@QAEXHHH@Z 100077dc f   Display.obj
 0001:00006893       ?ReallocItems@CeFullPanelInfo@@QAEHH@Z 10007893 f   Display.obj
 0001:000069b6       ?FarItem2CeItem@CeFullPanelInfo@@QAEHHPB_W0KU_FILETIME@@_KHPAXKP6GHXZ2K@Z 100079b6 f   Display.obj
 0001:00006c7b       ?BisItem2CeItem@CeFullPanelInfo@@QAEHHH_KKKHH@Z 10007c7b f   Display.obj
 0001:00006d06       ?DrawItemText@CeFullPanelInfo@@QAEHPAUHDC__@@PAUtagRECT@@1PAUCePluginPanelItem@@PB_WPAUHBRUSH__@@H@Z 10007d06 f   Display.obj
 0001:000071b1       ?Close@CeFullPanelInfo@@QAEXXZ 100081b1 f   Display.obj
 0001:000071e5       ?FinalRelease@CeFullPanelInfo@@QAEXXZ 100081e5 f   Display.obj
 0001:000072af       ?PaintItem@CeFullPanelInfo@@QAEHPAUHDC__@@HHHPAUCePluginPanelItem@@PAUCePluginPanelItemColor@@HHPAUHBRUSH__@@3K@Z 100082af f   Display.obj
 0001:000076d1       ?Invalidate@CeFullPanelInfo@@QAEXXZ 100086d1 f   Display.obj
 0001:00007714       ?Paint@CeFullPanelInfo@@QAEXPAUHWND__@@AAUtagPAINTSTRUCT@@AAUtagRECT@@@Z 10008714 f   Display.obj
 0001:00007e2b       ?OnSettingsChanged@CeFullPanelInfo@@QAEHH@Z 10008e2b f   Display.obj
 0001:00007ebc       ?DisplayWndProc@CeFullPanelInfo@@SGJPAUHWND__@@IIJ@Z 10008ebc f   Display.obj
 0001:00008364       ?InvalidateAll@CeFullPanelInfo@@SIXXZ 10009364 f   Display.obj
 0001:000083a2       ?RegisterPanelView@CeFullPanelInfo@@QAEHXZ 100093a2 f   Display.obj
 0001:00008614       ?CreateView@CeFullPanelInfo@@QAEPAUHWND__@@XZ 10009614 f   Display.obj
 0001:000088cd       ?DisplayThread@CeFullPanelInfo@@SGKPAX@Z 100098cd f   Display.obj
 0001:000089c1       ?Init@HkFunc@@QAE_NPB_WPAUHINSTANCE__@@@Z 100099c1 f   HkFunc.obj
 0001:00008a2c       ?LoadModules@CImgCache@@IAEXXZ 10009a2c f   ImgCache.obj
 0001:00008c72       ?FreeModules@CImgCache@@IAEXXZ 10009c72 f   ImgCache.obj
 0001:00008d2d       ?SetCacheLocation@CImgCache@@QAEXPB_W@Z 10009d2d f   ImgCache.obj
 0001:00008d89       ?CheckLoadDibCreated@CImgCache@@IAEHXZ 10009d89 f   ImgCache.obj
 0001:00008e95       ?CheckDrawDibCreated@CImgCache@@IAEHXZ 10009e95 f   ImgCache.obj
 0001:00008fa1       ?FindInCache@CImgCache@@IAEHPAUCePluginPanelItem@@PAHI@Z 10009fa1 f   ImgCache.obj
 0001:0000913e       ?CopyBits@CImgCache@@IAEXU_COORD@@PAEK01@Z 1000a13e f   ImgCache.obj
 0001:00009196       ?LoadShellIcon@CImgCache@@QAEHPAUIMAGE_CACHE_INFO@@H@Z 1000a196 f   ImgCache.obj
 0001:0000941f       ?LoadThumbnail@CImgCache@@QAEHPAUIMAGE_CACHE_INFO@@@Z 1000a41f f   ImgCache.obj
 0001:00009941       ??0?$CQueueProcessor@PAUIMAGE_CACHE_INFO@@@@QAE@XZ 1000a941 f i ImgCache.obj
 0001:00009992       ?IsStopRequested@?$CQueueProcessor@PAUIMAGE_CACHE_INFO@@@@UAE_NABQAUIMAGE_CACHE_INFO@@@Z 1000a992 f i ImgCache.obj
 0001:000099a3       ?ProcessItem@?$CQueueProcessor@PAUIMAGE_CACHE_INFO@@@@MAEJAAPAUIMAGE_CACHE_INFO@@J@Z 1000a9a3 f i ImgCache.obj
 0001:000099ab       ?OnItemReady@?$CQueueProcessor@PAUIMAGE_CACHE_INFO@@@@MAEXAAPAUIMAGE_CACHE_INFO@@J@Z 1000a9ab f i ImgCache.obj
 0001:000099ab       ?ApplyChanges@?$CQueueProcessor@PAUIMAGE_CACHE_INFO@@@@MAEXAAPAUIMAGE_CACHE_INFO@@ABQAU2@@Z 1000a9ab f i ImgCache.obj
 0001:000099ab       ?OnItemFailed@?$CQueueProcessor@PAUIMAGE_CACHE_INFO@@@@MAEXAAPAUIMAGE_CACHE_INFO@@J@Z 1000a9ab f i ImgCache.obj
 0001:000099ae       ?OnThreadStarted@?$CQueueProcessor@PAUIMAGE_CACHE_INFO@@@@MAEJXZ 1000a9ae f i ImgCache.obj
 0001:000099b1       ?CopyItem@?$CQueueProcessor@PAUIMAGE_CACHE_INFO@@@@MAEXPBQAUIMAGE_CACHE_INFO@@PAPAU2@@Z 1000a9b1 f i ImgCache.obj
 0001:000099cd       ?IsEqual@?$CQueueProcessor@PAUIMAGE_CACHE_INFO@@@@MAE_NABQAUIMAGE_CACHE_INFO@@J0J@Z 1000a9cd f i ImgCache.obj
 0001:00009a03       ?FreeItem@?$CQueueProcessor@PAUIMAGE_CACHE_INFO@@@@MAEXABQAUIMAGE_CACHE_INFO@@@Z 1000aa03 f i ImgCache.obj
 0001:00009a06       ?ClearQueue@?$CQueueProcessor@PAUIMAGE_CACHE_INFO@@@@AAEXXZ 1000aa06 f i ImgCache.obj
 0001:00009a63       ?InitializeQueue@?$CQueueProcessor@PAUIMAGE_CACHE_INFO@@@@AAEXH@Z 1000aa63 f i ImgCache.obj
 0001:00009ad4       ?CheckWaitingCount@?$CQueueProcessor@PAUIMAGE_CACHE_INFO@@@@AAEXXZ 1000aad4 f i ImgCache.obj
 0001:00009b0b       ?ProcessItem@?$CQueueProcessor@PAUIMAGE_CACHE_INFO@@@@IAEJPAUProcessingItem@1@@Z 1000ab0b f i ImgCache.obj
 0001:00009b4c       ??0CImgCache@@QAE@PAUHINSTANCE__@@@Z 1000ab4c f   ImgCache.obj
 0001:00009c4c       ?PaintItem@CImgCache@@QAEHPAUHDC__@@HHHPAUCePluginPanelItem@@PAPB_WPAH@Z 1000ac4c f   ImgCache.obj
 0001:0000a07a       ?Terminate@?$CQueueProcessor@PAUIMAGE_CACHE_INFO@@@@QAEXK@Z 1000b07a f i ImgCache.obj
 0001:0000a0c5       ?FindOrCreate@?$CQueueProcessor@PAUIMAGE_CACHE_INFO@@@@AAEPAUProcessingItem@1@ABQAUIMAGE_CACHE_INFO@@J_NW4ProcessingPriority@@@Z 1000b0c5 f i ImgCache.obj
 0001:0000a231       ?ProcessingStep@?$CQueueProcessor@PAUIMAGE_CACHE_INFO@@@@IAE_NXZ 1000b231 f i ImgCache.obj
 0001:0000a3a0       ??$SafeDelete@UMSectionSimple@@@@YIXAAPAUMSectionSimple@@@Z 1000b3a0 f i ImgCache.obj
 0001:0000a3be       ?Reset@CImgCache@@QAEXXZ   1000b3be f   ImgCache.obj
 0001:0000a503       ?Init@CImgCache@@QAEXK@Z   1000b503 f   ImgCache.obj
 0001:0000a547       ??1?$CQueueProcessor@PAUIMAGE_CACHE_INFO@@@@UAE@XZ 1000b547 f i ImgCache.obj
 0001:0000a59d       ??_ECImgLoader@@UAEPAXI@Z  1000b59d f i ImgCache.obj
 0001:0000a59d       ??_G?$CQueueProcessor@PAUIMAGE_CACHE_INFO@@@@UAEPAXI@Z 1000b59d f i ImgCache.obj
 0001:0000a59d       ??_GCImgLoader@@UAEPAXI@Z  1000b59d f i ImgCache.obj
 0001:0000a59d       ??_E?$CQueueProcessor@PAUIMAGE_CACHE_INFO@@@@UAEPAXI@Z 1000b59d f i ImgCache.obj
 0001:0000a5b9       ?ProcessingThread@?$CQueueProcessor@PAUIMAGE_CACHE_INFO@@@@KGKPAX@Z 1000b5b9 f i ImgCache.obj
 0001:0000a5dc       ??1CImgCache@@QAE@XZ       1000b5dc f   ImgCache.obj
 0001:0000a66f       ?OnThreadStarted@CImgLoader@@UAEJXZ 1000b66f f i ImgCache.obj
 0001:0000a67a       ?OnThreadStopped@CImgLoader@@UAEXXZ 1000b67a f i ImgCache.obj
 0001:0000a680       ?IsEqual@CImgLoader@@UAE_NAAPBUIMAGE_CACHE_INFO@@JAAPAU2@J@Z 1000b680 f i ImgCache.obj
 0001:0000a6a2       ?CheckHighPriority@CImgLoader@@UAE_NAAPBUIMAGE_CACHE_INFO@@@Z 1000b6a2 f i ImgCache.obj
 0001:0000a6a2       ?CheckHighPriority@?$CQueueProcessor@PAUIMAGE_CACHE_INFO@@@@MAE_NABQAUIMAGE_CACHE_INFO@@@Z 1000b6a2 f i ImgCache.obj
 0001:0000a6a7       ?ProcessItem@CImgLoader@@UAEJAAPAUIMAGE_CACHE_INFO@@J@Z 1000b6a7 f i ImgCache.obj
 0001:0000a6ec       ?IsTerminationRequested@CImgLoader@@UAE_NXZ 1000b6ec f i ImgCache.obj
 0001:0000a6ec       ?IsTerminationRequested@?$CQueueProcessor@PAUIMAGE_CACHE_INFO@@@@MAE_NXZ 1000b6ec f i ImgCache.obj
 0001:0000a6f0       ?CheckThread@?$CQueueProcessor@PAUIMAGE_CACHE_INFO@@@@IAEJXZ 1000b6f0 f i ImgCache.obj
 0001:0000a780       ?RequestItem@?$CQueueProcessor@PAUIMAGE_CACHE_INFO@@@@QAEJ_NW4ProcessingPriority@@QAUIMAGE_CACHE_INFO@@J@Z 1000b780 f i ImgCache.obj
 0001:0000a824       ?RequestItem@CImgCache@@QAEHPAUCePluginPanelItem@@I@Z 1000b824 f   ImgCache.obj
 0001:0000a8c5       ?HeapInitialize@@YI_NXZ    1000b8c5 f   Memory.obj
 0001:0000a8eb       ?HeapDeinitialize@@YIXXZ   1000b8eb f   Memory.obj
 0001:0000a903       ?xf_malloc@@YAPAXI@Z       1000b903 f   Memory.obj
 0001:0000a916       ?xf_calloc@@YAPAXII@Z      1000b916 f   Memory.obj
 0001:0000a92f       ?xf_realloc@@YAPAXPAXI@Z   1000b92f f   Memory.obj
 0001:0000a954       ?xf_free@@YAXPAX@Z         1000b954 f   Memory.obj
 0001:0000a972       ??_U@YAPAXI@Z              1000b972 f   Memory.obj
 0001:0000a972       ??2@YAPAXI@Z               1000b972 f   Memory.obj
 0001:0000a977       ??3@YAXPAX@Z               1000b977 f   Memory.obj
 0001:0000a977       ??_V@YAXPAX@Z              1000b977 f   Memory.obj
 0001:0000a97c       ??0MSection@@QAE@XZ        1000b97c f   MSection.obj
 0001:0000a9e1       ??1MSection@@QAE@XZ        1000b9e1 f   MSection.obj
 0001:0000aa3c       ?AddRef@MSection@@IAEXK@Z  1000ba3c f   MSection.obj
 0001:0000aa9a       ?ReleaseRef@MSection@@IAEHK@Z 1000ba9a f   MSection.obj
 0001:0000ab03       ?WaitUnlocked@MSection@@IAEXKK@Z 1000bb03 f   MSection.obj
 0001:0000ab5e       ?MyEnterCriticalSection@MSection@@IAE_NK@Z 1000bb5e f   MSection.obj
 0001:0000ac48       ?Lock@MSection@@IAEHHK@Z   1000bc48 f   MSection.obj
 0001:0000ad0d       ?Unlock@MSection@@IAEXH@Z  1000bd0d f   MSection.obj
 0001:0000ad47       ??0MSectionLock@@QAE@XZ    1000bd47 f   MSection.obj
 0001:0000ad54       ?Lock@MSectionLock@@QAEHPAVMSection@@HK@Z 1000bd54 f   MSection.obj
 0001:0000ad9e       ?Unlock@MSectionLock@@QAEXXZ 1000bd9e f   MSection.obj
 0001:0000adbb       ??1MSectionLock@@QAE@XZ    1000bdbb f   MSection.obj
 0001:0000add4       ?Init@MSectionSimple@@QAEXXZ 1000bdd4 f   MSectionSimple.obj
 0001:0000adea       ?Close@MSectionSimple@@QAEXXZ 1000bdea f   MSectionSimple.obj
 0001:0000ae00       ?Enter@MSectionSimple@@QAEXXZ 1000be00 f   MSectionSimple.obj
 0001:0000ae08       ?Leave@MSectionSimple@@QAEXXZ 1000be08 f   MSectionSimple.obj
 0001:0000ae10       ?TryEnter@MSectionSimple@@QAE_NXZ 1000be10 f   MSectionSimple.obj
 0001:0000ae2f       ?RecreateAndLock@MSectionSimple@@QAE_NXZ 1000be2f f   MSectionSimple.obj
 0001:0000ae7a       ??0MSectionLockSimple@@QAE@XZ 1000be7a f   MSectionSimple.obj
 0001:0000ae84       ?Unlock@MSectionLockSimple@@QAEXXZ 1000be84 f   MSectionSimple.obj
 0001:0000aea0       ??0MSectionSimple@@QAE@_N@Z 1000bea0 f   MSectionSimple.obj
 0001:0000aec9       ??1MSectionSimple@@QAE@XZ  1000bec9 f   MSectionSimple.obj
 0001:0000aece       ??1MSectionLockSimple@@QAE@XZ 1000bece f   MSectionSimple.obj
 0001:0000aeda       ?Lock@MSectionLockSimple@@QAEHPAUMSectionSimple@@K@Z 1000beda f   MSectionSimple.obj
 0001:0000af46       ?UnloadAdvApi@MNullDesc@@IAEXXZ 1000bf46 f i MSecurity.obj
 0001:0000af5d       ??0MNullDesc@@QAE@XZ       1000bf5d f i MSecurity.obj
 0001:0000af7f       ??1MNullDesc@@QAE@XZ       1000bf7f f i MSecurity.obj
 0001:0000afb7       ?LoadAdvApi@MNullDesc@@IAEHXZ 1000bfb7 f i MSecurity.obj
 0001:0000b0ea       ?LocalSecurity@MNullDesc@@QAEPAU_SECURITY_ATTRIBUTES@@XZ 1000c0ea f i MSecurity.obj
 0001:0000b223       ?LocalSecurity@@YIPAU_SECURITY_ATTRIBUTES@@XZ 1000c223 f   MSecurity.obj
 0001:0000b251       ?ShutdownSecurity@@YIXXZ   1000c251 f   MSecurity.obj
 0001:0000b273       ?lstrdup@@YIPA_WPB_WI@Z    1000c273 f   MStrDup.obj
 0001:0000b2b6       ?lstrmerge@@YIPA_WPB_W00000000@Z 1000c2b6 f   MStrDup.obj
 0001:0000b366       ?msprintf@@YAPB_WPA_WIPB_WZZ 1000c366 f   MStrSafe.obj
 0001:0000b6d5       _wmemcmp                   1000c6d5 f i RgnDetect.obj
 0001:0000b706       ??0CRgnDetect@@QAE@XZ      1000c706 f   RgnDetect.obj
 0001:0000b7cd       ??1CRgnDetect@@QAE@XZ      1000c7cd f   RgnDetect.obj
 0001:0000b816       ?GetDetectedDialogsPtr@CRgnDetect@@QBEPBUtag_DetectedDialog@@XZ 1000c816 f   RgnDetect.obj
 0001:0000b81a       ?GetFlags@CRgnDetect@@QBEKXZ 1000c81a f   RgnDetect.obj
 0001:0000b821       ?FindFrameRight_ByBottom@CRgnDetect@@IAE_NPA_WPAUtag_CharAttr@@HHAAH22@Z 1000c821 f   RgnDetect.obj
 0001:0000b8d1       ?FindFrameLeft_ByBottom@CRgnDetect@@IAE_NPA_WPAUtag_CharAttr@@HHAAH22@Z 1000c8d1 f   RgnDetect.obj
 0001:0000b97a       ?FindFrameTop_ByLeft@CRgnDetect@@IAE_NPA_WPAUtag_CharAttr@@HHAAH22@Z 1000c97a f   RgnDetect.obj
 0001:0000b9ff       ?FindFrameTop_ByRight@CRgnDetect@@IAE_NPA_WPAUtag_CharAttr@@HHAAH22@Z 1000c9ff f   RgnDetect.obj
 0001:0000bab2       ?FindFrameBottom_ByRight@CRgnDetect@@IAE_NPA_WPAUtag_CharAttr@@HHAAH22@Z 1000cab2 f   RgnDetect.obj
 0001:0000bb64       ?FindFrameBottom_ByLeft@CRgnDetect@@IAE_NPA_WPAUtag_CharAttr@@HHAAH22@Z 1000cb64 f   RgnDetect.obj
 0001:0000bbee       ?FindDialog_Inner@CRgnDetect@@IAE_NPA_WPAUtag_CharAttr@@HHAAH2@Z 1000cbee f   RgnDetect.obj
 0001:0000bd04       ?FindFrame_TopLeft@CRgnDetect@@IAE_NPA_WPAUtag_CharAttr@@HHAAH222@Z 1000cd04 f   RgnDetect.obj
 0001:0000bdc4       ?ExpandDialogFrame@CRgnDetect@@IAE_NPA_WPAUtag_CharAttr@@HHAAH2HH22@Z 1000cdc4 f   RgnDetect.obj
 0001:0000c076       ?FindByBackground@CRgnDetect@@IAE_NPA_WPAUtag_CharAttr@@HHAAH222AA_N@Z 1000d076 f   RgnDetect.obj
 0001:0000c146       ?MarkDialog@CRgnDetect@@IAEHPA_WPAUtag_CharAttr@@HHHHHHI_NK@Z 1000d146 f   RgnDetect.obj
 0001:0000c838       ?OnWindowSizeChanged@CRgnDetect@@QAEXXZ 1000d838 f   RgnDetect.obj
 0001:0000c840       ?OnWriteConsoleOutput@CRgnDetect@@QAEXPBU_CHAR_INFO@@U_COORD@@1PAU_SMALL_RECT@@PBK@Z 1000d840 f   RgnDetect.obj
 0001:0000ca7b       ?SetFarRect@CRgnDetect@@QAEXPAU_SMALL_RECT@@@Z 1000da7b f   RgnDetect.obj
 0001:0000cb0c       ?TextWidth@CRgnDetect@@QAEHXZ 1000db0c f   RgnDetect.obj
 0001:0000cb31       ?TextHeight@CRgnDetect@@QAEHXZ 1000db31 f   RgnDetect.obj
 0001:0000cb56       ?GetCharAttr@CRgnDetect@@QAEHHHAA_WAAUtag_CharAttr@@@Z 1000db56 f   RgnDetect.obj
 0001:0000cbca       ?FindFrameRight_ByTop@CRgnDetect@@IAE_NPA_WPAUtag_CharAttr@@HHAAH22@Z 1000dbca f   RgnDetect.obj
 0001:0000ccb2       ?FindFrameLeft_ByTop@CRgnDetect@@IAE_NPA_WPAUtag_CharAttr@@HHAAH22@Z 1000dcb2 f   RgnDetect.obj
 0001:0000cdc6       ?FindDialog_TopLeft@CRgnDetect@@IAE_NPA_WPAUtag_CharAttr@@HHAAH222AA_N@Z 1000ddc6 f   RgnDetect.obj
 0001:0000ce4c       ?FindDialog_TopRight@CRgnDetect@@IAE_NPA_WPAUtag_CharAttr@@HHAAH222AA_N@Z 1000de4c f   RgnDetect.obj
 0001:0000cedf       ?FindDialog_Left@CRgnDetect@@IAE_NPA_WPAUtag_CharAttr@@HHAAH222AA_N@Z 1000dedf f   RgnDetect.obj
 0001:0000d024       ?FindDialog_Right@CRgnDetect@@IAE_NPA_WPAUtag_CharAttr@@HHAAH222AA_N@Z 1000e024 f   RgnDetect.obj
 0001:0000d0ea       ?FindDialog_Any@CRgnDetect@@IAE_NPA_WPAUtag_CharAttr@@HHAAH222AA_N@Z 1000e0ea f   RgnDetect.obj
 0001:0000d2b3       ?DetectDialog@CRgnDetect@@IAE_NPA_WPAUtag_CharAttr@@HHHHPAH2@Z 1000e2b3 f   RgnDetect.obj
 0001:0000d527       ?InitializeSBI@CRgnDetect@@QAEHPBK@Z 1000e527 f   RgnDetect.obj
 0001:0000d86a       ?PrepareTransparent@CRgnDetect@@QAEXPBUCEFAR_INFO_MAPPING@@PBKPBU_CONSOLE_SCREEN_BUFFER_INFO@@PA_WPAUtag_CharAttr@@HH@Z 1000e86a f   RgnDetect.obj
 0001:0000dee2       ?PrepareTransparent@CRgnDetect@@QAEXPBUCEFAR_INFO_MAPPING@@PBK@Z 1000eee2 f   RgnDetect.obj
 0001:0000df85       ?SearchAppPaths@@YI_NPB_WAAUCEStr@@_NPAU1@@Z 1000ef85 f   WFiles.obj
 0001:0000e291       ?FileExists@@YI_NPB_WPAK@Z 1000f291 f   WObjects.obj
 0001:0000e3a9       ?IsWindows64@@YI_NXZ       1000f3a9 f   WObjects.obj
 0001:0000e40f       ?isTerminalMode@@YI_NXZ    1000f40f f   WObjects.obj
 0001:0000e60a       ?ExpandEnvStr@@YIPA_WPB_W@Z 1000f60a f   WObjects.obj
 0001:0000e685       ?GetEnvVar@@YIPA_WPB_W@Z   1000f685 f   WObjects.obj
 0001:0000e6f4       ?apiTerminateThreadEx@@YIHPAXKPBDH@Z 1000f6f4 f   WThreads.obj
 0001:0000e7ae       ?SetThreadName@@YIXKPAD@Z  1000f7ae f   WThreads.obj
 0001:0000e7f6       ?apiThreadHelper@@YGKPAX@Z 1000f7f6 f   WThreads.obj
 0001:0000e95c       ?apiCreateThread@@YIPAXP6GKPAX@Z0PAKPBDH@Z 1000f95c f   WThreads.obj
 0001:0000ea4b       ?apiShowWindow@@YI_NPAUHWND__@@H@Z 1000fa4b f   WUser.obj
 0001:0000ea5a       _Thread32Next@8            1000fa5a f   kernel32:KERNEL32.dll
 0001:0000ea60       _Thread32First@8           1000fa60 f   kernel32:KERNEL32.dll
 0001:0000ea66       _CreateToolhelp32Snapshot@8 1000fa66 f   kernel32:KERNEL32.dll
 0001:0000ea6c       _Process32NextW@8          1000fa6c f   kernel32:KERNEL32.dll
 0001:0000ea72       _Process32FirstW@8         1000fa72 f   kernel32:KERNEL32.dll
 0001:0000ea78       _VerQueryValueW@16         1000fa78 f   version:VERSION.dll
 0001:0000ea7e       _GetFileVersionInfoW@16    1000fa7e f   version:VERSION.dll
 0001:0000ea84       _GetFileVersionInfoSizeW@8 1000fa84 f   version:VERSION.dll
 0001:0000ea90       _memmove                   1000fa90 f   LIBCMT:memmove.obj
 0001:0000edf5       _wcschr                    1000fdf5 f   LIBCMT:wcschr.obj
 0001:0000ee1b       _wcsrchr                   1000fe1b f   LIBCMT:wcsrchr.obj
 0001:0000ee47       _wcspbrk                   1000fe47 f   LIBCMT:wcspbrk.obj
 0001:0000ee90       _strrchr                   1000fe90 f   LIBCMT:strrchr.obj
 0001:0000eec0       _memset                    1000fec0 f   LIBCMT:memset.obj
 0001:0000ef40       __ftol2_sse                1000ff40 f   LIBCMT:ftol2.obj
 0001:0000ef49       __ftol2_pentium4           1000ff49 f   LIBCMT:ftol2.obj
 0001:0000ef5c       __ftol2_sse_excpt          1000ff5c f   LIBCMT:ftol2.obj
 0001:0000ef76       __ftol2                    1000ff76 f   LIBCMT:ftol2.obj
 0001:0000eff0       __allshr                   1000fff0 f   LIBCMT:llshr.obj
 0001:0000f014       __SEH_prolog               10010014 f   LIBCMT:sehprolg.obj
 0001:0000f04f       __SEH_epilog               1001004f f   LIBCMT:sehprolg.obj
 0001:0000f068       __except_handler3          10010068 f   LIBCMT:exsup3.obj
 0001:0000f166       __seh_longjmp_unwind@4     10010166 f   LIBCMT:exsup3.obj
 0001:0000f190       __alldiv                   10010190 f   LIBCMT:lldiv.obj
 0001:0000f240       __allmul                   10010240 f   LIBCMT:llmul.obj
 0001:0000f280       _memchr                    10010280 f   LIBCMT:memchr.obj
 0001:0000f32d       ??0_LocaleUpdate@@QAE@PAUlocaleinfo_struct@@@Z 1001032d f i LIBCMT:wcstol.obj
 0001:0000f3d0       _strchr                    100103d0 f   LIBCMT:strchr.obj
 0001:0000f3d6       ___from_strstr_to_strchr   100103d6     LIBCMT:strchr.obj
 0001:0000f48e       __CRT_INIT@12              1001048e f   LIBCMT:dllcrt0.obj
 0001:0000f6b9       __DllMainCRTStartup@12     100106b9 f   LIBCMT:dllcrt0.obj
 0001:0000f763       __VEC_memcpy               10010763 f   LIBCMT:p4_memcpy.obj
 0001:0000f896       __get_sse2_info            10010896 f   LIBCMT:cpu_disp.obj
 0001:0000f8f8       ___sse2_available_init     100108f8 f   LIBCMT:cpu_disp.obj
 0001:0000f95c       __VEC_memzero              1001095c f   LIBCMT:p4_memset.obj
 0001:0000f9eb       _CallDestructExceptionObject 100109eb f   LIBCMT:calldtor.obj
 0001:0000fa24       __global_unwind2           10010a24 f   LIBCMT:exsup.obj
 0001:0000fa89       __local_unwind2            10010a89 f   LIBCMT:exsup.obj
 0001:0000fb0d       __abnormal_termination     10010b0d f   LIBCMT:exsup.obj
 0001:0000fb30       __NLG_Notify1              10010b30 f   LIBCMT:exsup.obj
 0001:0000fb39       __NLG_Notify               10010b39 f   LIBCMT:exsup.obj
 0001:0000fb50       __NLG_Dispatch             10010b50     LIBCMT:exsup.obj
 0001:0000fb50       __NLG_Dispatch2            10010b50     LIBCMT:exsup.obj
 0001:0000fb58       __NLG_Call                 10010b58 f   LIBCMT:exsup.obj
 0001:0000fb5a       __NLG_Return2              10010b5a     LIBCMT:exsup.obj
 0001:0000fc20       __ValidateEH3RN            10010c20 f   LIBCMT:eh3valid.obj
 0001:0001018f       ___updatetmbcinfo          1001118f f   LIBCMT:mbctype.obj
 0001:000102af       __setmbcp_nolock           100112af f   LIBCMT:mbctype.obj
 0001:00010494       __setmbcp                  10011494 f   LIBCMT:mbctype.obj
 0001:0001062e       ___initmbctable            1001162e f   LIBCMT:mbctype.obj
 0001:0001064c       ___freetlocinfo            1001164c f   LIBCMT:setlocal.obj
 0001:00010795       ___addlocaleref            10011795 f   LIBCMT:setlocal.obj
 0001:00010824       ___removelocaleref         10011824 f   LIBCMT:setlocal.obj
 0001:000108fb       ___updatetlocinfo          100118fb f   LIBCMT:setlocal.obj
 0001:00010971       __encode_pointer           10011971 f   LIBCMT:tidtable.obj
 0001:000109e3       __encoded_null             100119e3 f   LIBCMT:tidtable.obj
 0001:000109ec       __decode_pointer           100119ec f   LIBCMT:tidtable.obj
 0001:00010a5e       ___crtTlsAlloc@4           10011a5e f   LIBCMT:tidtable.obj
 0001:00010a67       ___set_flsgetvalue         10011a67 f   LIBCMT:tidtable.obj
 0001:00010a9b       __mtterm                   10011a9b f   LIBCMT:tidtable.obj
 0001:00010ad8       __initptd                  10011ad8 f   LIBCMT:tidtable.obj
 0001:00010bbf       __getptd_noexit            10011bbf f   LIBCMT:tidtable.obj
 0001:00010c38       __getptd                   10011c38 f   LIBCMT:tidtable.obj
 0001:00010c52       __freefls@4                10011c52 f   LIBCMT:tidtable.obj
 0001:00010d81       __freeptd                  10011d81 f   LIBCMT:tidtable.obj
 0001:00010def       __mtinit                   10011def f   LIBCMT:tidtable.obj
 0001:00010f7c       __initp_misc_invarg        10011f7c f   LIBCMT:invarg.obj
 0001:00010f8b       __invoke_watson            10011f8b f   LIBCMT:invarg.obj
 0001:000110b3       __invalid_parameter        100120b3 f   LIBCMT:invarg.obj
 0001:000110d9       __get_errno_from_oserr     100120d9 f   LIBCMT:dosmap.obj
 0001:0001111b       __errno                    1001211b f   LIBCMT:dosmap.obj
 0001:0001112e       _free                      1001212e f   LIBCMT:free.obj
 0001:000111bc       __malloc_crt               100121bc f   LIBCMT:crtheap.obj
 0001:00011201       __calloc_crt               10012201 f   LIBCMT:crtheap.obj
 0001:0001124d       __realloc_crt              1001224d f   LIBCMT:crtheap.obj
 0001:0001129b       __crt_waiting_on_module_handle 1001229b f   LIBCMT:crt0dat.obj
 0001:000112cb       __amsg_exit                100122cb f   LIBCMT:crt0dat.obj
 0001:000112f4       ___crtCorExitProcess       100122f4 f   LIBCMT:crt0dat.obj
 0001:0001131f       ___crtExitProcess          1001231f f   LIBCMT:crt0dat.obj
 0001:00011337       __lockexit                 10012337 f   LIBCMT:crt0dat.obj
 0001:00011340       __unlockexit               10012340 f   LIBCMT:crt0dat.obj
 0001:00011366       __initterm_e               10012366 f   LIBCMT:crt0dat.obj
 0001:0001138a       __cinit                    1001238a f   LIBCMT:crt0dat.obj
 0001:0001153b       __exit                     1001253b f   LIBCMT:crt0dat.obj
 0001:00011551       __cexit                    10012551 f   LIBCMT:crt0dat.obj
 0001:00011560       __init_pointers            10012560 f   LIBCMT:crt0dat.obj
 0001:000115ae       __ioinit                   100125ae f   LIBCMT:ioinit.obj
 0001:00011802       __ioterm                   10012802 f   LIBCMT:ioinit.obj
 0001:00011850       __setenvp                  10012850 f   LIBCMT:stdenvp.obj
 0001:00011ac8       __setargv                  10012ac8 f   LIBCMT:stdargv.obj
 0001:00011b83       ___crtGetEnvironmentStringsA 10012b83 f   LIBCMT:a_env.obj
 0001:00011cba       __RTC_Initialize           10012cba f   LIBCMT:_initsect_.obj
 0001:00011ce0       __RTC_Terminate            10012ce0 f   LIBCMT:_initsect_.obj
 0001:00011d06       __heap_init                10012d06 f   LIBCMT:heapinit.obj
 0001:00011d36       __heap_term                10012d36 f   LIBCMT:heapinit.obj
 0001:00011daa       __XcptFilter               10012daa f   LIBCMT:winxfltr.obj
 0001:00011f0a       ___CppXcptFilter           10012f0a f   LIBCMT:winxfltr.obj
 0001:00011f2c       __SEH_prolog4              10012f2c f   LIBCMT:sehprolg4.obj
 0001:00011f71       __SEH_epilog4              10012f71 f   LIBCMT:sehprolg4.obj
 0001:00011f90       __except_handler4          10012f90 f   LIBCMT:chandler4.obj
 0001:0001211c       ___security_init_cookie    1001311c f   LIBCMT:gs_support.obj
 0001:000121c0       __ValidateImageBase        100131c0 f   LIBCMT:pesect.obj
 0001:00012200       __FindPESection            10013200 f   LIBCMT:pesect.obj
 0001:00012250       __IsNonwritableInCurrentImage 10013250 f   LIBCMT:pesect.obj
 0001:0001230d       @__security_check_cookie@4 1001330d f   LIBCMT:secchk.obj
 0001:0001231c       __freea                    1001331c f i LIBCMT:a_map.obj
 0001:000126e1       ___crtLCMapStringA         100136e1 f   LIBCMT:a_map.obj
 0001:000128e0       ___crtGetStringTypeA       100138e0 f   LIBCMT:a_str.obj
 0001:00012922       __mtinitlocks              10013922 f   LIBCMT:mlock.obj
 0001:0001296d       __mtdeletelocks            1001396d f   LIBCMT:mlock.obj
 0001:000129c4       __unlock                   100139c4 f   LIBCMT:mlock.obj
 0001:000129db       __mtinitlocknum            100139db f   LIBCMT:mlock.obj
 0001:00012a9e       __lock                     10013a9e f   LIBCMT:mlock.obj
 0001:00012ad1       ___free_lc_time            10013ad1 f   LIBCMT:inittime.obj
 0001:00012c66       ___free_lconv_num          10013c66 f   LIBCMT:initnum.obj
 0001:00012cab       ___free_lconv_mon          10013cab f   LIBCMT:initmon.obj
 0001:00012d39       _strcat_s                  10013d39 f   LIBCMT:strcat_s.obj
 0001:00012db0       _strcspn                   10013db0 f   LIBCMT:strcspn.obj
 0001:00012df6       _strncpy_s                 10013df6 f   LIBCMT:strncpy_s.obj
 0001:00012eab       _strcpy_s                  10013eab f   LIBCMT:strcpy_s.obj
 0001:00012f20       _strcmp                    10013f20 f   LIBCMT:strcmp.obj
 0001:00012fb0       _memcpy                    10013fb0 f   LIBCMT:memcpy.obj
 0001:00013320       _strlen                    10014320 f   LIBCMT:strlen.obj
 0001:000133b0       _strpbrk                   100143b0 f   LIBCMT:strpbrk.obj
 0001:000133f0       __crt_debugger_hook        100143f0 f   LIBCMT:dbghook.obj
 0001:000133f8       ___sbh_find_block          100143f8 f   LIBCMT:sbheap.obj
 0001:00013428       ___sbh_free_block          10014428 f   LIBCMT:sbheap.obj
 0001:0001373e       ___sbh_alloc_new_region    1001473e f   LIBCMT:sbheap.obj
 0001:000137ee       ___sbh_alloc_new_group     100147ee f   LIBCMT:sbheap.obj
 0001:000138f6       ___sbh_resize_block        100148f6 f   LIBCMT:sbheap.obj
 0001:00013bd7       ___sbh_alloc_block         10014bd7 f   LIBCMT:sbheap.obj
 0001:00013ebc       _V6_HeapAlloc              10014ebc f   LIBCMT:malloc.obj
 0001:00013f0b       _malloc                    10014f0b f   LIBCMT:malloc.obj
 0001:00013fd5       __calloc_impl              10014fd5 f   LIBCMT:calloc_impl.obj
 0001:000140f3       _realloc                   100150f3 f   LIBCMT:realloc.obj
 0001:0001430e       __NMSG_WRITE               1001530e f   LIBCMT:crt0msg.obj
 0001:000144b9       __FF_MSGBANNER             100154b9 f   LIBCMT:crt0msg.obj
 0001:000145ac       ___onexitinit              100155ac f   LIBCMT:onexit.obj
 0001:000145dd       __onexit                   100155dd f   LIBCMT:onexit.obj
 0001:00014619       _atexit                    10015619 f   LIBCMT:onexit.obj
 0001:00014630       __initp_misc_cfltcvt_tab   10015630 f   LIBCMT:cmiscdat.obj
 0001:00014651       ?terminate@@YAXXZ          10015651 f   LIBCMT:hooks.obj
 0001:0001468a       __initp_eh_hooks           1001568a f   LIBCMT:hooks.obj
 0001:0001469b       __initp_misc_winsig        1001569b f   LIBCMT:winsig.obj
 0001:000146f0       ___get_sigabrt             100156f0 f   LIBCMT:winsig.obj
 0001:000146fd       _raise                     100156fd f   LIBCMT:winsig.obj
 0001:000148ad       __initp_misc_rand_s        100158ad f   LIBCMT:rand_s.obj
 0001:000148bc       __initp_misc_purevirt      100158bc f   LIBCMT:inithelp.obj
 0001:000148cb       __initp_misc_initcrit      100158cb f   LIBCMT:initcrit.obj
 0001:000148da       ___crtInitCritSecAndSpinCount 100158da f   LIBCMT:initcrit.obj
 0001:0001493a       __initp_heap_handler       1001593a f   LIBCMT:handler.obj
 0001:00014949       __callnewh                 10015949 f   LIBCMT:handler.obj
 0001:000149c4       __ismbblead                100159c4 f   LIBCMT:ismbbyte.obj
 0001:000149dc       __local_unwind4            100159dc f   LIBCMT:exsup4.obj
 0001:00014ab2       __seh_longjmp_unwind4@4    10015ab2 f   LIBCMT:exsup4.obj
 0001:00014ace       @_EH4_CallFilterFunc@8     10015ace f   LIBCMT:exsup4.obj
 0001:00014ae5       @_EH4_TransferToHandler@8  10015ae5 f   LIBCMT:exsup4.obj
 0001:00014afe       @_EH4_GlobalUnwind@4       10015afe f   LIBCMT:exsup4.obj
 0001:00014b18       @_EH4_LocalUnwind@16       10015b18 f   LIBCMT:exsup4.obj
 0001:00014b2f       ___report_gsfailure        10015b2f f   LIBCMT:gs_report.obj
 0001:00014c35       ___ansicp                  10015c35 f   LIBCMT:convrtcp.obj
 0001:00014c7e       ___convertcp               10015c7e f   LIBCMT:convrtcp.obj
 0001:00014e40       __alloca_probe_16          10015e40 f   LIBCMT:alloca16.obj
 0001:00014e56       __alloca_probe_8           10015e56     LIBCMT:alloca16.obj
 0001:00014e6c       __isleadbyte_l             10015e6c f i LIBCMT:_wctype.obj
 0001:00014ea4       _atol                      10015ea4 f   LIBCMT:atox.obj
 0001:00014eba       __msize                    10015eba f   LIBCMT:msize.obj
 0001:00014f5d       ___crtMessageBoxA          10015f5d f   LIBCMT:crtmbox.obj
 0001:000150c6       __set_error_mode           100160c6 f   LIBCMT:errmode.obj
 0001:00015111       __fptrap                   10016111 f   LIBCMT:crt0fp.obj
 0001:0001511a       _abort                     1001611a f   LIBCMT:abort.obj
 0001:00015240       __chkstk                   10016240 f   LIBCMT:chkstk.obj
 0001:00015240       __alloca_probe             10016240     LIBCMT:chkstk.obj
 0001:0001549a       _strtol                    1001649a f   LIBCMT:strtol.obj
 0001:000154d0       ___ascii_strnicmp          100164d0 f   LIBCMT:_strnicm.obj
 0001:00015540       __aulldvrm                 10016540 f   LIBCMT:ulldvrm.obj
 0001:000155d5       __isctype_l                100165d5 f   LIBCMT:isctype.obj
 0001:0001568e       _RtlUnwind@16              1001668e f   kernel32:KERNEL32.dll
 0002:00000000       __imp__RegCreateKeyExW@36  10017000     advapi32:ADVAPI32.dll
 0002:00000004       __imp__RegSetValueExW@24   10017004     advapi32:ADVAPI32.dll
 0002:00000008       __imp__RegOpenKeyExW@20    10017008     advapi32:ADVAPI32.dll
 0002:0000000c       __imp__RegQueryValueExW@24 1001700c     advapi32:ADVAPI32.dll
 0002:00000010       __imp__RegCloseKey@4       10017010     advapi32:ADVAPI32.dll
 0002:00000014       \177ADVAPI32_NULL_THUNK_DATA 10017014     advapi32:ADVAPI32.dll
 0002:00000018       __imp__GdiAlphaBlend@44    10017018     gdi32:GDI32.dll
 0002:0000001c       __imp__StretchBlt@44       1001701c     gdi32:GDI32.dll
 0002:00000020       __imp__GetObjectW@12       10017020     gdi32:GDI32.dll
 0002:00000024       __imp__GdiFlush@0          10017024     gdi32:GDI32.dll
 0002:00000028       __imp__CreateDIBSection@24 10017028     gdi32:GDI32.dll
 0002:0000002c       __imp__GetStockObject@4    1001702c     gdi32:GDI32.dll
 0002:00000030       __imp__CreateFontW@56      10017030     gdi32:GDI32.dll
 0002:00000034       __imp__CreateCompatibleDC@4 10017034     gdi32:GDI32.dll
 0002:00000038       __imp__CreateCompatibleBitmap@12 10017038     gdi32:GDI32.dll
 0002:0000003c       __imp__BitBlt@36           1001703c     gdi32:GDI32.dll
 0002:00000040       __imp__DeleteDC@4          10017040     gdi32:GDI32.dll
 0002:00000044       __imp__SelectObject@8      10017044     gdi32:GDI32.dll
 0002:00000048       __imp__Rectangle@20        10017048     gdi32:GDI32.dll
 0002:0000004c       __imp__SetTextColor@8      1001704c     gdi32:GDI32.dll
 0002:00000050       __imp__SetBkColor@8        10017050     gdi32:GDI32.dll
 0002:00000054       __imp__CreatePen@12        10017054     gdi32:GDI32.dll
 0002:00000058       __imp__MoveToEx@16         10017058     gdi32:GDI32.dll
 0002:0000005c       __imp__LineTo@12           1001705c     gdi32:GDI32.dll
 0002:00000060       __imp__DeleteObject@4      10017060     gdi32:GDI32.dll
 0002:00000064       __imp__CreateSolidBrush@4  10017064     gdi32:GDI32.dll
 0002:00000068       __imp__SetStretchBltMode@8 10017068     gdi32:GDI32.dll
 0002:0000006c       \177GDI32_NULL_THUNK_DATA  1001706c     gdi32:GDI32.dll
 0002:00000070       __imp__WideCharToMultiByte@32 10017070     kernel32:KERNEL32.dll
 0002:00000074       __imp__LocalFree@4         10017074     kernel32:KERNEL32.dll
 0002:00000078       __imp__lstrcpyW@8          10017078     kernel32:KERNEL32.dll
 0002:0000007c       __imp__ReadConsoleInputW@16 1001707c     kernel32:KERNEL32.dll
 0002:00000080       __imp__lstrcpynA@12        10017080     kernel32:KERNEL32.dll
 0002:00000084       __imp__MultiByteToWideChar@24 10017084     kernel32:KERNEL32.dll
 0002:00000088       __imp__lstrlenA@4          10017088     kernel32:KERNEL32.dll
 0002:0000008c       __imp__LocalAlloc@8        1001708c     kernel32:KERNEL32.dll
 0002:00000090       __imp__FileTimeToSystemTime@8 10017090     kernel32:KERNEL32.dll
 0002:00000094       __imp__GetExitCodeThread@8 10017094     kernel32:KERNEL32.dll
 0002:00000098       __imp__WaitForMultipleObjects@16 10017098     kernel32:KERNEL32.dll
 0002:0000009c       __imp__CreateEventW@16     1001709c     kernel32:KERNEL32.dll
 0002:000000a0       __imp__SetEvent@4          100170a0     kernel32:KERNEL32.dll
 0002:000000a4       __imp__FindClose@4         100170a4     kernel32:KERNEL32.dll
 0002:000000a8       __imp__FindNextFileW@8     100170a8     kernel32:KERNEL32.dll
 0002:000000ac       __imp__FreeLibrary@4       100170ac     kernel32:KERNEL32.dll
 0002:000000b0       __imp__LoadLibraryW@4      100170b0     kernel32:KERNEL32.dll
 0002:000000b4       __imp__FindFirstFileW@8    100170b4     kernel32:KERNEL32.dll
 0002:000000b8       __imp__lstrcatW@8          100170b8     kernel32:KERNEL32.dll
 0002:000000bc       __imp__GetTempPathW@8      100170bc     kernel32:KERNEL32.dll
 0002:000000c0       __imp__IsBadReadPtr@8      100170c0     kernel32:KERNEL32.dll
 0002:000000c4       __imp__ResetEvent@4        100170c4     kernel32:KERNEL32.dll
 0002:000000c8       __imp__HeapCreate@12       100170c8     kernel32:KERNEL32.dll
 0002:000000cc       __imp__HeapDestroy@4       100170cc     kernel32:KERNEL32.dll
 0002:000000d0       __imp__HeapAlloc@12        100170d0     kernel32:KERNEL32.dll
 0002:000000d4       __imp__HeapReAlloc@16      100170d4     kernel32:KERNEL32.dll
 0002:000000d8       __imp__HeapFree@12         100170d8     kernel32:KERNEL32.dll
 0002:000000dc       __imp__OpenThread@12       100170dc     kernel32:KERNEL32.dll
 0002:000000e0       __imp__InitializeCriticalSection@4 100170e0     kernel32:KERNEL32.dll
 0002:000000e4       __imp__DeleteCriticalSection@4 100170e4     kernel32:KERNEL32.dll
 0002:000000e8       __imp__EnterCriticalSection@4 100170e8     kernel32:KERNEL32.dll
 0002:000000ec       __imp__LeaveCriticalSection@4 100170ec     kernel32:KERNEL32.dll
 0002:000000f0       __imp__TryEnterCriticalSection@4 100170f0     kernel32:KERNEL32.dll
 0002:000000f4       __imp__VerifyVersionInfoW@16 100170f4     kernel32:KERNEL32.dll
 0002:000000f8       __imp__VerSetConditionMask@16 100170f8     kernel32:KERNEL32.dll
 0002:000000fc       __imp__ReadConsoleOutputW@20 100170fc     kernel32:KERNEL32.dll
 0002:00000100       __imp__GetConsoleScreenBufferInfo@8 10017100     kernel32:KERNEL32.dll
 0002:00000104       __imp__GetFileInformationByHandle@8 10017104     kernel32:KERNEL32.dll
 0002:00000108       __imp__GetCurrentProcess@0 10017108     kernel32:KERNEL32.dll
 0002:0000010c       __imp__Process32NextW@8    1001710c     kernel32:KERNEL32.dll
 0002:00000110       __imp__Process32FirstW@8   10017110     kernel32:KERNEL32.dll
 0002:00000114       __imp__ExpandEnvironmentStringsW@12 10017114     kernel32:KERNEL32.dll
 0002:00000118       __imp__GetStdHandle@4      10017118     kernel32:KERNEL32.dll
 0002:0000011c       __imp__TerminateThread@8   1001711c     kernel32:KERNEL32.dll
 0002:00000120       __imp__RaiseException@16   10017120     kernel32:KERNEL32.dll
 0002:00000124       __imp__ResumeThread@4      10017124     kernel32:KERNEL32.dll
 0002:00000128       __imp__CreateThread@24     10017128     kernel32:KERNEL32.dll
 0002:0000012c       __imp__HeapSize@12         1001712c     kernel32:KERNEL32.dll
 0002:00000130       __imp__InitializeCriticalSectionAndSpinCount@8 10017130     kernel32:KERNEL32.dll
 0002:00000134       __imp__LoadLibraryA@4      10017134     kernel32:KERNEL32.dll
 0002:00000138       __imp__VirtualAlloc@16     10017138     kernel32:KERNEL32.dll
 0002:0000013c       __imp__GetLocaleInfoA@16   1001713c     kernel32:KERNEL32.dll
 0002:00000140       __imp__GetStringTypeW@16   10017140     kernel32:KERNEL32.dll
 0002:00000144       __imp__GetStringTypeA@20   10017144     kernel32:KERNEL32.dll
 0002:00000148       __imp__LCMapStringW@24     10017148     kernel32:KERNEL32.dll
 0002:0000014c       __imp__LCMapStringA@24     1001714c     kernel32:KERNEL32.dll
 0002:00000150       __imp__GetSystemTimeAsFileTime@4 10017150     kernel32:KERNEL32.dll
 0002:00000154       __imp__QueryPerformanceCounter@4 10017154     kernel32:KERNEL32.dll
 0002:00000158       __imp__VirtualFree@12      10017158     kernel32:KERNEL32.dll
 0002:0000015c       __imp__GetEnvironmentStringsW@0 1001715c     kernel32:KERNEL32.dll
 0002:00000160       __imp__FreeEnvironmentStringsW@4 10017160     kernel32:KERNEL32.dll
 0002:00000164       __imp__GetEnvironmentStrings@0 10017164     kernel32:KERNEL32.dll
 0002:00000168       __imp__FreeEnvironmentStringsA@4 10017168     kernel32:KERNEL32.dll
 0002:0000016c       __imp__GetModuleFileNameA@12 1001716c     kernel32:KERNEL32.dll
 0002:00000170       __imp__GetStartupInfoA@4   10017170     kernel32:KERNEL32.dll
 0002:00000174       __imp__GetFileType@4       10017174     kernel32:KERNEL32.dll
 0002:00000178       __imp__SetHandleCount@4    10017178     kernel32:KERNEL32.dll
 0002:0000017c       __imp__ExitProcess@4       1001717c     kernel32:KERNEL32.dll
 0002:00000180       __imp__SetUnhandledExceptionFilter@4 10017180     kernel32:KERNEL32.dll
 0002:00000184       __imp__UnhandledExceptionFilter@4 10017184     kernel32:KERNEL32.dll
 0002:00000188       __imp__TerminateProcess@8  10017188     kernel32:KERNEL32.dll
 0002:0000018c       __imp__TlsFree@4           1001718c     kernel32:KERNEL32.dll
 0002:00000190       __imp__TlsSetValue@8       10017190     kernel32:KERNEL32.dll
 0002:00000194       __imp__TlsAlloc@0          10017194     kernel32:KERNEL32.dll
 0002:00000198       __imp__TlsGetValue@4       10017198     kernel32:KERNEL32.dll
 0002:0000019c       __imp__IsValidCodePage@4   1001719c     kernel32:KERNEL32.dll
 0002:000001a0       __imp__GetOEMCP@0          100171a0     kernel32:KERNEL32.dll
 0002:000001a4       __imp__GetACP@0            100171a4     kernel32:KERNEL32.dll
 0002:000001a8       __imp__InterlockedDecrement@4 100171a8     kernel32:KERNEL32.dll
 0002:000001ac       __imp__WriteConsoleInputW@16 100171ac     kernel32:KERNEL32.dll
 0002:000001b0       __imp__VirtualProtect@16   100171b0     kernel32:KERNEL32.dll
 0002:000001b4       __imp__CreateToolhelp32Snapshot@8 100171b4     kernel32:KERNEL32.dll
 0002:000001b8       __imp__Thread32First@8     100171b8     kernel32:KERNEL32.dll
 0002:000001bc       __imp__Thread32Next@8      100171bc     kernel32:KERNEL32.dll
 0002:000001c0       __imp__CreateFileMappingW@24 100171c0     kernel32:KERNEL32.dll
 0002:000001c4       __imp__WriteFile@20        100171c4     kernel32:KERNEL32.dll
 0002:000001c8       __imp__TransactNamedPipe@28 100171c8     kernel32:KERNEL32.dll
 0002:000001cc       __imp__ReadFile@20         100171cc     kernel32:KERNEL32.dll
 0002:000001d0       __imp__CreateFileW@28      100171d0     kernel32:KERNEL32.dll
 0002:000001d4       __imp__WaitForSingleObject@8 100171d4     kernel32:KERNEL32.dll
 0002:000001d8       __imp__WaitNamedPipeW@8    100171d8     kernel32:KERNEL32.dll
 0002:000001dc       __imp__Sleep@4             100171dc     kernel32:KERNEL32.dll
 0002:000001e0       __imp__SetNamedPipeHandleState@16 100171e0     kernel32:KERNEL32.dll
 0002:000001e4       __imp__GetModuleFileNameW@12 100171e4     kernel32:KERNEL32.dll
 0002:000001e8       __imp__OpenFileMappingW@12 100171e8     kernel32:KERNEL32.dll
 0002:000001ec       __imp__MapViewOfFile@20    100171ec     kernel32:KERNEL32.dll
 0002:000001f0       __imp__UnmapViewOfFile@4   100171f0     kernel32:KERNEL32.dll
 0002:000001f4       __imp__CloseHandle@4       100171f4     kernel32:KERNEL32.dll
 0002:000001f8       __imp__SetLastError@4      100171f8     kernel32:KERNEL32.dll
 0002:000001fc       __imp__GetCurrentThreadId@0 100171fc     kernel32:KERNEL32.dll
 0002:00000200       __imp__GetCurrentProcessId@0 10017200     kernel32:KERNEL32.dll
 0002:00000204       __imp__GetTickCount@0      10017204     kernel32:KERNEL32.dll
 0002:00000208       __imp__GetLastError@0      10017208     kernel32:KERNEL32.dll
 0002:0000020c       __imp__IsDebuggerPresent@0 1001720c     kernel32:KERNEL32.dll
 0002:00000210       __imp__lstrcmpiW@8         10017210     kernel32:KERNEL32.dll
 0002:00000214       __imp__lstrcmpW@8          10017214     kernel32:KERNEL32.dll
 0002:00000218       __imp__GetModuleHandleW@4  10017218     kernel32:KERNEL32.dll
 0002:0000021c       __imp__GetProcAddress@8    1001721c     kernel32:KERNEL32.dll
 0002:00000220       __imp__lstrcpynW@12        10017220     kernel32:KERNEL32.dll
 0002:00000224       __imp__SetEnvironmentVariableW@8 10017224     kernel32:KERNEL32.dll
 0002:00000228       __imp__GetEnvironmentVariableW@12 10017228     kernel32:KERNEL32.dll
 0002:0000022c       __imp__lstrlenW@4          1001722c     kernel32:KERNEL32.dll
 0002:00000230       __imp__InterlockedIncrement@4 10017230     kernel32:KERNEL32.dll
 0002:00000234       __imp__GetCPInfo@8         10017234     kernel32:KERNEL32.dll
 0002:00000238       __imp__VirtualQuery@12     10017238     kernel32:KERNEL32.dll
 0002:0000023c       __imp__RtlUnwind@16        1001723c     kernel32:KERNEL32.dll
 0002:00000240       __imp__GetCommandLineA@0   10017240     kernel32:KERNEL32.dll
 0002:00000244       \177KERNEL32_NULL_THUNK_DATA 10017244     kernel32:KERNEL32.dll
 0002:00000248       __imp__SHGetFileInfoW@20   10017248     shell32:SHELL32.dll
 0002:0000024c       \177SHELL32_NULL_THUNK_DATA 1001724c     shell32:SHELL32.dll
 0002:00000250       __imp__IsWindow@4          10017250     user32:USER32.dll
 0002:00000254       __imp__GetWindowLongW@8    10017254     user32:USER32.dll
 0002:00000258       __imp__GetClassNameW@12    10017258     user32:USER32.dll
 0002:0000025c       __imp__MapVirtualKeyW@8    1001725c     user32:USER32.dll
 0002:00000260       __imp__CreateWindowExW@48  10017260     user32:USER32.dll
 0002:00000264       __imp__ShowWindow@8        10017264     user32:USER32.dll
 0002:00000268       __imp__wsprintfA           10017268     user32:USER32.dll
 0002:0000026c       __imp__LoadIconW@8         1001726c     user32:USER32.dll
 0002:00000270       __imp__GetIconInfo@8       10017270     user32:USER32.dll
 0002:00000274       __imp__DrawIconEx@36       10017274     user32:USER32.dll
 0002:00000278       __imp__DestroyIcon@4       10017278     user32:USER32.dll
 0002:0000027c       __imp__GetDC@4             1001727c     user32:USER32.dll
 0002:00000280       __imp__ReleaseDC@8         10017280     user32:USER32.dll
 0002:00000284       __imp__RegisterWindowMessageW@4 10017284     user32:USER32.dll
 0002:00000288       __imp__GetMessageW@16      10017288     user32:USER32.dll
 0002:0000028c       __imp__UnregisterClassW@8  1001728c     user32:USER32.dll
 0002:00000290       __imp__DispatchMessageW@4  10017290     user32:USER32.dll
 0002:00000294       __imp__LoadCursorW@8       10017294     user32:USER32.dll
 0002:00000298       __imp__RegisterClassW@4    10017298     user32:USER32.dll
 0002:0000029c       __imp__EndPaint@8          1001729c     user32:USER32.dll
 0002:000002a0       __imp__SetWindowLongW@12   100172a0     user32:USER32.dll
 0002:000002a4       __imp__DefWindowProcW@16   100172a4     user32:USER32.dll
 0002:000002a8       __imp__DestroyWindow@4     100172a8     user32:USER32.dll
 0002:000002ac       __imp__PostThreadMessageW@16 100172ac     user32:USER32.dll
 0002:000002b0       __imp__BeginPaint@8        100172b0     user32:USER32.dll
 0002:000002b4       __imp__InvalidateRect@12   100172b4     user32:USER32.dll
 0002:000002b8       __imp__DrawTextW@20        100172b8     user32:USER32.dll
 0002:000002bc       __imp__FillRect@12         100172bc     user32:USER32.dll
 0002:000002c0       __imp__ShowWindowAsync@8   100172c0     user32:USER32.dll
 0002:000002c4       __imp__PostMessageW@16     100172c4     user32:USER32.dll
 0002:000002c8       __imp__GetWindowThreadProcessId@8 100172c8     user32:USER32.dll
 0002:000002cc       __imp__IsWindowVisible@4   100172cc     user32:USER32.dll
 0002:000002d0       __imp__GetClientRect@8     100172d0     user32:USER32.dll
 0002:000002d4       __imp__MapWindowPoints@16  100172d4     user32:USER32.dll
 0002:000002d8       __imp__ChildWindowFromPointEx@16 100172d8     user32:USER32.dll
 0002:000002dc       __imp__WindowFromPoint@8   100172dc     user32:USER32.dll
 0002:000002e0       __imp__IntersectRect@12    100172e0     user32:USER32.dll
 0002:000002e4       __imp__wsprintfW           100172e4     user32:USER32.dll
 0002:000002e8       __imp__GetKeyState@4       100172e8     user32:USER32.dll
 0002:000002ec       __imp__MessageBoxW@16      100172ec     user32:USER32.dll
 0002:000002f0       \177USER32_NULL_THUNK_DATA 100172f0     user32:USER32.dll
 0002:000002f4       __imp__GetFileVersionInfoW@16 100172f4     version:VERSION.dll
 0002:000002f8       __imp__GetFileVersionInfoSizeW@8 100172f8     version:VERSION.dll
 0002:000002fc       __imp__VerQueryValueW@16   100172fc     version:VERSION.dll
 0002:00000300       \177VERSION_NULL_THUNK_DATA 10017300     version:VERSION.dll
 0002:00000304       __imp__CoInitialize@4      10017304     ole32:ole32.dll
 0002:00000308       __imp__CoUninitialize@0    10017308     ole32:ole32.dll
 0002:0000030c       \177ole32_NULL_THUNK_DATA  1001730c     ole32:ole32.dll
 0002:00000310       ___xc_a                    10017310     LIBCMT:crt0init.obj
 0002:00000314       ___xc_z                    10017314     LIBCMT:crt0init.obj
 0002:00000318       ___xi_a                    10017318     LIBCMT:crt0init.obj
 0002:00000328       ___xi_z                    10017328     LIBCMT:crt0init.obj
 0002:0000032c       ___xp_a                    1001732c     LIBCMT:crt0init.obj
 0002:00000330       ___xp_z                    10017330     LIBCMT:crt0init.obj
 0002:00000334       ___xt_a                    10017334     LIBCMT:crt0init.obj
 0002:00000338       ___xt_z                    10017338     LIBCMT:crt0init.obj
 0002:00000340       ??_C@_19IJOJOJIB@?$AAP?$AAA?$AAT?$AAH?$AA?$AA@ 10017340     CEStr.obj
 0002:00000350       ??_C@_1EHK@JMHPNAMN@?$AAA?$AAC?$AAT?$AAI?$AAV?$AAA?$AAT?$AAE?$AA?$AA?$AAA?$AAL?$AAI?$AAA?$AAS?$AA?$AA?$AAA?$AAS?$AAS?$AAO?$AAC?$AA?$AA?$AAA?$AAT?$AAT?$AAR?$AAI?$AAB?$AA?$AA?$AAB?$AAE?$AAE?$AAP@ 10017350     CmdLine.obj
 0002:000007cc       ??_C@_1BK@MGMFAEKH@?$AAk?$AAe?$AAr?$AAn?$AAe?$AAl?$AA3?$AA2?$AA?4?$AAd?$AAl?$AAl?$AA?$AA@ 100177cc     CmdLine.obj
 0002:000007e8       ??_C@_11LOCGONAA@?$AA?$AA@ 100177e8     CmdLine.obj
 0002:000007ec       ??_C@_13FPGAJAPJ@?$AA?2?$AA?$AA@ 100177ec     CmdLine.obj
 0002:000007f0       ??_C@_19DOGDICKI@?$AA?4?$AAe?$AAx?$AAe?$AA?$AA@ 100177f0     CmdLine.obj
 0002:000007fc       ??_C@_1BA@LEPJIIOK@?$AAU?$AAn?$AAk?$AAn?$AAo?$AAw?$AAn?$AA?$AA@ 100177fc     ConEmuCheck.obj
 0002:00000810       ??_C@_1EM@INHGIPLC@?$AA?$CF?$AAs?$AA?4?$AA?$CF?$AAu?$AA?3?$AA?5?$AAC?$AAr?$AAe?$AAa?$AAt?$AAe?$AAF?$AAi?$AAl?$AAe?$AA?$CI?$AA?$CF?$AAs?$AA?$CJ?$AA?5?$AAf?$AAa?$AAi?$AAl?$AAe?$AAd?$AA?0?$AA?5?$AAc?$AAo@ 10017810     ConEmuCheck.obj
 0002:0000085c       ??_C@_1DC@MJLCOFMA@?$AA?2?$AA?2?$AA?$CF?$AAs?$AA?2?$AAp?$AAi?$AAp?$AAe?$AA?2?$AAC?$AAo?$AAn?$AAE?$AAm?$AAu?$AAG?$AAu?$AAi?$AA?4?$AA?$CF?$AA0?$AA8?$AAX?$AA?$AA@ 1001785c     ConEmuCheck.obj
 0002:00000890       ??_C@_13JOFGPIOO@?$AA?4?$AA?$AA@ 10017890     ConEmuCheck.obj
 0002:00000898       ??_C@_1FO@BGAPBIGG@?$AAC?$AAa?$AAn?$AA?8?$AAt?$AA?5?$AAm?$AAa?$AAp?$AA?5?$AAc?$AAo?$AAn?$AAs?$AAo?$AAl?$AAe?$AA?5?$AAi?$AAn?$AAf?$AAo?$AA?5?$AA?$CI?$AA?$CF?$AAs?$AA?$CJ?$AA?4?$AA?5?$AAE?$AAr?$AAr@ 10017898     ConEmuCheck.obj
 0002:000008f8       ??_C@_19EOHDNDII@?$AAR?$AAe?$AAa?$AAd?$AA?$AA@ 100178f8     ConEmuCheck.obj
 0002:00000904       ??_C@_1BE@HADLJAO@?$AAR?$AAe?$AAa?$AAd?$AAW?$AAr?$AAi?$AAt?$AAe?$AA?$AA@ 10017904     ConEmuCheck.obj
 0002:00000918       ??_C@_1GM@LGOLGABE@?$AAC?$AAa?$AAn?$AA?8?$AAt?$AA?5?$AA?$CF?$AAs?$AA?5?$AAc?$AAo?$AAn?$AAs?$AAo?$AAl?$AAe?$AA?5?$AAd?$AAa?$AAt?$AAa?$AA?5?$AAf?$AAi?$AAl?$AAe?$AA?5?$AAm?$AAa?$AAp?$AAp?$AAi@ 10017918     ConEmuCheck.obj
 0002:00000984       ??_C@_19BDAJEHDN@?$AAo?$AAp?$AAe?$AAn?$AA?$AA@ 10017984     ConEmuCheck.obj
 0002:00000990       ??_C@_1O@KBENBEFG@?$AAc?$AAr?$AAe?$AAa?$AAt?$AAe?$AA?$AA@ 10017990     ConEmuCheck.obj
 0002:000009a0       ??_C@_1GK@OGACKIKJ@?$AAI?$AAn?$AAt?$AAe?$AAr?$AAn?$AAa?$AAl?$AA?5?$AAe?$AAr?$AAr?$AAo?$AAr?$AA?4?$AA?5?$AAM?$AAa?$AAp?$AAp?$AAi?$AAn?$AAg?$AA?5?$AAf?$AAi?$AAl?$AAe?$AA?5?$AAn?$AAa?$AAm@ 100179a0     ConEmuCheck.obj
 0002:00000a0c       ??_C@_0BF@NLPJFAHE@ProcessSynchroEventW?$AA@ 10017a0c     ConEmuTh.obj
 0002:00000a24       ??_C@_08BCACMCCB@ExitFARW?$AA@ 10017a24     ConEmuTh.obj
 0002:00000a30       ??_C@_1BO@KCLMEFLE@?$AAR?$AAi?$AAg?$AAh?$AAt?$AAP?$AAa?$AAn?$AAe?$AAl?$AAV?$AAi?$AAe?$AAw?$AA?$AA@ 10017a30     ConEmuTh.obj
 0002:00000a50       ??_C@_1BM@HEIDIPPL@?$AAL?$AAe?$AAf?$AAt?$AAP?$AAa?$AAn?$AAe?$AAl?$AAV?$AAi?$AAe?$AAw?$AA?$AA@ 10017a50     ConEmuTh.obj
 0002:00000a6c       ??_C@_1CA@GGFPMHLH@?$AA?6?$AAE?$AAr?$AAr?$AAC?$AAo?$AAd?$AAe?$AA?$DN?$AA0?$AAx?$AA?$CF?$AA0?$AA8?$AAX?$AA?$AA@ 10017a6c     ConEmuTh.obj
 0002:00000a90       ??_C@_1EG@IINOBDEG@?$AAI?$AAn?$AAv?$AAa?$AAl?$AAi?$AAd?$AA?5?$AAa?$AAs?$AAM?$AAo?$AAd?$AAu?$AAl?$AAe?$AAP?$AAa?$AAt?$AAh?$AA?5?$AAw?$AAa?$AAs?$AA?5?$AAs?$AAp?$AAe?$AAc?$AAi?$AAf?$AAi@ 10017a90     ConEmuTh.obj
 0002:00000ad8       ??_C@_1GC@CPPHDKJK@?$AAL?$AAo?$AAa?$AAd?$AAA?$AAp?$AAp?$AAV?$AAe?$AAr?$AAs?$AAi?$AAo?$AAn?$AA?4?$AAG?$AAe?$AAt?$AAF?$AAi?$AAl?$AAe?$AAV?$AAe?$AAr?$AAs?$AAi?$AAo?$AAn?$AAI?$AAn?$AAf@ 10017ad8     ConEmuTh.obj
 0002:00000b40       ??_C@_1GC@BINFLBDC@?$AAL?$AAo?$AAa?$AAd?$AAA?$AAp?$AAp?$AAV?$AAe?$AAr?$AAs?$AAi?$AAo?$AAn?$AA?5?$AAf?$AAa?$AAi?$AAl?$AAe?$AAd?$AA?$CB?$AA?5?$AAC?$AAa?$AAn?$AA?8?$AAt?$AA?5?$AAa?$AAl?$AAl@ 10017b40     ConEmuTh.obj
 0002:00000ba8       ??_C@_1FK@HILEEFML@?$AAL?$AAo?$AAa?$AAd?$AAA?$AAp?$AAp?$AAV?$AAe?$AAr?$AAs?$AAi?$AAo?$AAn?$AA?4?$AAG?$AAe?$AAt?$AAF?$AAi?$AAl?$AAe?$AAV?$AAe?$AAr?$AAs?$AAi?$AAo?$AAn?$AAI?$AAn?$AAf@ 10017ba8     ConEmuTh.obj
 0002:00000c08       ??_C@_1FG@DPPGENBC@?$AAL?$AAo?$AAa?$AAd?$AAA?$AAp?$AAp?$AAV?$AAe?$AAr?$AAs?$AAi?$AAo?$AAn?$AA?4?$AAV?$AAe?$AAr?$AAQ?$AAu?$AAe?$AAr?$AAy?$AAV?$AAa?$AAl?$AAu?$AAe?$AA?$CI?$AA?$CC?$AA?2?$AA?$CC@ 10017c08     ConEmuTh.obj
 0002:00000c60       ??_C@_1FG@LNADFPCE@?$AAL?$AAo?$AAa?$AAd?$AAF?$AAa?$AAr?$AAV?$AAe?$AAr?$AAs?$AAi?$AAo?$AAn?$AA?4?$AAG?$AAe?$AAt?$AAM?$AAo?$AAd?$AAu?$AAl?$AAe?$AAF?$AAi?$AAl?$AAe?$AAN?$AAa?$AAm?$AAe@ 10017c60     ConEmuTh.obj
 0002:00000cb8       ??_C@_1DC@FOGHAECG@?$AAF?$AAa?$AAr?$AAM?$AAu?$AAl?$AAt?$AAi?$AAV?$AAi?$AAe?$AAw?$AAC?$AAo?$AAn?$AAt?$AAr?$AAo?$AAl?$AAC?$AAl?$AAa?$AAs?$AAs?$AA?$AA@ 10017cb8     ConEmuTh.obj
 0002:00000cec       ??_C@_1DG@DBEAEOKG@?$AAF?$AAa?$AAr?$AAP?$AAi?$AAc?$AAt?$AAu?$AAr?$AAe?$AAV?$AAi?$AAe?$AAw?$AAC?$AAo?$AAn?$AAt?$AAr?$AAo?$AAl?$AAC?$AAl?$AAa?$AAs?$AAs?$AA?$AA@ 10017cec     ConEmuTh.obj
 0002:00000d24       ??_C@_1BI@GILFJGEK@?$AAB?$AAu?$AAt?$AAt?$AAo?$AAn?$AAC?$AAo?$AAl?$AAo?$AAr?$AA?$AA@ 10017d24     ConEmuTh.obj
 0002:00000d3c       ??_C@_1BK@NFAPLMGI@?$AAS?$AAe?$AAp?$AAa?$AAr?$AAa?$AAt?$AAe?$AAT?$AAa?$AAb?$AAs?$AA?$AA@ 10017d3c     ConEmuTh.obj
 0002:00000d58       ??_C@_1CG@HOMCPCN@?$AA?2?$AAP?$AAl?$AAu?$AAg?$AAi?$AAn?$AAs?$AA?2?$AAP?$AAa?$AAn?$AAe?$AAl?$AAT?$AAa?$AAb?$AAs?$AA?$AA@ 10017d58     ConEmuTh.obj
 0002:00000d80       ??_C@_1BK@GAMFFEOB@?$AAC?$AAo?$AAn?$AAE?$AAm?$AAu?$AAT?$AAh?$AA?4?$AAd?$AAl?$AAl?$AA?$AA@ 10017d80     ConEmuTh.obj
 0002:00000d9c       ??_C@_1BM@OLHABKH@?$AAF?$AAa?$AAr?$AAT?$AAh?$AAu?$AAm?$AAb?$AAn?$AAa?$AAi?$AAl?$AAs?$AA?$AA@ 10017d9c     ConEmuTh.obj
 0002:00000db8       ??_C@_1O@EMLLFJNI@?$AAA?$AAc?$AAt?$AAi?$AAv?$AAe?$AA?$AA@ 10017db8     ConEmuTh.obj
 0002:00000dc8       ??_C@_0N@IGDGKHAB@ConEmuTh?4cpp?$AA@ 10017dc8     ConEmuTh.obj
 0002:00000dd8       ??_C@_1DM@JLCDNDHD@?$AAC?$AAo?$AAn?$AAE?$AAm?$AAu?$AAP?$AAa?$AAn?$AAe?$AAl?$AAV?$AAi?$AAe?$AAw?$AAD?$AAl?$AAg?$AAs?$AAM?$AAa?$AAp?$AAp?$AAi?$AAn?$AAg?$AA?4?$AA?$CF?$AAu?$AA?$AA@ 10017dd8     ConEmuTh.obj
 0002:00000e14       ??_C@_1DM@OLPDHEPA@?$AAF?$AAa?$AAi?$AAl?$AAe?$AAd?$AA?5?$AAt?$AAo?$AA?5?$AAg?$AAe?$AAt?$AA?5?$AAC?$AAo?$AAn?$AAE?$AAm?$AAu?$AA?5?$AAp?$AAa?$AAl?$AAe?$AAt?$AAt?$AAe?$AA?$CB?$AA?$AA@ 10017e14     ConEmuTh.obj
 0002:00000e50       ??_C@_1BC@DJOGOIHN@?$AAC?$AAo?$AAn?$AAE?$AAm?$AAu?$AAT?$AAh?$AA?$AA@ 10017e50     ConEmuTh.obj
 0002:00000e64       ??_C@_1DA@BMIFHIMF@?$AAC?$AAo?$AAn?$AAE?$AAm?$AAu?$AAV?$AAi?$AAe?$AAw?$AAS?$AAe?$AAt?$AAM?$AAa?$AAp?$AAp?$AAi?$AAn?$AAg?$AA?4?$AA?$CF?$AAu?$AA?$AA@ 10017e64     ConEmuTh.obj
 0002:00000e94       ??_C@_0M@FMNOKGGE@GetFarHWND2?$AA@ 10017e94     ConEmuTh.obj
 0002:00000ea0       ??_C@_0BC@MKJHPCEO@RegisterPanelView?$AA@ 10017ea0     ConEmuTh.obj
 0002:00000eb4       ??_C@_1BG@NBIHKCLP@?$AAC?$AAo?$AAn?$AAE?$AAm?$AAu?$AA?4?$AAd?$AAl?$AAl?$AA?$AA@ 10017eb4     ConEmuTh.obj
 0002:00000ecc       ??_C@_17JLFEDMMI@?$AA?$DP?$AA?$DP?$AA?$DP?$AA?$AA@ 10017ecc     ConEmuTh1900.obj
 0002:00000ed4       ??_C@_1BC@IALIJCAM@?$AAS?$AAo?$AAr?$AAt?$AAM?$AAo?$AAd?$AAe?$AA?$AA@ 10017ed4     ConEmuTh1900.obj
 0002:00000ee8       ??_C@_1BG@MHMKAABO@?$AAS?$AAt?$AAa?$AAt?$AAu?$AAs?$AAL?$AAi?$AAn?$AAe?$AA?$AA@ 10017ee8     ConEmuTh1900.obj
 0002:00000f00       ??_C@_1BK@MBFACEDG@?$AAC?$AAo?$AAl?$AAu?$AAm?$AAn?$AAT?$AAi?$AAt?$AAl?$AAe?$AAs?$AA?$AA@ 10017f00     ConEmuTh1900.obj
 0002:00000f1c       ??_C@_1O@PDEOIOBG@?$AAK?$AAe?$AAy?$AAB?$AAa?$AAr?$AA?$AA@ 10017f1c     ConEmuTh1900.obj
 0002:00000f2c       ??_C@_1BI@EKLHEFDO@?$AAS?$AAh?$AAo?$AAw?$AAM?$AAe?$AAn?$AAu?$AAB?$AAa?$AAr?$AA?$AA@ 10017f2c     ConEmuTh1900.obj
 0002:00000f44       ??_C@_1DE@DJEAMLPH@?$AAC?$AAo?$AAn?$AAE?$AAm?$AAu?$AA?4?$AAM?$AAa?$AAx?$AAi?$AAm?$AAu?$AAs?$AA5?$AA?$EA?$AAg?$AAm?$AAa?$AAi?$AAl?$AA?4?$AAc?$AAo?$AAm?$AA?$AA@ 10017f44     ConEmuTh2800.obj
 0002:00000f78       ??_C@_1EM@OOFEGLCO@?$AAT?$AAh?$AAu?$AAm?$AAb?$AAn?$AAa?$AAi?$AAl?$AAs?$AA?5?$AAa?$AAn?$AAd?$AA?5?$AAT?$AAi?$AAl?$AAe?$AAs?$AA?5?$AAi?$AAn?$AA?5?$AAC?$AAo?$AAn?$AAE?$AAm?$AAu?$AA?5?$AAw@ 10017f78     ConEmuTh2800.obj
 0002:00000fc4       ??_C@_1CG@DMGPLFKD@?$AAC?$AAo?$AAn?$AAE?$AAm?$AAu?$AA?5?$AAP?$AAa?$AAn?$AAe?$AAl?$AA?5?$AAV?$AAi?$AAe?$AAw?$AAs?$AA?$AA@ 10017fc4     ConEmuTh2800.obj
 0002:00000ff0       ??_C@_1HI@BNDPAPFP@?$AA?$CF?$AAs?$AA?5?$AA?$CF?$AAs?$AA?$CI?$AA?$CC?$AAb?$AAd?$AA4?$AA5?$AA4?$AAd?$AA4?$AA8?$AA?9?$AA4?$AA4?$AA8?$AAe?$AA?9?$AA4?$AA6?$AAc?$AAc?$AA?9?$AA9?$AA0?$AA9?$AAd?$AA?9?$AAb@ 10017ff0     ConEmuTh2800.obj
 0002:00001068       ??_C@_1BG@LBJCGLOJ@?$AAS?$AAe?$AAt?$AAC?$AAu?$AAr?$AAI?$AAt?$AAe?$AAm?$AA?$AA@ 10018068     ConEmuTh2800.obj
 0002:00001080       ??_C@_1BG@PKDGNNAF@?$AAc?$AAa?$AAl?$AAl?$AAp?$AAl?$AAu?$AAg?$AAi?$AAn?$AA?$AA@ 10018080     ConEmuTh2800.obj
 0002:00001098       ??_C@_1CM@IICFOBPI@?$AA$?$AAi?$AAf?$AA?5?$AA?$CI?$AAS?$AAe?$AAa?$AAr?$AAc?$AAh?$AA?$CJ?$AA?5?$AAE?$AAs?$AAc?$AA?5?$AA$?$AAe?$AAn?$AAd?$AA?$AA@ 10018098     ConEmuTh2800.obj
 0002:000010c4       ??_C@_1CA@GIGEMLLA@?$AAP?$AAl?$AAu?$AAg?$AAi?$AAn?$AA?4?$AAS?$AAy?$AAn?$AAc?$AAC?$AAa?$AAl?$AAl?$AA?$AA@ 100180c4     ConEmuTh2800.obj
 0002:000010e8       ??_C@_1EI@PNMHLKGC@?$AAi?$AAf?$AA?5?$AAA?$AAr?$AAe?$AAa?$AA?4?$AAS?$AAe?$AAa?$AAr?$AAc?$AAh?$AA?5?$AAt?$AAh?$AAe?$AAn?$AA?5?$AAK?$AAe?$AAy?$AAs?$AA?$CI?$AA?$CC?$AAE?$AAs?$AAc?$AA?$CC?$AA?$CJ?$AA?5@ 100180e8     ConEmuTh2800.obj
 0002:00001130       ??_C@_1BE@LFJLOEAN@?$AAC?$AAo?$AAn?$AAE?$AAm?$AAu?$AAT?$AAh?$AA?2?$AA?$AA@ 10018130     ConEmuTh995.obj
 0002:00001164       ??_C@_1DI@DLGGKEIH@?$AA$?$AAI?$AAf?$AA?5?$AA?$CI?$AA?$CF?$AAc?$AAP?$AAa?$AAn?$AAe?$AAl?$AA?4?$AAL?$AAe?$AAf?$AAt?$AA?$CJ?$AA?5?$AAT?$AAa?$AAb?$AA?5?$AA$?$AAE?$AAn?$AAd?$AA?$AA@ 10018164     Display.obj
 0002:000011a0       ??_C@_1EK@NOCLDABL@?$AAi?$AAf?$AA?5?$AA?$CF?$AAc?$AAP?$AAa?$AAn?$AAe?$AAl?$AA?4?$AAL?$AAe?$AAf?$AAt?$AA?5?$AAt?$AAh?$AAe?$AAn?$AA?5?$AAK?$AAe?$AAy?$AAs?$AA?$CI?$AA?$CC?$AAT?$AAa?$AAb?$AA?$CC?$AA?$CJ@ 100181a0     Display.obj
 0002:000011ec       ??_C@_1M@KOMOBEPM@?$AA?$CF?$AAi?$AA?5?$AA?$CF?$AAc?$AA?$AA@ 100181ec     Display.obj
 0002:000011f8       ??_C@_1BG@NLGHAGA@?$AA?$CF?$AAi?$AA?0?$AA?$CF?$AA0?$AA3?$AAi?$AA?5?$AA?$CF?$AAc?$AA?$AA@ 100181f8     Display.obj
 0002:00001210       ??_C@_1O@NLGMKEDN@?$AAB?$AAK?$AAM?$AAG?$AAT?$AAP?$AA?$AA@ 10018210     Display.obj
 0002:00001220       ??_C@_1CO@LEOKLKOD@?$AA?$CF?$AA0?$AA2?$AAi?$AA?4?$AA?$CF?$AA0?$AA2?$AAi?$AA?4?$AA?$CF?$AA0?$AA2?$AAi?$AA?5?$AA?$CF?$AAi?$AA?3?$AA?$CF?$AA0?$AA2?$AAi?$AA?$AA@ 10018220     Display.obj
 0002:00001250       ??_C@_1CM@MJKKOLFD@?$AAC?$AAo?$AAn?$AAE?$AAm?$AAu?$AA?4?$AA?$CF?$AAs?$AAP?$AAa?$AAn?$AAe?$AAl?$AAV?$AAi?$AAe?$AAw?$AA?4?$AA?$CF?$AAi?$AA?$AA@ 10018250     Display.obj
 0002:0000127c       ??_C@_1M@KDEMMBOH@?$AAR?$AAi?$AAg?$AAh?$AAt?$AA?$AA@ 1001827c     Display.obj
 0002:00001288       ??_C@_19DKAIAFPE@?$AAL?$AAe?$AAf?$AAt?$AA?$AA@ 10018288     Display.obj
 0002:00001294       ??_C@_0BG@FGMCOIHO@Thumbs?3?3DisplayThread?$AA@ 10018294     Display.obj
 0002:000012ac       ??_C@_1CI@GNBJKMME@?$AAC?$AAo?$AAn?$AAE?$AAm?$AAu?$AAT?$AAh?$AA?3?$AA?3?$AAM?$AAa?$AAp?$AAC?$AAo?$AAo?$AAr?$AAd?$AAs?$AA?$AA@ 100182ac     Display.obj
 0002:000012d4       ??_C@_1CG@OILEFJJN@?$AAC?$AAo?$AAn?$AAE?$AAm?$AAu?$AAT?$AAh?$AA?3?$AA?3?$AAS?$AAe?$AAt?$AAt?$AAi?$AAn?$AAg?$AAs?$AA?$AA@ 100182d4     Display.obj
 0002:000012fc       ??_C@_1BO@IPKBELC@?$AAC?$AAo?$AAn?$AAE?$AAm?$AAu?$AAT?$AAh?$AA?3?$AA?3?$AAF?$AAa?$AAd?$AAe?$AA?$AA@ 100182fc     Display.obj
 0002:0000131c       ??_C@_0BD@HGJIAJJM@RequestTrampolines?$AA@ 1001831c     HkFunc.obj
 0002:00001330       ??_C@_1BK@FLBMCLFA@?$AAC?$AAo?$AAn?$AAE?$AAm?$AAu?$AAH?$AAk?$AA?4?$AAd?$AAl?$AAl?$AA?$AA@ 10018330     HkFunc.obj
 0002:0000134c       ??_C@_0L@DOHHADLD@CET_Cancel?$AA@ 1001834c     ImgCache.obj
 0002:00001358       ??_C@_08PFMFDMEL@CET_Free?$AA@ 10018358     ImgCache.obj
 0002:00001364       ??_C@_08DBEDCDF@CET_Load?$AA@ 10018364     ImgCache.obj
 0002:00001370       ??_C@_08CBCDAPII@CET_Done?$AA@ 10018370     ImgCache.obj
 0002:0000137c       ??_C@_08DHJJJJMJ@CET_Init?$AA@ 1001837c     ImgCache.obj
 0002:00001388       ??_C@_1M@NHGOODCJ@?$AA?$CK?$AA?4?$AAt?$AA3?$AA2?$AA?$AA@ 10018388     ImgCache.obj
 0002:00001394       ??_C@_1BO@EOFABIPH@?$AAC?$AAo?$AAn?$AAE?$AAm?$AAu?$AAT?$AAh?$AA?4?$AAc?$AAa?$AAc?$AAh?$AAe?$AA?$AA@ 10018394     ImgCache.obj
 0002:000013b4       ??_C@_15DDHGOCBH@?$AA?4?$AA?4?$AA?$AA@ 100183b4     ImgCache.obj
 0002:000013bc       ??_C@_19DDLLJDOO@?$AAF?$AAi?$AAl?$AAe?$AA?$AA@ 100183bc     ImgCache.obj
 0002:000013c8       ??_C@_0N@DDFPJHDO@_GetFileData?$AA@ 100183c8     ImgCache.obj
 0002:000013d8       ??_C@_1BE@DFPCIADA@?$AAP?$AAB?$AAF?$AAa?$AAr?$AA?4?$AAd?$AAl?$AAl?$AA?$AA@ 100183d8     ImgCache.obj
 0002:000013ec       ??_C@_19EBFDIIDI@?$AA?4?$AAw?$AAm?$AAf?$AA?$AA@ 100183ec     ImgCache.obj
 0002:000013f8       ??_C@_19HFLOJEOK@?$AA?4?$AAp?$AAn?$AAg?$AA?$AA@ 100183f8     ImgCache.obj
 0002:00001404       ??_C@_19GPGAIFNL@?$AA?4?$AAi?$AAc?$AAo?$AA?$AA@ 10018404     ImgCache.obj
 0002:00001410       ??_C@_19KGHJPLAF@?$AA?4?$AAg?$AAi?$AAf?$AA?$AA@ 10018410     ImgCache.obj
 0002:0000141c       ??_C@_19HKLPDE@?$AA?4?$AAb?$AAm?$AAp?$AA?$AA@ 1001841c     ImgCache.obj
 0002:00001428       ??_7?$CQueueProcessor@PAUIMAGE_CACHE_INFO@@@@6B@ 10018428     ImgCache.obj
 0002:0000145c       ??_C@_0DL@DGFCHJEK@t?3?2vcproject?2maximus5?2conemu?2src@ 1001845c     ImgCache.obj
 0002:00001498       ??_7CImgLoader@@6B@        10018498     ImgCache.obj
 0002:000014d4       ??_C@_0BJ@KDNBOADC@Thumbs?3?3ProcessingThread?$AA@ 100184d4     ImgCache.obj
 0002:000014f0       ??_C@_0BK@DNNLOFO@SetSecurityDescriptorDacl?$AA@ 100184f0     MSecurity.obj
 0002:0000150c       ??_C@_0BN@FNLANPJJ@InitializeSecurityDescriptor?$AA@ 1001850c     MSecurity.obj
 0002:0000152c       ??_C@_0O@GKCEJBAA@InitializeAcl?$AA@ 1001852c     MSecurity.obj
 0002:0000153c       ??_C@_0N@HBKDHKNL@GetLengthSid?$AA@ 1001853c     MSecurity.obj
 0002:0000154c       ??_C@_0BJ@ECIKFEOL@AllocateAndInitializeSid?$AA@ 1001854c     MSecurity.obj
 0002:00001568       ??_C@_0BD@EIGAJLOG@AddAccessDeniedAce?$AA@ 10018568     MSecurity.obj
 0002:0000157c       ??_C@_0BE@IPKPLIM@AddAccessAllowedAce?$AA@ 1001857c     MSecurity.obj
 0002:00001590       ??_C@_1BK@BIGILECK@?$AAA?$AAd?$AAv?$AAa?$AAp?$AAi?$AA3?$AA2?$AA?4?$AAd?$AAl?$AAl?$AA?$AA@ 10018590     MSecurity.obj
 0002:000015ac       ??_C@_1BO@HJHEFHMO@?$AAK?$AAe?$AAr?$AAn?$AAe?$AAl?$AAB?$AAa?$AAs?$AAe?$AA?4?$AAd?$AAl?$AAl?$AA?$AA@ 100185ac     MSecurity.obj
 0002:000015cc       ??_C@_15LKGMKBFA@?$AA0?$AA0?$AA?$AA@ 100185cc     MStrSafe.obj
 0002:000015d4       ??_C@_1BC@LMIJMNIA@?$AA0?$AA0?$AA0?$AA0?$AA0?$AA0?$AA0?$AA0?$AA?$AA@ 100185d4     MStrSafe.obj
 0002:000015e8       ??_C@_1CA@DHOHMJCG@?$AAU?$AAn?$AAi?$AAc?$AAo?$AAd?$AAe?$AA?5?$AAC?$AAh?$AAa?$AAr?$AAM?$AAa?$AAp?$AA?$AA@ 100185e8     RgnDetect.obj
 0002:00001608       ??_C@_13PJJBFPED@?$AA?$DL?$AA?$AA@ 10018608     WFiles.obj
 0002:00001610       ??_C@_1GK@PPEHOOAL@?$AAS?$AAO?$AAF?$AAT?$AAW?$AAA?$AAR?$AAE?$AA?2?$AAM?$AAi?$AAc?$AAr?$AAo?$AAs?$AAo?$AAf?$AAt?$AA?2?$AAW?$AAi?$AAn?$AAd?$AAo?$AAw?$AAs?$AA?2?$AAC?$AAu?$AAr?$AAr?$AAe@ 10018610     WFiles.obj
 0002:0000167c       ??_C@_0P@LKABJJMO@IsWow64Process?$AA@ 1001867c     WObjects.obj
 0002:0000168c       ??_C@_1BI@MPDCNJBA@?$AAt?$AAl?$AAn?$AAt?$AAs?$AAv?$AAr?$AA?4?$AAe?$AAx?$AAe?$AA?$AA@ 1001868c     WObjects.obj
[...]
 0002:000026c0       ??_C@_0CN@LEKKICBM@R6002?$AN?6?9?5floating?5point?5support?5@ 100196c0     LIBCMT:crt0msg.obj
 0002:000026f0       ??_C@_0CF@GOGNBNAK@Microsoft?5Visual?5C?$CL?$CL?5Runtime?5Lib@ 100196f0     LIBCMT:crt0msg.obj
 0002:00002718       ??_C@_02PHMGELLB@?6?6?$AA@ 10019718     LIBCMT:crt0msg.obj
 0002:0000271c       ??_C@_03KHICJKCI@?4?4?4?$AA@ 1001971c     LIBCMT:crt0msg.obj
 0002:00002720       ??_C@_0BH@DNAGHKFM@?$DMprogram?5name?5unknown?$DO?$AA@ 10019720     LIBCMT:crt0msg.obj
 0002:00002738       ??_C@_0BK@OFGJDLJJ@Runtime?5Error?$CB?6?6Program?3?5?$AA@ 10019738     LIBCMT:crt0msg.obj
 0002:0000275c       ___dnames                  1001975c     LIBCMT:timeset.obj
 0002:00002774       ___mnames                  10019774     LIBCMT:timeset.obj
 0002:0000279c       ??_C@_0BI@DFKBFLJE@GetProcessWindowStation?$AA@ 1001979c     LIBCMT:crtmbox.obj
 0002:000027b4       ??_C@_0BK@CIDNPOGP@GetUserObjectInformationA?$AA@ 100197b4     LIBCMT:crtmbox.obj
 0002:000027d0       ??_C@_0BD@HHGDFDBJ@GetLastActivePopup?$AA@ 100197d0     LIBCMT:crtmbox.obj
 0002:000027e4       ??_C@_0BA@HNOPNCHB@GetActiveWindow?$AA@ 100197e4     LIBCMT:crtmbox.obj
 0002:000027f4       ??_C@_0M@CHKKJDAI@MessageBoxA?$AA@ 100197f4     LIBCMT:crtmbox.obj
 0002:00002800       ??_C@_0L@NDEGIDAG@USER32?4DLL?$AA@ 10019800     LIBCMT:crtmbox.obj
 0002:00002810       __load_config_used         10019810     LIBCMT:loadcfg.obj
 0002:00002860       ___safe_se_handler_table   10019860     <linker-defined>
 0002:00002870       ___rtc_iaa                 10019870     LIBCMT:_initsect_.obj
 0002:00002874       ___rtc_izz                 10019874     LIBCMT:_initsect_.obj
 0002:00002878       ___rtc_taa                 10019878     LIBCMT:_initsect_.obj
 0002:0000287c       ___rtc_tzz                 1001987c     LIBCMT:_initsect_.obj
 0002:00002bd4       __IMPORT_DESCRIPTOR_KERNEL32 10019bd4     kernel32:KERNEL32.dll
 0002:00002be8       __IMPORT_DESCRIPTOR_USER32 10019be8     user32:USER32.dll
 0002:00002bfc       __IMPORT_DESCRIPTOR_GDI32  10019bfc     gdi32:GDI32.dll
 0002:00002c10       __IMPORT_DESCRIPTOR_ADVAPI32 10019c10     advapi32:ADVAPI32.dll
 0002:00002c24       __IMPORT_DESCRIPTOR_SHELL32 10019c24     shell32:SHELL32.dll
 0002:00002c38       __IMPORT_DESCRIPTOR_ole32  10019c38     ole32:ole32.dll
 0002:00002c4c       __IMPORT_DESCRIPTOR_VERSION 10019c4c     version:VERSION.dll
 0002:00002c60       __NULL_IMPORT_DESCRIPTOR   10019c60     kernel32:KERNEL32.dll
 0003:00000000       ?gsInternalCommands@@3PB_WB 1001b000     CmdLine.obj
 0003:00000004       ?gbPreloadByDefault@@3HA   1001b004     ConEmuTh.obj
 0003:00000008       ?gcrCurColors@@3PAKA       1001b008     ConEmuTh.obj
 0003:0000000c       ?Far3Func@@3PAUExportFunc@@A 1001b00c     ConEmuTh.obj
 0003:00000030       ?StdPalette@?1??GetStdPalette@Far3Color@@SIPBKXZ@4PAKA 1001b030     ConEmuTh1900.obj
 0003:00000070       ?guid_ConEmuTh@@3U_GUID@@A 1001b070     ConEmuTh2800.obj
 0003:00000080       ?guid_ConEmuThPluginMenu@@3U_GUID@@A 1001b080     ConEmuTh2800.obj
 0003:00000090       ?g_TerminatedThreadIdx@@3JA 1001b090     WThreads.obj
 0003:000000a0       __NLG_Destination          1001b0a0     LIBCMT:exsup.obj
 0003:000000b0       ___initialmbcinfo          1001b0b0     LIBCMT:mbctype.obj
 0003:000002d0       __mbctype                  1001b2d0     LIBCMT:mbctype.obj
 0003:000003d8       __mbcasemap                1001b3d8     LIBCMT:mbctype.obj
 0003:000004d8       ___ptmbcinfo               1001b4d8     LIBCMT:mbctype.obj
 0003:000005d4       ___globallocalestatus      1001b5d4     LIBCMT:glstatus.obj
 0003:000005d8       ___clocalestr              1001b5d8     LIBCMT:nlsdata2.obj
 0003:000005e0       ___initiallocinfo          1001b5e0     LIBCMT:nlsdata2.obj
 0003:000006b8       ___ptlocinfo               1001b6b8     LIBCMT:nlsdata2.obj
 0003:000006bc       ___lc_clike                1001b6bc     LIBCMT:nlsdata2.obj
 0003:000006c0       ___initiallocalestructinfo 1001b6c0     LIBCMT:nlsdata2.obj
 0003:000006c8       ___flsindex                1001b6c8     LIBCMT:tidtable.obj
 0003:000006cc       ___getvalueindex           1001b6cc     LIBCMT:tidtable.obj
 0003:00000840       __aexit_rtn                1001b840     LIBCMT:crt0dat.obj
 0003:00000848       ___badioinfo               1001b848     LIBCMT:ioinit.obj
 0003:00000888       __amblksiz                 1001b888     LIBCMT:heapinit.obj
 0003:0000088c       __First_FPE_Indx           1001b88c     LIBCMT:winxfltr.obj
 0003:00000890       __Num_FPE                  1001b890     LIBCMT:winxfltr.obj
 0003:00000894       __XcptActTabSize           1001b894     LIBCMT:winxfltr.obj
 0003:00000898       __XcptActTabCount          1001b898     LIBCMT:winxfltr.obj
 0003:0000089c       ___security_cookie         1001b89c     LIBCMT:gs_cookie.obj
 0003:000008a0       ___security_cookie_complement 1001b8a0     LIBCMT:gs_cookie.obj
 0003:000009c8       __pctype                   1001b9c8     LIBCMT:ctype.obj
 0003:000009cc       __pwctype                  1001b9cc     LIBCMT:ctype.obj
 0003:000009d0       ___lc_time_c               1001b9d0     LIBCMT:strftime.obj
 0003:00000a88       ___lc_time_curr            1001ba88     LIBCMT:strftime.obj
 0003:00000a8c       ___lconv_static_decimal    1001ba8c     LIBCMT:lconv.obj
 0003:00000a90       ___lconv_c                 1001ba90     LIBCMT:lconv.obj
 0003:00000ac0       ___lconv                   1001bac0     LIBCMT:lconv.obj
 0003:00000ac4       ___mb_cur_max              1001bac4     LIBCMT:nlsdata1.obj
 0003:00000ac8       ___decimal_point           1001bac8     LIBCMT:nlsdata1.obj
 0003:00000acc       ___decimal_point_length    1001bacc     LIBCMT:nlsdata1.obj
 0003:00000b88       __cfltcvt_tab              1001bb88     LIBCMT:cmiscdat.obj
 0003:00000bb0       __timezone                 1001bbb0     LIBCMT:timeset.obj
 0003:00000bb4       __daylight                 1001bbb4     LIBCMT:timeset.obj
 0003:00000bb8       __dstbias                  1001bbb8     LIBCMT:timeset.obj
 0003:00000c40       __tzname                   1001bc40     LIBCMT:timeset.obj
 0003:00000c60       ___abort_behavior          1001bc60     LIBCMT:abort.obj
 0003:00000c70       __lpdays                   1001bc70     LIBCMT:days.obj
 0003:00000ca4       __days                     1001bca4     LIBCMT:days.obj
 0003:00000ce0       ?gbInCommonShutdown@@3HA   1001bce0     Common.obj
 0003:00000ce8       ?gpLocalSecurity@@3PAU_SECURITY_ATTRIBUTES@@A 1001bce8     ConEmuCheck.obj
 0003:00000cec       ?gfGetRealConsoleWindow@@3P6GPAUHWND__@@XZA 1001bcec     ConEmuCheck.obj
 0003:00000cf0       ?ghWorkingModule@@3_KA     1001bcf0     ConEmuCheck.obj
 0003:00000d38       ?gsHardLink@@3PA_WA        1001bd38     ConEmuTh.obj
 0003:00000db8       ?gsJunction@@3PA_WA        1001bdb8     ConEmuTh.obj
 0003:00000e38       ?gsSymLink@@3PA_WA         1001be38     ConEmuTh.obj
 0003:00000eb8       ?gsTitleThumbs@@3PA_WA     1001beb8     ConEmuTh.obj
 0003:00000f38       ?gsTitleTiles@@3PA_WA      1001bf38     ConEmuTh.obj
 0003:00000fb8       ?gsFolder@@3PA_WA          1001bfb8     ConEmuTh.obj
 0003:00001038       ?gdwModes@@3PAKA           1001c038     ConEmuTh.obj
 0003:00001040       ?gThSet@@3UPanelViewSetMapping@@A 1001c040     ConEmuTh.obj
 0003:00001258       ?ghConEmuRoot@@3PAUHWND__@@A 1001c258     ConEmuTh.obj
 0003:0000125c       ?ghConEmuWnd@@3PAUHWND__@@A 1001c25c     ConEmuTh.obj
 0003:00001260       ?ghPluginModule@@3PAUHINSTANCE__@@A 1001c260     ConEmuTh.obj
 0003:00001264       ?TerminalMode@@3HA         1001c264     ConEmuTh.obj
 0003:00001268       ?gnSelfPID@@3KA            1001c268     ConEmuTh.obj
 0003:0000126c       ?gnMainThreadId@@3KA       1001c26c     ConEmuTh.obj
 0003:00001270       ?gnMainThreadIdInitial@@3KA 1001c270     ConEmuTh.obj
 0003:00001274       ?ghDisplayThread@@3PAXA    1001c274     ConEmuTh.obj
 0003:00001278       ?gnDisplayThreadId@@3KA    1001c278     ConEmuTh.obj
 0003:0000127c       ?gFarVersion@@3UFarVersion@@A 1001c27c     ConEmuTh.obj
 0003:00001288       ?gfRegisterPanelView@@3P6GHPAUPanelViewInit@@@ZA 1001c288     ConEmuTh.obj
 0003:0000128c       ?gfGetFarHWND2@@3P6GPAUHWND__@@H@ZA 1001c28c     ConEmuTh.obj
 0003:00001290       ?pviLeft@@3UCeFullPanelInfo@@A 1001c290     ConEmuTh.obj
 0003:000014f8       ?pviRight@@3UCeFullPanelInfo@@A 1001c4f8     ConEmuTh.obj
 0003:00001760       ?gpRgnDetect@@3PAVCRgnDetect@@A 1001c760     ConEmuTh.obj
 0003:00001764       ?gpImgCache@@3PAVCImgCache@@A 1001c764     ConEmuTh.obj
 0003:00001768       ?gFarInfo@@3UCEFAR_INFO_MAPPING@@A 1001c768     ConEmuTh.obj
 0003:00021aa0       ?gThPal@@3UCESERVER_PALETTE@@A 1003caa0     ConEmuTh.obj
 0003:00021b20       ?gbFadeColors@@3_NA        1003cb20     ConEmuTh.obj
 0003:00021b21       ?gbFarPanelsReady@@3_NA    1003cb21     ConEmuTh.obj
 0003:00021b22       ?gbConsoleChangesSyncho@@3_NA 1003cb22     ConEmuTh.obj
 0003:00021b23       ?gbSynchoRedrawPanelRequested@@3_NA 1003cb23     ConEmuTh.obj
 0003:00021b24       ?gnRgnDetectFlags@@3KA     1003cb24     ConEmuTh.obj
 0003:00021b28       ?gFarPanelSettings@@3UCEFarPanelSettings@@A 1003cb28     ConEmuTh.obj
 0003:00021b2c       ?gFarInterfaceSettings@@3UCEFarInterfaceSettings@@A 1003cb2c     ConEmuTh.obj
 0003:00021b30       ?gnWaitForKeySeqTick@@3KA  1003cb30     ConEmuTh.obj
 0003:00021b34       ?wScanCodeUp@@3GA          1003cb34     ConEmuTh.obj
 0003:00021b38       ?wScanCodeDown@@3GA        1003cb38     ConEmuTh.obj
 0003:00021b3c       ?gnConsoleChanges@@3KA     1003cb3c     ConEmuTh.obj
 0003:00021b40       ?gpLastSynchroArg@@3PAUConEmuThSynchroArg@@A 1003cb40     ConEmuTh.obj
 0003:00021b44       ?gpDbgDlg@@3PAV?$MFileMapping@Utag_DetectedDialog@@@@A 1003cb44     ConEmuTh.obj
 0003:00021b48       ?gbInfoW_OK@@3HA           1003cb48     ConEmuTh.obj
 0003:00021b50       ?InfoW1900@@3PAUPluginStartupInfo@@A 1003cb50     ConEmuTh1900.obj
 0003:00021b54       ?FSFW1900@@3PAUFarStandardFunctions@@A 1003cb54     ConEmuTh1900.obj
 0003:00021b58       ?LastIndex@?1??Color2FgIndex@Far3Color@@SIXKAAGPBK@Z@4HA 1003cb58     ConEmuTh1900.obj
 0003:00021b5c       ?LastColor@?1??Color2FgIndex@Far3Color@@SIXKAAGPBK@Z@4KA 1003cb5c     ConEmuTh1900.obj
 0003:00021b60       ?LastIndex@?1??Color2BgIndex@Far3Color@@SIXKHAAGPBK@Z@4HA 1003cb60     ConEmuTh1900.obj
 0003:00021b64       ?LastColor@?1??Color2BgIndex@Far3Color@@SIXKHAAGPBK@Z@4KA 1003cb64     ConEmuTh1900.obj
 0003:00021d70       ?InfoW2800@@3PAUPluginStartupInfo@@A 1003cd70     ConEmuTh2800.obj
 0003:00021d74       ?FSFW2800@@3PAUFarStandardFunctions@@A 1003cd74     ConEmuTh2800.obj
 0003:00021f80       ?InfoW995@@3PAUPluginStartupInfo@@A 1003cf80     ConEmuTh995.obj
 0003:00021f84       ?FSFW995@@3PAUFarStandardFunctions@@A 1003cf84     ConEmuTh995.obj
 0003:00022190       ?InfoA@@3PAUPluginStartupInfo@@A 1003d190     ConEmuThA.obj
 0003:00022194       ?FSFA@@3PAUFarStandardFunctions@@A 1003d194     ConEmuThA.obj
 0003:000222a4       ?ghCreateEvent@@3PAXA      1003d2a4     Display.obj
 0003:000222a8       ?gnCreateViewError@@3HA    1003d2a8     Display.obj
 0003:000222ac       ?gnWin32Error@@3KA         1003d2ac     Display.obj
 0003:000222b0       ?gbCancelAll@@3HA          1003d2b0     Display.obj
 0003:000222b4       ?gnConEmuFadeMsg@@3IA      1003d2b4     Display.obj
 0003:000222b8       ?gnConEmuSettingsMsg@@3IA  1003d2b8     Display.obj
 0003:000222bc       ?gnMapCoordMsg@@3IA        1003d2bc     Display.obj
 0003:000222c0       ?hkFunc@@3UHkFunc@@A       1003d2c0     HkFunc.obj
 0003:000222c4       ?ghUpIcon@@3PAUHICON__@@A  1003d2c4     ImgCache.obj
 0003:000222c8       ?AssertMsgBox@@3P6IHPB_WI0PAUHWND__@@_N@ZA 1003d2c8     MAssert.obj
 0003:000222cc       ?gfnHooksUnlockerProc@@3P6I_N_N@ZA 1003d2cc     MAssert.obj
 0003:000222d0       ?ghHeap@@3PAXA             1003d2d0     Memory.obj
 0003:000222d4       ?gNullDesc@@3PAVMNullDesc@@A 1003d2d4     MSecurity.obj
 0003:000222dc       ?gfnSearchAppPaths@@3P6I_NPB_WAAUCEStr@@_NPAU1@@ZA 1003d2dc     WObjects.obj
 0003:00029ae8       ?g_ThreadsIdx@@3JA         10044ae8     WThreads.obj
 0003:00029af0       __aenvptr                  10044af0     LIBCMT:dllcrt0.obj
 0003:00029af4       __wenvptr                  10044af4     LIBCMT:dllcrt0.obj
 0003:00029af8       ___error_mode              10044af8     LIBCMT:dllcrt0.obj
 0003:00029afc       ___app_type                10044afc     LIBCMT:dllcrt0.obj
 0003:00029b8c       ___mbulinfo                10044b8c     LIBCMT:mbctype.obj
 0003:00029b98       ___mbcodepage              10044b98     LIBCMT:mbctype.obj
 0003:00029b9c       ___ismbcodepage            10044b9c     LIBCMT:mbctype.obj
 0003:00029ba0       ___mblcid                  10044ba0     LIBCMT:mbctype.obj
 0003:00029ba4       ___locale_changed          10044ba4     LIBCMT:setlocal.obj
 0003:00029ba8       ___lc_handle               10044ba8     LIBCMT:nlsdata2.obj
 0003:00029bc0       ___lc_codepage             10044bc0     LIBCMT:nlsdata2.obj
 0003:00029bc4       ___lc_collate_cp           10044bc4     LIBCMT:nlsdata2.obj
 0003:00029bc8       _gpFlsAlloc                10044bc8     LIBCMT:tidtable.obj
 0003:00029bcc       _gpFlsGetValue             10044bcc     LIBCMT:tidtable.obj
 0003:00029bd0       _gpFlsSetValue             10044bd0     LIBCMT:tidtable.obj
 0003:00029bd4       _gpFlsFree                 10044bd4     LIBCMT:tidtable.obj
 0003:00029bd8       ___pInvalidArgHandler      10044bd8     LIBCMT:invarg.obj
 0003:00029bdc       __maxwait                  10044bdc     LIBCMT:crtheap.obj
 0003:00029be0       __umaskval                 10044be0     LIBCMT:crt0dat.obj
 0003:00029be4       ___argc                    10044be4     LIBCMT:crt0dat.obj
 0003:00029be8       ___argv                    10044be8     LIBCMT:crt0dat.obj
 0003:00029bec       ___wargv                   10044bec     LIBCMT:crt0dat.obj
 0003:00029bf0       __environ                  10044bf0     LIBCMT:crt0dat.obj
 0003:00029bf4       ___initenv                 10044bf4     LIBCMT:crt0dat.obj
 0003:00029bf8       __wenviron                 10044bf8     LIBCMT:crt0dat.obj
 0003:00029bfc       ___winitenv                10044bfc     LIBCMT:crt0dat.obj
 0003:00029c00       __pgmptr                   10044c00     LIBCMT:crt0dat.obj
 0003:00029c04       __wpgmptr                  10044c04     LIBCMT:crt0dat.obj
 0003:00029c08       __exitflag                 10044c08     LIBCMT:crt0dat.obj
 0003:00029c0c       __C_Termination_Done       10044c0c     LIBCMT:crt0dat.obj
 0003:00029c10       __C_Exit_Done              10044c10     LIBCMT:crt0dat.obj
 0003:00029d24       __crtheap                  10044d24     LIBCMT:heapinit.obj
 0003:00029e80       ___lconv_static_null       10044e80     LIBCMT:lconv.obj
 0003:00029e84       ___sbh_pHeaderDefer        10044e84     LIBCMT:sbheap.obj
 0003:0002a19c       ?__pInconsistency@@3P6AXXZA 1004519c     LIBCMT:hooks.obj
 0003:0002a1c0       ___pPurecall               100451c0     LIBCMT:inithelp.obj
 0003:0002a1c8       ?_pnhHeap@@3P6AHI@ZA       100451c8     LIBCMT:handler.obj
 0003:0002a5b0       __newmode                  100455b0     LIBCMT:_newmode.obj
 0003:0002a5c8       ___sbh_cntHeaderList       100455c8     <common>
 0003:0002a5cc       ___sbh_pHeaderList         100455cc     <common>
 0003:0002a5d0       ___sbh_threshold           100455d0     <common>
 0003:0002a5d4       ___sbh_pHeaderScan         100455d4     <common>
 0003:0002a5d8       ___sbh_sizeHeaderList      100455d8     <common>
 0003:0002a5dc       ___sbh_indGroupDefer       100455dc     <common>
 0003:0002a5e0       __debugger_hook_dummy      100455e0     <common>
 0003:0002a5e4       ___active_heap             100455e4     <common>
 0003:0002a5e8       __nhandle                  100455e8     <common>
 0003:0002a600       ___pioinfo                 10045600     <common>
 0003:0002a700       ___env_initialized         10045700     <common>
 0003:0002a704       ___onexitend               10045704     <common>
 0003:0002a708       ___onexitbegin             10045708     <common>
 0003:0002a70c       ___mbctype_initialized     1004570c     <common>
 0003:0002a710       __FPinit                   10045710     <common>
 0003:0002a714       ___dyn_tls_init_callback   10045714     <common>
 0003:0002a718       __pDestructExceptionObject 10045718     <common>
 0003:0002a71c       ___sse2_available          1004571c     <common>
 0003:0002a720       __acmdln                   10045720     <common>

 entry point at        0001:0000f6b9

 Static symbols

 0001:0000037f       ?StringCopyWorkerW@@YGJPA_WIPAIPB_WI@Z 1000137f f   ConEmuCheck.obj
 0001:0000037f       ?StringCopyWorkerW@@YGJPA_WIPAIPB_WI@Z 1000137f f   ConEmuCheck.obj
 0001:0000087f       ?StringLengthWorkerW@@YGJPB_WIPAI@Z 1000187f f   ConEmuTh.obj
 0001:00000957       ?ChangeExports@@YI_NPBUExportFunc@@PAUHINSTANCE__@@@Z 10001957 f   ConEmuTh.obj
 0001:000012e1       ?LoadModuleVersion@@YI_NPB_WAAUtagVS_FIXEDFILEINFO@@PA_WI@Z 100022e1 f   ConEmuTh.obj
 0001:00001475       ?LoadFarVersion@@YI_NPB_WAAUFarVersion@@AAY0CAA@_W@Z 10002475 f   ConEmuTh.obj
 0001:000014e1       ?LoadFarVersion@@YI_NAAUFarVersion@@AAY0CAA@_W@Z 100024e1 f   ConEmuTh.obj
 0001:00003415       ?GetFarSetting@@YIHPAXIPB_W@Z 10004415 f   ConEmuTh1900.obj
 0001:0000345b       ?LoadFarSettingsW1900@@YIXPAUCEFarInterfaceSettings@@PAUCEFarPanelSettings@@@Z 1000445b f   ConEmuTh1900.obj
 0001:00004383       ?GetFarSetting@@YIHPAXIPB_W@Z 10005383 f   ConEmuTh2800.obj
 0001:000043cc       ?LoadFarSettingsW2800@@YIXPAUCEFarInterfaceSettings@@PAUCEFarPanelSettings@@@Z 100053cc f   ConEmuTh2800.obj
 0001:00005299       ?LoadFarSettingsW995@@YIXPAUCEFarInterfaceSettings@@PAUCEFarPanelSettings@@@Z 10006299 f   ConEmuTh995.obj
 0001:00005ae7       ?LoadFarSettingsA@@YIXPAUCEFarInterfaceSettings@@PAUCEFarPanelSettings@@@Z 10006ae7 f   ConEmuThA.obj
 0001:0000f5c3       ___DllMainCRTStartup       100105c3 f   LIBCMT:dllcrt0.obj
 0001:0000f6dc       _fastcopy_I                100106dc f   LIBCMT:p4_memcpy.obj
 0001:0000f846       _has_osfxsr_set            10010846 f   LIBCMT:cpu_disp.obj
 0001:0000f905       _fastzero_I                10010905 f   LIBCMT:p4_memset.obj
 0001:0000fa44       __unwind_handler           10010a44 f   LIBCMT:exsup.obj
 0001:0000fb60       _ValidateScopeTableHandlers 10010b60 f   LIBCMT:eh3valid.obj
 0001:0000ff69       ?CPtoLCID@@YAHH@Z          10010f69 f   LIBCMT:mbctype.obj
 0001:0000ff98       ?setSBCS@@YAXPAUthreadmbcinfostruct@@@Z 10010f98 f   LIBCMT:mbctype.obj
 0001:0000fffc       ?setSBUpLow@@YAXPAUthreadmbcinfostruct@@@Z 10010ffc f   LIBCMT:mbctype.obj
 0001:00010233       ?getSystemCP@@YAHH@Z       10011233 f   LIBCMT:mbctype.obj
 0001:000108bd       __updatetlocinfoEx_nolock  100118bd f   LIBCMT:setlocal.obj
 0001:00011349       __initterm                 10012349 f   LIBCMT:crt0dat.obj
 0001:0001140f       _doexit                    1001240f f   LIBCMT:crt0dat.obj
 0001:0001192e       _parse_cmdline             1001292e f   LIBCMT:stdargv.obj
 0001:0001233c       ?__crtLCMapStringA_stat@@YAHPAUlocaleinfo_struct@@KKPBDHPADHHH@Z 1001333c f   LIBCMT:a_map.obj
 0001:00012726       ?__crtGetStringTypeA_stat@@YAHPAUlocaleinfo_struct@@KPBDHPAGHHH@Z 10013726 f   LIBCMT:a_str.obj
 0001:000144f2       __onexit_nolock            100154f2 f   LIBCMT:onexit.obj
 0001:000146b9       _siglookup                 100156b9 f   LIBCMT:winsig.obj
 0001:00014971       ?x_ismbbtype_l@@YAHPAUlocaleinfo_struct@@IHH@Z 10015971 f   LIBCMT:ismbbyte.obj
 0001:00014a6c       __unwind_handler4          10015a6c f   LIBCMT:exsup4.obj
 0001:0001526b       ?strtoxl@@YAKPAUlocaleinfo_struct@@PBDPAPBDHH@Z 1001626b f   LIBCMT:strtol.obj
