 luafar3

 Timestamp is 56ba57a1 (Wed Feb 10 00:18:25 2016)

 Preferred load address is 0000000180000000

 Start         Length     Name                   Class
 0001:00000000 00000010H .00cfg                  CODE
 0001:00000010 00000008H .CRT$XCA                CODE
 0001:00000018 00000008H .CRT$XCZ                CODE
 0001:00000020 00000008H .CRT$XIA                CODE
 0001:00000028 00000018H .CRT$XIC                CODE
 0001:00000040 00000008H .CRT$XIZ                CODE
 0001:00000048 00000008H .CRT$XPA                CODE
 0001:00000050 00000018H .CRT$XPX                CODE
 0001:00000068 00000008H .CRT$XPXA               CODE
 0001:00000070 00000008H .CRT$XPZ                CODE
 0001:00000078 00000008H .CRT$XTA                CODE
 0001:00000080 00000008H .CRT$XTZ                CODE
 0001:00000090 00018cb4H .rdata                  CODE
 0001:00018d48 00000000H .rdata$r                CODE
 0001:00018d48 00000010H .rdata$zETW0            CODE
 0001:00018d58 00000077H .rdata$zETW1            CODE
 0001:00018dcf 0000002cH .rdata$zETW2            CODE
 0001:00018dfb 00000001H .rdata$zETW9            CODE
 0001:00018dfc 00000314H .rdata$zzzdbg           CODE
 0001:00019110 00000008H .rtc$IAA                CODE
 0001:00019118 00000008H .rtc$IZZ                CODE
 0001:00019120 00000008H .rtc$TAA                CODE
 0001:00019128 00000008H .rtc$TZZ                CODE
 0001:00019130 000001dbH .text                   CODE
 0001:00019310 00040311H .text$mn                CODE
 0001:00059630 00000012H .text$mn$00             CODE
 0001:00059650 000004a0H .text$x                 CODE
 0001:00059af0 00003638H .xdata                  CODE
 0001:0005d130 00000482H .edata                  CODE
 0002:00000000 000095a0H .data                   DATA
 0002:000095a0 00000000H .data$r                 DATA
 0002:000095a0 00001128H .bss                    DATA
 0003:00000000 00003d38H .pdata                  DATA
 0004:00000000 000006b8H .idata$5                DATA
 0004:000006b8 00000064H .idata$2                DATA
 0004:0000071c 00000014H .idata$3                DATA
 0004:00000730 000006b8H .idata$4                DATA
 0004:00000de8 00000ec0H .idata$6                DATA
 0005:00000000 00000080H .gfids$x                DATA
 0005:00000080 0000001cH .gfids$y                DATA
 0006:00000000 00000058H .rsrc$01                DATA
 0006:00000060 00000358H .rsrc$02                DATA

  Address         Publics by Value              Rva+Base               Lib:Object

 0000:00000000       __guard_iat_table          0000000000000000     <absolute>
 0000:00000000       __guard_fids_count         0000000000000000     <absolute>
 0000:00000000       __guard_iat_count          0000000000000000     <absolute>
 0000:00000000       ___safe_se_handler_table   0000000000000000     <absolute>
 0000:00000000       __guard_longjmp_count      0000000000000000     <absolute>
 0000:00000000       ___safe_se_handler_count   0000000000000000     <absolute>
 0000:00000000       __guard_fids_table         0000000000000000     <absolute>
 0000:00000000       __guard_longjmp_table      0000000000000000     <absolute>
 0000:00000100       __guard_flags              0000000000000100     <absolute>
 0000:00000000       __ImageBase                0000000180000000     <linker-defined>
 0001:00000000       __guard_check_icall_fptr   0000000180001000     LIBCMT:guard_support.obj
 0001:00000008       __guard_dispatch_icall_fptr 0000000180001008     LIBCMT:guard_support.obj
 0001:00000010       __xc_a                     0000000180001010     LIBCMT:initializers.obj
 0001:00000018       __xc_z                     0000000180001018     LIBCMT:initializers.obj
 0001:00000020       __xi_a                     0000000180001020     LIBCMT:initializers.obj
 0001:00000028       __acrt_stdio_initializer   0000000180001028     libucrt:stdio_initializer.obj
 0001:00000030       __acrt_multibyte_initializer 0000000180001030     libucrt:multibyte_initializer.obj
 0001:00000038       __acrt_tran_fma3_initializer 0000000180001038     libucrt:fma3_initializer.obj
 0001:00000040       __xi_z                     0000000180001040     LIBCMT:initializers.obj
 0001:00000048       __xp_a                     0000000180001048     LIBCMT:initializers.obj
 0001:00000050       __acrt_locale_terminator   0000000180001050     libucrt:locale_initializer.obj
 0001:00000058       __acrt_tmpfile_terminator  0000000180001058     libucrt:tmpfile_initializer.obj
 0001:00000060       __dcrt_console_output_terminator 0000000180001060     libucrt:console_output_initializer.obj
 0001:00000068       __acrt_stdio_terminator    0000000180001068     libucrt:stdio_initializer.obj
 0001:00000070       __xp_z                     0000000180001070     LIBCMT:initializers.obj
 0001:00000078       __xt_a                     0000000180001078     LIBCMT:initializers.obj
 0001:00000080       __xt_z                     0000000180001080     LIBCMT:initializers.obj
 0001:00000260       metatable_name             0000000180001260     bit64.obj
 0001:00000270       ??_C@_04JAOJMBA@bnot?$AA@  0000000180001270     bit64.obj
 0001:00000278       ??_C@_04BKGNPECA@band?$AA@ 0000000180001278     bit64.obj
 0001:00000280       ??_C@_03BBBGIIAC@bor?$AA@  0000000180001280     bit64.obj
 0001:00000284       ??_C@_04CKCGDDNF@bxor?$AA@ 0000000180001284     bit64.obj
 0001:0000028c       ??_C@_06ELFGPGBK@lshift?$AA@ 000000018000128c     bit64.obj
 0001:00000294       ??_C@_06HMLHBBIJ@rshift?$AA@ 0000000180001294     bit64.obj
 0001:000002a0       ??_C@_07JILILBLL@arshift?$AA@ 00000001800012a0     bit64.obj
 0001:000002a8       ??_C@_03CLCAEGCJ@new?$AA@  00000001800012a8     bit64.obj
 0001:000002ac       ??_C@_03BDGOHNNK@add?$AA@  00000001800012ac     bit64.obj
 0001:000002b0       ??_C@_03KCMAIMAP@sub?$AA@  00000001800012b0     bit64.obj
 0001:000002b4       ??_C@_03IMIFIBCN@mul?$AA@  00000001800012b4     bit64.obj
 0001:000002b8       ??_C@_03FEJMGOGI@div?$AA@  00000001800012b8     bit64.obj
 0001:000002bc       ??_C@_03FFONCNID@mod?$AA@  00000001800012bc     bit64.obj
 0001:000002c0       ??_C@_02HIIGGHJB@eq?$AA@   00000001800012c0     bit64.obj
 0001:000002c4       ??_C@_02KCAKIFL@lt?$AA@    00000001800012c4     bit64.obj
 0001:000002c8       ??_C@_02FJPJILEL@le?$AA@   00000001800012c8     bit64.obj
 0001:000002cc       ??_C@_04GPMDFGEJ@type?$AA@ 00000001800012cc     bit64.obj
 0001:000002d4       ??_C@_05MEHDOBFN@__add?$AA@ 00000001800012d4     bit64.obj
 0001:000002dc       ??_C@_05HFNNBAII@__sub?$AA@ 00000001800012dc     bit64.obj
 0001:000002e4       ??_C@_05FLJIBNKK@__mul?$AA@ 00000001800012e4     bit64.obj
 0001:000002ec       ??_C@_05IDIBPCOP@__div?$AA@ 00000001800012ec     bit64.obj
 0001:000002f4       ??_C@_05ICPALBAE@__mod?$AA@ 00000001800012f4     bit64.obj
 0001:000002fc       ??_C@_05MHFNBPAK@__unm?$AA@ 00000001800012fc     bit64.obj
 0001:00000304       ??_C@_04GIMIAOHA@__eq?$AA@ 0000000180001304     bit64.obj
 0001:0000030c       ??_C@_04BKGOMBLK@__lt?$AA@ 000000018000130c     bit64.obj
 0001:00000314       ??_C@_04EJLHOCKK@__le?$AA@ 0000000180001314     bit64.obj
 0001:00000320       ??_C@_0L@HDFPAPPH@__tostring?$AA@ 0000000180001320     bit64.obj
 0001:00000330       ??_C@_09GPALILFO@bad?5int64?$AA@ 0000000180001330     bit64.obj
 0001:0000033c       ??_C@_05LLAMLEHD@?$CFI64d?$AA@ 000000018000133c     bit64.obj
 0001:00000344       ??_C@_05OALCLICP@bit64?$AA@ 0000000180001344     bit64.obj
 0001:00000350       __real@433fffffffffffff    0000000180001350     bit64.obj
 0001:00000360       __xmm@80000000000000008000000000000000 0000000180001360     bit64.obj
 0001:00000748       COLLECTOR_FD               0000000180001748     exported.obj
 0001:00000768       COLLECTOR_OPI              0000000180001768     exported.obj
 0001:00000788       COLLECTOR_PI               0000000180001788     exported.obj
 0001:000007b8       KEY_OBJECT                 00000001800017b8     exported.obj
 0001:00000bf0       ??_C@_05GFCDIDHO@debug?$AA@ 0000000180001bf0     exported.obj
 0001:00000bf8       ??_C@_09GPFEECNC@traceback?$AA@ 0000000180001bf8     exported.obj
 0001:00000c04       ??_C@_06NKNNMLDJ@export?$AA@ 0000000180001c04     exported.obj
 0001:00000c10       ??_C@_07PCNKBAGB@OnError?$AA@ 0000000180001c10     exported.obj
 0001:00000c18       ??_C@_0N@NJMIGDDL@CreationTime?$AA@ 0000000180001c18     exported.obj
 0001:00000c28       ??_C@_0P@MFHPCDDH@LastAccessTime?$AA@ 0000000180001c28     exported.obj
 0001:00000c38       ??_C@_0O@FCFNCAHK@LastWriteTime?$AA@ 0000000180001c38     exported.obj
 0001:00000c48       ??_C@_0L@FCILKIIG@ChangeTime?$AA@ 0000000180001c48     exported.obj
 0001:00000c58       ??_C@_08BHIEONMC@FileSize?$AA@ 0000000180001c58     exported.obj
 0001:00000c68       ??_C@_0P@JBACEJLL@AllocationSize?$AA@ 0000000180001c68     exported.obj
 0001:00000c78       ??_C@_05BOOEKJH@Flags?$AA@ 0000000180001c78     exported.obj
 0001:00000c80       ??_C@_0O@DLGJHFNH@NumberOfLinks?$AA@ 0000000180001c80     exported.obj
 0001:00000c90       ??_C@_05MHNOECFO@CRC32?$AA@ 0000000180001c90     exported.obj
 0001:00000c98       ??_C@_08FDCJCDOL@FileName?$AA@ 0000000180001c98     exported.obj
 0001:00000ca8       ??_C@_0BC@COCBGKAE@AlternateFileName?$AA@ 0000000180001ca8     exported.obj
 0001:00000cc0       ??_C@_0M@OHKMKKDH@Description?$AA@ 0000000180001cc0     exported.obj
 0001:00000ccc       ??_C@_05HDCNEILF@Owner?$AA@ 0000000180001ccc     exported.obj
 0001:00000cd8       ??_C@_0BB@OKGMKOG@CustomColumnData?$AA@ 0000000180001cd8     exported.obj
 0001:00000cec       ??_C@_11LOCGONAA@?$AA?$AA@ 0000000180001cec     exported.obj
 0001:00000cf0       ??_C@_08JNHPECBG@UserData?$AA@ 0000000180001cf0     exported.obj
 0001:00000d00       ??_C@_0M@DFMHDHBL@GetFindData?$AA@ 0000000180001d00     exported.obj
 0001:00000d10       ??_C@_08CJLOJPNI@selected?$AA@ 0000000180001d10     exported.obj
 0001:00000d20       ??_C@_08FFPEEIHA@GetFiles?$AA@ 0000000180001d20     exported.obj
 0001:00000d30       ??_C@_0BC@IECOKJFL@GetFiles?4DestPath?$AA@ 0000000180001d30     exported.obj
 0001:00000d44       ??_C@_05LFOKGKBN@?$DMboot?$AA@ 0000000180001d44     exported.obj
 0001:00000d4c       ??_C@_15CBMDENPJ@?$AA?4?$AA?9?$AA?$AA@ 0000000180001d4c     exported.obj
 0001:00000d58       ??_C@_07KNEGBPNO@package?$AA@ 0000000180001d58     exported.obj
 0001:00000d60       ??_C@_07GCEAJMEA@preload?$AA@ 0000000180001d60     exported.obj
 0001:00000d68       ??_C@_19BCNABNAK@?$AA?4?$AAl?$AAu?$AAa?$AA?$AA@ 0000000180001d68     exported.obj
 0001:00000d74       ??_C@_13BPINEIPE@?$AAr?$AA?$AA@ 0000000180001d74     exported.obj
 0001:00000d78       ??_C@_1DC@PABHCCON@?$AAD?$AAe?$AAf?$AAa?$AAu?$AAl?$AAt?$AA?5?$AAs?$AAc?$AAr?$AAi?$AAp?$AAt?$AA?5?$AAn?$AAo?$AAt?$AA?5?$AAf?$AAo?$AAu?$AAn?$AAd?$AA?$AA@ 0000000180001d78     exported.obj
 0001:00000dac       ??_C@_03JEOKDCFP@far?$AA@  0000000180001dac     exported.obj
 0001:00000db0       ??_C@_0BE@HCPAIELH@ReloadDefaultScript?$AA@ 0000000180001db0     exported.obj
 0001:00000dc8       ??_C@_0L@OCPPMCCK@StructSize?$AA@ 0000000180001dc8     exported.obj
 0001:00000dd4       ??_C@_06LBMCOACO@Buffer?$AA@ 0000000180001dd4     exported.obj
 0001:00000ddc       ??_C@_06EPIAKPGD@OpMode?$AA@ 0000000180001ddc     exported.obj
 0001:00000de8       ??_C@_07GDADDFBD@Analyse?$AA@ 0000000180001de8     exported.obj
 0001:00000df0       ??_C@_0BB@CKIGBGLB@GetOpenPanelInfo?$AA@ 0000000180001df0     exported.obj
 0001:00000e04       ??_C@_05ELNJBDOO@reuse?$AA@ 0000000180001e04     exported.obj
 0001:00000e10       ??_C@_1EO@OOOCECGK@?$AAG?$AAe?$AAt?$AAO?$AAp?$AAe?$AAn?$AAP?$AAa?$AAn?$AAe?$AAl?$AAI?$AAn?$AAf?$AAo?$AA?5?$AAs?$AAh?$AAo?$AAu?$AAl?$AAd?$AA?5?$AAr?$AAe?$AAt?$AAu?$AAr?$AAn?$AA?5?$AAa@ 0000000180001e10     exported.obj
 0001:00000e60       ??_C@_08KDMNIFGM@FreeSize?$AA@ 0000000180001e60     exported.obj
 0001:00000e70       ??_C@_08PAJOMFPO@HostFile?$AA@ 0000000180001e70     exported.obj
 0001:00000e7c       ??_C@_06IBPEEEAJ@CurDir?$AA@ 0000000180001e7c     exported.obj
 0001:00000e84       ??_C@_06PEPCFMNJ@Format?$AA@ 0000000180001e84     exported.obj
 0001:00000e90       ??_C@_0L@CMHIOLLB@PanelTitle?$AA@ 0000000180001e90     exported.obj
 0001:00000ea0       ??_C@_09PMEOAIAA@InfoLines?$AA@ 0000000180001ea0     exported.obj
 0001:00000eb0       ??_C@_0BA@BLCGOCOG@InfoLinesNumber?$AA@ 0000000180001eb0     exported.obj
 0001:00000ec0       ??_C@_04OJAHODMC@Text?$AA@ 0000000180001ec0     exported.obj
 0001:00000ec8       ??_C@_04DICKPMGH@Data?$AA@ 0000000180001ec8     exported.obj
 0001:00000ed0       ??_C@_0L@FPEHOFAI@DescrFiles?$AA@ 0000000180001ed0     exported.obj
 0001:00000ee0       ??_C@_0BA@BBOGKOKF@PanelModesArray?$AA@ 0000000180001ee0     exported.obj
 0001:00000ef0       ??_C@_0BB@LFNABPEF@PanelModesNumber?$AA@ 0000000180001ef0     exported.obj
 0001:00000f08       ??_C@_0M@KDJPJFOF@ColumnTypes?$AA@ 0000000180001f08     exported.obj
 0001:00000f18       ??_C@_0N@ILFJPGHI@ColumnWidths?$AA@ 0000000180001f18     exported.obj
 0001:00000f28       ??_C@_0BC@KELOOKNK@StatusColumnTypes?$AA@ 0000000180001f28     exported.obj
 0001:00000f40       ??_C@_0BD@DNDIPKDK@StatusColumnWidths?$AA@ 0000000180001f40     exported.obj
 0001:00000f58       ??_C@_0N@EHCEJHEE@ColumnTitles?$AA@ 0000000180001f58     exported.obj
 0001:00000f68       ??_C@_0P@BEEDPJDK@StartPanelMode?$AA@ 0000000180001f68     exported.obj
 0001:00000f78       ??_C@_0O@NIFKFGBJ@StartSortMode?$AA@ 0000000180001f78     exported.obj
 0001:00000f88       ??_C@_0P@KMACBLNK@StartSortOrder?$AA@ 0000000180001f88     exported.obj
 0001:00000f98       ??_C@_06ONGFDHIA@KeyBar?$AA@ 0000000180001f98     exported.obj
 0001:00000fa0       ??_C@_0P@PKDBPEJI@VirtualKeyCode?$AA@ 0000000180001fa0     exported.obj
 0001:00000fb0       ??_C@_0BA@MFFHAKP@ControlKeyState?$AA@ 0000000180001fb0     exported.obj
 0001:00000fc0       ??_C@_08DGDJEKCP@LongText?$AA@ 0000000180001fc0     exported.obj
 0001:00000fd0       ??_C@_0N@IHDKLODA@ShortcutData?$AA@ 0000000180001fd0     exported.obj
 0001:00000fe0       ??_C@_05HIFJDKLD@array?$AA@ 0000000180001fe0     exported.obj
 0001:00000fe8       ??_C@_01EFFIKLCJ@n?$AA@    0000000180001fe8     exported.obj
 0001:00000fea       ??_C@_00CNPNBAHC@?$AA@     0000000180001fea     exported.obj
 0001:00000fec       ??_C@_04DNCDCIAE@Open?$AA@ 0000000180001fec     exported.obj
 0001:00000ff4       ??_C@_04OPJIDECA@hDlg?$AA@ 0000000180001ff4     exported.obj
 0001:00000ffc       ??_C@_06BNNOMDLO@Handle?$AA@ 0000000180001ffc     exported.obj
 0001:00001004       ??_C@_05LNOAKADA@panel?$AA@ 0000000180002004     exported.obj
 0001:00001010       ??_C@_0L@JMPDJFBN@ClosePanel?$AA@ 0000000180002010     exported.obj
 0001:00001020       ??_C@_07MBOMJGGF@Compare?$AA@ 0000000180002020     exported.obj
 0001:00001028       ??_C@_09NANCCILE@Configure?$AA@ 0000000180002028     exported.obj
 0001:00001038       ??_C@_0M@MMKKMEFA@DeleteFiles?$AA@ 0000000180002038     exported.obj
 0001:00001048       ??_C@_0O@GLLEDHJA@MakeDirectory?$AA@ 0000000180002048     exported.obj
 0001:00001058       ??_C@_0BD@PJNONGDB@MakeDirectory?4Name?$AA@ 0000000180002058     exported.obj
 0001:00001070       ??_C@_0BC@COPMJGBI@ProcessPanelEvent?$AA@ 0000000180002070     exported.obj
 0001:00001088       ??_C@_0BA@DPJAKFGC@ProcessHostFile?$AA@ 0000000180002088     exported.obj
 0001:00001098       ??_C@_0BC@HOBKGBBM@ProcessPanelInput?$AA@ 0000000180002098     exported.obj
 0001:000010b0       ??_C@_08OBOOFGOD@PutFiles?$AA@ 00000001800020b0     exported.obj
 0001:000010c0       ??_C@_0N@KCFEBPAO@SetDirectory?$AA@ 00000001800020c0     exported.obj
 0001:000010d0       ??_C@_0M@PNOHHCCH@SetFindList?$AA@ 00000001800020d0     exported.obj
 0001:000010e0       ??_C@_07EACELFAO@ExitFAR?$AA@ 00000001800020e0     exported.obj
 0001:000010e8       ??_C@_0O@OBCKADMD@GetPluginInfo?$AA@ 00000001800020e8     exported.obj
 0001:000010f8       ??_C@_0O@GDMHGAFH@CommandPrefix?$AA@ 00000001800020f8     exported.obj
 0001:00001108       ??_C@_0O@PHBKMNMJ@DiskMenuGuids?$AA@ 0000000180002108     exported.obj
 0001:00001118       ??_C@_0BA@NLBDFPEO@DiskMenuStrings?$AA@ 0000000180002118     exported.obj
 0001:00001128       ??_C@_0BA@FOMPNLJF@PluginMenuGuids?$AA@ 0000000180002128     exported.obj
 0001:00001138       ??_C@_0BC@DJMJFBJC@PluginMenuStrings?$AA@ 0000000180002138     exported.obj
 0001:00001150       ??_C@_0BC@ILBHAHCH@PluginConfigGuids?$AA@ 0000000180002150     exported.obj
 0001:00001168       ??_C@_0BE@GAFPNGIP@PluginConfigStrings?$AA@ 0000000180002168     exported.obj
 0001:00001180       ??_C@_0BD@DECJPBBK@ProcessEditorInput?$AA@ 0000000180002180     exported.obj
 0001:00001198       ??_C@_0BD@GEMPAGBO@ProcessEditorEvent?$AA@ 0000000180002198     exported.obj
 0001:000011ac       ??_C@_04KOACHJEN@Type?$AA@ 00000001800021ac     exported.obj
 0001:000011b8       ??_C@_0N@EKPHGDMI@StringNumber?$AA@ 00000001800021b8     exported.obj
 0001:000011c8       ??_C@_07MOCFLHCN@FileEOL?$AA@ 00000001800021c8     exported.obj
 0001:000011d0       ??_C@_08DOHJINHB@CodePage?$AA@ 00000001800021d0     exported.obj
 0001:000011e0       ??_C@_0BD@GGKMLEJG@ProcessViewerEvent?$AA@ 00000001800021e0     exported.obj
 0001:000011f8       ??_C@_0BD@FNHBEIC@ProcessDialogEvent?$AA@ 00000001800021f8     exported.obj
 0001:0000120c       ??_C@_06CPBJDKAC@Param2?$AA@ 000000018000220c     exported.obj
 0001:00001214       ??_C@_06EDEGJMB@Param1?$AA@ 0000000180002214     exported.obj
 0001:0000121c       ??_C@_03MLMOILGK@Msg?$AA@  000000018000221c     exported.obj
 0001:00001220       ??_C@_0BE@LHJGGGHN@ProcessSynchroEvent?$AA@ 0000000180002220     exported.obj
 0001:00001238       ??_C@_0BB@PHIEFGHD@GetContentFields?$AA@ 0000000180002238     exported.obj
 0001:00001250       ??_C@_0P@DPJDPMPI@GetContentData?$AA@ 0000000180002250     exported.obj
 0001:00001260       ??_C@_0N@DDJEHLKE@?$DM_globalinfo?$AA@ 0000000180002260     exported.obj
 0001:00001270       ??_C@_1CA@IBKDMBNJ@?$AA_?$AAg?$AAl?$AAo?$AAb?$AAa?$AAl?$AAi?$AAn?$AAf?$AAo?$AA?4?$AAl?$AAu?$AAa?$AA?$AA@ 0000000180002270     exported.obj
 0001:00001290       ??_C@_0O@GJMOPLGM@GetGlobalInfo?$AA@ 0000000180002290     exported.obj
 0001:000012a0       ??_C@_0O@CALOEOI@MinFarVersion?$AA@ 00000001800022a0     exported.obj
 0001:000012b0       ??_C@_07NGFJPNPN@Version?$AA@ 00000001800022b0     exported.obj
 0001:000012b8       ??_C@_04MJHIICBJ@Guid?$AA@ 00000001800022b8     exported.obj
 0001:000012c0       ??_C@_05PABKJLOM@Title?$AA@ 00000001800022c0     exported.obj
 0001:000012c8       ??_C@_06HHECMMLE@Author?$AA@ 00000001800022c8     exported.obj
 0001:000012d0       ??_C@_0BE@DONMOPMJ@ProcessConsoleInput?$AA@ 00000001800022d0     exported.obj
 0001:000012e8       __real@43e0000000000000    00000001800022e8     exported.obj
 0001:000012f0       __real@bff0000000000000    00000001800022f0     exported.obj
 0001:000012f8       ??_C@_0M@LEBKLGKD@OPEN_DIALOG?$AA@ 00000001800022f8     flags.obj
 0001:00001308       ??_C@_0N@CBHPGAKB@OPEN_ANALYSE?$AA@ 0000000180002308     flags.obj
 0001:00001318       ??_C@_0BD@NFNGGFHI@OPEN_RIGHTDISKMENU?$AA@ 0000000180002318     flags.obj
 0001:00001330       ??_C@_0P@FOKOAMLC@OPEN_FROMMACRO?$AA@ 0000000180002330     flags.obj
 0001:00001340       ??_C@_0O@NEDDJIHC@OPEN_LUAMACRO?$AA@ 0000000180002340     flags.obj
 0001:00001350       ??_C@_0P@GBMLNMMI@MCT_MACROPARSE?$AA@ 0000000180002350     flags.obj
 0001:00001360       ??_C@_0P@GNPFPCF@MCT_LOADMACROS?$AA@ 0000000180002360     flags.obj
 0001:00001370       ??_C@_0P@HMDDACMI@MCT_ENUMMACROS?$AA@ 0000000180002370     flags.obj
 0001:00001380       ??_C@_0BA@MOCJHMJK@MCT_WRITEMACROS?$AA@ 0000000180002380     flags.obj
 0001:00001390       ??_C@_0N@IGJGAHKE@MCT_GETMACRO?$AA@ 0000000180002390     flags.obj
 0001:000013a0       ??_C@_0BC@NFGGBILF@MCT_RECORDEDMACRO?$AA@ 00000001800023a0     flags.obj
 0001:000013b8       ??_C@_0N@OLCKOJMI@MCT_DELMACRO?$AA@ 00000001800023b8     flags.obj
 0001:000013c8       ??_C@_0BC@NALHIHJ@MCT_RUNSTARTMACRO?$AA@ 00000001800023c8     flags.obj
 0001:000013e0       ??_C@_0P@HOMHAEFB@MCT_EXECSTRING?$AA@ 00000001800023e0     flags.obj
 0001:000013f0       ??_C@_0O@CDBDPKIC@MCT_PANELSORT?$AA@ 00000001800023f0     flags.obj
 0001:00001400       ??_C@_0BH@PKKJIOHM@MCT_GETCUSTOMSORTMODES?$AA@ 0000000180002400     flags.obj
 0001:00001418       ??_C@_0N@FOPIOCHO@MCT_ADDMACRO?$AA@ 0000000180002418     flags.obj
 0001:00001428       ??_C@_0N@BHFJFHA@MCT_KEYMACRO?$AA@ 0000000180002428     flags.obj
 0001:00001438       ??_C@_0BC@IOECJI@MPRT_NORMALFINISH?$AA@ 0000000180002438     flags.obj
 0001:00001450       ??_C@_0BB@PMCBIGCA@MPRT_ERRORFINISH?$AA@ 0000000180002450     flags.obj
 0001:00001468       ??_C@_0BA@BCBAEEOI@MPRT_ERRORPARSE?$AA@ 0000000180002468     flags.obj
 0001:00001478       ??_C@_09EJDAADCN@MPRT_KEYS?$AA@ 0000000180002478     flags.obj
 0001:00001488       ??_C@_0L@GEHHCKFA@MPRT_PRINT?$AA@ 0000000180002488     flags.obj
 0001:00001498       ??_C@_0BA@OBIDLEIM@MPRT_PLUGINCALL?$AA@ 0000000180002498     flags.obj
 0001:000014a8       ??_C@_0BA@EJFFOAMM@MPRT_PLUGINMENU?$AA@ 00000001800024a8     flags.obj
 0001:000014b8       ??_C@_0BC@LEDOPMKI@MPRT_PLUGINCONFIG?$AA@ 00000001800024b8     flags.obj
 0001:000014d0       ??_C@_0BD@HHINMPPI@MPRT_PLUGINCOMMAND?$AA@ 00000001800024d0     flags.obj
 0001:00001820       Vals                       0000000180002820     flags.obj
 0001:000032a8       ??_C@_0O@IEMNLPAB@MPRT_USERMENU?$AA@ 00000001800042a8     flags.obj
 0001:000032b8       ??_C@_0BA@GEAFHJNF@MPRT_HASNOMACRO?$AA@ 00000001800042b8     flags.obj
 0001:000032c8       ??_C@_0BC@PNCKAHJO@FE_CHANGEVIEWMODE?$AA@ 00000001800042c8     flags.obj
 0001:000032e0       ??_C@_09DENIDBMJ@FE_REDRAW?$AA@ 00000001800042e0     flags.obj
 0001:000032f0       ??_C@_07CLNPDBLG@FE_IDLE?$AA@ 00000001800042f0     flags.obj
 0001:000032f8       ??_C@_08DENCGKED@FE_CLOSE?$AA@ 00000001800042f8     flags.obj
 0001:00003308       ??_C@_08MOMCCKPB@FE_BREAK?$AA@ 0000000180004308     flags.obj
 0001:00003318       ??_C@_0L@LELAIPLL@FE_COMMAND?$AA@ 0000000180004318     flags.obj
 0001:00003328       ??_C@_0M@FIECADDF@FE_GOTFOCUS?$AA@ 0000000180004328     flags.obj
 0001:00003338       ??_C@_0N@DGHFKMFL@FE_KILLFOCUS?$AA@ 0000000180004338     flags.obj
 0001:00003348       ??_C@_0BE@PONEECEM@FE_CHANGESORTPARAMS?$AA@ 0000000180004348     flags.obj
 0001:00003360       ??_C@_0M@HNDHDHHO@FCF_FG_4BIT?$AA@ 0000000180004360     flags.obj
 0001:00003370       ??_C@_0M@PJHNDJIE@FCF_BG_4BIT?$AA@ 0000000180004370     flags.obj
 0001:00003380       ??_C@_0N@HMKJBHOA@FCF_4BITMASK?$AA@ 0000000180004380     flags.obj
 0001:00003390       ??_C@_0BB@PJFLJJLD@FCF_RAWATTR_MASK?$AA@ 0000000180004390     flags.obj
 0001:000033a8       ??_C@_0BC@NKBLNNIA@FCF_EXTENDEDFLAGS?$AA@ 00000001800043a8     flags.obj
 0001:000033c0       ??_C@_0M@LFMGCKHG@FCF_FG_BOLD?$AA@ 00000001800043c0     flags.obj
 0001:000033d0       ??_C@_0O@FAPDECBF@FCF_FG_ITALIC?$AA@ 00000001800043d0     flags.obj
 0001:000033e0       ??_C@_0BB@NPEFGEGA@FCF_FG_UNDERLINE?$AA@ 00000001800043e0     flags.obj
 0001:000033f8       ??_C@_0O@LGBGBIGB@FCF_STYLEMASK?$AA@ 00000001800043f8     flags.obj
 0001:00003408       ??_C@_08BKNBBLHK@FCF_NONE?$AA@ 0000000180004408     flags.obj
 0001:00003418       ??_C@_08FKIDFHCM@CDF_NONE?$AA@ 0000000180004418     flags.obj
 0001:00003428       ??_C@_0N@ELMEMNDH@FMSG_WARNING?$AA@ 0000000180004428     flags.obj
 0001:00003438       ??_C@_0P@HHIGLJAP@FMSG_ERRORTYPE?$AA@ 0000000180004438     flags.obj
 0001:00003448       ??_C@_0BE@FHOOILPH@FMSG_KEEPBACKGROUND?$AA@ 0000000180004448     flags.obj
 0001:00003460       ??_C@_0P@KBEMNNEP@FMSG_LEFTALIGN?$AA@ 0000000180004460     flags.obj
 0001:00003470       ??_C@_0O@FOIOKDHJ@FMSG_ALLINONE?$AA@ 0000000180004470     flags.obj
 0001:00003480       ??_C@_0L@BGALGPOK@FMSG_MB_OK?$AA@ 0000000180004480     flags.obj
 0001:00003490       ??_C@_0BB@JGAPGIEP@FMSG_MB_OKCANCEL?$AA@ 0000000180004490     flags.obj
 0001:000034a8       ??_C@_0BJ@BKJADAHA@FMSG_MB_ABORTRETRYIGNORE?$AA@ 00000001800044a8     flags.obj
 0001:000034c8       ??_C@_0O@GPCAPHCL@FMSG_MB_YESNO?$AA@ 00000001800044c8     flags.obj
 0001:000034d8       ??_C@_0BE@IBNOLCGP@FMSG_MB_YESNOCANCEL?$AA@ 00000001800044d8     flags.obj
 0001:000034f0       ??_C@_0BE@OCLAIENB@FMSG_MB_RETRYCANCEL?$AA@ 00000001800044f0     flags.obj
 0001:00003508       ??_C@_09NEGPLEAH@FMSG_NONE?$AA@ 0000000180004508     flags.obj
 0001:00003518       ??_C@_0N@DHJCDIKM@DIF_BOXCOLOR?$AA@ 0000000180004518     flags.obj
 0001:00003528       ??_C@_09IAEPIICA@DIF_GROUP?$AA@ 0000000180004528     flags.obj
 0001:00003538       ??_C@_0N@GCKJNBCM@DIF_LEFTTEXT?$AA@ 0000000180004538     flags.obj
 0001:00003548       ??_C@_0P@BGPBEDHH@DIF_MOVESELECT?$AA@ 0000000180004548     flags.obj
 0001:00003558       ??_C@_0BC@PDKFKKEI@DIF_SHOWAMPERSAND?$AA@ 0000000180004558     flags.obj
 0001:00003570       ??_C@_0BA@BLCOKAAO@DIF_CENTERGROUP?$AA@ 0000000180004570     flags.obj
 0001:00003580       ??_C@_0P@MKFBJPOB@DIF_NOBRACKETS?$AA@ 0000000180004580     flags.obj
 0001:00003590       ??_C@_0BF@JBCDBJCL@DIF_MANUALADDHISTORY?$AA@ 0000000180004590     flags.obj
 0001:000035a8       ??_C@_0O@JKNMBNLA@DIF_SEPARATOR?$AA@ 00000001800045a8     flags.obj
 0001:000035b8       ??_C@_0P@CGILDLOA@DIF_SEPARATOR2?$AA@ 00000001800045b8     flags.obj
 0001:000035c8       ??_C@_0L@NBPFNGLB@DIF_EDITOR?$AA@ 00000001800045c8     flags.obj
 0001:000035d8       ??_C@_0BE@PFICAGJF@DIF_LISTNOAMPERSAND?$AA@ 00000001800045d8     flags.obj
 0001:000035f0       ??_C@_0O@FFJNBMAD@DIF_LISTNOBOX?$AA@ 00000001800045f0     flags.obj
 0001:00003600       ??_C@_0M@IPFBMFDN@DIF_HISTORY?$AA@ 0000000180004600     flags.obj
 0001:00003610       ??_C@_0P@EGFAEEDC@DIF_BTNNOCLOSE?$AA@ 0000000180004610     flags.obj
 0001:00003620       ??_C@_0P@KOJCCCGB@DIF_CENTERTEXT?$AA@ 0000000180004620     flags.obj
 0001:00003630       ??_C@_0BC@ODEMBOPK@DIF_SEPARATORUSER?$AA@ 0000000180004630     flags.obj
 0001:00003648       ??_C@_0O@IKJBMPOF@DIF_SETSHIELD?$AA@ 0000000180004648     flags.obj
 0001:00003658       ??_C@_0P@EEJEDBLH@DIF_EDITEXPAND?$AA@ 0000000180004658     flags.obj
 0001:00003668       ??_C@_0BB@EIMEKEFP@DIF_DROPDOWNLIST?$AA@ 0000000180004668     flags.obj
 0001:00003680       ??_C@_0BD@MNGIOLFF@DIF_USELASTHISTORY?$AA@ 0000000180004680     flags.obj
 0001:00003698       ??_C@_0N@MOCGNIKC@DIF_MASKEDIT?$AA@ 0000000180004698     flags.obj
 0001:000036a8       ??_C@_0BD@LPDHCLJI@DIF_LISTTRACKMOUSE?$AA@ 00000001800046a8     flags.obj
 0001:000036c0       ??_C@_0BK@LEFIBDOA@DIF_LISTTRACKMOUSEINFOCUS?$AA@ 00000001800046c0     flags.obj
 0001:000036e0       ??_C@_0BC@JNLDMGBD@DIF_SELECTONENTRY?$AA@ 00000001800046e0     flags.obj
 0001:000036f8       ??_C@_0L@KKNJDNBK@DIF_3STATE?$AA@ 00000001800046f8     flags.obj
 0001:00003708       ??_C@_0N@GBGHICKO@DIF_EDITPATH?$AA@ 0000000180004708     flags.obj
 0001:00003718       ??_C@_0BB@NPNALIGO@DIF_LISTWRAPMODE?$AA@ 0000000180004718     flags.obj
 0001:00003730       ??_C@_0BD@MFOKKGGF@DIF_NOAUTOCOMPLETE?$AA@ 0000000180004730     flags.obj
 0001:00003748       ??_C@_0BG@MONEJILE@DIF_LISTAUTOHIGHLIGHT?$AA@ 0000000180004748     flags.obj
 0001:00003760       ??_C@_0BA@JNOKLHOL@DIF_LISTNOCLOSE?$AA@ 0000000180004760     flags.obj
 0001:00003770       ??_C@_0BB@GMKDKOOP@DIF_EDITPATHEXEC?$AA@ 0000000180004770     flags.obj
 0001:00003788       ??_C@_0L@EPNFOPAK@DIF_HIDDEN?$AA@ 0000000180004788     flags.obj
 0001:00003798       ??_C@_0N@KOGKCAKJ@DIF_READONLY?$AA@ 0000000180004798     flags.obj
 0001:000037a8       ??_C@_0M@NLLDINIM@DIF_NOFOCUS?$AA@ 00000001800047a8     flags.obj
 0001:000037b8       ??_C@_0M@HCFLMDHK@DIF_DISABLE?$AA@ 00000001800047b8     flags.obj
 0001:000037c8       ??_C@_0BC@CHAAKEJO@DIF_DEFAULTBUTTON?$AA@ 00000001800047c8     flags.obj
 0001:000037e0       ??_C@_09LCJIOEMN@DIF_FOCUS?$AA@ 00000001800047e0     flags.obj
 0001:000037f0       ??_C@_0O@KJADCBBN@DIF_RIGHTTEXT?$AA@ 00000001800047f0     flags.obj
 0001:00003800       ??_C@_0N@LAEOODAD@DIF_WORDWRAP?$AA@ 0000000180004800     flags.obj
 0001:00003810       ??_C@_08KFOHCPDE@DIF_NONE?$AA@ 0000000180004810     flags.obj
 0001:00003820       ??_C@_0N@EDHAFIIL@LIF_SELECTED?$AA@ 0000000180004820     flags.obj
 0001:00003830       ??_C@_0M@BMGIEAIL@LIF_CHECKED?$AA@ 0000000180004830     flags.obj
 0001:00003840       ??_C@_0O@KJIFADIG@LIF_SEPARATOR?$AA@ 0000000180004840     flags.obj
 0001:00003850       ??_C@_0M@HEFHLFIE@LIF_DISABLE?$AA@ 0000000180004850     flags.obj
 0001:00003860       ??_C@_0L@PKDDGEEG@LIF_GRAYED?$AA@ 0000000180004860     flags.obj
 0001:00003870       ??_C@_0L@PFBGAOEP@LIF_HIDDEN?$AA@ 0000000180004870     flags.obj
 0001:00003880       ??_C@_0BD@HEPCOIEH@LIF_DELETEUSERDATA?$AA@ 0000000180004880     flags.obj
 0001:00003898       ??_C@_08BODPINCM@LIF_NONE?$AA@ 0000000180004898     flags.obj
 0001:000038a8       ??_C@_0BC@BGAENNBJ@LIFIND_EXACTMATCH?$AA@ 00000001800048a8     flags.obj
 0001:000038c0       ??_C@_0M@FPOGKIGO@LIFIND_NONE?$AA@ 00000001800048c0     flags.obj
 0001:000038d0       ??_C@_0BA@OOIEKCFB@LINFO_SHOWNOBOX?$AA@ 00000001800048d0     flags.obj
 0001:000038e0       ??_C@_0BE@DECCEGNO@LINFO_AUTOHIGHLIGHT?$AA@ 00000001800048e0     flags.obj
 0001:000038f8       ??_C@_0BH@BADLEILJ@LINFO_REVERSEHIGHLIGHT?$AA@ 00000001800048f8     flags.obj
 0001:00003910       ??_C@_0P@KLBMHNCG@LINFO_WRAPMODE?$AA@ 0000000180004910     flags.obj
 0001:00003920       ??_C@_0BE@OHJCOKAE@LINFO_SHOWAMPERSAND?$AA@ 0000000180004920     flags.obj
 0001:00003938       ??_C@_0L@EPACPANF@LINFO_NONE?$AA@ 0000000180004938     flags.obj
 0001:00003948       ??_C@_0N@OLGDMHKL@FDLG_WARNING?$AA@ 0000000180004948     flags.obj
 0001:00003958       ??_C@_0BB@DKMEBDJJ@FDLG_SMALLDIALOG?$AA@ 0000000180004958     flags.obj
 0001:00003970       ??_C@_0BC@ONGLDAJN@FDLG_NODRAWSHADOW?$AA@ 0000000180004970     flags.obj
 0001:00003988       ??_C@_0BB@NPLEEAKK@FDLG_NODRAWPANEL?$AA@ 0000000180004988     flags.obj
 0001:000039a0       ??_C@_0BG@GHNOOENB@FDLG_KEEPCONSOLETITLE?$AA@ 00000001800049a0     flags.obj
 0001:000039b8       ??_C@_09NNFHCBNL@FDLG_NONE?$AA@ 00000001800049b8     flags.obj
 0001:000039c8       ??_C@_0N@JOOGIBAO@MIF_SELECTED?$AA@ 00000001800049c8     flags.obj
 0001:000039d8       ??_C@_0M@IHMNAMOE@MIF_CHECKED?$AA@ 00000001800049d8     flags.obj
 0001:000039e8       ??_C@_0O@DEIKOCPA@MIF_SEPARATOR?$AA@ 00000001800049e8     flags.obj
 0001:000039f8       ??_C@_0M@OPPCPJOL@MIF_DISABLE?$AA@ 00000001800049f8     flags.obj
 0001:00003a08       ??_C@_0L@DLLNLLIG@MIF_GRAYED?$AA@ 0000000180004a08     flags.obj
 0001:00003a18       ??_C@_0L@DEJINBIP@MIF_HIDDEN?$AA@ 0000000180004a18     flags.obj
 0001:00003a28       ??_C@_08JEEJJGP@MIF_NONE?$AA@ 0000000180004a28     flags.obj
 0001:00003a38       ??_C@_0BE@FALMPPJK@FMENU_SHOWAMPERSAND?$AA@ 0000000180004a38     flags.obj
 0001:00003a50       ??_C@_0P@HICDNKDJ@FMENU_WRAPMODE?$AA@ 0000000180004a50     flags.obj
 0001:00003a60       ??_C@_0BE@IDAMFDEA@FMENU_AUTOHIGHLIGHT?$AA@ 0000000180004a60     flags.obj
 0001:00003a78       ??_C@_0BL@OKAIKPMN@FMENU_REVERSEAUTOHIGHLIGHT?$AA@ 0000000180004a78     flags.obj
 0001:00003a98       ??_C@_0BJ@FCEONOJC@FMENU_CHANGECONSOLETITLE?$AA@ 0000000180004a98     flags.obj
 0001:00003ab8       ??_C@_0L@DGFIEOMD@FMENU_NONE?$AA@ 0000000180004ab8     flags.obj
 0001:00003ac8       ??_C@_0O@JEAJLDHC@PPIF_SELECTED?$AA@ 0000000180004ac8     flags.obj
 0001:00003ad8       ??_C@_0BC@LPBDBIOM@PPIF_PROCESSDESCR?$AA@ 0000000180004ad8     flags.obj
 0001:00003af0       ??_C@_09OIFMMGNJ@PPIF_NONE?$AA@ 0000000180004af0     flags.obj
 0001:00003b00       ??_C@_0BC@BONLDOOD@PFLAGS_SHOWHIDDEN?$AA@ 0000000180004b00     flags.obj
 0001:00003b18       ??_C@_0BB@BCAJEJEH@PFLAGS_HIGHLIGHT?$AA@ 0000000180004b18     flags.obj
 0001:00003b30       ??_C@_0BI@BFAFODJ@PFLAGS_REVERSESORTORDER?$AA@ 0000000180004b30     flags.obj
 0001:00003b48       ??_C@_0BF@KJNCJPKN@PFLAGS_USESORTGROUPS?$AA@ 0000000180004b48     flags.obj
 0001:00003b60       ??_C@_0BF@LBBAIOCD@PFLAGS_SELECTEDFIRST?$AA@ 0000000180004b60     flags.obj
 0001:00003b78       ??_C@_0BB@KDANIJNM@PFLAGS_REALNAMES?$AA@ 0000000180004b78     flags.obj
 0001:00003b90       ??_C@_0BD@MOODMDAB@PFLAGS_NUMERICSORT?$AA@ 0000000180004b90     flags.obj
 0001:00003ba8       ??_C@_0BB@ILEHDKFJ@PFLAGS_PANELLEFT?$AA@ 0000000180004ba8     flags.obj
 0001:00003bc0       ??_C@_0BI@EHHAJLOH@PFLAGS_DIRECTORIESFIRST?$AA@ 0000000180004bc0     flags.obj
 0001:00003bd8       ??_C@_0BA@KJEPHDOM@PFLAGS_USECRC32?$AA@ 0000000180004bd8     flags.obj
 0001:00003be8       ??_C@_0BJ@HJFOABKG@PFLAGS_CASESENSITIVESORT?$AA@ 0000000180004be8     flags.obj
 0001:00003c08       ??_C@_0O@DBPJGING@PFLAGS_PLUGIN?$AA@ 0000000180004c08     flags.obj
 0001:00003c18       ??_C@_0P@MLDEBNPK@PFLAGS_VISIBLE?$AA@ 0000000180004c18     flags.obj
 0001:00003c28       ??_C@_0N@EOFAELOJ@PFLAGS_FOCUS?$AA@ 0000000180004c28     flags.obj
 0001:00003c38       ??_C@_0BI@EOCCAHFA@PFLAGS_ALTERNATIVENAMES?$AA@ 0000000180004c38     flags.obj
 0001:00003c50       ??_C@_0BA@GHMDCHHI@PFLAGS_SHORTCUT?$AA@ 0000000180004c50     flags.obj
 0001:00003c60       ??_C@_0M@NEMAHHGP@PFLAGS_NONE?$AA@ 0000000180004c60     flags.obj
 0001:00003c70       ??_C@_0M@IDNADAFL@VF_NONMODAL?$AA@ 0000000180004c70     flags.obj
 0001:00003c80       ??_C@_0BB@OCDDPIKL@VF_DELETEONCLOSE?$AA@ 0000000180004c80     flags.obj
 0001:00003c98       ??_C@_0N@LDHALKKM@VF_ENABLE_F6?$AA@ 0000000180004c98     flags.obj
 0001:00003ca8       ??_C@_0BC@DLGKMECC@VF_DISABLEHISTORY?$AA@ 0000000180004ca8     flags.obj
 0001:00003cc0       ??_C@_0BD@DHJCMLFI@VF_IMMEDIATERETURN?$AA@ 0000000180004cc0     flags.obj
 0001:00003cd8       ??_C@_0BJ@OGNFHEJG@VF_DELETEONLYFILEONCLOSE?$AA@ 0000000180004cd8     flags.obj
 0001:00003cf8       ??_C@_07CJJFHP@VF_NONE?$AA@ 0000000180004cf8     flags.obj
 0001:00003d00       ??_C@_0M@PIFGAPFH@EF_NONMODAL?$AA@ 0000000180004d00     flags.obj
 0001:00003d10       ??_C@_0N@DBHFPBEO@EF_CREATENEW?$AA@ 0000000180004d10     flags.obj
 0001:00003d20       ??_C@_0N@LKLNHALI@EF_ENABLE_F6?$AA@ 0000000180004d20     flags.obj
 0001:00003d30       ??_C@_0BC@PPEPEFFI@EF_DISABLEHISTORY?$AA@ 0000000180004d30     flags.obj
 0001:00003d48       ??_C@_0BB@KGPIDKFC@EF_DELETEONCLOSE?$AA@ 0000000180004d48     flags.obj
 0001:00003d60       ??_C@_0BD@IHIGHGPL@EF_IMMEDIATERETURN?$AA@ 0000000180004d60     flags.obj
 0001:00003d78       ??_C@_0BJ@ILCPOFKL@EF_DELETEONLYFILEONCLOSE?$AA@ 0000000180004d78     flags.obj
 0001:00003d98       ??_C@_09IJMPFPLB@EF_LOCKED?$AA@ 0000000180004d98     flags.obj
 0001:00003da8       ??_C@_0BC@GFHJGKD@EF_DISABLESAVEPOS?$AA@ 0000000180004da8     flags.obj
 0001:00003dc0       ??_C@_0BB@NILAHAFO@EF_OPENMODE_MASK?$AA@ 0000000180004dc0     flags.obj
 0001:00003dd8       ??_C@_0BC@GAIDEJIA@EF_OPENMODE_QUERY?$AA@ 0000000180004dd8     flags.obj
 0001:00003df0       ??_C@_0BG@BFKJJBAG@EF_OPENMODE_NEWIFOPEN?$AA@ 0000000180004df0     flags.obj
 0001:00003e08       ??_C@_0BI@KGOKGPEI@EF_OPENMODE_USEEXISTING?$AA@ 0000000180004e08     flags.obj
 0001:00003e20       ??_C@_0BI@EJBKKDJ@EF_OPENMODE_BREAKIFOPEN?$AA@ 0000000180004e20     flags.obj
 0001:00003e38       ??_C@_0BJ@MOLGCBMH@EF_OPENMODE_RELOADIFOPEN?$AA@ 0000000180004e38     flags.obj
 0001:00003e58       ??_C@_07MBPCONNA@EN_NONE?$AA@ 0000000180004e58     flags.obj
 0001:00003e60       ??_C@_0BC@HHNGCBAM@FHELP_NOSHOWERROR?$AA@ 0000000180004e60     flags.obj
 0001:00003e78       ??_C@_0P@GANNLHEJ@FHELP_SELFHELP?$AA@ 0000000180004e78     flags.obj
 0001:00003e88       ??_C@_0O@FLGGLFLC@FHELP_FARHELP?$AA@ 0000000180004e88     flags.obj
 0001:00003e98       ??_C@_0BB@KNKDPNI@FHELP_CUSTOMFILE?$AA@ 0000000180004e98     flags.obj
 0001:00003eb0       ??_C@_0BB@IHFFPJJA@FHELP_CUSTOMPATH?$AA@ 0000000180004eb0     flags.obj
 0001:00003ec8       ??_C@_0L@OOIMFPBD@FHELP_GUID?$AA@ 0000000180004ec8     flags.obj
 0001:00003ed8       ??_C@_0BC@PNPOIHMG@FHELP_USECONTENTS?$AA@ 0000000180004ed8     flags.obj
 0001:00003ef0       ??_C@_0L@MAGMKNFN@FHELP_NONE?$AA@ 0000000180004ef0     flags.obj
 0001:00003f00       ??_C@_0BE@GEGKIINM@KMFLAGS_SILENTCHECK?$AA@ 0000000180004f00     flags.obj
 0001:00003f18       ??_C@_0BM@BBOPLPKC@KMFLAGS_NOSENDKEYSTOPLUGINS?$AA@ 0000000180004f18     flags.obj
 0001:00003f38       ??_C@_0BF@PHHPAAOK@KMFLAGS_ENABLEOUTPUT?$AA@ 0000000180004f38     flags.obj
 0001:00003f50       ??_C@_0BB@NCECNBPK@KMFLAGS_LANGMASK?$AA@ 0000000180004f50     flags.obj
 0001:00003f68       ??_C@_0M@HFBACHCP@KMFLAGS_LUA?$AA@ 0000000180004f68     flags.obj
 0001:00003f78       ??_C@_0BD@JHNPMIGP@KMFLAGS_MOONSCRIPT?$AA@ 0000000180004f78     flags.obj
 0001:00003f90       ??_C@_0N@GIJCDFJI@KMFLAGS_NONE?$AA@ 0000000180004f90     flags.obj
 0001:00003fa0       ??_C@_0O@GKOLBMFK@AKMFLAGS_NONE?$AA@ 0000000180004fa0     flags.obj
 0001:00003fb0       ??_C@_0P@LMBMJIMF@FSETCLR_REDRAW?$AA@ 0000000180004fb0     flags.obj
 0001:00003fc0       ??_C@_0N@LCOHPDHN@FSETCLR_NONE?$AA@ 0000000180004fc0     flags.obj
 0001:00003fd0       ??_C@_0N@MLMCEKPH@WIF_MODIFIED?$AA@ 0000000180004fd0     flags.obj
 0001:00003fe0       ??_C@_0M@ICPAPCOF@WIF_CURRENT?$AA@ 0000000180004fe0     flags.obj
 0001:00003ff0       ??_C@_09FPGEBDGO@WIF_MODAL?$AA@ 0000000180004ff0     flags.obj
 0001:00004000       ??_C@_0BG@JMJAOELH@VOPT_SAVEFILEPOSITION?$AA@ 0000000180005000     flags.obj
 0001:00004018       ??_C@_0BI@NCAHLEBN@VOPT_AUTODETECTCODEPAGE?$AA@ 0000000180005018     flags.obj
 0001:00004030       ??_C@_09FIOJMNJ@VOPT_NONE?$AA@ 0000000180005030     flags.obj
 0001:00004040       ??_C@_0N@ILNDJNNO@VSMFL_REDRAW?$AA@ 0000000180005040     flags.obj
 0001:00004050       ??_C@_0N@GHEHKHJN@VSP_NOREDRAW?$AA@ 0000000180005050     flags.obj
 0001:00004060       ??_C@_0M@LHNGMHFO@VSP_PERCENT?$AA@ 0000000180005060     flags.obj
 0001:00004070       ??_C@_0N@JGGGCNIP@VSP_RELATIVE?$AA@ 0000000180005070     flags.obj
 0001:00004080       ??_C@_0BA@JKDMJLJG@VSP_NORETNEWPOS?$AA@ 0000000180005080     flags.obj
 0001:00004090       ??_C@_08FAPBJAKB@VMF_WRAP?$AA@ 0000000180005090     flags.obj
 0001:000040a0       ??_C@_0N@GHBDMLON@VMF_WORDWRAP?$AA@ 00000001800050a0     flags.obj
 0001:000040b0       ??_C@_0BB@EDGIEBDF@ECF_TABMARKFIRST?$AA@ 00000001800050b0     flags.obj
 0001:000040c8       ??_C@_0BD@DKGCCJNG@ECF_TABMARKCURRENT?$AA@ 00000001800050c8     flags.obj
 0001:000040e0       ??_C@_0P@BAFEMBAJ@ECF_AUTODELETE?$AA@ 00000001800050e0     flags.obj
 0001:000040f0       ??_C@_0BA@KNNLMGCA@FIB_ENABLEEMPTY?$AA@ 00000001800050f0     flags.obj
 0001:00004100       ??_C@_0N@DLDJCGJI@FIB_PASSWORD?$AA@ 0000000180005100     flags.obj
 0001:00004110       ??_C@_0O@DOHEGELC@FIB_EXPANDENV?$AA@ 0000000180005110     flags.obj
 0001:00004120       ??_C@_0BF@CEMIHIOK@FIB_NOUSELASTHISTORY?$AA@ 0000000180005120     flags.obj
 0001:00004138       ??_C@_0M@KJOJJDIM@FIB_BUTTONS?$AA@ 0000000180005138     flags.obj
 0001:00004148       ??_C@_0BA@COBBDHNL@FIB_NOAMPERSAND?$AA@ 0000000180005148     flags.obj
 0001:00004158       ??_C@_0N@LBOCEEGH@FIB_EDITPATH?$AA@ 0000000180005158     flags.obj
 0001:00004168       ??_C@_0BB@DCODFLEL@FIB_EDITPATHEXEC?$AA@ 0000000180005168     flags.obj
 0001:00004180       ??_C@_08HPFOCDKB@FIB_NONE?$AA@ 0000000180005180     flags.obj
 0001:00004190       ??_C@_0L@NMBLFMBN@FPF_LOADED?$AA@ 0000000180005190     flags.obj
 0001:000041a0       ??_C@_08GKECKCCJ@FPF_ANSI?$AA@ 00000001800051a0     flags.obj
 0001:000041b0       ??_C@_08OIOFCNLC@FPF_NONE?$AA@ 00000001800051b0     flags.obj
 0001:000041c0       ??_C@_0L@HODJIPGA@PN_CMPNAME?$AA@ 00000001800051c0     flags.obj
 0001:000041d0       ??_C@_0P@KDEENAHJ@PN_CMPNAMELIST?$AA@ 00000001800051d0     flags.obj
 0001:000041e0       ??_C@_0BA@BJCCEIOI@PN_GENERATENAME?$AA@ 00000001800051e0     flags.obj
 0001:000041f0       ??_C@_0N@FEGPCCPJ@PN_CHECKMASK?$AA@ 00000001800051f0     flags.obj
 0001:00004200       ??_C@_0M@NOOLKEBH@PN_SKIPPATH?$AA@ 0000000180005200     flags.obj
 0001:00004210       ??_C@_0BE@OPDBOAAE@PN_SHOWERRORMESSAGE?$AA@ 0000000180005210     flags.obj
 0001:00004228       ??_C@_0BG@GOMJDMCK@XLAT_SWITCHKEYBLAYOUT?$AA@ 0000000180005228     flags.obj
 0001:00004240       ??_C@_0BE@KOIJDNLA@XLAT_SWITCHKEYBBEEP?$AA@ 0000000180005240     flags.obj
 0001:00004258       ??_C@_0BH@KBFAFPNA@XLAT_USEKEYBLAYOUTNAME?$AA@ 0000000180005258     flags.obj
 0001:00004270       ??_C@_0BH@IANKLOAC@XLAT_CONVERTALLCMDLINE?$AA@ 0000000180005270     flags.obj
 0001:00004288       ??_C@_09JCNLKBBK@XLAT_NONE?$AA@ 0000000180005288     flags.obj
 0001:00004298       ??_C@_0N@PJEDCNNJ@FRS_RETUPDIR?$AA@ 0000000180005298     flags.obj
 0001:000042a8       ??_C@_09GHEPLOHO@FRS_RECUR?$AA@ 00000001800052a8     flags.obj
 0001:000042b8       ??_C@_0BA@JCPHOEAE@FRS_SCANSYMLINK?$AA@ 00000001800052b8     flags.obj
 0001:000042c8       ??_C@_0P@LJPBHEIE@MLF_SHOWERRMSG?$AA@ 00000001800052c8     flags.obj
 0001:000042d8       ??_C@_0BF@LMAGFLHF@MLF_DONOTUPDATEPANEL?$AA@ 00000001800052d8     flags.obj
 0001:000042f0       ??_C@_0P@EPFBLPAE@MLF_HOLDTARGET?$AA@ 00000001800052f0     flags.obj
 0001:00004300       ??_C@_08EBKEJHAL@MLF_NONE?$AA@ 0000000180005300     flags.obj
 0001:00004310       ??_C@_0M@JDMKDBDH@FFFS_COMMAS?$AA@ 0000000180005310     flags.obj
 0001:00004320       ??_C@_0P@JPMLNBKL@FFFS_FLOATSIZE?$AA@ 0000000180005320     flags.obj
 0001:00004330       ??_C@_0BE@NPKCCEJ@FFFS_SHOWBYTESINDEX?$AA@ 0000000180005330     flags.obj
 0001:00004348       ??_C@_0O@FPIOAIMC@FFFS_ECONOMIC?$AA@ 0000000180005348     flags.obj
 0001:00004358       ??_C@_0O@HFIGPFIH@FFFS_THOUSAND?$AA@ 0000000180005358     flags.obj
 0001:00004368       ??_C@_0BC@LLLANJJO@FFFS_MINSIZEINDEX?$AA@ 0000000180005368     flags.obj
 0001:00004380       ??_C@_0BH@PEGBPJKE@FFFS_MINSIZEINDEX_MASK?$AA@ 0000000180005380     flags.obj
 0001:00004398       ??_C@_0L@NHEJGKCF@PF_PRELOAD?$AA@ 0000000180005398     flags.obj
 0001:000043a8       ??_C@_0BB@GCINAIGN@PF_DISABLEPANELS?$AA@ 00000001800053a8     flags.obj
 0001:000043c0       ??_C@_09OENCMPGE@PF_EDITOR?$AA@ 00000001800053c0     flags.obj
 0001:000043d0       ??_C@_09NEKIJNNA@PF_VIEWER?$AA@ 00000001800053d0     flags.obj
 0001:000043e0       ??_C@_0P@MBLBBCNK@PF_FULLCMDLINE?$AA@ 00000001800053e0     flags.obj
 0001:000043f0       ??_C@_09GMFDAFKL@PF_DIALOG?$AA@ 00000001800053f0     flags.obj
 0001:00004400       ??_C@_07MGEGJMPI@PF_NONE?$AA@ 0000000180005400     flags.obj
 0001:00004408       ??_C@_0BD@EGELEIIG@IPLFLAGS_SEPARATOR?$AA@ 0000000180005408     flags.obj
 0001:00004420       ??_C@_0BD@KGHJOBGM@PMFLAGS_FULLSCREEN?$AA@ 0000000180005420     flags.obj
 0001:00004438       ??_C@_0BH@GDAAKEMH@PMFLAGS_DETAILEDSTATUS?$AA@ 0000000180005438     flags.obj
 0001:00004450       ??_C@_0BI@BMHIBDMH@PMFLAGS_ALIGNEXTENSIONS?$AA@ 0000000180005450     flags.obj
 0001:00004468       ??_C@_0BH@KOFCBJBO@PMFLAGS_CASECONVERSION?$AA@ 0000000180005468     flags.obj
 0001:00004480       ??_C@_0BD@PBMGDJEM@OPIF_DISABLEFILTER?$AA@ 0000000180005480     flags.obj
 0001:00004498       ??_C@_0BH@FHBKALPD@OPIF_DISABLESORTGROUPS?$AA@ 0000000180005498     flags.obj
 0001:000044b0       ??_C@_0BJ@NGLIANCL@OPIF_DISABLEHIGHLIGHTING?$AA@ 00000001800054b0     flags.obj
 0001:000044d0       ??_C@_0N@JANKJMLP@OPIF_ADDDOTS?$AA@ 00000001800054d0     flags.obj
 0001:000044e0       ??_C@_0BC@HOFHNJIG@OPIF_RAWSELECTION?$AA@ 00000001800054e0     flags.obj
 0001:000044f8       ??_C@_0P@OFEDJCO@OPIF_REALNAMES?$AA@ 00000001800054f8     flags.obj
 0001:00004508       ??_C@_0BD@FPGMNAPD@OPIF_SHOWNAMESONLY?$AA@ 0000000180005508     flags.obj
 0001:00004520       ??_C@_0BJ@NMIFAPJD@OPIF_SHOWRIGHTALIGNNAMES?$AA@ 0000000180005520     flags.obj
 0001:00004540       ??_C@_0BG@HGPMKHIE@OPIF_SHOWPRESERVECASE?$AA@ 0000000180005540     flags.obj
 0001:00004558       ??_C@_0BE@GJEJHNKJ@OPIF_COMPAREFATTIME?$AA@ 0000000180005558     flags.obj
 0001:00004570       ??_C@_0BB@PELHBPAM@OPIF_EXTERNALGET?$AA@ 0000000180005570     flags.obj
 0001:00004588       ??_C@_0BB@CFFPNDFK@OPIF_EXTERNALPUT?$AA@ 0000000180005588     flags.obj
 0001:000045a0       ??_C@_0BE@LKEMICNM@OPIF_EXTERNALDELETE?$AA@ 00000001800055a0     flags.obj
 0001:000045b8       ??_C@_0BD@JIMJPFEP@OPIF_EXTERNALMKDIR?$AA@ 00000001800055b8     flags.obj
 0001:000045d0       ??_C@_0BJ@CALDMPLF@OPIF_USEATTRHIGHLIGHTING?$AA@ 00000001800055d0     flags.obj
 0001:000045f0       ??_C@_0O@JHHHMHIG@OPIF_USECRC32?$AA@ 00000001800055f0     flags.obj
 0001:00004600       ??_C@_0BB@PFDFAFHG@OPIF_USEFREESIZE?$AA@ 0000000180005600     flags.obj
 0001:00004618       ??_C@_0O@FJPLJDBC@OPIF_SHORTCUT?$AA@ 0000000180005618     flags.obj
 0001:00004628       ??_C@_09DOPJBMLM@OPIF_NONE?$AA@ 0000000180005628     flags.obj
 0001:00004638       ??_C@_0L@GEHHKNBL@OPM_SILENT?$AA@ 0000000180005638     flags.obj
 0001:00004648       ??_C@_08EKEBOKEP@OPM_FIND?$AA@ 0000000180005648     flags.obj
 0001:00004658       ??_C@_08EHBLNDLO@OPM_VIEW?$AA@ 0000000180005658     flags.obj
 0001:00004668       ??_C@_08LAAGEMJG@OPM_EDIT?$AA@ 0000000180005668     flags.obj
 0001:00004678       ??_C@_0N@NDGKAFDM@OPM_TOPLEVEL?$AA@ 0000000180005678     flags.obj
 0001:00004688       ??_C@_09EBKAPHPA@OPM_DESCR?$AA@ 0000000180005688     flags.obj
 0001:00004698       ??_C@_0O@OPDAGBBE@OPM_QUICKVIEW?$AA@ 0000000180005698     flags.obj
 0001:000046a8       ??_C@_08LCEGJCAC@OPM_PGDN?$AA@ 00000001800056a8     flags.obj
 0001:000046b8       ??_C@_0N@HKCLLJDG@OPM_COMMANDS?$AA@ 00000001800056b8     flags.obj
 0001:000046c8       ??_C@_08EGEBMPBD@OPM_NONE?$AA@ 00000001800056c8     flags.obj
 0001:000046d8       ??_C@_0M@MIGJPBPE@FOSF_ACTIVE?$AA@ 00000001800056d8     flags.obj
 0001:000046e8       ??_C@_09FMOOJHDF@FOSF_NONE?$AA@ 00000001800056e8     flags.obj
 0001:000046f8       ??_C@_0O@PLFENGLI@PCIF_FROMMAIN?$AA@ 00000001800056f8     flags.obj
 0001:00004708       ??_C@_09HNBBLIGN@PCIF_NONE?$AA@ 0000000180005708     flags.obj
 0001:00004718       ??_C@_0BA@MAEBFMHC@FOREGROUND_BLUE?$AA@ 0000000180005718     flags.obj
 0001:00004728       ??_C@_0BB@PDFNMAI@FOREGROUND_GREEN?$AA@ 0000000180005728     flags.obj
 0001:00004740       ??_C@_0P@PBJHCFGA@FOREGROUND_RED?$AA@ 0000000180005740     flags.obj
 0001:00004750       ??_C@_0BF@OOGEJCC@FOREGROUND_INTENSITY?$AA@ 0000000180005750     flags.obj
 0001:00004768       ??_C@_0BA@PIFINJCK@BACKGROUND_BLUE?$AA@ 0000000180005768     flags.obj
 0001:00004778       ??_C@_0BB@GKLNBMEL@BACKGROUND_GREEN?$AA@ 0000000180005778     flags.obj
 0001:00004790       ??_C@_0P@DANALJMC@BACKGROUND_RED?$AA@ 0000000180005790     flags.obj
 0001:000047a0       ??_C@_0BF@NIGKKPCF@BACKGROUND_INTENSITY?$AA@ 00000001800057a0     flags.obj
 0001:000047b8       ??_C@_0N@FEFOEFHG@CTRL_C_EVENT?$AA@ 00000001800057b8     flags.obj
 0001:000047c8       ??_C@_0BB@ELEIIFAE@CTRL_BREAK_EVENT?$AA@ 00000001800057c8     flags.obj
 0001:000047e0       ??_C@_0BB@KMPDMOKK@CTRL_CLOSE_EVENT?$AA@ 00000001800057e0     flags.obj
 0001:000047f8       ??_C@_0BC@MCKCEPAL@CTRL_LOGOFF_EVENT?$AA@ 00000001800057f8     flags.obj
 0001:00004810       ??_C@_0BE@BCNEFGKM@CTRL_SHUTDOWN_EVENT?$AA@ 0000000180005810     flags.obj
 0001:00004828       ??_C@_0BC@BBOPHMOM@ENABLE_LINE_INPUT?$AA@ 0000000180005828     flags.obj
 0001:00004840       ??_C@_0BC@JPFKLHOC@ENABLE_ECHO_INPUT?$AA@ 0000000180005840     flags.obj
 0001:00004858       ??_C@_0BH@EHINFMOF@ENABLE_PROCESSED_INPUT?$AA@ 0000000180005858     flags.obj
 0001:00004870       ??_C@_0BE@BLAHACNB@ENABLE_WINDOW_INPUT?$AA@ 0000000180005870     flags.obj
 0001:00004888       ??_C@_0BD@BJECBJPO@ENABLE_MOUSE_INPUT?$AA@ 0000000180005888     flags.obj
 0001:000048a0       ??_C@_0BD@KJBPOMPN@ENABLE_INSERT_MODE?$AA@ 00000001800058a0     flags.obj
 0001:000048b8       ??_C@_0BH@BJKMFKAO@ENABLE_QUICK_EDIT_MODE?$AA@ 00000001800058b8     flags.obj
 0001:000048d0       ??_C@_0BG@CBCHHIEH@ENABLE_EXTENDED_FLAGS?$AA@ 00000001800058d0     flags.obj
 0001:000048e8       ??_C@_0BF@PEBFEBKN@ENABLE_AUTO_POSITION?$AA@ 00000001800058e8     flags.obj
 0001:00004900       ??_C@_0BI@MHKNPIFM@ENABLE_PROCESSED_OUTPUT?$AA@ 0000000180005900     flags.obj
 0001:00004918       ??_C@_0BK@CDKLKCHJ@ENABLE_WRAP_AT_EOL_OUTPUT?$AA@ 0000000180005918     flags.obj
 0001:00004938       ??_C@_09JBABGNAE@KEY_EVENT?$AA@ 0000000180005938     flags.obj
 0001:00004948       ??_C@_0M@CPILDGOO@MOUSE_EVENT?$AA@ 0000000180005948     flags.obj
 0001:00004958       ??_C@_0BJ@OHDOHJKG@WINDOW_BUFFER_SIZE_EVENT?$AA@ 0000000180005958     flags.obj
 0001:00004978       ??_C@_0L@MPODFLFH@MENU_EVENT?$AA@ 0000000180005978     flags.obj
 0001:00004988       ??_C@_0M@LNGHCCGJ@FOCUS_EVENT?$AA@ 0000000180005988     flags.obj
 0001:00004998       ??_C@_0M@MKBGBFGO@CAPSLOCK_ON?$AA@ 0000000180005998     flags.obj
 0001:000049a8       ??_C@_0N@EMEOEKDA@ENHANCED_KEY?$AA@ 00000001800059a8     flags.obj
 0001:000049b8       ??_C@_0BC@GDHABBAP@RIGHT_ALT_PRESSED?$AA@ 00000001800059b8     flags.obj
 0001:000049d0       ??_C@_0BB@MCADLJJO@LEFT_ALT_PRESSED?$AA@ 00000001800059d0     flags.obj
 0001:000049e8       ??_C@_0BD@NEHHNAHO@RIGHT_CTRL_PRESSED?$AA@ 00000001800059e8     flags.obj
 0001:00004a00       ??_C@_0BC@FDNOAAAE@LEFT_CTRL_PRESSED?$AA@ 0000000180005a00     flags.obj
 0001:00004a18       ??_C@_0O@OGDFJMBK@SHIFT_PRESSED?$AA@ 0000000180005a18     flags.obj
 0001:00004a28       ??_C@_0L@IMGKKBIM@NUMLOCK_ON?$AA@ 0000000180005a28     flags.obj
 0001:00004a38       ??_C@_0O@LAHFNPLG@SCROLLLOCK_ON?$AA@ 0000000180005a38     flags.obj
 0001:00004a48       ??_C@_0BN@HACKHGAB@FROM_LEFT_1ST_BUTTON_PRESSED?$AA@ 0000000180005a48     flags.obj
 0001:00004a68       ??_C@_0BJ@JECFAJNJ@RIGHTMOST_BUTTON_PRESSED?$AA@ 0000000180005a68     flags.obj
 0001:00004a88       ??_C@_0BN@BJCFPKCG@FROM_LEFT_2ND_BUTTON_PRESSED?$AA@ 0000000180005a88     flags.obj
 0001:00004aa8       ??_C@_0BN@PMJNFPGM@FROM_LEFT_3RD_BUTTON_PRESSED?$AA@ 0000000180005aa8     flags.obj
 0001:00004ac8       ??_C@_0BN@CNMHAAPD@FROM_LEFT_4TH_BUTTON_PRESSED?$AA@ 0000000180005ac8     flags.obj
 0001:00004ae8       ??_C@_0M@KKBDEELB@MOUSE_MOVED?$AA@ 0000000180005ae8     flags.obj
 0001:00004af8       ??_C@_0N@EDCKBGJE@DOUBLE_CLICK?$AA@ 0000000180005af8     flags.obj
 0001:00004b08       ??_C@_0O@GABDOPO@MOUSE_WHEELED?$AA@ 0000000180005b08     flags.obj
 0001:00004b18       ??_C@_0BA@OOKCCMHH@KEY_WOW64_32KEY?$AA@ 0000000180005b18     flags.obj
 0001:00004b28       ??_C@_0BA@DBCPEIGE@KEY_WOW64_64KEY?$AA@ 0000000180005b28     flags.obj
 0001:00004b38       ??_C@_0BI@IDKIJMME@FARMANAGERVERSION_MAJOR?$AA@ 0000000180005b38     flags.obj
 0001:00004b50       ??_C@_0BI@DMLKEAFC@FARMANAGERVERSION_MINOR?$AA@ 0000000180005b50     flags.obj
 0001:00004b68       ??_C@_0BL@NMALNAFP@FARMANAGERVERSION_REVISION?$AA@ 0000000180005b68     flags.obj
 0001:00004b88       ??_C@_0BI@OLPFLLDD@FARMANAGERVERSION_BUILD?$AA@ 0000000180005b88     flags.obj
 0001:00004ba0       ??_C@_0BI@MOOFLFPC@FARMANAGERVERSION_STAGE?$AA@ 0000000180005ba0     flags.obj
 0001:00004bb8       ??_C@_0L@MIDBGFJO@CP_UNICODE?$AA@ 0000000180005bb8     flags.obj
 0001:00004bc8       ??_C@_0O@MNMCMEJH@CP_REVERSEBOM?$AA@ 0000000180005bc8     flags.obj
 0001:00004bd8       ??_C@_0L@JDNPCEDH@CP_DEFAULT?$AA@ 0000000180005bd8     flags.obj
 0001:00004be8       ??_C@_0M@OMCMFJHA@CP_REDETECT?$AA@ 0000000180005be8     flags.obj
 0001:00004bf8       ??_C@_09MNAPNKKC@INDEXMASK?$AA@ 0000000180005bf8     flags.obj
 0001:00004c08       ??_C@_09BLFIDJLF@COLORMASK?$AA@ 0000000180005c08     flags.obj
 0001:00004c18       ??_C@_09ENNBLPJC@ALPHAMASK?$AA@ 0000000180005c18     flags.obj
 0001:00004c28       ??_C@_0L@EHFOPLFD@PANEL_NONE?$AA@ 0000000180005c28     flags.obj
 0001:00004c38       ??_C@_0N@LPMKALBG@PANEL_ACTIVE?$AA@ 0000000180005c38     flags.obj
 0001:00004c48       ??_C@_0O@HPKEABPN@PANEL_PASSIVE?$AA@ 0000000180005c48     flags.obj
 0001:00004c58       ??_C@_0L@GOEBPENN@PANEL_STOP?$AA@ 0000000180005c58     flags.obj
 0001:00004c68       ??_C@_0N@HLIFAAPJ@EEREDRAW_ALL?$AA@ 0000000180005c68     flags.obj
 0001:00004c78       ??_C@_0P@NHNDIKJ@CURRENT_EDITOR?$AA@ 0000000180005c78     flags.obj
 0001:00004c88       ??_C@_0BN@PPNDCHHA@EDITOR_COLOR_NORMAL_PRIORITY?$AA@ 0000000180005c88     flags.obj
 0001:00004ca8       ??_C@_07MGGAEAFF@DI_TEXT?$AA@ 0000000180005ca8     flags.obj
 0001:00004cb0       ??_C@_08HODBDEHE@DI_VTEXT?$AA@ 0000000180005cb0     flags.obj
 0001:00004cc0       ??_C@_0N@IGKKGFMF@DI_SINGLEBOX?$AA@ 0000000180005cc0     flags.obj
 0001:00004cd0       ??_C@_0N@EDCLIEAE@DI_DOUBLEBOX?$AA@ 0000000180005cd0     flags.obj
 0001:00004ce0       ??_C@_07DOLIFAEF@DI_EDIT?$AA@ 0000000180005ce0     flags.obj
 0001:00004ce8       ??_C@_0L@EOMEIIFM@DI_PSWEDIT?$AA@ 0000000180005ce8     flags.obj
 0001:00004cf8       ??_C@_0L@MGOIMBKF@DI_FIXEDIT?$AA@ 0000000180005cf8     flags.obj
 0001:00004d08       ??_C@_09GGAEMAPJ@DI_BUTTON?$AA@ 0000000180005d08     flags.obj
 0001:00004d18       ??_C@_0M@MHFHGPHJ@DI_CHECKBOX?$AA@ 0000000180005d18     flags.obj
 0001:00004d28       ??_C@_0P@GIPCGMBE@DI_RADIOBUTTON?$AA@ 0000000180005d28     flags.obj
 0001:00004d38       ??_C@_0M@MAKBFNGC@DI_COMBOBOX?$AA@ 0000000180005d38     flags.obj
 0001:00004d48       ??_C@_0L@ONDMPPPO@DI_LISTBOX?$AA@ 0000000180005d48     flags.obj
 0001:00004d58       ??_C@_0P@GDJDPEIK@DI_USERCONTROL?$AA@ 0000000180005d58     flags.obj
 0001:00004d68       ??_C@_08KAEGOLOB@DM_FIRST?$AA@ 0000000180005d68     flags.obj
 0001:00004d78       ??_C@_08MJMBFJHA@DM_CLOSE?$AA@ 0000000180005d78     flags.obj
 0001:00004d88       ??_C@_09KLJOCKAA@DM_ENABLE?$AA@ 0000000180005d88     flags.obj
 0001:00004d98       ??_C@_0BA@KAMJGFDG@DM_ENABLEREDRAW?$AA@ 0000000180005d98     flags.obj
 0001:00004da8       ??_C@_0O@FKGMMKLP@DM_GETDLGDATA?$AA@ 0000000180005da8     flags.obj
 0001:00004db8       ??_C@_0O@HEGKCPOI@DM_GETDLGITEM?$AA@ 0000000180005db8     flags.obj
 0001:00004dc8       ??_C@_0O@BEHCGMCL@DM_GETDLGRECT?$AA@ 0000000180005dc8     flags.obj
 0001:00004dd8       ??_C@_0L@ELBDNLFO@DM_GETTEXT?$AA@ 0000000180005dd8     flags.obj
 0001:00004de4       ??_C@_06IKGPEGEJ@DM_KEY?$AA@ 0000000180005de4     flags.obj
 0001:00004df0       ??_C@_0O@DIPLLJEH@DM_MOVEDIALOG?$AA@ 0000000180005df0     flags.obj
 0001:00004e00       ??_C@_0O@EEEDHNPG@DM_SETDLGDATA?$AA@ 0000000180005e00     flags.obj
 0001:00004e10       ??_C@_0O@GKEFJIKB@DM_SETDLGITEM?$AA@ 0000000180005e10     flags.obj
 0001:00004e20       ??_C@_0M@GOFGHDFK@DM_SETFOCUS?$AA@ 0000000180005e20     flags.obj
 0001:00004e30       ??_C@_09ILPFEDOM@DM_REDRAW?$AA@ 0000000180005e30     flags.obj
 0001:00004e40       ??_C@_0L@LDOCOEIP@DM_SETTEXT?$AA@ 0000000180005e40     flags.obj
 0001:00004e50       ??_C@_0BE@LABEAIPD@DM_SETMAXTEXTLENGTH?$AA@ 0000000180005e50     flags.obj
 0001:00004e68       ??_C@_0O@BIFKIPIP@DM_SHOWDIALOG?$AA@ 0000000180005e68     flags.obj
 0001:00004e78       ??_C@_0M@JPHKGACH@DM_GETFOCUS?$AA@ 0000000180005e78     flags.obj
 0001:00004e88       ??_C@_0BA@NLMONBKJ@DM_GETCURSORPOS?$AA@ 0000000180005e88     flags.obj
 0001:00004e98       ??_C@_0BA@KPHABNOF@DM_SETCURSORPOS?$AA@ 0000000180005e98     flags.obj
 0001:00004ea8       ??_C@_0O@LGEKFPKK@DM_SETTEXTPTR?$AA@ 0000000180005ea8     flags.obj
 0001:00004eb8       ??_C@_0M@NCOJHJKI@DM_SHOWITEM?$AA@ 0000000180005eb8     flags.obj
 0001:00004ec8       ??_C@_0O@GKKCFHIM@DM_ADDHISTORY?$AA@ 0000000180005ec8     flags.obj
 0001:00004ed8       ??_C@_0M@MCEMDFMD@DM_GETCHECK?$AA@ 0000000180005ed8     flags.obj
 0001:00004ee8       ??_C@_0M@DDGACGLO@DM_SETCHECK?$AA@ 0000000180005ee8     flags.obj
 0001:00004ef8       ??_C@_0N@MEGOPFGK@DM_SET3STATE?$AA@ 0000000180005ef8     flags.obj
 0001:00004f08       ??_C@_0M@GEPBDDNC@DM_LISTSORT?$AA@ 0000000180005f08     flags.obj
 0001:00004f18       ??_C@_0P@NFJNHAKH@DM_LISTGETITEM?$AA@ 0000000180005f18     flags.obj
 0001:00004f28       ??_C@_0BB@EEIMACNO@DM_LISTGETCURPOS?$AA@ 0000000180005f28     flags.obj
 0001:00004f40       ??_C@_0BB@GKMJCDEM@DM_LISTSETCURPOS?$AA@ 0000000180005f40     flags.obj
 0001:00004f58       ??_C@_0O@NOPCAHGJ@DM_LISTDELETE?$AA@ 0000000180005f58     flags.obj
 0001:00004f68       ??_C@_0L@BMEAECNG@DM_LISTADD?$AA@ 0000000180005f68     flags.obj
 0001:00004f78       ??_C@_0O@HBHDMHP@DM_LISTADDSTR?$AA@ 0000000180005f78     flags.obj
 0001:00004f88       ??_C@_0O@PDFCNPKN@DM_LISTUPDATE?$AA@ 0000000180005f88     flags.obj
 0001:00004f98       ??_C@_0O@GAAGMJJL@DM_LISTINSERT?$AA@ 0000000180005f98     flags.obj
 0001:00004fa8       ??_C@_0BC@MIFCLOBD@DM_LISTFINDSTRING?$AA@ 0000000180005fa8     flags.obj
 0001:00004fc0       ??_C@_0M@EEAEBLKC@DM_LISTINFO?$AA@ 0000000180005fc0     flags.obj
 0001:00004fd0       ??_C@_0P@PLJLJFPA@DM_LISTGETDATA?$AA@ 0000000180005fd0     flags.obj
 0001:00004fe0       ??_C@_0P@DGKKKCB@DM_LISTSETDATA?$AA@ 0000000180005fe0     flags.obj
 0001:00004ff0       ??_C@_0BB@CELMNLLN@DM_LISTSETTITLES?$AA@ 0000000180005ff0     flags.obj
 0001:00005008       ??_C@_0BB@KPJPKCP@DM_LISTGETTITLES?$AA@ 0000000180006008     flags.obj
 0001:00005020       ??_C@_0BA@ICDJCFLE@DM_RESIZEDIALOG?$AA@ 0000000180006020     flags.obj
 0001:00005030       ??_C@_0BD@CNGGHGJF@DM_SETITEMPOSITION?$AA@ 0000000180006030     flags.obj
 0001:00005048       ??_C@_0BF@JMINBGBA@DM_GETDROPDOWNOPENED?$AA@ 0000000180006048     flags.obj
 0001:00005060       ??_C@_0BF@LJIGJNAO@DM_SETDROPDOWNOPENED?$AA@ 0000000180006060     flags.obj
 0001:00005078       ??_C@_0O@NPDKADMJ@DM_SETHISTORY?$AA@ 0000000180006078     flags.obj
 0001:00005088       ??_C@_0BD@BPHAAEIM@DM_GETITEMPOSITION?$AA@ 0000000180006088     flags.obj
 0001:000050a0       ??_C@_0BC@BENFKLNH@DM_SETINPUTNOTIFY?$AA@ 00000001800060a0     flags.obj
 0001:000050b8       ??_C@_0BH@CFMLLNNM@DM_SETMOUSEEVENTNOTIFY?$AA@ 00000001800060b8     flags.obj
 0001:000050d0       ??_C@_0BF@IAGIACOD@DM_EDITUNCHANGEDFLAG?$AA@ 00000001800060d0     flags.obj
 0001:000050e8       ??_C@_0P@OJKNHIPN@DM_GETITEMDATA?$AA@ 00000001800060e8     flags.obj
 0001:000050f8       ??_C@_0P@OGLDKOHO@DM_SETITEMDATA?$AA@ 00000001800060f8     flags.obj
 0001:00005108       ??_C@_0L@KNFAKFKE@DM_LISTSET?$AA@ 0000000180006108     flags.obj
 0001:00005118       ??_C@_0BB@EPMFHAFO@DM_GETCURSORSIZE?$AA@ 0000000180006118     flags.obj
 0001:00005130       ??_C@_0BB@DANLMDCJ@DM_SETCURSORSIZE?$AA@ 0000000180006130     flags.obj
 0001:00005148       ??_C@_0BD@LAOOKGHD@DM_LISTGETDATASIZE?$AA@ 0000000180006148     flags.obj
 0001:00005160       ??_C@_0BA@BHGANJAP@DM_GETSELECTION?$AA@ 0000000180006160     flags.obj
 0001:00005170       ??_C@_0BA@GDNOBFED@DM_SETSELECTION?$AA@ 0000000180006170     flags.obj
 0001:00005180       ??_C@_0BD@FIHDGIGO@DM_GETEDITPOSITION?$AA@ 0000000180006180     flags.obj
 0001:00005198       ??_C@_0BD@GKGFBKHH@DM_SETEDITPOSITION?$AA@ 0000000180006198     flags.obj
 0001:000051b0       ??_C@_0BE@MCECGHBC@DM_SETCOMBOBOXEVENT?$AA@ 00000001800061b0     flags.obj
 0001:000051c8       ??_C@_0BE@KGBLNJKA@DM_GETCOMBOBOXEVENT?$AA@ 00000001800061c8     flags.obj
 0001:000051e0       ??_C@_0BD@CJEPBACF@DM_GETCONSTTEXTPTR?$AA@ 00000001800061e0     flags.obj
 0001:000051f8       ??_C@_0BD@HOOHICEG@DM_GETDLGITEMSHORT?$AA@ 00000001800061f8     flags.obj
 0001:00005210       ??_C@_0BD@EMPBPAFP@DM_SETDLGITEMSHORT?$AA@ 0000000180006210     flags.obj
 0001:00005228       ??_C@_0BB@GAPFMPKE@DM_GETDIALOGINFO?$AA@ 0000000180006228     flags.obj
 0001:00005240       ??_C@_0BC@KJOLMFGG@DM_GETDIALOGTITLE?$AA@ 0000000180006240     flags.obj
 0001:00005258       ??_C@_08COMJOMAC@DN_FIRST?$AA@ 0000000180006258     flags.obj
 0001:00005268       ??_C@_0M@NNNAPNMA@DN_BTNCLICK?$AA@ 0000000180006268     flags.obj
 0001:00005278       ??_C@_0BC@MJFJAANN@DN_CTLCOLORDIALOG?$AA@ 0000000180006278     flags.obj
 0001:00005290       ??_C@_0BD@HFGBIBBL@DN_CTLCOLORDLGITEM?$AA@ 0000000180006290     flags.obj
 0001:000052a8       ??_C@_0BD@JMFJPHPD@DN_CTLCOLORDLGLIST?$AA@ 00000001800062a8     flags.obj
 0001:000052c0       ??_C@_0O@NKBDPILK@DN_DRAWDIALOG?$AA@ 00000001800062c0     flags.obj
 0001:000052d0       ??_C@_0P@KGKEDPBI@DN_DRAWDLGITEM?$AA@ 00000001800062d0     flags.obj
 0001:000052e0       ??_C@_0O@JMKNGFLE@DN_EDITCHANGE?$AA@ 00000001800062e0     flags.obj
 0001:000052f0       ??_C@_0N@OCGKCPJF@DN_ENTERIDLE?$AA@ 00000001800062f0     flags.obj
 0001:00005300       ??_C@_0M@JHFIBKOO@DN_GOTFOCUS?$AA@ 0000000180006300     flags.obj
 0001:00005310       ??_C@_07NJJEMKPA@DN_HELP?$AA@ 0000000180006310     flags.obj
 0001:00005318       ??_C@_09EDGJFAK@DN_HOTKEY?$AA@ 0000000180006318     flags.obj
 0001:00005328       ??_C@_0O@BJECHBCA@DN_INITDIALOG?$AA@ 0000000180006328     flags.obj
 0001:00005338       ??_C@_0N@CHLLLNBO@DN_KILLFOCUS?$AA@ 0000000180006338     flags.obj
 0001:00005348       ??_C@_0O@CLPABIGO@DN_LISTCHANGE?$AA@ 0000000180006348     flags.obj
 0001:00005358       ??_C@_0L@MLMFBHN@DN_DRAGGED?$AA@ 0000000180006358     flags.obj
 0001:00005368       ??_C@_0BB@BOOOCAEG@DN_RESIZECONSOLE?$AA@ 0000000180006368     flags.obj
 0001:00005380       ??_C@_0BC@FHPPFLKG@DN_DRAWDIALOGDONE?$AA@ 0000000180006380     flags.obj
 0001:00005398       ??_C@_0O@EONPBNNP@DN_LISTHOTKEY?$AA@ 0000000180006398     flags.obj
 0001:000053a8       ??_C@_08MDDLDGPO@DN_INPUT?$AA@ 00000001800063a8     flags.obj
 0001:000053b8       ??_C@_0BA@FGOGLDBC@DN_CONTROLINPUT?$AA@ 00000001800063b8     flags.obj
 0001:000053c8       ??_C@_08EHEOFOJD@DN_CLOSE?$AA@ 00000001800063c8     flags.obj
 0001:000053d8       ??_C@_0M@POIFBPFN@DN_GETVALUE?$AA@ 00000001800063d8     flags.obj
 0001:000053e8       ??_C@_0BC@MHCBFAAO@DN_DROPDOWNOPENED?$AA@ 00000001800063e8     flags.obj
 0001:00005400       ??_C@_0BD@NGEKAPIF@DN_DRAWDLGITEMDONE?$AA@ 0000000180006400     flags.obj
 0001:00005418       ??_C@_07DIJJNCBA@DM_USER?$AA@ 0000000180006418     flags.obj
 0001:00005420       ??_C@_0BB@HLBBGMAN@BSTATE_UNCHECKED?$AA@ 0000000180006420     flags.obj
 0001:00005438       ??_C@_0P@FALAMPGP@BSTATE_CHECKED?$AA@ 0000000180006438     flags.obj
 0001:00005448       ??_C@_0O@KBIFGGHO@BSTATE_3STATE?$AA@ 0000000180006448     flags.obj
 0001:00005458       ??_C@_0O@ILJOJGLD@BSTATE_TOGGLE?$AA@ 0000000180006458     flags.obj
 0001:00005468       ??_C@_08PPADCPCM@CBET_KEY?$AA@ 0000000180006468     flags.obj
 0001:00005478       ??_C@_0L@KHCLMGFJ@CBET_MOUSE?$AA@ 0000000180006478     flags.obj
 0001:00005488       ??_C@_0BA@KNHGEBNE@PTYPE_FILEPANEL?$AA@ 0000000180006488     flags.obj
 0001:00005498       ??_C@_0BA@LPPHNHIG@PTYPE_TREEPANEL?$AA@ 0000000180006498     flags.obj
 0001:000054a8       ??_C@_0BB@JBINOKAI@PTYPE_QVIEWPANEL?$AA@ 00000001800064a8     flags.obj
 0001:000054c0       ??_C@_0BA@NKMDEBG@PTYPE_INFOPANEL?$AA@ 00000001800064c0     flags.obj
 0001:000054d0       ??_C@_0L@OPHJOKKE@SM_DEFAULT?$AA@ 00000001800064d0     flags.obj
 0001:000054e0       ??_C@_0M@JGBFGGEA@SM_UNSORTED?$AA@ 00000001800064e0     flags.obj
 0001:000054f0       ??_C@_07KIFHAGIL@SM_NAME?$AA@ 00000001800064f0     flags.obj
 0001:000054f8       ??_C@_06GJJJNNFE@SM_EXT?$AA@ 00000001800064f8     flags.obj
 0001:00005500       ??_C@_08FICJBKFN@SM_MTIME?$AA@ 0000000180006500     flags.obj
 0001:00005510       ??_C@_08GCCDHLCN@SM_CTIME?$AA@ 0000000180006510     flags.obj
 0001:00005520       ??_C@_08CPOLNKCG@SM_ATIME?$AA@ 0000000180006520     flags.obj
 0001:00005530       ??_C@_07OMPKMIKC@SM_SIZE?$AA@ 0000000180006530     flags.obj
 0001:00005538       ??_C@_08BCBPOLMA@SM_DESCR?$AA@ 0000000180006538     flags.obj
 0001:00005548       ??_C@_08MEAGCMBB@SM_OWNER?$AA@ 0000000180006548     flags.obj
 0001:00005558       ??_C@_0BC@NKDBNAHD@SM_COMPRESSEDSIZE?$AA@ 0000000180006558     flags.obj
 0001:00005570       ??_C@_0M@PKNLKFI@SM_NUMLINKS?$AA@ 0000000180006570     flags.obj
 0001:00005580       ??_C@_0O@CCKEKPHL@SM_NUMSTREAMS?$AA@ 0000000180006580     flags.obj
 0001:00005590       ??_C@_0P@PKGMDPMD@SM_STREAMSSIZE?$AA@ 0000000180006590     flags.obj
 0001:000055a0       ??_C@_0M@OAFEBGNH@SM_FULLNAME?$AA@ 00000001800065a0     flags.obj
 0001:000055b0       ??_C@_09KFKGJDHC@SM_CHTIME?$AA@ 00000001800065b0     flags.obj
 0001:000055c0       ??_C@_0P@FEMAMJLE@EEC_OPEN_ERROR?$AA@ 00000001800065c0     flags.obj
 0001:000055d0       ??_C@_0N@GLMELIKF@EEC_MODIFIED?$AA@ 00000001800065d0     flags.obj
 0001:000055e0       ??_C@_0BB@HALKEFOL@EEC_NOT_MODIFIED?$AA@ 00000001800065e0     flags.obj
 0001:000055f8       ??_C@_0BI@CNPFKHKO@EEC_LOADING_INTERRUPTED?$AA@ 00000001800065f8     flags.obj
 0001:00005610       ??_C@_0BK@PHBCABMB@ACTL_GETFARMANAGERVERSION?$AA@ 0000000180006610     flags.obj
 0001:00005630       ??_C@_0N@DPABJDML@ACTL_WAITKEY?$AA@ 0000000180006630     flags.obj
 0001:00005640       ??_C@_0O@CEHHJAFD@ACTL_GETCOLOR?$AA@ 0000000180006640     flags.obj
 0001:00005650       ??_C@_0BD@OKPAACIK@ACTL_GETARRAYCOLOR?$AA@ 0000000180006650     flags.obj
 0001:00005668       ??_C@_0BD@DIFEEKNN@ACTL_GETWINDOWINFO?$AA@ 0000000180006668     flags.obj
 0001:00005680       ??_C@_0BE@PJBIPKOD@ACTL_GETWINDOWCOUNT?$AA@ 0000000180006680     flags.obj
 0001:00005698       ??_C@_0BG@MNKPOEEN@ACTL_SETCURRENTWINDOW?$AA@ 0000000180006698     flags.obj
 0001:000056b0       ??_C@_0M@IHHFGPPA@ACTL_COMMIT?$AA@ 00000001800066b0     flags.obj
 0001:000056c0       ??_C@_0BA@CLHFKJJP@ACTL_GETFARHWND?$AA@ 00000001800066c0     flags.obj
 0001:000056d0       ??_C@_0BD@JFOOLBPN@ACTL_SETARRAYCOLOR?$AA@ 00000001800066d0     flags.obj
 0001:000056e8       ??_C@_0P@JECKFIA@ACTL_REDRAWALL?$AA@ 00000001800066e8     flags.obj
 0001:000056f8       ??_C@_0N@DHPLJLHO@ACTL_SYNCHRO?$AA@ 00000001800066f8     flags.obj
 0001:00005708       ??_C@_0BG@IJPADENB@ACTL_SETPROGRESSSTATE?$AA@ 0000000180006708     flags.obj
 0001:00005720       ??_C@_0BG@ICJFAPHK@ACTL_SETPROGRESSVALUE?$AA@ 0000000180006720     flags.obj
 0001:00005738       ??_C@_09HNDBKLDC@ACTL_QUIT?$AA@ 0000000180006738     flags.obj
 0001:00005748       ??_C@_0BA@LJCPDIKK@ACTL_GETFARRECT?$AA@ 0000000180006748     flags.obj
 0001:00005758       ??_C@_0BC@FELBEIDG@ACTL_GETCURSORPOS?$AA@ 0000000180006758     flags.obj
 0001:00005770       ??_C@_0BC@CAAPIEHK@ACTL_SETCURSORPOS?$AA@ 0000000180006770     flags.obj
 0001:00005788       ??_C@_0BE@NPJGMDBM@ACTL_PROGRESSNOTIFY?$AA@ 0000000180006788     flags.obj
 0001:000057a0       ??_C@_0BD@IPKOEBIA@ACTL_GETWINDOWTYPE?$AA@ 00000001800067a0     flags.obj
 0001:000057b8       ??_C@_09CEDFMINA@MSSC_POST?$AA@ 00000001800067b8     flags.obj
 0001:000057c8       ??_C@_0L@MOADGAEB@MSSC_CHECK?$AA@ 00000001800067c8     flags.obj
 0001:000057d8       ??_C@_0BA@MMOAIEKP@MACROAREA_OTHER?$AA@ 00000001800067d8     flags.obj
 0001:000057e8       ??_C@_0BA@DEBOOAEB@MACROAREA_SHELL?$AA@ 00000001800067e8     flags.obj
 0001:000057f8       ??_C@_0BB@JIMPEHCD@MACROAREA_VIEWER?$AA@ 00000001800067f8     flags.obj
 0001:00005810       ??_C@_0BB@KILFBFJH@MACROAREA_EDITOR?$AA@ 0000000180006810     flags.obj
 0001:00005828       ??_C@_0BB@CADENPFI@MACROAREA_DIALOG?$AA@ 0000000180006828     flags.obj
 0001:00005840       ??_C@_0BB@MLMLHIGE@MACROAREA_SEARCH?$AA@ 0000000180006840     flags.obj
 0001:00005858       ??_C@_0BA@KKMKOLIK@MACROAREA_DISKS?$AA@ 0000000180006858     flags.obj
 0001:00005868       ??_C@_0BD@IGOOIJP@MACROAREA_MAINMENU?$AA@ 0000000180006868     flags.obj
 0001:00005880       ??_C@_0P@LFLMAHBF@MACROAREA_MENU?$AA@ 0000000180006880     flags.obj
 0001:00005890       ??_C@_0P@DKPKIEO@MACROAREA_HELP?$AA@ 0000000180006890     flags.obj
 0001:000058a0       ??_C@_0BE@MDJPICHC@MACROAREA_INFOPANEL?$AA@ 00000001800068a0     flags.obj
 0001:000058b8       ??_C@_0BF@NLJMHMPP@MACROAREA_QVIEWPANEL?$AA@ 00000001800068b8     flags.obj
 0001:000058d0       ??_C@_0BE@HBMEGBOC@MACROAREA_TREEPANEL?$AA@ 00000001800068d0     flags.obj
 0001:000058e8       ??_C@_0BF@FCHKCGLL@MACROAREA_FINDFOLDER?$AA@ 00000001800068e8     flags.obj
 0001:00005900       ??_C@_0BD@JCFMJGDE@MACROAREA_USERMENU?$AA@ 0000000180006900     flags.obj
 0001:00005918       ??_C@_0BO@OMLEPJPM@MACROAREA_SHELLAUTOCOMPLETION?$AA@ 0000000180006918     flags.obj
 0001:00005938       ??_C@_0BP@OIHAIGBK@MACROAREA_DIALOGAUTOCOMPLETION?$AA@ 0000000180006938     flags.obj
 0001:00005958       ??_C@_0BB@JPEEDDOG@MACROAREA_COMMON?$AA@ 0000000180006958     flags.obj
 0001:00005970       ??_C@_0BD@DIKEKAIJ@MACROSTATE_NOMACRO?$AA@ 0000000180006970     flags.obj
 0001:00005988       ??_C@_0BF@PCDEFEGP@MACROSTATE_EXECUTING?$AA@ 0000000180006988     flags.obj
 0001:000059a0       ??_C@_0BM@EJOFDENO@MACROSTATE_EXECUTING_COMMON?$AA@ 00000001800069a0     flags.obj
 0001:000059c0       ??_C@_0BF@BGODKPBB@MACROSTATE_RECORDING?$AA@ 00000001800069c0     flags.obj
 0001:000059d8       ??_C@_0BM@OICPADFE@MACROSTATE_RECORDING_COMMON?$AA@ 00000001800069d8     flags.obj
 0001:000059f8       ??_C@_0N@CGFFMLBC@MPEC_SUCCESS?$AA@ 00000001800069f8     flags.obj
 0001:00005a08       ??_C@_0L@FJDDLDNN@MPEC_ERROR?$AA@ 0000000180006a08     flags.obj
 0001:00005a18       ??_C@_0N@IBOAADDD@FMVT_UNKNOWN?$AA@ 0000000180006a18     flags.obj
 0001:00005a28       ??_C@_0N@BDMFKEKE@FMVT_INTEGER?$AA@ 0000000180006a28     flags.obj
 0001:00005a38       ??_C@_0M@LFMLDDKI@FMVT_STRING?$AA@ 0000000180006a38     flags.obj
 0001:00005a48       ??_C@_0M@CKDAIOEN@FMVT_DOUBLE?$AA@ 0000000180006a48     flags.obj
 0001:00005a58       ??_C@_0N@MHKOBOGF@FMVT_BOOLEAN?$AA@ 0000000180006a58     flags.obj
 0001:00005a68       ??_C@_0M@GKPDICDA@FMVT_BINARY?$AA@ 0000000180006a68     flags.obj
 0001:00005a78       ??_C@_0N@FMHCFNDF@FMVT_POINTER?$AA@ 0000000180006a78     flags.obj
 0001:00005a88       ??_C@_08DDPDBBNO@FMVT_NIL?$AA@ 0000000180006a88     flags.obj
 0001:00005a98       ??_C@_0L@DJIKMOJA@FMVT_ARRAY?$AA@ 0000000180006a98     flags.obj
 0001:00005aa8       ??_C@_0L@PMDDFEBD@FMVT_PANEL?$AA@ 0000000180006aa8     flags.obj
 0001:00005ab8       ??_C@_0O@DCGKMPOM@WTYPE_DESKTOP?$AA@ 0000000180006ab8     flags.obj
 0001:00005ac8       ??_C@_0N@FNCFCPIG@WTYPE_PANELS?$AA@ 0000000180006ac8     flags.obj
 0001:00005ad8       ??_C@_0N@EJKMDMBK@WTYPE_VIEWER?$AA@ 0000000180006ad8     flags.obj
 0001:00005ae8       ??_C@_0N@HJNGGOKO@WTYPE_EDITOR?$AA@ 0000000180006ae8     flags.obj
 0001:00005af8       ??_C@_0N@PBFHKEGB@WTYPE_DIALOG?$AA@ 0000000180006af8     flags.obj
 0001:00005b08       ??_C@_0M@OMKLELFA@WTYPE_VMENU?$AA@ 0000000180006b08     flags.obj
 0001:00005b18       ??_C@_0L@BCEMNGOG@WTYPE_HELP?$AA@ 0000000180006b18     flags.obj
 0001:00005b28       ??_C@_0BA@IPEAOBGN@TBPS_NOPROGRESS?$AA@ 0000000180006b28     flags.obj
 0001:00005b38       ??_C@_0BD@HMEHMDAL@TBPS_INDETERMINATE?$AA@ 0000000180006b38     flags.obj
 0001:00005b50       ??_C@_0M@KHLNKPHE@TBPS_NORMAL?$AA@ 0000000180006b50     flags.obj
 0001:00005b60       ??_C@_0L@DFDPCOFD@TBPS_ERROR?$AA@ 0000000180006b60     flags.obj
 0001:00005b70       ??_C@_0M@GHGAPHPP@TBPS_PAUSED?$AA@ 0000000180006b70     flags.obj
 0001:00005b80       ??_C@_0O@MCNCFBLF@VSMT_VIEWMODE?$AA@ 0000000180006b80     flags.obj
 0001:00005b90       ??_C@_09FLKONCNO@VSMT_WRAP?$AA@ 0000000180006b90     flags.obj
 0001:00005ba0       ??_C@_0O@INKALKJK@VSMT_WORDWRAP?$AA@ 0000000180006ba0     flags.obj
 0001:00005bb0       ??_C@_08FNEFFFEL@VMT_TEXT?$AA@ 0000000180006bb0     flags.obj
 0001:00005bc0       ??_C@_07FLIHDEDA@VMT_HEX?$AA@ 0000000180006bc0     flags.obj
 0001:00005bc8       ??_C@_08BDDNDBMJ@VMT_DUMP?$AA@ 0000000180006bc8     flags.obj
 0001:00005bd8       ??_C@_07OJCLGDHJ@VE_READ?$AA@ 0000000180006bd8     flags.obj
 0001:00005be0       ??_C@_08JIBCCIDC@VE_CLOSE?$AA@ 0000000180006be0     flags.obj
 0001:00005bf0       ??_C@_0M@FEFKOOMJ@VE_GOTFOCUS?$AA@ 0000000180006bf0     flags.obj
 0001:00005c00       ??_C@_0N@ICHCAKIB@VE_KILLFOCUS?$AA@ 0000000180006c00     flags.obj
 0001:00005c10       ??_C@_07BLBPFFLB@EE_READ?$AA@ 0000000180006c10     flags.obj
 0001:00005c18       ??_C@_07KJGPGPOC@EE_SAVE?$AA@ 0000000180006c18     flags.obj
 0001:00005c20       ??_C@_09NPOPIKMK@EE_REDRAW?$AA@ 0000000180006c20     flags.obj
 0001:00005c30       ??_C@_08NFPFGIG@EE_CLOSE?$AA@ 0000000180006c30     flags.obj
 0001:00005c40       ??_C@_0M@CPNMNBMF@EE_GOTFOCUS?$AA@ 0000000180006c40     flags.obj
 0001:00005c50       ??_C@_0N@ILLPMAJF@EE_KILLFOCUS?$AA@ 0000000180006c50     flags.obj
 0001:00005c60       ??_C@_09MIOGFFI@EE_CHANGE?$AA@ 0000000180006c60     flags.obj
 0001:00005c70       ??_C@_0P@MBHAHBBG@DE_DLGPROCINIT?$AA@ 0000000180006c70     flags.obj
 0001:00005c80       ??_C@_0BC@BMFEJAMO@DE_DEFDLGPROCINIT?$AA@ 0000000180006c80     flags.obj
 0001:00005c98       ??_C@_0O@ICBCOJCG@DE_DLGPROCEND?$AA@ 0000000180006c98     flags.obj
 0001:00005ca8       ??_C@_0BB@MNODJNPE@SE_COMMONSYNCHRO?$AA@ 0000000180006ca8     flags.obj
 0001:00005cc0       ??_C@_0N@HKGMPMJE@ESPT_TABSIZE?$AA@ 0000000180006cc0     flags.obj
 0001:00005cd0       ??_C@_0BA@GOKHPFCK@ESPT_EXPANDTABS?$AA@ 0000000180006cd0     flags.obj
 0001:00005ce0       ??_C@_0BA@KOADDMLI@ESPT_AUTOINDENT?$AA@ 0000000180006ce0     flags.obj
 0001:00005cf0       ??_C@_0BF@LPNONOMF@ESPT_CURSORBEYONDEOL?$AA@ 0000000180006cf0     flags.obj
 0001:00005d08       ??_C@_0BC@OECOCGLJ@ESPT_CHARCODEBASE?$AA@ 0000000180006d08     flags.obj
 0001:00005d20       ??_C@_0O@PIAOJINE@ESPT_CODEPAGE?$AA@ 0000000180006d20     flags.obj
 0001:00005d30       ??_C@_0BG@HAPABMJH@ESPT_SAVEFILEPOSITION?$AA@ 0000000180006d30     flags.obj
 0001:00005d48       ??_C@_0O@KCPDJCKC@ESPT_LOCKMODE?$AA@ 0000000180006d48     flags.obj
 0001:00005d58       ??_C@_0BA@EIGIAOHM@ESPT_SETWORDDIV?$AA@ 0000000180006d58     flags.obj
 0001:00005d68       ??_C@_0BA@FGEHLJDF@ESPT_GETWORDDIV?$AA@ 0000000180006d68     flags.obj
 0001:00005d78       ??_C@_0BE@MACJBCFP@ESPT_SHOWWHITESPACE?$AA@ 0000000180006d78     flags.obj
 0001:00005d90       ??_C@_0M@FICNFPPA@ESPT_SETBOM?$AA@ 0000000180006d90     flags.obj
 0001:00005da0       ??_C@_09FLEMPKKP@EUR_BEGIN?$AA@ 0000000180006da0     flags.obj
 0001:00005db0       ??_C@_07DDJDFJCN@EUR_END?$AA@ 0000000180006db0     flags.obj
 0001:00005db8       ??_C@_08FCONALGE@EUR_UNDO?$AA@ 0000000180006db8     flags.obj
 0001:00005dc8       ??_C@_08DHMMFAHF@EUR_REDO?$AA@ 0000000180006dc8     flags.obj
 0001:00005dd8       ??_C@_0O@PKOIFEBO@EXPAND_NOTABS?$AA@ 0000000180006dd8     flags.obj
 0001:00005de8       ??_C@_0P@MLHPCNDM@EXPAND_ALLTABS?$AA@ 0000000180006de8     flags.obj
 0001:00005df8       ??_C@_0P@OONGIIBL@EXPAND_NEWTABS?$AA@ 0000000180006df8     flags.obj
 0001:00005e08       ??_C@_0BD@DKHPEOHH@EOPT_EXPANDALLTABS?$AA@ 0000000180006e08     flags.obj
 0001:00005e20       ??_C@_0BG@BOINMDEK@EOPT_PERSISTENTBLOCKS?$AA@ 0000000180006e20     flags.obj
 0001:00005e38       ??_C@_0BG@PIIHHCAN@EOPT_DELREMOVESBLOCKS?$AA@ 0000000180006e38     flags.obj
 0001:00005e50       ??_C@_0BA@KPJEAKBD@EOPT_AUTOINDENT?$AA@ 0000000180006e50     flags.obj
 0001:00005e60       ??_C@_0BG@MBPADLG@EOPT_SAVEFILEPOSITION?$AA@ 0000000180006e60     flags.obj
 0001:00005e78       ??_C@_0BI@PFHCGCAI@EOPT_AUTODETECTCODEPAGE?$AA@ 0000000180006e78     flags.obj
 0001:00005e90       ??_C@_0BF@IMCOEIAL@EOPT_CURSORBEYONDEOL?$AA@ 0000000180006e90     flags.obj
 0001:00005ea8       ??_C@_0BH@CJPAGGLC@EOPT_EXPANDONLYNEWTABS?$AA@ 0000000180006ea8     flags.obj
 0001:00005ec0       ??_C@_0BE@DDKCDJDC@EOPT_SHOWWHITESPACE?$AA@ 0000000180006ec0     flags.obj
 0001:00005ed8       ??_C@_08HMMLONBH@EOPT_BOM?$AA@ 0000000180006ed8     flags.obj
 0001:00005ee8       ??_C@_0BD@CLLAKGOA@EOPT_SHOWLINEBREAK?$AA@ 0000000180006ee8     flags.obj
 0001:00005f00       ??_C@_0L@BJCBJJNB@BTYPE_NONE?$AA@ 0000000180006f00     flags.obj
 0001:00005f10       ??_C@_0N@OPHHGFPF@BTYPE_STREAM?$AA@ 0000000180006f10     flags.obj
 0001:00005f20       ??_C@_0N@EMEGNPLI@BTYPE_COLUMN?$AA@ 0000000180006f20     flags.obj
 0001:00005f30       ??_C@_0BB@BNPDAPGB@ECSTATE_MODIFIED?$AA@ 0000000180006f30     flags.obj
 0001:00005f48       ??_C@_0O@GBBGHDFM@ECSTATE_SAVED?$AA@ 0000000180006f48     flags.obj
 0001:00005f58       ??_C@_0P@BECIAJAM@ECSTATE_LOCKED?$AA@ 0000000180006f58     flags.obj
 0001:00005f68       ??_C@_0P@DOBJCNIG@ECTYPE_CHANGED?$AA@ 0000000180006f68     flags.obj
 0001:00005f78       ??_C@_0N@MDEFMEEA@ECTYPE_ADDED?$AA@ 0000000180006f78     flags.obj
 0001:00005f88       ??_C@_0P@NMOJJPOB@ECTYPE_DELETED?$AA@ 0000000180006f88     flags.obj
 0001:00005f98       ??_C@_08HHHKLJPB@PLT_PATH?$AA@ 0000000180006f98     flags.obj
 0001:00005fa8       ??_C@_08KBAMIIFB@PFM_GUID?$AA@ 0000000180006fa8     flags.obj
 0001:00005fb8       ??_C@_0P@KKEMMPNI@PFM_MODULENAME?$AA@ 0000000180006fb8     flags.obj
 0001:00005fc8       ??_C@_09BOODOHKD@FFT_PANEL?$AA@ 0000000180006fc8     flags.obj
 0001:00005fd8       ??_C@_0N@GMEDAGNH@FFT_FINDFILE?$AA@ 0000000180006fd8     flags.obj
 0001:00005fe8       ??_C@_08KKCPIPGP@FFT_COPY?$AA@ 0000000180006fe8     flags.obj
 0001:00005ff8       ??_C@_0L@EKPDMFDD@FFT_SELECT?$AA@ 0000000180006ff8     flags.obj
 0001:00006008       ??_C@_0L@LGPEDLLD@FFT_CUSTOM?$AA@ 0000000180007008     flags.obj
 0001:00006018       ??_C@_0M@OIOMMFOE@FST_UNKNOWN?$AA@ 0000000180007018     flags.obj
 0001:00006028       ??_C@_0L@GGGOEGKJ@FST_SUBKEY?$AA@ 0000000180007028     flags.obj
 0001:00006038       ??_C@_09LFEEAJIC@FST_QWORD?$AA@ 0000000180007038     flags.obj
 0001:00006048       ??_C@_0L@LPMPBKDL@FST_STRING?$AA@ 0000000180007048     flags.obj
 0001:00006058       ??_C@_08EJJJCLIG@FST_DATA?$AA@ 0000000180007058     flags.obj
 0001:00006068       ??_C@_09OBBBBFPE@FSSF_ROOT?$AA@ 0000000180007068     flags.obj
 0001:00006078       ??_C@_0BB@HDKCPBIO@FSSF_HISTORY_CMD?$AA@ 0000000180007078     flags.obj
 0001:00006090       ??_C@_0BE@BLPOFODL@FSSF_HISTORY_FOLDER?$AA@ 0000000180007090     flags.obj
 0001:000060a8       ??_C@_0BC@NJCJCCNH@FSSF_HISTORY_VIEW?$AA@ 00000001800070a8     flags.obj
 0001:000060c0       ??_C@_0BC@CODELNPP@FSSF_HISTORY_EDIT?$AA@ 00000001800070c0     flags.obj
 0001:000060d8       ??_C@_0BG@IFGEMJIF@FSSF_HISTORY_EXTERNAL?$AA@ 00000001800070d8     flags.obj
 0001:000060f0       ??_C@_0BG@DGAKDKFK@FSSF_FOLDERSHORTCUT_0?$AA@ 00000001800070f0     flags.obj
 0001:00006108       ??_C@_0BG@CPBBALBL@FSSF_FOLDERSHORTCUT_1?$AA@ 0000000180007108     flags.obj
 0001:00006120       ??_C@_0BG@EDMFINI@FSSF_FOLDERSHORTCUT_2?$AA@ 0000000180007120     flags.obj
 0001:00006138       ??_C@_0BG@BNCHGJJJ@FSSF_FOLDERSHORTCUT_3?$AA@ 0000000180007138     flags.obj
 0001:00006150       ??_C@_0BG@FCGGPPFO@FSSF_FOLDERSHORTCUT_4?$AA@ 0000000180007150     flags.obj
 0001:00006168       ??_C@_0BG@ELHNMOBP@FSSF_FOLDERSHORTCUT_5?$AA@ 0000000180007168     flags.obj
 0001:00006180       ??_C@_0BG@GAFAJNNM@FSSF_FOLDERSHORTCUT_6?$AA@ 0000000180007180     flags.obj
 0001:00006198       ??_C@_0BG@HJELKMJN@FSSF_FOLDERSHORTCUT_7?$AA@ 0000000180007198     flags.obj
 0001:000061b0       ??_C@_0BG@PONDLAFC@FSSF_FOLDERSHORTCUT_8?$AA@ 00000001800071b0     flags.obj
 0001:000061c8       ??_C@_0BG@OHMIIBBD@FSSF_FOLDERSHORTCUT_9?$AA@ 00000001800071c8     flags.obj
 0001:000061e0       ??_C@_0BD@PBIEGEHP@FSSF_CONFIRMATIONS?$AA@ 00000001800071e0     flags.obj
 0001:000061f8       ??_C@_0M@PIGDMPJB@FSSF_SYSTEM?$AA@ 00000001800071f8     flags.obj
 0001:00006208       ??_C@_0L@LBFNJGFB@FSSF_PANEL?$AA@ 0000000180007208     flags.obj
 0001:00006218       ??_C@_0M@KJLIHDEL@FSSF_EDITOR?$AA@ 0000000180007218     flags.obj
 0001:00006228       ??_C@_0M@KEMGKEOF@FSSF_SCREEN?$AA@ 0000000180007228     flags.obj
 0001:00006238       ??_C@_0M@CBDJLJIE@FSSF_DIALOG?$AA@ 0000000180007238     flags.obj
 0001:00006248       ??_C@_0P@OCDADNBF@FSSF_INTERFACE?$AA@ 0000000180007248     flags.obj
[...]
 0003:00003840       $pdata$_updatetlocinfoEx_nolock 000000018006d840     libucrt:locale_refcounting.obj
 0003:0000384c       $pdata$__acrt_fp_strflt_to_string 000000018006d84c     libucrt:_fptostr.obj
 0003:00003858       $pdata$__acrt_fltout       000000018006d858     libucrt:cfout.obj
 0003:00003864       $pdata$_isatty             000000018006d864     libucrt:isatty.obj
 0003:00003870       $pdata$__acrt_locale_free_monetary 000000018006d870     libucrt:initmon.obj
 0003:0000387c       $pdata$__acrt_locale_free_numeric 000000018006d87c     libucrt:initnum.obj
 0003:00003888       $pdata$?free_crt_array_internal@@YAXQEAPEBX_K@Z 000000018006d888     libucrt:inittime.obj
 0003:00003894       $pdata$__acrt_locale_free_time 000000018006d894     libucrt:inittime.obj
 0003:000038a0       $pdata$__acrt_GetStringTypeA 000000018006d8a0     libucrt:getstringtypea.obj
 0003:000038ac       $pdata$__acrt_lowio_create_handle_array 000000018006d8ac     libucrt:osfinfo.obj
 0003:000038b8       $pdata$__acrt_lowio_destroy_handle_array 000000018006d8b8     libucrt:osfinfo.obj
 0003:000038c4       $pdata$__acrt_lowio_ensure_fh_exists 000000018006d8c4     libucrt:osfinfo.obj
 0003:000038d0       $pdata$__acrt_lowio_set_os_handle 000000018006d8d0     libucrt:osfinfo.obj
 0003:000038dc       $pdata$_alloc_osfhnd       000000018006d8dc     libucrt:osfinfo.obj
 0003:000038e8       $pdata$_free_osfhnd        000000018006d8e8     libucrt:osfinfo.obj
 0003:000038f4       $pdata$_get_osfhandle      000000018006d8f4     libucrt:osfinfo.obj
 0003:00003900       $pdata$_wcsnicmp           000000018006d900     libucrt:wcsnicmp.obj
 0003:0000390c       $pdata$_wcsnicmp_l         000000018006d90c     libucrt:wcsnicmp.obj
 0003:00003918       $pdata$?GetTableIndexFromLocaleName@@YAHPEB_W@Z 000000018006d918     libucrt:lcidtoname_downlevel.obj
 0003:00003924       $pdata$__acrt_DownlevelLocaleNameToLCID 000000018006d924     libucrt:lcidtoname_downlevel.obj
 0003:00003930       $pdata$__acrt_LCMapStringW 000000018006d930     libucrt:lcmapstringw.obj
 0003:0000393c       $pdata$_msize              000000018006d93c     libucrt:msize.obj
 0003:00003948       $pdata$_realloc_base       000000018006d948     libucrt:realloc_base.obj
 0003:00003954       $pdata$__acrt_copy_path_to_wide_string 000000018006d954     libucrt:string_utilities.obj
 0003:00003960       $pdata$_get_fmode          000000018006d960     libucrt:setmode.obj
 0003:0000396c       $pdata$_setmode_nolock     000000018006d96c     libucrt:setmode.obj
 0003:00003978       $pdata$_putwch_nolock      000000018006d978     libucrt:putwch.obj
 0003:00003984       $pdata$_chsize_nolock      000000018006d984     libucrt:chsize.obj
 0003:00003990       $pdata$_getfpcontrolword   000000018006d990     libucrt:_fenvutils.obj
 0003:0000399c       $pdata$_getfpstatusword    000000018006d99c     libucrt:_fenvutils.obj
 0003:000039a8       $pdata$_setfpstatusword    000000018006d9a8     libucrt:_fenvutils.obj
 0003:000039b4       $pdata$__acrt_CompareStringW 000000018006d9b4     libucrt:comparestringw.obj
 0003:000039c0       $pdata$??$construct_environment_block@_W@@YAHQEBQEB_WQEAPEA_W@Z 000000018006d9c0     libucrt:cenvarg.obj
 0003:000039cc       $pdata$__acrt_pack_wide_command_line_and_environment 000000018006d9cc     libucrt:cenvarg.obj
 0003:000039d8       $pdata$?initialize_multibyte@@YAHXZ 000000018006d9d8     libucrt:multibyte_initializer.obj
 0003:000039e4       $pdata$fegetenv            000000018006d9e4     libucrt:fegetenv.obj
 0003:000039f0       $pdata$fesetenv            000000018006d9f0     libucrt:fesetenv.obj
 0003:000039fc       $pdata$feholdexcept        000000018006d9fc     libucrt:feholdexcept.obj
 0003:00003a14       $pdata$__dcrt_lowio_initialize_console_output 000000018006da14     libucrt:initcon.obj
 0003:00003a20       $pdata$__dcrt_terminate_console_output 000000018006da20     libucrt:initcon.obj
 0003:00003a2c       $pdata$_call_matherr       000000018006da2c     libucrt:libm_error.obj
 0003:00003a38       $pdata$_exception_enabled  000000018006da38     libucrt:libm_error.obj
 0003:00003a44       $pdata$_handle_error       000000018006da44     libucrt:libm_error.obj
 0003:00003a50       $pdata$__acrt_initialize_fma3 000000018006da50     libucrt:fma3_available.obj
 0003:00003a5c       $pdata$_log10_special      000000018006da5c     libucrt:log_special.obj
 0003:00003a68       $pdata$_log_special_common 000000018006da68     libucrt:log_special.obj
 0003:00003a74       $pdata$_raise_exc          000000018006da74     libucrt:fpexcept.obj
 0003:00003a80       $pdata$_raise_exc_ex       000000018006da80     libucrt:fpexcept.obj
 0003:00003a8c       $pdata$_set_errno_from_matherr 000000018006da8c     libucrt:fpexcept.obj
 0003:00003a98       $pdata$_clrfp              000000018006da98     libucrt:fpctrl.obj
 0003:00003aa4       $pdata$_ctrlfp             000000018006daa4     libucrt:fpctrl.obj
 0003:00003ab0       $pdata$_set_statfp         000000018006dab0     libucrt:fpctrl.obj
 0003:00003abc       $pdata$_statfp             000000018006dabc     libucrt:fpctrl.obj
 0003:00003ac8       $pdata$__GSHandlerCheck    000000018006dac8     LIBCMT:_gshandler_.obj
 0003:00003ad4       $pdata$__GSHandlerCheckCommon 000000018006dad4     LIBCMT:_gshandler_.obj
 0003:00003aec       $pdata$_IsNonwritableInCurrentImage 000000018006daec     LIBCMT:pesect.obj
 0003:00003af8       $pdata$__raise_securityfailure 000000018006daf8     LIBCMT:gs_report.obj
 0003:00003b04       $pdata$__report_gsfailure  000000018006db04     LIBCMT:gs_report.obj
 0003:00003b10       $pdata$__report_rangecheckfailure 000000018006db10     LIBCMT:gs_report.obj
 0003:00003b1c       $pdata$__report_securityfailure 000000018006db1c     LIBCMT:gs_report.obj
 0003:00003b28       $pdata$capture_current_context 000000018006db28     LIBCMT:gs_report.obj
 0003:00003b34       $pdata$capture_previous_context 000000018006db34     LIBCMT:gs_report.obj
 0003:00003b40       $pdata$__GSHandlerCheck_SEH 000000018006db40     LIBCMT:_gshandlerseh_.obj
 0003:00003b58       $pdata$?fin$0@?0??dllmain_crt_process_attach@@YAHQEAUHINSTANCE__@@QEAX@Z@4HA 000000018006db58     LIBCMT:dll_dllmain.obj
 0003:00003b64       $pdata$?fin$0@?0??dllmain_crt_process_detach@@YAH_N@Z@4HA 000000018006db64     LIBCMT:dll_dllmain.obj
 0003:00003b70       $pdata$?filt$0@?0??dllmain_dispatch@@YAHQEAUHINSTANCE__@@KQEAX@Z@4HA 000000018006db70     LIBCMT:dll_dllmain.obj
 0003:00003b7c       $pdata$__scrt_is_nonwritable_in_current_image$filt$0 000000018006db7c     LIBCMT:utility.obj
 0003:00003b88       $pdata$?fin$0@?0???$common_fsopen@_W@@YAPEAU_iobuf@@QEB_W0H@Z@4HA 000000018006db88     libucrt:fopen.obj
 0003:00003b94       $pdata$?fin$0@?0???$common_freopen@_W@@YAHQEAPEAU_iobuf@@QEB_W1V__crt_stdio_stream@@H@Z@4HA 000000018006db94     libucrt:freopen.obj
 0003:00003b94       $pdata$?fin$0@?0???$common_fdopen@_W@@YAPEAU_iobuf@@HQEB_W@Z@4HA 000000018006db94     libucrt:fdopen.obj
 0003:00003ba0       $pdata$fread_s$fin$0       000000018006dba0     libucrt:fread.obj
 0003:00003bac       $pdata$fgetc$fin$0         000000018006dbac     libucrt:fgetc.obj
 0003:00003bb8       $pdata$ungetc$fin$0        000000018006dbb8     libucrt:ungetc.obj
 0003:00003bc4       $pdata$?fin$0@?0???$common_popen@_W@@YAPEAU_iobuf@@QEB_W0@Z@4HA 000000018006dbc4     libucrt:popen.obj
 0003:00003bd0       $pdata$_pclose$fin$0       000000018006dbd0     libucrt:popen.obj
 0003:00003bdc       $pdata$common_flush_all$fin$0 000000018006dbdc     libucrt:fflush.obj
 0003:00003be8       $pdata$common_flush_all$fin$1 000000018006dbe8     libucrt:fflush.obj
 0003:00003bf4       $pdata$clearerr_s$fin$0    000000018006dbf4     libucrt:clearerr.obj
 0003:00003bf4       $pdata$rewind$fin$0        000000018006dbf4     libucrt:rewind.obj
 0003:00003bf4       $pdata$fclose$fin$0        000000018006dbf4     libucrt:fclose.obj
 0003:00003bf4       $pdata$fflush$fin$0        000000018006dbf4     libucrt:fflush.obj
 0003:00003c00       $pdata$?fin$0@?0???$common_fgets@D@@YAPEADQEADHV__crt_stdio_stream@@@Z@4HA 000000018006dc00     libucrt:fgets.obj
 0003:00003c0c       $pdata$?fin$0@?0???$common_ftell@J@@YAJV__crt_stdio_stream@@@Z@4HA 000000018006dc0c     libucrt:ftell.obj
 0003:00003c0c       $pdata$?fin$0@?0??common_fseek@@YAHV__crt_stdio_stream@@_JH@Z@4HA 000000018006dc0c     libucrt:fseek.obj
 0003:00003c18       $pdata$?fin$0@?0??common_tmpfile@@YAHQEAPEAU_iobuf@@H@Z@4HA 000000018006dc18     libucrt:tmpfile.obj
 0003:00003c24       $pdata$?fin$0@?0??common_tmpfile_nolock@@YAHQEAPEAU_iobuf@@H@Z@4HA 000000018006dc24     libucrt:tmpfile.obj
 0003:00003c30       $pdata$?fin$0@?0???$?RV<lambda_aa279a7bcb127014629d5b1d62c7325d>@@AEAV<lambda_0a64b6a4deda75c01876f29c44fc5eb3>@@V<lambda_3323e69fbefe9d1a11713e670d47cdfa>@@@?$__crt_seh_guarded_call@H@@QEAAH$$QEAV<lambda_aa279a7bcb127014629d5b1d62c7325d>@@AEAV<lambda_0a64b6a4deda75c01876f29c44fc5eb3>@@$$QEAV<lambda_3323e69fbefe9d1a11713e670d47cdfa>@@@Z@4HA 000000018006dc30     libucrt:output.obj
 0003:00003c30       $pdata$?fin$0@?0???$?RV<lambda_5d4c3fee44080f75d5d9762853974fe0>@@AEAV<lambda_532e024f4337e6fc7ad266c2bef9f4ed>@@V<lambda_c87bdc10097eb2402edb8ba9bdf0697b>@@@?$__crt_seh_guarded_call@_K@@QEAA_K$$QEAV<lambda_5d4c3fee44080f75d5d9762853974fe0>@@AEAV<lambda_532e024f4337e6fc7ad266c2bef9f4ed>@@$$QEAV<lambda_c87bdc10097eb2402edb8ba9bdf0697b>@@@Z@4HA 000000018006dc30     libucrt:fwrite.obj
 0003:00003c30       $pdata$?fin$0@?0???$?RV<lambda_7a5ef57ff966f610505f1d28a3d40618>@@AEAV<lambda_b721fa326cdb32351d23dfa67958c160>@@V<lambda_5e0fb27672408a07956fe59e48ccb2aa>@@@?$__crt_seh_guarded_call@H@@QEAAH$$QEAV<lambda_7a5ef57ff966f610505f1d28a3d40618>@@AEAV<lambda_b721fa326cdb32351d23dfa67958c160>@@$$QEAV<lambda_5e0fb27672408a07956fe59e48ccb2aa>@@@Z@4HA 000000018006dc30     libucrt:setvbuf.obj
 0003:00003c30       $pdata$?fin$0@?0???$?RV<lambda_c01e8233c1997d6cc4b8f1fd672e07e5>@@AEAV<lambda_3a6204444a8bad05601fdaf7664f6f17>@@V<lambda_b6ae1896c9cebd71befa8310523e5efb>@@@?$__crt_seh_guarded_call@H@@QEAAH$$QEAV<lambda_c01e8233c1997d6cc4b8f1fd672e07e5>@@AEAV<lambda_3a6204444a8bad05601fdaf7664f6f17>@@$$QEAV<lambda_b6ae1896c9cebd71befa8310523e5efb>@@@Z@4HA 000000018006dc30     libucrt:input.obj
 0003:00003c3c       $pdata$?fin$0@?0???$common_dupenv_s@_W@@YAHQEAPEA_WQEA_KQEB_WHQEBDH@Z@4HA 000000018006dc3c     libucrt:getenv.obj
 0003:00003c48       $pdata$?fin$0@?0???$common_getenv@_W@@YAPEA_WQEB_W@Z@4HA 000000018006dc48     libucrt:getenv.obj
 0003:00003c54       $pdata$?filt$0@?0??common_exit@@YAXHW4_crt_exit_cleanup_mode@@W4_crt_exit_return_mode@@@Z@4HA 000000018006dc54     libucrt:exit.obj
 0003:00003c60       $pdata$?fin$1@?0??common_exit@@YAXHW4_crt_exit_cleanup_mode@@W4_crt_exit_return_mode@@@Z@4HA 000000018006dc60     libucrt:exit.obj
 0003:00003c6c       $pdata$?fin$0@?0???$?RV<lambda_e24bbb7b643b32fcea6fa61b31d4c984>@@AEAV<lambda_275893d493268fdec8709772e3fcec0e>@@V<lambda_9d71df4d7cf3f480f8d633942495c3b0>@@@?$__crt_seh_guarded_call@H@@QEAAH$$QEAV<lambda_e24bbb7b643b32fcea6fa61b31d4c984>@@AEAV<lambda_275893d493268fdec8709772e3fcec0e>@@$$QEAV<lambda_9d71df4d7cf3f480f8d633942495c3b0>@@@Z@4HA 000000018006dc6c     libucrt:onexit.obj
 0003:00003c78       $pdata$__acrt_lowio_ensure_fh_exists$fin$0 000000018006dc78     libucrt:osfinfo.obj
 0003:00003c78       $pdata$_alloc_osfhnd$fin$0 000000018006dc78     libucrt:osfinfo.obj
 0003:00003c78       $pdata$__acrt_initialize_lowio$fin$0 000000018006dc78     libucrt:ioinit.obj
 0003:00003c84       $pdata$_fcloseall$fin$0    000000018006dc84     libucrt:closeall.obj
 0003:00003c84       $pdata$?fin$0@?0??__acrt_stdio_allocate_stream@@YA?AV__crt_stdio_stream@@XZ@4HA 000000018006dc84     libucrt:stream.obj
 0003:00003c90       $pdata$?fin$0@?0???$common_lseek@J@@YAJHJH@Z@4HA 000000018006dc90     libucrt:lseek.obj
 0003:00003c90       $pdata$_read$fin$0         000000018006dc90     libucrt:read.obj
 0003:00003c90       $pdata$_write$fin$0        000000018006dc90     libucrt:write.obj
 0003:00003c90       $pdata$?fin$0@?0???$common_lseek@_J@@YA_JH_JH@Z@4HA 000000018006dc90     libucrt:lseek.obj
 0003:00003c9c       $pdata$_pipe$fin$1         000000018006dc9c     libucrt:pipe.obj
 0003:00003ca8       $pdata$_pipe$fin$0         000000018006dca8     libucrt:pipe.obj
 0003:00003cb4       $pdata$?fin$0@?0???$?RV<lambda_bfedae4ebbf01fab1bb6dcc6a9e276e0>@@AEAV<lambda_2fe9b910cf3cbf4a0ab98a02ba45b3ec>@@V<lambda_237c231691f317818eb88cc1d5d642d6>@@@?$__crt_seh_guarded_call@H@@QEAAH$$QEAV<lambda_bfedae4ebbf01fab1bb6dcc6a9e276e0>@@AEAV<lambda_2fe9b910cf3cbf4a0ab98a02ba45b3ec>@@$$QEAV<lambda_237c231691f317818eb88cc1d5d642d6>@@@Z@4HA 000000018006dcb4     libucrt:close.obj
 0003:00003cb4       $pdata$?fin$0@?0???$?RV<lambda_b521505b218e5242e90febf6bfebc422>@@AEAV<lambda_6978c1fb23f02e42e1d9e99668cc68aa>@@V<lambda_314360699dd331753a4119843814e9a7>@@@?$__crt_seh_guarded_call@H@@QEAAH$$QEAV<lambda_b521505b218e5242e90febf6bfebc422>@@AEAV<lambda_6978c1fb23f02e42e1d9e99668cc68aa>@@$$QEAV<lambda_314360699dd331753a4119843814e9a7>@@@Z@4HA 000000018006dcb4     libucrt:commit.obj
 0003:00003cc0       $pdata$?fin$0@?0???$common_sopen_dispatch@D@@YAHQEBDHHHQEAHH@Z@4HA 000000018006dcc0     libucrt:open.obj
 0003:00003cc0       $pdata$?fin$0@?0???$common_sopen_dispatch@_W@@YAHQEB_WHHHQEAHH@Z@4HA 000000018006dcc0     libucrt:open.obj
 0003:00003ccc       $pdata$_rmtmp$fin$0        000000018006dccc     libucrt:rmtmp.obj
 0003:00003cd8       $pdata$_rmtmp$fin$1        000000018006dcd8     libucrt:rmtmp.obj
 0003:00003ce4       $pdata$?fin$0@?0???$?RV<lambda_fb01e4b6cb0b58be62120d2a518119ce>@@AEAV<lambda_45edfab556fcff821d8a41c06e3d46c0>@@V<lambda_8a9bf702b7f902ca2f9107a173e0fbe3>@@@?$__crt_seh_guarded_call@_N@@QEAA_N$$QEAV<lambda_fb01e4b6cb0b58be62120d2a518119ce>@@AEAV<lambda_45edfab556fcff821d8a41c06e3d46c0>@@$$QEAV<lambda_8a9bf702b7f902ca2f9107a173e0fbe3>@@@Z@4HA 000000018006dce4     libucrt:spawnv.obj
 0003:00003ce4       $pdata$?fin$0@?0???$?RV<lambda_c36588078e9f5dfd39652860aa6b3aaf>@@AEAV<lambda_ec61778202f4f5fc7e7711acc23c3bca>@@V<lambda_dc9d2797ccde5d239b4a0efae8ebd7db>@@@?$__crt_seh_guarded_call@P6AXH@Z@@QEAAP6AXH@Z$$QEAV<lambda_c36588078e9f5dfd39652860aa6b3aaf>@@AEAV<lambda_ec61778202f4f5fc7e7711acc23c3bca>@@$$QEAV<lambda_dc9d2797ccde5d239b4a0efae8ebd7db>@@@Z@4HA 000000018006dce4     libucrt:signal.obj
 0003:00003ce4       $pdata$?fin$0@?0???$?RV<lambda_b8c45f8f788dd370798f47cfe8ac3a86>@@AEAV<lambda_4e60a939b0d047cfe11ddc22648dfba9>@@V<lambda_332c3edc96d0294ec56c57d38c1cdfd5>@@@?$__crt_seh_guarded_call@H@@QEAAH$$QEAV<lambda_b8c45f8f788dd370798f47cfe8ac3a86>@@AEAV<lambda_4e60a939b0d047cfe11ddc22648dfba9>@@$$QEAV<lambda_332c3edc96d0294ec56c57d38c1cdfd5>@@@Z@4HA 000000018006dce4     libucrt:onexit.obj
 0003:00003ce4       $pdata$?fin$0@?0???$?RV<lambda_fb3a7dec4e47f37f22dae91bb15c9095>@@AEAV<lambda_698284760c8add0bfb0756c19673e34b>@@V<lambda_dfb8eca1e75fef3034a8fb18dd509707>@@@?$__crt_seh_guarded_call@X@@QEAAX$$QEAV<lambda_fb3a7dec4e47f37f22dae91bb15c9095>@@AEAV<lambda_698284760c8add0bfb0756c19673e34b>@@$$QEAV<lambda_dfb8eca1e75fef3034a8fb18dd509707>@@@Z@4HA 000000018006dce4     libucrt:per_thread_data.obj
 0003:00003ce4       $pdata$?fin$0@?0???$?RV<lambda_99476a1ad63dd22509b5d3e65b0ffc95>@@AEAV<lambda_ad1ced32f4ac17aa236e5ef05d6b3b7c>@@V<lambda_f7424dd8d45958661754dc4f2697e9c3>@@@?$__crt_seh_guarded_call@X@@QEAAX$$QEAV<lambda_99476a1ad63dd22509b5d3e65b0ffc95>@@AEAV<lambda_ad1ced32f4ac17aa236e5ef05d6b3b7c>@@$$QEAV<lambda_f7424dd8d45958661754dc4f2697e9c3>@@@Z@4HA 000000018006dce4     libucrt:mbctype.obj
 0003:00003ce4       $pdata$?fin$0@?0???$?RV<lambda_46352004c1216016012b18bd6f87e700>@@AEAV<lambda_3bd07e1a1191394380780325891bf33f>@@V<lambda_334532d3f185bcaa59b5be82d7d22bff>@@@?$__crt_seh_guarded_call@X@@QEAAX$$QEAV<lambda_46352004c1216016012b18bd6f87e700>@@AEAV<lambda_3bd07e1a1191394380780325891bf33f>@@$$QEAV<lambda_334532d3f185bcaa59b5be82d7d22bff>@@@Z@4HA 000000018006dce4     libucrt:per_thread_data.obj
 0003:00003ce4       $pdata$?fin$0@?0???$?RV<lambda_5e887d1dcbef67a5eb4283622ba103bf>@@AEAV<lambda_4466841279450cc726390878d4a41900>@@V<lambda_341c25c0346d94847f1f3c463c57e077>@@@?$__crt_seh_guarded_call@X@@QEAAX$$QEAV<lambda_5e887d1dcbef67a5eb4283622ba103bf>@@AEAV<lambda_4466841279450cc726390878d4a41900>@@$$QEAV<lambda_341c25c0346d94847f1f3c463c57e077>@@@Z@4HA 000000018006dce4     libucrt:per_thread_data.obj
 0003:00003ce4       $pdata$?fin$0@?0???$?RV<lambda_72d1df2b273a38828b1ce30cbf4cdab5>@@AEAV<lambda_876a65b173b8412d3a47c70a915b0cf4>@@V<lambda_41932305e351933ebe8f8be3ed8bb5dc>@@@?$__crt_seh_guarded_call@X@@QEAAX$$QEAV<lambda_72d1df2b273a38828b1ce30cbf4cdab5>@@AEAV<lambda_876a65b173b8412d3a47c70a915b0cf4>@@$$QEAV<lambda_41932305e351933ebe8f8be3ed8bb5dc>@@@Z@4HA 000000018006dce4     libucrt:per_thread_data.obj
 0003:00003cf0       $pdata$__acrt_update_thread_multibyte_data$fin$0 000000018006dcf0     libucrt:mbctype.obj
 0003:00003cfc       $pdata$_query_new_handler$fin$0 000000018006dcfc     libucrt:new_handler.obj
 0003:00003d08       $pdata$raise$fin$0         000000018006dd08     libucrt:signal.obj
 0003:00003d14       $pdata$__acrt_update_thread_locale_data$fin$0 000000018006dd14     libucrt:locale_refcounting.obj
 0003:00003d14       $pdata$__acrt_uninitialize_locale$fin$0 000000018006dd14     libucrt:wsetlocale.obj
 0003:00003d20       $pdata$common_control87$filt$0 000000018006dd20     libucrt:ieee.obj
 0003:00003d20       $pdata$_ctrlfp$filt$0      000000018006dd20     libucrt:fpctrl.obj
 0003:00003d2c       $pdata$_IsNonwritableInCurrentImage$filt$0 000000018006dd2c     LIBCMT:pesect.obj
 0004:00001128       .idata$6                   000000018006f128     kernel32:KERNEL32.dll
 0004:000011ce       .idata$6                   000000018006f1ce     advapi32:ADVAPI32.dll
 0004:00001200       .idata$6                   000000018006f200     shell32:SHELL32.dll
 0004:00001798       .idata$6                   000000018006f798     lua51:lua51.dll
 0004:000017e4       .idata$6                   000000018006f7e4     rpcrt4:RPCRT4.dll
 0005:00000000       __guard_fids__             0000000180070000     libucrt:initialization.obj
 0005:00000060       __guard_fids___acrt_initialize_ptd 0000000180070060     libucrt:per_thread_data.obj
 0005:00000064       __guard_fids__             0000000180070064     libucrt:stdio_initializer.obj
 0005:00000068       __guard_fids__             0000000180070068     libucrt:stdio_initializer.obj
 0005:0000006c       __guard_fids__             000000018007006c     libucrt:locale_initializer.obj
 0005:00000070       __guard_fids__             0000000180070070     libucrt:tmpfile_initializer.obj
 0005:00000074       __guard_fids__             0000000180070074     libucrt:multibyte_initializer.obj
 0005:00000078       __guard_fids__             0000000180070078     libucrt:console_output_initializer.obj
 0005:0000007c       __guard_fids__             000000018007007c     libucrt:fma3_initializer.obj
 0005:00000080       __guard_fids_?dllmain_crt_process_attach@@YAHQEAUHINSTANCE__@@QEAX@Z 0000000180070080     LIBCMT:dll_dllmain.obj
 0005:00000088       __guard_fids_?dllmain_dispatch@@YAHQEAUHINSTANCE__@@KQEAX@Z 0000000180070088     LIBCMT:dll_dllmain.obj
 0005:0000008c       __guard_fids__             000000018007008c     LIBCMT:guard_support.obj
 0005:00000090       __guard_fids__             0000000180070090     libvcruntime:telemetry.obj
 0005:00000094       __guard_fids_?TraceLoggingRegister@__vcrt_trace_logging_provider@@YAJPEBU_TlgProvider_t@1@PEBU_GUID@@P6AX1KE_K2PEAU_EVENT_FILTER_DESCRIPTOR@@PEAX@Z4@Z 0000000180070094     libvcruntime:telemetry.obj
 0005:00000098       __guard_fids___vcrt_initialize_ptd 0000000180070098     libvcruntime:per_thread_data.obj
 0006:00000060       $R000000                   0000000180071060     luafar3.res
