 luafar3

 Timestamp is 54ba6e93 (Sat Jan 17 17:15:47 2015)

 Preferred load address is 0000000180000000

 Start         Length     Name                   Class
 0001:00000000 000006b0H .idata$5                CODE
 0001:000006b0 00000008H .CRT$XCA                CODE
 0001:000006b8 00000008H .CRT$XCZ                CODE
 0001:000006c0 00000008H .CRT$XIA                CODE
 0001:000006c8 00000018H .CRT$XIC                CODE
 0001:000006e0 00000008H .CRT$XIZ                CODE
 0001:000006e8 00000008H .CRT$XPA                CODE
 0001:000006f0 00000010H .CRT$XPX                CODE
 0001:00000700 00000008H .CRT$XPXA               CODE
 0001:00000708 00000008H .CRT$XPZ                CODE
 0001:00000710 00000008H .CRT$XTA                CODE
 0001:00000718 00000008H .CRT$XTZ                CODE
 0001:00000720 000113b0H .rdata                  CODE
 0001:00011ad0 00000008H .rtc$IAA                CODE
 0001:00011ad8 00000008H .rtc$IZZ                CODE
 0001:00011ae0 00000008H .rtc$TAA                CODE
 0001:00011ae8 00000008H .rtc$TZZ                CODE
 0001:00011af0 00037566H .text                   CODE
 0001:00049060 00000458H .text$x                 CODE
 0001:000494b8 0000310cH .xdata                  CODE
 0001:0004c5c4 00000078H .idata$2                CODE
 0001:0004c63c 00000014H .idata$3                CODE
 0001:0004c650 000006b0H .idata$4                CODE
 0001:0004cd00 00000e6aH .idata$6                CODE
 0001:0004db70 00000467H .edata                  CODE
 0002:00000000 0000a52cH .data                   DATA
 0002:0000a540 00002324H .bss                    DATA
 0003:00000000 000032f4H .pdata                  DATA
 0004:00000000 0000031eH text                    DATA
 0005:00000000 00001a50H data                    DATA
 0006:00000000 00000058H .rsrc$01                DATA
 0006:00000060 00000358H .rsrc$02                DATA

  Address         Publics by Value              Rva+Base               Lib:Object

 0000:00000000       ___safe_se_handler_count   0000000000000000     <absolute>
 0000:00000000       ___safe_se_handler_table   0000000000000000     <absolute>
 0000:00000000       __ImageBase                0000000180000000     <linker-defined>
 0001:00000000       __imp_RegEnumKeyExW        0000000180001000     advapi32:ADVAPI32.dll
 0001:00000008       __imp_RegQueryValueExW     0000000180001008     advapi32:ADVAPI32.dll
 0001:00000010       __imp_RegSetValueExW       0000000180001010     advapi32:ADVAPI32.dll
 0001:00000018       __imp_RegCloseKey          0000000180001018     advapi32:ADVAPI32.dll
 0001:00000020       __imp_RegOpenKeyExW        0000000180001020     advapi32:ADVAPI32.dll
 0001:00000028       __imp_RegCreateKeyExW      0000000180001028     advapi32:ADVAPI32.dll
 0001:00000030       __imp_RegDeleteKeyW        0000000180001030     advapi32:ADVAPI32.dll
 0001:00000038       __imp_RegEnumValueW        0000000180001038     advapi32:ADVAPI32.dll
 0001:00000040       \177ADVAPI32_NULL_THUNK_DATA 0000000180001040     advapi32:ADVAPI32.dll
 0001:00000048       __imp_GetEnvironmentVariableW 0000000180001048     kernel32:KERNEL32.dll
 0001:00000050       __imp_GetModuleFileNameW   0000000180001050     kernel32:KERNEL32.dll
 0001:00000058       __imp_FreeLibrary          0000000180001058     kernel32:KERNEL32.dll
 0001:00000060       __imp_LoadLibraryW         0000000180001060     kernel32:KERNEL32.dll
 0001:00000068       __imp_MultiByteToWideChar  0000000180001068     kernel32:KERNEL32.dll
 0001:00000070       __imp_WideCharToMultiByte  0000000180001070     kernel32:KERNEL32.dll
 0001:00000078       __imp_GetACP               0000000180001078     kernel32:KERNEL32.dll
 0001:00000080       __imp_GetOEMCP             0000000180001080     kernel32:KERNEL32.dll
 0001:00000088       __imp_GetDriveTypeW        0000000180001088     kernel32:KERNEL32.dll
 0001:00000090       __imp_SearchPathW          0000000180001090     kernel32:KERNEL32.dll
 0001:00000098       __imp_OutputDebugStringW   0000000180001098     kernel32:KERNEL32.dll
 0001:000000a0       __imp_FormatMessageW       00000001800010a0     kernel32:KERNEL32.dll
 0001:000000a8       __imp_GetLastError         00000001800010a8     kernel32:KERNEL32.dll
 0001:000000b0       __imp_EnumSystemCodePagesW 00000001800010b0     kernel32:KERNEL32.dll
 0001:000000b8       __imp_GetCPInfoExW         00000001800010b8     kernel32:KERNEL32.dll
 0001:000000c0       __imp_GetLogicalDriveStringsW 00000001800010c0     kernel32:KERNEL32.dll
 0001:000000c8       __imp_GlobalMemoryStatusEx 00000001800010c8     kernel32:KERNEL32.dll
 0001:000000d0       __imp_GetFileAttributesW   00000001800010d0     kernel32:KERNEL32.dll
 0001:000000d8       __imp_SetEnvironmentVariableW 00000001800010d8     kernel32:KERNEL32.dll
 0001:000000e0       __imp_ReadConsoleInputW    00000001800010e0     kernel32:KERNEL32.dll
 0001:000000e8       __imp_PeekConsoleInputW    00000001800010e8     kernel32:KERNEL32.dll
 0001:000000f0       __imp_FindClose            00000001800010f0     kernel32:KERNEL32.dll
 0001:000000f8       __imp_FindFirstFileW       00000001800010f8     kernel32:KERNEL32.dll
 0001:00000100       __imp_FileTimeToSystemTime 0000000180001100     kernel32:KERNEL32.dll
 0001:00000108       __imp_SystemTimeToFileTime 0000000180001108     kernel32:KERNEL32.dll
 0001:00000110       __imp_FileTimeToLocalFileTime 0000000180001110     kernel32:KERNEL32.dll
 0001:00000118       __imp_CompareStringW       0000000180001118     kernel32:KERNEL32.dll
 0001:00000120       __imp_CopyFileW            0000000180001120     kernel32:KERNEL32.dll
 0001:00000128       __imp_MoveFileExW          0000000180001128     kernel32:KERNEL32.dll
 0001:00000130       __imp_DeleteFileW          0000000180001130     kernel32:KERNEL32.dll
 0001:00000138       __imp_RemoveDirectoryW     0000000180001138     kernel32:KERNEL32.dll
 0001:00000140       __imp_CreateDirectoryW     0000000180001140     kernel32:KERNEL32.dll
 0001:00000148       __imp_HeapSize             0000000180001148     kernel32:KERNEL32.dll
 0001:00000150       __imp_WriteConsoleW        0000000180001150     kernel32:KERNEL32.dll
 0001:00000158       __imp_SwitchToThread       0000000180001158     kernel32:KERNEL32.dll
 0001:00000160       __imp_CreateThread         0000000180001160     kernel32:KERNEL32.dll
 0001:00000168       __imp_GetSystemTimeAsFileTime 0000000180001168     kernel32:KERNEL32.dll
 0001:00000170       __imp_Sleep                0000000180001170     kernel32:KERNEL32.dll
 0001:00000178       __imp_GetStdHandle         0000000180001178     kernel32:KERNEL32.dll
 0001:00000180       __imp_GetConsoleScreenBufferInfo 0000000180001180     kernel32:KERNEL32.dll
 0001:00000188       __imp_GetModuleHandleA     0000000180001188     kernel32:KERNEL32.dll
 0001:00000190       __imp_SetFileAttributesW   0000000180001190     kernel32:KERNEL32.dll
 0001:00000198       __imp_GetProcAddress       0000000180001198     kernel32:KERNEL32.dll
 0001:000001a0       __imp_GetProcessHeap       00000001800011a0     kernel32:KERNEL32.dll
 0001:000001a8       __imp_SetEndOfFile         00000001800011a8     kernel32:KERNEL32.dll
 0001:000001b0       __imp_RaiseException       00000001800011b0     kernel32:KERNEL32.dll
 0001:000001b8       __imp_LCMapStringW         00000001800011b8     kernel32:KERNEL32.dll
 0001:000001c0       __imp_CreateFileW          00000001800011c0     kernel32:KERNEL32.dll
 0001:000001c8       __imp_HeapReAlloc          00000001800011c8     kernel32:KERNEL32.dll
 0001:000001d0       __imp_SetStdHandle         00000001800011d0     kernel32:KERNEL32.dll
 0001:000001d8       __imp_GetTickCount         00000001800011d8     kernel32:KERNEL32.dll
 0001:000001e0       __imp_QueryPerformanceCounter 00000001800011e0     kernel32:KERNEL32.dll
 0001:000001e8       __imp_GetModuleFileNameA   00000001800011e8     kernel32:KERNEL32.dll
 0001:000001f0       __imp_GetEnvironmentStringsW 00000001800011f0     kernel32:KERNEL32.dll
 0001:000001f8       __imp_FreeEnvironmentStringsW 00000001800011f8     kernel32:KERNEL32.dll
 0001:00000200       __imp_FlushFileBuffers     0000000180001200     kernel32:KERNEL32.dll
 0001:00000208       __imp_GetConsoleMode       0000000180001208     kernel32:KERNEL32.dll
 0001:00000210       __imp_GetConsoleCP         0000000180001210     kernel32:KERNEL32.dll
 0001:00000218       __imp_CreateFileA          0000000180001218     kernel32:KERNEL32.dll
 0001:00000220       __imp_GetCurrentProcessId  0000000180001220     kernel32:KERNEL32.dll
 0001:00000228       __imp_WaitForSingleObject  0000000180001228     kernel32:KERNEL32.dll
 0001:00000230       __imp_GetExitCodeProcess   0000000180001230     kernel32:KERNEL32.dll
 0001:00000238       __imp_CreatePipe           0000000180001238     kernel32:KERNEL32.dll
 0001:00000240       __imp_IsValidCodePage      0000000180001240     kernel32:KERNEL32.dll
 0001:00000248       __imp_GetCPInfo            0000000180001248     kernel32:KERNEL32.dll
 0001:00000250       __imp_DeleteCriticalSection 0000000180001250     kernel32:KERNEL32.dll
 0001:00000258       __imp_GetStartupInfoW      0000000180001258     kernel32:KERNEL32.dll
 0001:00000260       __imp_GetFileType          0000000180001260     kernel32:KERNEL32.dll
 0001:00000268       __imp_InitializeCriticalSectionAndSpinCount 0000000180001268     kernel32:KERNEL32.dll
 0001:00000270       __imp_SetHandleCount       0000000180001270     kernel32:KERNEL32.dll
 0001:00000278       __imp_SetFilePointer       0000000180001278     kernel32:KERNEL32.dll
 0001:00000280       __imp_FlsAlloc             0000000180001280     kernel32:KERNEL32.dll
 0001:00000288       __imp_SetLastError         0000000180001288     kernel32:KERNEL32.dll
 0001:00000290       __imp_FlsFree              0000000180001290     kernel32:KERNEL32.dll
 0001:00000298       __imp_FlsGetValue          0000000180001298     kernel32:KERNEL32.dll
 0001:000002a0       __imp_ReadFile             00000001800012a0     kernel32:KERNEL32.dll
 0001:000002a8       __imp_WriteFile            00000001800012a8     kernel32:KERNEL32.dll
 0001:000002b0       __imp_ExitProcess          00000001800012b0     kernel32:KERNEL32.dll
 0001:000002b8       __imp_GetModuleHandleW     00000001800012b8     kernel32:KERNEL32.dll
 0001:000002c0       __imp_HeapDestroy          00000001800012c0     kernel32:KERNEL32.dll
 0001:000002c8       __imp_HeapCreate           00000001800012c8     kernel32:KERNEL32.dll
 0001:000002d0       __imp_GetVersion           00000001800012d0     kernel32:KERNEL32.dll
 0001:000002d8       __imp_HeapSetInformation   00000001800012d8     kernel32:KERNEL32.dll
 0001:000002e0       __imp_RtlUnwindEx          00000001800012e0     kernel32:KERNEL32.dll
 0001:000002e8       __imp_TerminateProcess     00000001800012e8     kernel32:KERNEL32.dll
 0001:000002f0       __imp_RtlCaptureContext    00000001800012f0     kernel32:KERNEL32.dll
 0001:000002f8       __imp_RtlLookupFunctionEntry 00000001800012f8     kernel32:KERNEL32.dll
 0001:00000300       __imp_RtlVirtualUnwind     0000000180001300     kernel32:KERNEL32.dll
 0001:00000308       __imp_IsDebuggerPresent    0000000180001308     kernel32:KERNEL32.dll
 0001:00000310       __imp_SetUnhandledExceptionFilter 0000000180001310     kernel32:KERNEL32.dll
 0001:00000318       __imp_UnhandledExceptionFilter 0000000180001318     kernel32:KERNEL32.dll
 0001:00000320       __imp_DecodePointer        0000000180001320     kernel32:KERNEL32.dll
 0001:00000328       __imp_EncodePointer        0000000180001328     kernel32:KERNEL32.dll
 0001:00000330       __imp_GetCommandLineA      0000000180001330     kernel32:KERNEL32.dll
 0001:00000338       __imp_FlsSetValue          0000000180001338     kernel32:KERNEL32.dll
 0001:00000340       __imp_GetCurrentThreadId   0000000180001340     kernel32:KERNEL32.dll
 0001:00000348       __imp_CreateProcessW       0000000180001348     kernel32:KERNEL32.dll
 0001:00000350       __imp_GetCurrentProcess    0000000180001350     kernel32:KERNEL32.dll
 0001:00000358       __imp_DuplicateHandle      0000000180001358     kernel32:KERNEL32.dll
 0001:00000360       __imp_CloseHandle          0000000180001360     kernel32:KERNEL32.dll
 0001:00000368       __imp_GetStringTypeW       0000000180001368     kernel32:KERNEL32.dll
 0001:00000370       __imp_LeaveCriticalSection 0000000180001370     kernel32:KERNEL32.dll
 0001:00000378       __imp_EnterCriticalSection 0000000180001378     kernel32:KERNEL32.dll
 0001:00000380       __imp_HeapAlloc            0000000180001380     kernel32:KERNEL32.dll
 0001:00000388       __imp_HeapFree             0000000180001388     kernel32:KERNEL32.dll
 0001:00000390       \177KERNEL32_NULL_THUNK_DATA 0000000180001390     kernel32:KERNEL32.dll
 0001:00000398       __imp_UuidCreate           0000000180001398     rpcrt4:RPCRT4.dll
 0001:000003a0       __imp_RpcStringFreeA       00000001800013a0     rpcrt4:RPCRT4.dll
 0001:000003a8       __imp_UuidToStringA        00000001800013a8     rpcrt4:RPCRT4.dll
 0001:000003b0       __imp_UuidFromStringA      00000001800013b0     rpcrt4:RPCRT4.dll
 0001:000003b8       \177RPCRT4_NULL_THUNK_DATA 00000001800013b8     rpcrt4:RPCRT4.dll
 0001:000003c0       __imp_ShellExecuteW        00000001800013c0     shell32:SHELL32.dll
 0001:000003c8       __imp_SHGetFolderPathW     00000001800013c8     shell32:SHELL32.dll
 0001:000003d0       \177SHELL32_NULL_THUNK_DATA 00000001800013d0     shell32:SHELL32.dll
 0001:000003d8       __imp_wsprintfW            00000001800013d8     user32:USER32.dll
 0001:000003e0       \177USER32_NULL_THUNK_DATA 00000001800013e0     user32:USER32.dll
 0001:000003e8       __imp_lua_dump             00000001800013e8     lua51:lua51.dll
 0001:000003f0       __imp_lua_typename         00000001800013f0     lua51:lua51.dll
 0001:000003f8       __imp_lua_tocfunction      00000001800013f8     lua51:lua51.dll
 0001:00000400       __imp_luaL_checkoption     0000000180001400     lua51:lua51.dll
 0001:00000408       __imp_luaL_gsub            0000000180001408     lua51:lua51.dll
 0001:00000410       __imp_lua_iscfunction      0000000180001410     lua51:lua51.dll
 0001:00000418       __imp_luaL_findtable       0000000180001418     lua51:lua51.dll
 0001:00000420       __imp_lua_isuserdata       0000000180001420     lua51:lua51.dll
 0001:00000428       __imp_luaL_checkstack      0000000180001428     lua51:lua51.dll
 0001:00000430       __imp_luaL_prepbuffer      0000000180001430     lua51:lua51.dll
 0001:00000438       __imp_lua_setallocf        0000000180001438     lua51:lua51.dll
 0001:00000440       __imp_luaL_checknumber     0000000180001440     lua51:lua51.dll
 0001:00000448       __imp_lua_getfenv          0000000180001448     lua51:lua51.dll
 0001:00000450       __imp_lua_rawset           0000000180001450     lua51:lua51.dll
 0001:00000458       __imp_lua_getallocf        0000000180001458     lua51:lua51.dll
 0001:00000460       __imp_lua_next             0000000180001460     lua51:lua51.dll
 0001:00000468       __imp_luaL_typerror        0000000180001468     lua51:lua51.dll
 0001:00000470       __imp_luaopen_base         0000000180001470     lua51:lua51.dll
 0001:00000478       __imp_luaopen_table        0000000180001478     lua51:lua51.dll
 0001:00000480       __imp_luaopen_os           0000000180001480     lua51:lua51.dll
 0001:00000488       __imp_luaopen_string       0000000180001488     lua51:lua51.dll
 0001:00000490       __imp_luaopen_math         0000000180001490     lua51:lua51.dll
 0001:00000498       __imp_luaopen_debug        0000000180001498     lua51:lua51.dll
 0001:000004a0       __imp_luaL_checktype       00000001800014a0     lua51:lua51.dll
 0001:000004a8       __imp_lua_getstack         00000001800014a8     lua51:lua51.dll
 0001:000004b0       __imp_lua_getinfo          00000001800014b0     lua51:lua51.dll
 0001:000004b8       __imp_lua_checkstack       00000001800014b8     lua51:lua51.dll
 0001:000004c0       __imp_luaL_optinteger      00000001800014c0     lua51:lua51.dll
 0001:000004c8       __imp_luaL_error           00000001800014c8     lua51:lua51.dll
 0001:000004d0       __imp_luaL_checklstring    00000001800014d0     lua51:lua51.dll
 0001:000004d8       __imp_luaL_optlstring      00000001800014d8     lua51:lua51.dll
 0001:000004e0       __imp_lua_replace          00000001800014e0     lua51:lua51.dll
 0001:000004e8       __imp_luaL_checkudata      00000001800014e8     lua51:lua51.dll
 0001:000004f0       __imp_luaL_buffinit        00000001800014f0     lua51:lua51.dll
 0001:000004f8       __imp_luaL_addlstring      00000001800014f8     lua51:lua51.dll
 0001:00000500       __imp_luaL_pushresult      0000000180001500     lua51:lua51.dll
 0001:00000508       __imp_lua_error            0000000180001508     lua51:lua51.dll
 0001:00000510       __imp_lua_setfenv          0000000180001510     lua51:lua51.dll
 0001:00000518       __imp_lua_load             0000000180001518     lua51:lua51.dll
 0001:00000520       __imp_lua_pushfstring      0000000180001520     lua51:lua51.dll
 0001:00000528       __imp_luaL_loadstring      0000000180001528     lua51:lua51.dll
 0001:00000530       __imp_lua_pushlstring      0000000180001530     lua51:lua51.dll
 0001:00000538       __imp_lua_pushlightuserdata 0000000180001538     lua51:lua51.dll
 0001:00000540       __imp_lua_isnumber         0000000180001540     lua51:lua51.dll
 0001:00000548       __imp_lua_tointeger        0000000180001548     lua51:lua51.dll
 0001:00000550       __imp_lua_toboolean        0000000180001550     lua51:lua51.dll
 0001:00000558       __imp_luaL_ref             0000000180001558     lua51:lua51.dll
 0001:00000560       __imp_luaL_unref           0000000180001560     lua51:lua51.dll
 0001:00000568       __imp_lua_gettable         0000000180001568     lua51:lua51.dll
 0001:00000570       __imp_lua_isstring         0000000180001570     lua51:lua51.dll
 0001:00000578       __imp_lua_objlen           0000000180001578     lua51:lua51.dll
 0001:00000580       __imp_lua_rawseti          0000000180001580     lua51:lua51.dll
 0001:00000588       __imp_lua_createtable      0000000180001588     lua51:lua51.dll
 0001:00000590       __imp_lua_setfield         0000000180001590     lua51:lua51.dll
 0001:00000598       __imp_lua_rawgeti          0000000180001598     lua51:lua51.dll
 0001:000005a0       __imp_lua_pushcclosure     00000001800015a0     lua51:lua51.dll
 0001:000005a8       __imp_lua_insert           00000001800015a8     lua51:lua51.dll
 0001:000005b0       __imp_lua_pcall            00000001800015b0     lua51:lua51.dll
 0001:000005b8       __imp_lua_remove           00000001800015b8     lua51:lua51.dll
 0001:000005c0       __imp_lua_gc               00000001800015c0     lua51:lua51.dll
 0001:000005c8       __imp_lua_pushvalue        00000001800015c8     lua51:lua51.dll
 0001:000005d0       __imp_lua_pushinteger      00000001800015d0     lua51:lua51.dll
 0001:000005d8       __imp_lua_call             00000001800015d8     lua51:lua51.dll
 0001:000005e0       __imp_luaL_newmetatable    00000001800015e0     lua51:lua51.dll
 0001:000005e8       __imp_luaL_register        00000001800015e8     lua51:lua51.dll
 0001:000005f0       __imp_lua_pushboolean      00000001800015f0     lua51:lua51.dll
 0001:000005f8       __imp_lua_pushstring       00000001800015f8     lua51:lua51.dll
 0001:00000600       __imp_lua_tolstring        0000000180001600     lua51:lua51.dll
 0001:00000608       __imp_lua_pushnil          0000000180001608     lua51:lua51.dll
 0001:00000610       __imp_luaL_checkinteger    0000000180001610     lua51:lua51.dll
 0001:00000618       __imp_lua_gettop           0000000180001618     lua51:lua51.dll
 0001:00000620       __imp_lua_tonumber         0000000180001620     lua51:lua51.dll
 0001:00000628       __imp_luaL_argerror        0000000180001628     lua51:lua51.dll
 0001:00000630       __imp_lua_type             0000000180001630     lua51:lua51.dll
 0001:00000638       __imp_lua_getmetatable     0000000180001638     lua51:lua51.dll
 0001:00000640       __imp_lua_rawequal         0000000180001640     lua51:lua51.dll
 0001:00000648       __imp_lua_settop           0000000180001648     lua51:lua51.dll
 0001:00000650       __imp_lua_touserdata       0000000180001650     lua51:lua51.dll
 0001:00000658       __imp_lua_pushnumber       0000000180001658     lua51:lua51.dll
 0001:00000660       __imp_lua_newuserdata      0000000180001660     lua51:lua51.dll
 0001:00000668       __imp_lua_getfield         0000000180001668     lua51:lua51.dll
 0001:00000670       __imp_lua_setmetatable     0000000180001670     lua51:lua51.dll
 0001:00000678       __imp_lua_settable         0000000180001678     lua51:lua51.dll
 0001:00000680       __imp_luaL_checkany        0000000180001680     lua51:lua51.dll
 0001:00000688       __imp_lua_rawget           0000000180001688     lua51:lua51.dll
 0001:00000690       __imp_lua_concat           0000000180001690     lua51:lua51.dll
 0001:00000698       __imp_luaL_optnumber       0000000180001698     lua51:lua51.dll
 0001:000006a0       __imp_luaL_addvalue        00000001800016a0     lua51:lua51.dll
 0001:000006a8       \177lua51_NULL_THUNK_DATA  00000001800016a8     lua51:lua51.dll
 0001:000006b0       __xc_a                     00000001800016b0     LIBCMT:crt0init.obj
 0001:000006b8       __xc_z                     00000001800016b8     LIBCMT:crt0init.obj
 0001:000006c0       __xi_a                     00000001800016c0     LIBCMT:crt0init.obj
 0001:000006e0       __xi_z                     00000001800016e0     LIBCMT:crt0init.obj
 0001:000006e8       __xp_a                     00000001800016e8     LIBCMT:crt0init.obj
 0001:00000708       __xp_z                     0000000180001708     LIBCMT:crt0init.obj
 0001:00000710       __xt_a                     0000000180001710     LIBCMT:crt0init.obj
 0001:00000718       __xt_z                     0000000180001718     LIBCMT:crt0init.obj
 0001:00000720       ??_C@_0L@HDFPAPPH@__tostring?$AA@ 0000000180001720     bit64.obj
 0001:0000072c       ??_C@_04EJLHOCKK@__le?$AA@ 000000018000172c     bit64.obj
 0001:00000734       ??_C@_04BKGOMBLK@__lt?$AA@ 0000000180001734     bit64.obj
 0001:0000073c       ??_C@_04GIMIAOHA@__eq?$AA@ 000000018000173c     bit64.obj
 0001:00000744       ??_C@_05MHFNBPAK@__unm?$AA@ 0000000180001744     bit64.obj
 0001:0000074c       ??_C@_05ICPALBAE@__mod?$AA@ 000000018000174c     bit64.obj
 0001:00000754       ??_C@_05IDIBPCOP@__div?$AA@ 0000000180001754     bit64.obj
 0001:0000075c       ??_C@_05FLJIBNKK@__mul?$AA@ 000000018000175c     bit64.obj
 0001:00000764       ??_C@_05HFNNBAII@__sub?$AA@ 0000000180001764     bit64.obj
 0001:0000076c       ??_C@_05MEHDOBFN@__add?$AA@ 000000018000176c     bit64.obj
 0001:00000774       ??_C@_04GPMDFGEJ@type?$AA@ 0000000180001774     bit64.obj
 0001:0000077c       ??_C@_02FJPJILEL@le?$AA@   000000018000177c     bit64.obj
 0001:00000780       ??_C@_02KCAKIFL@lt?$AA@    0000000180001780     bit64.obj
 0001:00000784       ??_C@_02HIIGGHJB@eq?$AA@   0000000180001784     bit64.obj
 0001:00000788       ??_C@_03FFONCNID@mod?$AA@  0000000180001788     bit64.obj
 0001:0000078c       ??_C@_03FEJMGOGI@div?$AA@  000000018000178c     bit64.obj
 0001:00000790       ??_C@_03IMIFIBCN@mul?$AA@  0000000180001790     bit64.obj
 0001:00000794       ??_C@_03KCMAIMAP@sub?$AA@  0000000180001794     bit64.obj
 0001:00000798       ??_C@_03BDGOHNNK@add?$AA@  0000000180001798     bit64.obj
 0001:0000079c       ??_C@_03CLCAEGCJ@new?$AA@  000000018000179c     bit64.obj
 0001:000007a0       ??_C@_07JILILBLL@arshift?$AA@ 00000001800017a0     bit64.obj
 0001:000007a8       ??_C@_06HMLHBBIJ@rshift?$AA@ 00000001800017a8     bit64.obj
 0001:000007b0       ??_C@_06ELFGPGBK@lshift?$AA@ 00000001800017b0     bit64.obj
 0001:000007b8       ??_C@_04CKCGDDNF@bxor?$AA@ 00000001800017b8     bit64.obj
 0001:000007c0       ??_C@_03BBBGIIAC@bor?$AA@  00000001800017c0     bit64.obj
 0001:000007c4       ??_C@_04BKGNPECA@band?$AA@ 00000001800017c4     bit64.obj
 0001:000007cc       ??_C@_04JAOJMBA@bnot?$AA@  00000001800017cc     bit64.obj
 0001:000007e0       metatable_name             00000001800017e0     bit64.obj
 0001:000009c0       ??_C@_09GPALILFO@bad?5int64?$AA@ 00000001800019c0     bit64.obj
 0001:000009d0       __mask@@NegDouble@         00000001800019d0     bit64.obj
 0001:000009e0       __real@433fffffffffffff    00000001800019e0     bit64.obj
 0001:000009e8       ??_C@_05LLAMLEHD@?$CFI64d?$AA@ 00000001800019e8     bit64.obj
 0001:000009f0       ??_C@_05OALCLICP@bit64?$AA@ 00000001800019f0     bit64.obj
 0001:00001218       COLLECTOR_FD               0000000180002218     exported.obj
 0001:00001230       COLLECTOR_OPI              0000000180002230     exported.obj
 0001:00001248       COLLECTOR_PI               0000000180002248     exported.obj
 0001:00001260       KEY_OBJECT                 0000000180002260     exported.obj
 0001:00001268       ??_C@_09GPFEECNC@traceback?$AA@ 0000000180002268     exported.obj
 0001:00001274       ??_C@_05GFCDIDHO@debug?$AA@ 0000000180002274     exported.obj
 0001:0000127c       ??_C@_06NKNNMLDJ@export?$AA@ 000000018000227c     exported.obj
 0001:00001288       ??_C@_07PCNKBAGB@OnError?$AA@ 0000000180002288     exported.obj
 0001:00001290       ??_C@_08JNHPECBG@UserData?$AA@ 0000000180002290     exported.obj
 0001:000012a0       ??_C@_0BB@OKGMKOG@CustomColumnData?$AA@ 00000001800022a0     exported.obj
 0001:000012b4       ??_C@_05HDCNEILF@Owner?$AA@ 00000001800022b4     exported.obj
 0001:000012c0       ??_C@_0M@OHKMKKDH@Description?$AA@ 00000001800022c0     exported.obj
 0001:000012d0       ??_C@_0BC@COCBGKAE@AlternateFileName?$AA@ 00000001800022d0     exported.obj
 0001:000012e8       ??_C@_08FDCJCDOL@FileName?$AA@ 00000001800022e8     exported.obj
 0001:000012f4       ??_C@_05MHNOECFO@CRC32?$AA@ 00000001800022f4     exported.obj
 0001:00001300       ??_C@_0O@DLGJHFNH@NumberOfLinks?$AA@ 0000000180002300     exported.obj
 0001:00001310       ??_C@_05BOOEKJH@Flags?$AA@ 0000000180002310     exported.obj
 0001:00001318       ??_C@_0P@JBACEJLL@AllocationSize?$AA@ 0000000180002318     exported.obj
 0001:00001328       ??_C@_08BHIEONMC@FileSize?$AA@ 0000000180002328     exported.obj
 0001:00001338       ??_C@_0L@FCILKIIG@ChangeTime?$AA@ 0000000180002338     exported.obj
 0001:00001348       ??_C@_0O@FCFNCAHK@LastWriteTime?$AA@ 0000000180002348     exported.obj
 0001:00001358       ??_C@_0P@MFHPCDDH@LastAccessTime?$AA@ 0000000180002358     exported.obj
 0001:00001368       ??_C@_0N@NJMIGDDL@CreationTime?$AA@ 0000000180002368     exported.obj
 0001:00001378       ??_C@_0M@DFMHDHBL@GetFindData?$AA@ 0000000180002378     exported.obj
 0001:00001388       ??_C@_08CJLOJPNI@selected?$AA@ 0000000180002388     exported.obj
 0001:00001398       ??_C@_0BC@IECOKJFL@GetFiles?4DestPath?$AA@ 0000000180002398     exported.obj
 0001:000013b0       ??_C@_08FFPEEIHA@GetFiles?$AA@ 00000001800023b0     exported.obj
 0001:000013c0       ??_C@_0BE@HCPAIELH@ReloadDefaultScript?$AA@ 00000001800023c0     exported.obj
 0001:000013d4       ??_C@_03JEOKDCFP@far?$AA@  00000001800023d4     exported.obj
 0001:000013d8       ??_C@_06EPIAKPGD@OpMode?$AA@ 00000001800023d8     exported.obj
 0001:000013e0       ??_C@_06LBMCOACO@Buffer?$AA@ 00000001800023e0     exported.obj
 0001:000013e8       ??_C@_0L@OCPPMCCK@StructSize?$AA@ 00000001800023e8     exported.obj
 0001:000013f8       ??_C@_07GDADDFBD@Analyse?$AA@ 00000001800023f8     exported.obj
 0001:00001400       ??_C@_0N@IHDKLODA@ShortcutData?$AA@ 0000000180002400     exported.obj
 0001:00001410       ??_C@_08DGDJEKCP@LongText?$AA@ 0000000180002410     exported.obj
 0001:00001420       ??_C@_0BA@MFFHAKP@ControlKeyState?$AA@ 0000000180002420     exported.obj
 0001:00001430       ??_C@_0P@PKDBPEJI@VirtualKeyCode?$AA@ 0000000180002430     exported.obj
 0001:00001440       ??_C@_06ONGFDHIA@KeyBar?$AA@ 0000000180002440     exported.obj
 0001:00001448       ??_C@_0P@KMACBLNK@StartSortOrder?$AA@ 0000000180002448     exported.obj
 0001:00001458       ??_C@_0O@NIFKFGBJ@StartSortMode?$AA@ 0000000180002458     exported.obj
 0001:00001468       ??_C@_0P@BEEDPJDK@StartPanelMode?$AA@ 0000000180002468     exported.obj
 0001:00001478       ??_C@_0N@EHCEJHEE@ColumnTitles?$AA@ 0000000180002478     exported.obj
 0001:00001488       ??_C@_0BD@DNDIPKDK@StatusColumnWidths?$AA@ 0000000180002488     exported.obj
 0001:000014a0       ??_C@_0BC@KELOOKNK@StatusColumnTypes?$AA@ 00000001800024a0     exported.obj
 0001:000014b8       ??_C@_0N@ILFJPGHI@ColumnWidths?$AA@ 00000001800024b8     exported.obj
 0001:000014c8       ??_C@_0M@KDJPJFOF@ColumnTypes?$AA@ 00000001800024c8     exported.obj
 0001:000014d8       ??_C@_0BB@LFNABPEF@PanelModesNumber?$AA@ 00000001800024d8     exported.obj
 0001:000014f0       ??_C@_0BA@BBOGKOKF@PanelModesArray?$AA@ 00000001800024f0     exported.obj
 0001:00001500       ??_C@_0L@FPEHOFAI@DescrFiles?$AA@ 0000000180002500     exported.obj
 0001:0000150c       ??_C@_04DICKPMGH@Data?$AA@ 000000018000250c     exported.obj
 0001:00001514       ??_C@_04OJAHODMC@Text?$AA@ 0000000180002514     exported.obj
 0001:00001520       ??_C@_0BA@BLCGOCOG@InfoLinesNumber?$AA@ 0000000180002520     exported.obj
 0001:00001530       ??_C@_09PMEOAIAA@InfoLines?$AA@ 0000000180002530     exported.obj
 0001:00001540       ??_C@_0L@CMHIOLLB@PanelTitle?$AA@ 0000000180002540     exported.obj
 0001:0000154c       ??_C@_06PEPCFMNJ@Format?$AA@ 000000018000254c     exported.obj
 0001:00001554       ??_C@_06IBPEEEAJ@CurDir?$AA@ 0000000180002554     exported.obj
 0001:00001560       ??_C@_08PAJOMFPO@HostFile?$AA@ 0000000180002560     exported.obj
 0001:00001570       __real@43e0000000000000    0000000180002570     exported.obj
 0001:00001578       ??_C@_08KDMNIFGM@FreeSize?$AA@ 0000000180002578     exported.obj
 0001:00001590       ??_C@_1EO@OOOCECGK@?$AAG?$AAe?$AAt?$AAO?$AAp?$AAe?$AAn?$AAP?$AAa?$AAn?$AAe?$AAl?$AAI?$AAn?$AAf?$AAo?$AA?5?$AAs?$AAh?$AAo?$AAu?$AAl?$AAd?$AA?5?$AAr?$AAe?$AAt?$AAu?$AAr?$AAn?$AA?5?$AAa@ 0000000180002590     exported.obj
 0001:000015e0       ??_C@_05ELNJBDOO@reuse?$AA@ 00000001800025e0     exported.obj
 0001:000015e8       ??_C@_0BB@CKIGBGLB@GetOpenPanelInfo?$AA@ 00000001800025e8     exported.obj
 0001:000015fc       ??_C@_05HIFJDKLD@array?$AA@ 00000001800025fc     exported.obj
 0001:00001604       ??_C@_01EFFIKLCJ@n?$AA@    0000000180002604     exported.obj
 0001:00001606       ??_C@_00CNPNBAHC@?$AA@     0000000180002606     exported.obj
 0001:00001608       __real@bff0000000000000    0000000180002608     exported.obj
 0001:00001610       ??_C@_05LNOAKADA@panel?$AA@ 0000000180002610     exported.obj
 0001:00001618       ??_C@_06BNNOMDLO@Handle?$AA@ 0000000180002618     exported.obj
 0001:00001620       ??_C@_04OPJIDECA@hDlg?$AA@ 0000000180002620     exported.obj
 0001:00001628       ??_C@_04DNCDCIAE@Open?$AA@ 0000000180002628     exported.obj
 0001:00001630       ??_C@_0L@JMPDJFBN@ClosePanel?$AA@ 0000000180002630     exported.obj
 0001:00001640       ??_C@_07MBOMJGGF@Compare?$AA@ 0000000180002640     exported.obj
 0001:00001648       ??_C@_09NANCCILE@Configure?$AA@ 0000000180002648     exported.obj
 0001:00001658       ??_C@_0M@MMKKMEFA@DeleteFiles?$AA@ 0000000180002658     exported.obj
 0001:00001668       ??_C@_0BD@PJNONGDB@MakeDirectory?4Name?$AA@ 0000000180002668     exported.obj
 0001:00001680       ??_C@_0O@GLLEDHJA@MakeDirectory?$AA@ 0000000180002680     exported.obj
 0001:00001690       ??_C@_0BC@COPMJGBI@ProcessPanelEvent?$AA@ 0000000180002690     exported.obj
 0001:000016a8       ??_C@_0BA@DPJAKFGC@ProcessHostFile?$AA@ 00000001800026a8     exported.obj
 0001:000016b8       ??_C@_0BC@HOBKGBBM@ProcessPanelInput?$AA@ 00000001800026b8     exported.obj
 0001:000016d0       ??_C@_08OBOOFGOD@PutFiles?$AA@ 00000001800026d0     exported.obj
 0001:000016e0       ??_C@_0N@KCFEBPAO@SetDirectory?$AA@ 00000001800026e0     exported.obj
 0001:000016f0       ??_C@_0M@PNOHHCCH@SetFindList?$AA@ 00000001800026f0     exported.obj
 0001:00001700       ??_C@_07EACELFAO@ExitFAR?$AA@ 0000000180002700     exported.obj
 0001:00001708       ??_C@_0BE@GAFPNGIP@PluginConfigStrings?$AA@ 0000000180002708     exported.obj
 0001:00001720       ??_C@_0BC@ILBHAHCH@PluginConfigGuids?$AA@ 0000000180002720     exported.obj
 0001:00001738       ??_C@_0BC@DJMJFBJC@PluginMenuStrings?$AA@ 0000000180002738     exported.obj
 0001:00001750       ??_C@_0BA@FOMPNLJF@PluginMenuGuids?$AA@ 0000000180002750     exported.obj
 0001:00001760       ??_C@_0BA@NLBDFPEO@DiskMenuStrings?$AA@ 0000000180002760     exported.obj
 0001:00001770       ??_C@_0O@PHBKMNMJ@DiskMenuGuids?$AA@ 0000000180002770     exported.obj
 0001:00001780       ??_C@_0O@GDMHGAFH@CommandPrefix?$AA@ 0000000180002780     exported.obj
 0001:00001790       ??_C@_0O@OBCKADMD@GetPluginInfo?$AA@ 0000000180002790     exported.obj
 0001:000017a0       ??_C@_0BD@DECJPBBK@ProcessEditorInput?$AA@ 00000001800027a0     exported.obj
 0001:000017b8       ??_C@_08DOHJINHB@CodePage?$AA@ 00000001800027b8     exported.obj
 0001:000017c8       ??_C@_07MOCFLHCN@FileEOL?$AA@ 00000001800027c8     exported.obj
 0001:000017d0       ??_C@_0N@EKPHGDMI@StringNumber?$AA@ 00000001800027d0     exported.obj
 0001:000017e0       ??_C@_04KOACHJEN@Type?$AA@ 00000001800027e0     exported.obj
 0001:000017e8       ??_C@_0BD@GEMPAGBO@ProcessEditorEvent?$AA@ 00000001800027e8     exported.obj
 0001:00001800       ??_C@_0BD@GGKMLEJG@ProcessViewerEvent?$AA@ 0000000180002800     exported.obj
 0001:00001814       ??_C@_03MLMOILGK@Msg?$AA@  0000000180002814     exported.obj
 0001:00001818       ??_C@_06EDEGJMB@Param1?$AA@ 0000000180002818     exported.obj
 0001:00001820       ??_C@_06CPBJDKAC@Param2?$AA@ 0000000180002820     exported.obj
 0001:00001828       ??_C@_0BD@FNHBEIC@ProcessDialogEvent?$AA@ 0000000180002828     exported.obj
 0001:00001840       ??_C@_0BE@LHJGGGHN@ProcessSynchroEvent?$AA@ 0000000180002840     exported.obj
 0001:00001858       ??_C@_0BB@PHIEFGHD@GetContentFields?$AA@ 0000000180002858     exported.obj
 0001:00001870       ??_C@_0P@DPJDPMPI@GetContentData?$AA@ 0000000180002870     exported.obj
 0001:00001880       ??_C@_06HHECMMLE@Author?$AA@ 0000000180002880     exported.obj
 0001:00001888       ??_C@_05PABKJLOM@Title?$AA@ 0000000180002888     exported.obj
 0001:00001890       ??_C@_04MJHIICBJ@Guid?$AA@ 0000000180002890     exported.obj
 0001:00001898       ??_C@_07NGFJPNPN@Version?$AA@ 0000000180002898     exported.obj
 0001:000018a0       ??_C@_0O@CALOEOI@MinFarVersion?$AA@ 00000001800028a0     exported.obj
 0001:000018b0       ??_C@_0O@GJMOPLGM@GetGlobalInfo?$AA@ 00000001800028b0     exported.obj
 0001:000018c0       ??_C@_1CA@IBKDMBNJ@?$AA_?$AAg?$AAl?$AAo?$AAb?$AAa?$AAl?$AAi?$AAn?$AAf?$AAo?$AA?4?$AAl?$AAu?$AAa?$AA?$AA@ 00000001800028c0     exported.obj
 0001:000018e0       ??_C@_0N@DDJEHLKE@?$DM_globalinfo?$AA@ 00000001800028e0     exported.obj
 0001:000018f0       ??_C@_07GCEAJMEA@preload?$AA@ 00000001800028f0     exported.obj
 0001:000018f8       ??_C@_07KNEGBPNO@package?$AA@ 00000001800028f8     exported.obj
 0001:00001900       ??_C@_0BE@DONMOPMJ@ProcessConsoleInput?$AA@ 0000000180002900     exported.obj
 0001:00001918       ??_C@_0O@GABDOPO@MOUSE_WHEELED?$AA@ 0000000180002918     flags.obj
 0001:00001928       ??_C@_0N@EDCKBGJE@DOUBLE_CLICK?$AA@ 0000000180002928     flags.obj
 0001:00001938       ??_C@_0M@KKBDEELB@MOUSE_MOVED?$AA@ 0000000180002938     flags.obj
 0001:00001948       ??_C@_0BN@CNMHAAPD@FROM_LEFT_4TH_BUTTON_PRESSED?$AA@ 0000000180002948     flags.obj
 0001:00001968       ??_C@_0BN@PMJNFPGM@FROM_LEFT_3RD_BUTTON_PRESSED?$AA@ 0000000180002968     flags.obj
 0001:00001988       ??_C@_0BN@BJCFPKCG@FROM_LEFT_2ND_BUTTON_PRESSED?$AA@ 0000000180002988     flags.obj
 0001:000019a8       ??_C@_0BJ@JECFAJNJ@RIGHTMOST_BUTTON_PRESSED?$AA@ 00000001800029a8     flags.obj
 0001:000019c8       ??_C@_0BN@HACKHGAB@FROM_LEFT_1ST_BUTTON_PRESSED?$AA@ 00000001800029c8     flags.obj
 0001:000019e8       ??_C@_0O@LAHFNPLG@SCROLLLOCK_ON?$AA@ 00000001800029e8     flags.obj
 0001:000019f8       ??_C@_0L@IMGKKBIM@NUMLOCK_ON?$AA@ 00000001800029f8     flags.obj
 0001:00001a08       ??_C@_0O@OGDFJMBK@SHIFT_PRESSED?$AA@ 0000000180002a08     flags.obj
 0001:00001a18       ??_C@_0BC@FDNOAAAE@LEFT_CTRL_PRESSED?$AA@ 0000000180002a18     flags.obj
 0001:00001a30       ??_C@_0BD@NEHHNAHO@RIGHT_CTRL_PRESSED?$AA@ 0000000180002a30     flags.obj
 0001:00001a48       ??_C@_0BB@MCADLJJO@LEFT_ALT_PRESSED?$AA@ 0000000180002a48     flags.obj
 0001:00001a60       ??_C@_0BC@GDHABBAP@RIGHT_ALT_PRESSED?$AA@ 0000000180002a60     flags.obj
 0001:00001a78       ??_C@_0N@EMEOEKDA@ENHANCED_KEY?$AA@ 0000000180002a78     flags.obj
 0001:00001a88       ??_C@_0M@MKBGBFGO@CAPSLOCK_ON?$AA@ 0000000180002a88     flags.obj
 0001:00001a98       ??_C@_0M@LNGHCCGJ@FOCUS_EVENT?$AA@ 0000000180002a98     flags.obj
 0001:00001aa8       ??_C@_0L@MPODFLFH@MENU_EVENT?$AA@ 0000000180002aa8     flags.obj
 0001:00001ab8       ??_C@_0BJ@OHDOHJKG@WINDOW_BUFFER_SIZE_EVENT?$AA@ 0000000180002ab8     flags.obj
 0001:00001ad8       ??_C@_0M@CPILDGOO@MOUSE_EVENT?$AA@ 0000000180002ad8     flags.obj
 0001:00001ae8       ??_C@_09JBABGNAE@KEY_EVENT?$AA@ 0000000180002ae8     flags.obj
 0001:00001af8       ??_C@_0BK@CDKLKCHJ@ENABLE_WRAP_AT_EOL_OUTPUT?$AA@ 0000000180002af8     flags.obj
 0001:00001b18       ??_C@_0BI@MHKNPIFM@ENABLE_PROCESSED_OUTPUT?$AA@ 0000000180002b18     flags.obj
 0001:00001b30       ??_C@_0BF@PEBFEBKN@ENABLE_AUTO_POSITION?$AA@ 0000000180002b30     flags.obj
 0001:00001b48       ??_C@_0BG@CBCHHIEH@ENABLE_EXTENDED_FLAGS?$AA@ 0000000180002b48     flags.obj
 0001:00001b60       ??_C@_0BH@BJKMFKAO@ENABLE_QUICK_EDIT_MODE?$AA@ 0000000180002b60     flags.obj
 0001:00001b78       ??_C@_0BD@KJBPOMPN@ENABLE_INSERT_MODE?$AA@ 0000000180002b78     flags.obj
 0001:00001b90       ??_C@_0BD@BJECBJPO@ENABLE_MOUSE_INPUT?$AA@ 0000000180002b90     flags.obj
 0001:00001ba8       ??_C@_0BE@BLAHACNB@ENABLE_WINDOW_INPUT?$AA@ 0000000180002ba8     flags.obj
 0001:00001bc0       ??_C@_0BH@EHINFMOF@ENABLE_PROCESSED_INPUT?$AA@ 0000000180002bc0     flags.obj
 0001:00001bd8       ??_C@_0BC@JPFKLHOC@ENABLE_ECHO_INPUT?$AA@ 0000000180002bd8     flags.obj
 0001:00001bf0       ??_C@_0BC@BBOPHMOM@ENABLE_LINE_INPUT?$AA@ 0000000180002bf0     flags.obj
 0001:00001c08       ??_C@_0BE@BCNEFGKM@CTRL_SHUTDOWN_EVENT?$AA@ 0000000180002c08     flags.obj
 0001:00001c20       ??_C@_0BC@MCKCEPAL@CTRL_LOGOFF_EVENT?$AA@ 0000000180002c20     flags.obj
 0001:00001c38       ??_C@_0BB@KMPDMOKK@CTRL_CLOSE_EVENT?$AA@ 0000000180002c38     flags.obj
 0001:00001c50       ??_C@_0BB@ELEIIFAE@CTRL_BREAK_EVENT?$AA@ 0000000180002c50     flags.obj
 0001:00001c68       ??_C@_0N@FEFOEFHG@CTRL_C_EVENT?$AA@ 0000000180002c68     flags.obj
 0001:00001c78       ??_C@_0BF@NIGKKPCF@BACKGROUND_INTENSITY?$AA@ 0000000180002c78     flags.obj
 0001:00001c90       ??_C@_0P@DANALJMC@BACKGROUND_RED?$AA@ 0000000180002c90     flags.obj
 0001:00001ca0       ??_C@_0BB@GKLNBMEL@BACKGROUND_GREEN?$AA@ 0000000180002ca0     flags.obj
 0001:00001cb8       ??_C@_0BA@PIFINJCK@BACKGROUND_BLUE?$AA@ 0000000180002cb8     flags.obj
 0001:00001cc8       ??_C@_0BF@OOGEJCC@FOREGROUND_INTENSITY?$AA@ 0000000180002cc8     flags.obj
 0001:00001ce0       ??_C@_0P@PBJHCFGA@FOREGROUND_RED?$AA@ 0000000180002ce0     flags.obj
 0001:00001cf0       ??_C@_0BB@PDFNMAI@FOREGROUND_GREEN?$AA@ 0000000180002cf0     flags.obj
 0001:00001d08       ??_C@_0BA@MAEBFMHC@FOREGROUND_BLUE?$AA@ 0000000180002d08     flags.obj
 0001:00001d18       ??_C@_09HNBBLIGN@PCIF_NONE?$AA@ 0000000180002d18     flags.obj
 0001:00001d28       ??_C@_0O@PLFENGLI@PCIF_FROMMAIN?$AA@ 0000000180002d28     flags.obj
 0001:00001d38       ??_C@_09FMOOJHDF@FOSF_NONE?$AA@ 0000000180002d38     flags.obj
 0001:00001d48       ??_C@_0M@MIGJPBPE@FOSF_ACTIVE?$AA@ 0000000180002d48     flags.obj
 0001:00001d58       ??_C@_08EGEBMPBD@OPM_NONE?$AA@ 0000000180002d58     flags.obj
 0001:00001d68       ??_C@_0N@HKCLLJDG@OPM_COMMANDS?$AA@ 0000000180002d68     flags.obj
 0001:00001d78       ??_C@_08LCEGJCAC@OPM_PGDN?$AA@ 0000000180002d78     flags.obj
 0001:00001d88       ??_C@_0O@OPDAGBBE@OPM_QUICKVIEW?$AA@ 0000000180002d88     flags.obj
 0001:00001d98       ??_C@_09EBKAPHPA@OPM_DESCR?$AA@ 0000000180002d98     flags.obj
 0001:00001da8       ??_C@_0N@NDGKAFDM@OPM_TOPLEVEL?$AA@ 0000000180002da8     flags.obj
 0001:00001db8       ??_C@_08LAAGEMJG@OPM_EDIT?$AA@ 0000000180002db8     flags.obj
 0001:00001dc8       ??_C@_08EHBLNDLO@OPM_VIEW?$AA@ 0000000180002dc8     flags.obj
 0001:00001dd8       ??_C@_08EKEBOKEP@OPM_FIND?$AA@ 0000000180002dd8     flags.obj
 0001:00001de8       ??_C@_0L@GEHHKNBL@OPM_SILENT?$AA@ 0000000180002de8     flags.obj
 0001:00001df8       ??_C@_09DOPJBMLM@OPIF_NONE?$AA@ 0000000180002df8     flags.obj
 0001:00001e08       ??_C@_0O@FJPLJDBC@OPIF_SHORTCUT?$AA@ 0000000180002e08     flags.obj
 0001:00001e18       ??_C@_0BB@PFDFAFHG@OPIF_USEFREESIZE?$AA@ 0000000180002e18     flags.obj
 0001:00001e30       ??_C@_0O@JHHHMHIG@OPIF_USECRC32?$AA@ 0000000180002e30     flags.obj
 0001:00001e40       ??_C@_0BJ@CALDMPLF@OPIF_USEATTRHIGHLIGHTING?$AA@ 0000000180002e40     flags.obj
 0001:00001e60       ??_C@_0BD@JIMJPFEP@OPIF_EXTERNALMKDIR?$AA@ 0000000180002e60     flags.obj
 0001:00001e78       ??_C@_0BE@LKEMICNM@OPIF_EXTERNALDELETE?$AA@ 0000000180002e78     flags.obj
 0001:00001e90       ??_C@_0BB@CFFPNDFK@OPIF_EXTERNALPUT?$AA@ 0000000180002e90     flags.obj
 0001:00001ea8       ??_C@_0BB@PELHBPAM@OPIF_EXTERNALGET?$AA@ 0000000180002ea8     flags.obj
 0001:00001ec0       ??_C@_0BE@GJEJHNKJ@OPIF_COMPAREFATTIME?$AA@ 0000000180002ec0     flags.obj
 0001:00001ed8       ??_C@_0BG@HGPMKHIE@OPIF_SHOWPRESERVECASE?$AA@ 0000000180002ed8     flags.obj
 0001:00001ef0       ??_C@_0BJ@NMIFAPJD@OPIF_SHOWRIGHTALIGNNAMES?$AA@ 0000000180002ef0     flags.obj
 0001:00001f10       ??_C@_0BD@FPGMNAPD@OPIF_SHOWNAMESONLY?$AA@ 0000000180002f10     flags.obj
 0001:00001f28       ??_C@_0P@OFEDJCO@OPIF_REALNAMES?$AA@ 0000000180002f28     flags.obj
 0001:00001f38       ??_C@_0BC@HOFHNJIG@OPIF_RAWSELECTION?$AA@ 0000000180002f38     flags.obj
 0001:00001f50       ??_C@_0N@JANKJMLP@OPIF_ADDDOTS?$AA@ 0000000180002f50     flags.obj
 0001:00001f60       ??_C@_0BJ@NGLIANCL@OPIF_DISABLEHIGHLIGHTING?$AA@ 0000000180002f60     flags.obj
 0001:00001f80       ??_C@_0BH@FHBKALPD@OPIF_DISABLESORTGROUPS?$AA@ 0000000180002f80     flags.obj
 0001:00001f98       ??_C@_0BD@PBMGDJEM@OPIF_DISABLEFILTER?$AA@ 0000000180002f98     flags.obj
 0001:00001fb0       ??_C@_0BH@KOFCBJBO@PMFLAGS_CASECONVERSION?$AA@ 0000000180002fb0     flags.obj
 0001:00001fc8       ??_C@_0BI@BMHIBDMH@PMFLAGS_ALIGNEXTENSIONS?$AA@ 0000000180002fc8     flags.obj
 0001:00001fe0       ??_C@_0BH@GDAAKEMH@PMFLAGS_DETAILEDSTATUS?$AA@ 0000000180002fe0     flags.obj
 0001:00001ff8       ??_C@_0BD@KGHJOBGM@PMFLAGS_FULLSCREEN?$AA@ 0000000180002ff8     flags.obj
 0001:00002010       ??_C@_0BD@EGELEIIG@IPLFLAGS_SEPARATOR?$AA@ 0000000180003010     flags.obj
 0001:00002028       ??_C@_07MGEGJMPI@PF_NONE?$AA@ 0000000180003028     flags.obj
 0001:00002030       ??_C@_09GMFDAFKL@PF_DIALOG?$AA@ 0000000180003030     flags.obj
 0001:00002040       ??_C@_0P@MBLBBCNK@PF_FULLCMDLINE?$AA@ 0000000180003040     flags.obj
 0001:00002050       ??_C@_09NEKIJNNA@PF_VIEWER?$AA@ 0000000180003050     flags.obj
 0001:00002060       ??_C@_09OENCMPGE@PF_EDITOR?$AA@ 0000000180003060     flags.obj
 0001:00002070       ??_C@_0BB@GCINAIGN@PF_DISABLEPANELS?$AA@ 0000000180003070     flags.obj
 0001:00002088       ??_C@_0L@NHEJGKCF@PF_PRELOAD?$AA@ 0000000180003088     flags.obj
 0001:00002098       ??_C@_0BH@PEGBPJKE@FFFS_MINSIZEINDEX_MASK?$AA@ 0000000180003098     flags.obj
 0001:000020b0       ??_C@_0BC@LLLANJJO@FFFS_MINSIZEINDEX?$AA@ 00000001800030b0     flags.obj
 0001:000020c8       ??_C@_0O@HFIGPFIH@FFFS_THOUSAND?$AA@ 00000001800030c8     flags.obj
 0001:000020d8       ??_C@_0O@FPIOAIMC@FFFS_ECONOMIC?$AA@ 00000001800030d8     flags.obj
 0001:000020e8       ??_C@_0BE@NPKCCEJ@FFFS_SHOWBYTESINDEX?$AA@ 00000001800030e8     flags.obj
 0001:00002100       ??_C@_0P@JPMLNBKL@FFFS_FLOATSIZE?$AA@ 0000000180003100     flags.obj
 0001:00002110       ??_C@_0M@JDMKDBDH@FFFS_COMMAS?$AA@ 0000000180003110     flags.obj
 0001:00002120       ??_C@_08EBKEJHAL@MLF_NONE?$AA@ 0000000180003120     flags.obj
 0001:00002130       ??_C@_0P@EPFBLPAE@MLF_HOLDTARGET?$AA@ 0000000180003130     flags.obj
 0001:00002140       ??_C@_0BF@LMAGFLHF@MLF_DONOTUPDATEPANEL?$AA@ 0000000180003140     flags.obj
 0001:00002158       ??_C@_0P@LJPBHEIE@MLF_SHOWERRMSG?$AA@ 0000000180003158     flags.obj
 0001:00002168       ??_C@_0BA@JCPHOEAE@FRS_SCANSYMLINK?$AA@ 0000000180003168     flags.obj
 0001:00002178       ??_C@_09GHEPLOHO@FRS_RECUR?$AA@ 0000000180003178     flags.obj
 0001:00002188       ??_C@_0N@PJEDCNNJ@FRS_RETUPDIR?$AA@ 0000000180003188     flags.obj
 0001:00002198       ??_C@_09JCNLKBBK@XLAT_NONE?$AA@ 0000000180003198     flags.obj
 0001:000021a8       ??_C@_0BH@IANKLOAC@XLAT_CONVERTALLCMDLINE?$AA@ 00000001800031a8     flags.obj
 0001:000021c0       ??_C@_0BH@KBFAFPNA@XLAT_USEKEYBLAYOUTNAME?$AA@ 00000001800031c0     flags.obj
 0001:000021d8       ??_C@_0BE@KOIJDNLA@XLAT_SWITCHKEYBBEEP?$AA@ 00000001800031d8     flags.obj
 0001:000021f0       ??_C@_0BG@GOMJDMCK@XLAT_SWITCHKEYBLAYOUT?$AA@ 00000001800031f0     flags.obj
 0001:00002208       ??_C@_0BE@OPDBOAAE@PN_SHOWERRORMESSAGE?$AA@ 0000000180003208     flags.obj
 0001:00002220       ??_C@_0M@NOOLKEBH@PN_SKIPPATH?$AA@ 0000000180003220     flags.obj
 0001:00002230       ??_C@_0N@FEGPCCPJ@PN_CHECKMASK?$AA@ 0000000180003230     flags.obj
 0001:00002240       ??_C@_0BA@BJCCEIOI@PN_GENERATENAME?$AA@ 0000000180003240     flags.obj
 0001:00002250       ??_C@_0P@KDEENAHJ@PN_CMPNAMELIST?$AA@ 0000000180003250     flags.obj
 0001:00002260       ??_C@_0L@HODJIPGA@PN_CMPNAME?$AA@ 0000000180003260     flags.obj
 0001:00002270       ??_C@_08OIOFCNLC@FPF_NONE?$AA@ 0000000180003270     flags.obj
 0001:00002280       ??_C@_08GKECKCCJ@FPF_ANSI?$AA@ 0000000180003280     flags.obj
 0001:00002290       ??_C@_0L@NMBLFMBN@FPF_LOADED?$AA@ 0000000180003290     flags.obj
 0001:000022a0       ??_C@_08HPFOCDKB@FIB_NONE?$AA@ 00000001800032a0     flags.obj
 0001:000022b0       ??_C@_0BB@DCODFLEL@FIB_EDITPATHEXEC?$AA@ 00000001800032b0     flags.obj
 0001:000022c8       ??_C@_0N@LBOCEEGH@FIB_EDITPATH?$AA@ 00000001800032c8     flags.obj
 0001:000022d8       ??_C@_0BA@COBBDHNL@FIB_NOAMPERSAND?$AA@ 00000001800032d8     flags.obj
 0001:000022e8       ??_C@_0M@KJOJJDIM@FIB_BUTTONS?$AA@ 00000001800032e8     flags.obj
 0001:000022f8       ??_C@_0BF@CEMIHIOK@FIB_NOUSELASTHISTORY?$AA@ 00000001800032f8     flags.obj
 0001:00002310       ??_C@_0O@DOHEGELC@FIB_EXPANDENV?$AA@ 0000000180003310     flags.obj
 0001:00002320       ??_C@_0N@DLDJCGJI@FIB_PASSWORD?$AA@ 0000000180003320     flags.obj
 0001:00002330       ??_C@_0BA@KNNLMGCA@FIB_ENABLEEMPTY?$AA@ 0000000180003330     flags.obj
 0001:00002340       ??_C@_0P@BAFEMBAJ@ECF_AUTODELETE?$AA@ 0000000180003340     flags.obj
 0001:00002350       ??_C@_0BD@DKGCCJNG@ECF_TABMARKCURRENT?$AA@ 0000000180003350     flags.obj
 0001:00002368       ??_C@_0BB@EDGIEBDF@ECF_TABMARKFIRST?$AA@ 0000000180003368     flags.obj
 0001:00002380       ??_C@_0N@GHBDMLON@VMF_WORDWRAP?$AA@ 0000000180003380     flags.obj
 0001:00002390       ??_C@_08FAPBJAKB@VMF_WRAP?$AA@ 0000000180003390     flags.obj
 0001:000023a0       ??_C@_0BA@JKDMJLJG@VSP_NORETNEWPOS?$AA@ 00000001800033a0     flags.obj
 0001:000023b0       ??_C@_0N@JGGGCNIP@VSP_RELATIVE?$AA@ 00000001800033b0     flags.obj
 0001:000023c0       ??_C@_0M@LHNGMHFO@VSP_PERCENT?$AA@ 00000001800033c0     flags.obj
 0001:000023d0       ??_C@_0N@GHEHKHJN@VSP_NOREDRAW?$AA@ 00000001800033d0     flags.obj
 0001:000023e0       ??_C@_0N@ILNDJNNO@VSMFL_REDRAW?$AA@ 00000001800033e0     flags.obj
 0001:000023f0       ??_C@_09FIOJMNJ@VOPT_NONE?$AA@ 00000001800033f0     flags.obj
 0001:00002400       ??_C@_0BI@NCAHLEBN@VOPT_AUTODETECTCODEPAGE?$AA@ 0000000180003400     flags.obj
 0001:00002418       ??_C@_0BG@JMJAOELH@VOPT_SAVEFILEPOSITION?$AA@ 0000000180003418     flags.obj
 0001:00002430       ??_C@_09FPGEBDGO@WIF_MODAL?$AA@ 0000000180003430     flags.obj
 0001:00002440       ??_C@_0M@ICPAPCOF@WIF_CURRENT?$AA@ 0000000180003440     flags.obj
 0001:00002450       ??_C@_0N@MLMCEKPH@WIF_MODIFIED?$AA@ 0000000180003450     flags.obj
 0001:00002460       ??_C@_0N@LCOHPDHN@FSETCLR_NONE?$AA@ 0000000180003460     flags.obj
 0001:00002470       ??_C@_0P@LMBMJIMF@FSETCLR_REDRAW?$AA@ 0000000180003470     flags.obj
 0001:00002480       ??_C@_0O@GKOLBMFK@AKMFLAGS_NONE?$AA@ 0000000180003480     flags.obj
 0001:00002490       ??_C@_0N@GIJCDFJI@KMFLAGS_NONE?$AA@ 0000000180003490     flags.obj
 0001:000024a0       ??_C@_0BD@JHNPMIGP@KMFLAGS_MOONSCRIPT?$AA@ 00000001800034a0     flags.obj
 0001:000024b8       ??_C@_0M@HFBACHCP@KMFLAGS_LUA?$AA@ 00000001800034b8     flags.obj
 0001:000024c8       ??_C@_0BB@NCECNBPK@KMFLAGS_LANGMASK?$AA@ 00000001800034c8     flags.obj
 0001:000024e0       ??_C@_0BF@PHHPAAOK@KMFLAGS_ENABLEOUTPUT?$AA@ 00000001800034e0     flags.obj
 0001:000024f8       ??_C@_0BM@BBOPLPKC@KMFLAGS_NOSENDKEYSTOPLUGINS?$AA@ 00000001800034f8     flags.obj
 0001:00002518       ??_C@_0BE@GEGKIINM@KMFLAGS_SILENTCHECK?$AA@ 0000000180003518     flags.obj
 0001:00002530       ??_C@_0L@MAGMKNFN@FHELP_NONE?$AA@ 0000000180003530     flags.obj
 0001:00002540       ??_C@_0BC@PNPOIHMG@FHELP_USECONTENTS?$AA@ 0000000180003540     flags.obj
 0001:00002558       ??_C@_0L@OOIMFPBD@FHELP_GUID?$AA@ 0000000180003558     flags.obj
 0001:00002568       ??_C@_0BB@IHFFPJJA@FHELP_CUSTOMPATH?$AA@ 0000000180003568     flags.obj
 0001:00002580       ??_C@_0BB@KNKDPNI@FHELP_CUSTOMFILE?$AA@ 0000000180003580     flags.obj
 0001:00002598       ??_C@_0O@FLGGLFLC@FHELP_FARHELP?$AA@ 0000000180003598     flags.obj
 0001:000025a8       ??_C@_0P@GANNLHEJ@FHELP_SELFHELP?$AA@ 00000001800035a8     flags.obj
 0001:000025b8       ??_C@_0BC@HHNGCBAM@FHELP_NOSHOWERROR?$AA@ 00000001800035b8     flags.obj
 0001:000025d0       ??_C@_07MBPCONNA@EN_NONE?$AA@ 00000001800035d0     flags.obj
 0001:000025d8       ??_C@_0BJ@MOLGCBMH@EF_OPENMODE_RELOADIFOPEN?$AA@ 00000001800035d8     flags.obj
 0001:000025f8       ??_C@_0BI@EJBKKDJ@EF_OPENMODE_BREAKIFOPEN?$AA@ 00000001800035f8     flags.obj
 0001:00002610       ??_C@_0BI@KGOKGPEI@EF_OPENMODE_USEEXISTING?$AA@ 0000000180003610     flags.obj
 0001:00002628       ??_C@_0BG@BFKJJBAG@EF_OPENMODE_NEWIFOPEN?$AA@ 0000000180003628     flags.obj
 0001:00002640       ??_C@_0BC@GAIDEJIA@EF_OPENMODE_QUERY?$AA@ 0000000180003640     flags.obj
 0001:00002658       ??_C@_0BB@NILAHAFO@EF_OPENMODE_MASK?$AA@ 0000000180003658     flags.obj
 0001:00002670       ??_C@_0BC@GFHJGKD@EF_DISABLESAVEPOS?$AA@ 0000000180003670     flags.obj
 0001:00002688       ??_C@_09IJMPFPLB@EF_LOCKED?$AA@ 0000000180003688     flags.obj
 0001:00002698       ??_C@_0BJ@ILCPOFKL@EF_DELETEONLYFILEONCLOSE?$AA@ 0000000180003698     flags.obj
 0001:000026b8       ??_C@_0BD@IHIGHGPL@EF_IMMEDIATERETURN?$AA@ 00000001800036b8     flags.obj
 0001:000026d0       ??_C@_0BB@KGPIDKFC@EF_DELETEONCLOSE?$AA@ 00000001800036d0     flags.obj
 0001:000026e8       ??_C@_0BC@PPEPEFFI@EF_DISABLEHISTORY?$AA@ 00000001800036e8     flags.obj
 0001:00002700       ??_C@_0N@LKLNHALI@EF_ENABLE_F6?$AA@ 0000000180003700     flags.obj
 0001:00002710       ??_C@_0N@DBHFPBEO@EF_CREATENEW?$AA@ 0000000180003710     flags.obj
 0001:00002720       ??_C@_0M@PIFGAPFH@EF_NONMODAL?$AA@ 0000000180003720     flags.obj
 0001:00002730       ??_C@_07CJJFHP@VF_NONE?$AA@ 0000000180003730     flags.obj
 0001:00002738       ??_C@_0BJ@OGNFHEJG@VF_DELETEONLYFILEONCLOSE?$AA@ 0000000180003738     flags.obj
 0001:00002758       ??_C@_0BD@DHJCMLFI@VF_IMMEDIATERETURN?$AA@ 0000000180003758     flags.obj
 0001:00002770       ??_C@_0BC@DLGKMECC@VF_DISABLEHISTORY?$AA@ 0000000180003770     flags.obj
 0001:00002788       ??_C@_0N@LDHALKKM@VF_ENABLE_F6?$AA@ 0000000180003788     flags.obj
 0001:00002798       ??_C@_0BB@OCDDPIKL@VF_DELETEONCLOSE?$AA@ 0000000180003798     flags.obj
 0001:000027b0       ??_C@_0M@IDNADAFL@VF_NONMODAL?$AA@ 00000001800037b0     flags.obj
 0001:000027c0       ??_C@_0M@NEMAHHGP@PFLAGS_NONE?$AA@ 00000001800037c0     flags.obj
 0001:000027d0       ??_C@_0BA@GHMDCHHI@PFLAGS_SHORTCUT?$AA@ 00000001800037d0     flags.obj
 0001:000027e0       ??_C@_0BI@EOCCAHFA@PFLAGS_ALTERNATIVENAMES?$AA@ 00000001800037e0     flags.obj
 0001:000027f8       ??_C@_0N@EOFAELOJ@PFLAGS_FOCUS?$AA@ 00000001800037f8     flags.obj
 0001:00002808       ??_C@_0P@MLDEBNPK@PFLAGS_VISIBLE?$AA@ 0000000180003808     flags.obj
 0001:00002818       ??_C@_0O@DBPJGING@PFLAGS_PLUGIN?$AA@ 0000000180003818     flags.obj
 0001:00002828       ??_C@_0BJ@HJFOABKG@PFLAGS_CASESENSITIVESORT?$AA@ 0000000180003828     flags.obj
 0001:00002848       ??_C@_0BA@KJEPHDOM@PFLAGS_USECRC32?$AA@ 0000000180003848     flags.obj
 0001:00002858       ??_C@_0BI@EHHAJLOH@PFLAGS_DIRECTORIESFIRST?$AA@ 0000000180003858     flags.obj
 0001:00002870       ??_C@_0BB@ILEHDKFJ@PFLAGS_PANELLEFT?$AA@ 0000000180003870     flags.obj
 0001:00002888       ??_C@_0BD@MOODMDAB@PFLAGS_NUMERICSORT?$AA@ 0000000180003888     flags.obj
 0001:000028a0       ??_C@_0BB@KDANIJNM@PFLAGS_REALNAMES?$AA@ 00000001800038a0     flags.obj
 0001:000028b8       ??_C@_0BF@LBBAIOCD@PFLAGS_SELECTEDFIRST?$AA@ 00000001800038b8     flags.obj
 0001:000028d0       ??_C@_0BF@KJNCJPKN@PFLAGS_USESORTGROUPS?$AA@ 00000001800038d0     flags.obj
 0001:000028e8       ??_C@_0BI@BFAFODJ@PFLAGS_REVERSESORTORDER?$AA@ 00000001800038e8     flags.obj
 0001:00002900       ??_C@_0BB@BCAJEJEH@PFLAGS_HIGHLIGHT?$AA@ 0000000180003900     flags.obj
 0001:00002918       ??_C@_0BC@BONLDOOD@PFLAGS_SHOWHIDDEN?$AA@ 0000000180003918     flags.obj
 0001:00002930       ??_C@_09OIFMMGNJ@PPIF_NONE?$AA@ 0000000180003930     flags.obj
 0001:00002940       ??_C@_0BC@LPBDBIOM@PPIF_PROCESSDESCR?$AA@ 0000000180003940     flags.obj
 0001:00002958       ??_C@_0O@JEAJLDHC@PPIF_SELECTED?$AA@ 0000000180003958     flags.obj
 0001:00002968       ??_C@_0L@DGFIEOMD@FMENU_NONE?$AA@ 0000000180003968     flags.obj
 0001:00002978       ??_C@_0BJ@FCEONOJC@FMENU_CHANGECONSOLETITLE?$AA@ 0000000180003978     flags.obj
 0001:00002998       ??_C@_0BL@OKAIKPMN@FMENU_REVERSEAUTOHIGHLIGHT?$AA@ 0000000180003998     flags.obj
 0001:000029b8       ??_C@_0BE@IDAMFDEA@FMENU_AUTOHIGHLIGHT?$AA@ 00000001800039b8     flags.obj
 0001:000029d0       ??_C@_0P@HICDNKDJ@FMENU_WRAPMODE?$AA@ 00000001800039d0     flags.obj
 0001:000029e0       ??_C@_0BE@FALMPPJK@FMENU_SHOWAMPERSAND?$AA@ 00000001800039e0     flags.obj
 0001:000029f8       ??_C@_08JEEJJGP@MIF_NONE?$AA@ 00000001800039f8     flags.obj
 0001:00002a08       ??_C@_0L@DEJINBIP@MIF_HIDDEN?$AA@ 0000000180003a08     flags.obj
 0001:00002a18       ??_C@_0L@DLLNLLIG@MIF_GRAYED?$AA@ 0000000180003a18     flags.obj
 0001:00002a28       ??_C@_0M@OPPCPJOL@MIF_DISABLE?$AA@ 0000000180003a28     flags.obj
 0001:00002a38       ??_C@_0O@DEIKOCPA@MIF_SEPARATOR?$AA@ 0000000180003a38     flags.obj
 0001:00002a48       ??_C@_0M@IHMNAMOE@MIF_CHECKED?$AA@ 0000000180003a48     flags.obj
 0001:00002a58       ??_C@_0N@JOOGIBAO@MIF_SELECTED?$AA@ 0000000180003a58     flags.obj
 0001:00002a68       ??_C@_09NNFHCBNL@FDLG_NONE?$AA@ 0000000180003a68     flags.obj
 0001:00002a78       ??_C@_0BG@GHNOOENB@FDLG_KEEPCONSOLETITLE?$AA@ 0000000180003a78     flags.obj
 0001:00002a90       ??_C@_0BB@NPLEEAKK@FDLG_NODRAWPANEL?$AA@ 0000000180003a90     flags.obj
 0001:00002aa8       ??_C@_0BC@ONGLDAJN@FDLG_NODRAWSHADOW?$AA@ 0000000180003aa8     flags.obj
 0001:00002ac0       ??_C@_0BB@DKMEBDJJ@FDLG_SMALLDIALOG?$AA@ 0000000180003ac0     flags.obj
 0001:00002ad8       ??_C@_0N@OLGDMHKL@FDLG_WARNING?$AA@ 0000000180003ad8     flags.obj
 0001:00002ae8       ??_C@_0L@EPACPANF@LINFO_NONE?$AA@ 0000000180003ae8     flags.obj
 0001:00002af8       ??_C@_0BE@OHJCOKAE@LINFO_SHOWAMPERSAND?$AA@ 0000000180003af8     flags.obj
 0001:00002b10       ??_C@_0P@KLBMHNCG@LINFO_WRAPMODE?$AA@ 0000000180003b10     flags.obj
 0001:00002b20       ??_C@_0BH@BADLEILJ@LINFO_REVERSEHIGHLIGHT?$AA@ 0000000180003b20     flags.obj
 0001:00002b38       ??_C@_0BE@DECCEGNO@LINFO_AUTOHIGHLIGHT?$AA@ 0000000180003b38     flags.obj
 0001:00002b50       ??_C@_0BA@OOIEKCFB@LINFO_SHOWNOBOX?$AA@ 0000000180003b50     flags.obj
 0001:00002b60       ??_C@_0M@FPOGKIGO@LIFIND_NONE?$AA@ 0000000180003b60     flags.obj
 0001:00002b70       ??_C@_0BC@BGAENNBJ@LIFIND_EXACTMATCH?$AA@ 0000000180003b70     flags.obj
 0001:00002b88       ??_C@_08BODPINCM@LIF_NONE?$AA@ 0000000180003b88     flags.obj
 0001:00002b98       ??_C@_0BD@HEPCOIEH@LIF_DELETEUSERDATA?$AA@ 0000000180003b98     flags.obj
 0001:00002bb0       ??_C@_0L@PFBGAOEP@LIF_HIDDEN?$AA@ 0000000180003bb0     flags.obj
 0001:00002bc0       ??_C@_0L@PKDDGEEG@LIF_GRAYED?$AA@ 0000000180003bc0     flags.obj
 0001:00002bd0       ??_C@_0M@HEFHLFIE@LIF_DISABLE?$AA@ 0000000180003bd0     flags.obj
 0001:00002be0       ??_C@_0O@KJIFADIG@LIF_SEPARATOR?$AA@ 0000000180003be0     flags.obj
 0001:00002bf0       ??_C@_0M@BMGIEAIL@LIF_CHECKED?$AA@ 0000000180003bf0     flags.obj
 0001:00002c00       ??_C@_0N@EDHAFIIL@LIF_SELECTED?$AA@ 0000000180003c00     flags.obj
 0001:00002c10       ??_C@_08KFOHCPDE@DIF_NONE?$AA@ 0000000180003c10     flags.obj
 0001:00002c20       ??_C@_0N@LAEOODAD@DIF_WORDWRAP?$AA@ 0000000180003c20     flags.obj
 0001:00002c30       ??_C@_0O@KJADCBBN@DIF_RIGHTTEXT?$AA@ 0000000180003c30     flags.obj
 0001:00002c40       ??_C@_09LCJIOEMN@DIF_FOCUS?$AA@ 0000000180003c40     flags.obj
 0001:00002c50       ??_C@_0BC@CHAAKEJO@DIF_DEFAULTBUTTON?$AA@ 0000000180003c50     flags.obj
 0001:00002c68       ??_C@_0M@HCFLMDHK@DIF_DISABLE?$AA@ 0000000180003c68     flags.obj
 0001:00002c78       ??_C@_0M@NLLDINIM@DIF_NOFOCUS?$AA@ 0000000180003c78     flags.obj
 0001:00002c88       ??_C@_0N@KOGKCAKJ@DIF_READONLY?$AA@ 0000000180003c88     flags.obj
 0001:00002c98       ??_C@_0L@EPNFOPAK@DIF_HIDDEN?$AA@ 0000000180003c98     flags.obj
 0001:00002ca8       ??_C@_0BB@GMKDKOOP@DIF_EDITPATHEXEC?$AA@ 0000000180003ca8     flags.obj
 0001:00002cc0       ??_C@_0BA@JNOKLHOL@DIF_LISTNOCLOSE?$AA@ 0000000180003cc0     flags.obj
 0001:00002cd0       ??_C@_0BG@MONEJILE@DIF_LISTAUTOHIGHLIGHT?$AA@ 0000000180003cd0     flags.obj
 0001:00002ce8       ??_C@_0BD@MFOKKGGF@DIF_NOAUTOCOMPLETE?$AA@ 0000000180003ce8     flags.obj
 0001:00002d00       ??_C@_0BB@NPNALIGO@DIF_LISTWRAPMODE?$AA@ 0000000180003d00     flags.obj
 0001:00002d18       ??_C@_0N@GBGHICKO@DIF_EDITPATH?$AA@ 0000000180003d18     flags.obj
 0001:00002d28       ??_C@_0L@KKNJDNBK@DIF_3STATE?$AA@ 0000000180003d28     flags.obj
 0001:00002d38       ??_C@_0BC@JNLDMGBD@DIF_SELECTONENTRY?$AA@ 0000000180003d38     flags.obj
 0001:00002d50       ??_C@_0BK@LEFIBDOA@DIF_LISTTRACKMOUSEINFOCUS?$AA@ 0000000180003d50     flags.obj
 0001:00002d70       ??_C@_0BD@LPDHCLJI@DIF_LISTTRACKMOUSE?$AA@ 0000000180003d70     flags.obj
 0001:00002d88       ??_C@_0N@MOCGNIKC@DIF_MASKEDIT?$AA@ 0000000180003d88     flags.obj
 0001:00002d98       ??_C@_0BD@MNGIOLFF@DIF_USELASTHISTORY?$AA@ 0000000180003d98     flags.obj
 0001:00002db0       ??_C@_0BB@EIMEKEFP@DIF_DROPDOWNLIST?$AA@ 0000000180003db0     flags.obj
 0001:00002dc8       ??_C@_0P@EEJEDBLH@DIF_EDITEXPAND?$AA@ 0000000180003dc8     flags.obj
 0001:00002dd8       ??_C@_0O@IKJBMPOF@DIF_SETSHIELD?$AA@ 0000000180003dd8     flags.obj
 0001:00002de8       ??_C@_0BC@ODEMBOPK@DIF_SEPARATORUSER?$AA@ 0000000180003de8     flags.obj
 0001:00002e00       ??_C@_0P@KOJCCCGB@DIF_CENTERTEXT?$AA@ 0000000180003e00     flags.obj
 0001:00002e10       ??_C@_0P@EGFAEEDC@DIF_BTNNOCLOSE?$AA@ 0000000180003e10     flags.obj
 0001:00002e20       ??_C@_0M@IPFBMFDN@DIF_HISTORY?$AA@ 0000000180003e20     flags.obj
 0001:00002e30       ??_C@_0O@FFJNBMAD@DIF_LISTNOBOX?$AA@ 0000000180003e30     flags.obj
 0001:00002e40       ??_C@_0BE@PFICAGJF@DIF_LISTNOAMPERSAND?$AA@ 0000000180003e40     flags.obj
 0001:00002e58       ??_C@_0L@NBPFNGLB@DIF_EDITOR?$AA@ 0000000180003e58     flags.obj
 0001:00002e68       ??_C@_0P@CGILDLOA@DIF_SEPARATOR2?$AA@ 0000000180003e68     flags.obj
 0001:00002e78       ??_C@_0O@JKNMBNLA@DIF_SEPARATOR?$AA@ 0000000180003e78     flags.obj
 0001:00002e88       ??_C@_0BF@JBCDBJCL@DIF_MANUALADDHISTORY?$AA@ 0000000180003e88     flags.obj
 0001:00002ea0       ??_C@_0P@MKFBJPOB@DIF_NOBRACKETS?$AA@ 0000000180003ea0     flags.obj
 0001:00002eb0       ??_C@_0BA@BLCOKAAO@DIF_CENTERGROUP?$AA@ 0000000180003eb0     flags.obj
 0001:00002ec0       ??_C@_0BC@PDKFKKEI@DIF_SHOWAMPERSAND?$AA@ 0000000180003ec0     flags.obj
 0001:00002ed8       ??_C@_0P@BGPBEDHH@DIF_MOVESELECT?$AA@ 0000000180003ed8     flags.obj
 0001:00002ee8       ??_C@_0N@GCKJNBCM@DIF_LEFTTEXT?$AA@ 0000000180003ee8     flags.obj
 0001:00002ef8       ??_C@_09IAEPIICA@DIF_GROUP?$AA@ 0000000180003ef8     flags.obj
 0001:00002f08       ??_C@_0N@DHJCDIKM@DIF_BOXCOLOR?$AA@ 0000000180003f08     flags.obj
 0001:00002f18       ??_C@_09NEGPLEAH@FMSG_NONE?$AA@ 0000000180003f18     flags.obj
 0001:00002f28       ??_C@_0BE@OCLAIENB@FMSG_MB_RETRYCANCEL?$AA@ 0000000180003f28     flags.obj
 0001:00002f40       ??_C@_0BE@IBNOLCGP@FMSG_MB_YESNOCANCEL?$AA@ 0000000180003f40     flags.obj
 0001:00002f58       ??_C@_0O@GPCAPHCL@FMSG_MB_YESNO?$AA@ 0000000180003f58     flags.obj
 0001:00002f68       ??_C@_0BJ@BKJADAHA@FMSG_MB_ABORTRETRYIGNORE?$AA@ 0000000180003f68     flags.obj
 0001:00002f88       ??_C@_0BB@JGAPGIEP@FMSG_MB_OKCANCEL?$AA@ 0000000180003f88     flags.obj
 0001:00002fa0       ??_C@_0L@BGALGPOK@FMSG_MB_OK?$AA@ 0000000180003fa0     flags.obj
 0001:00002fb0       ??_C@_0O@FOIOKDHJ@FMSG_ALLINONE?$AA@ 0000000180003fb0     flags.obj
 0001:00002fc0       ??_C@_0P@KBEMNNEP@FMSG_LEFTALIGN?$AA@ 0000000180003fc0     flags.obj
 0001:00002fd0       ??_C@_0BE@FHOOILPH@FMSG_KEEPBACKGROUND?$AA@ 0000000180003fd0     flags.obj
 0001:00002fe8       ??_C@_0P@HHIGLJAP@FMSG_ERRORTYPE?$AA@ 0000000180003fe8     flags.obj
 0001:00002ff8       ??_C@_0N@ELMEMNDH@FMSG_WARNING?$AA@ 0000000180003ff8     flags.obj
 0001:00003008       ??_C@_08FKIDFHCM@CDF_NONE?$AA@ 0000000180004008     flags.obj
 0001:00003018       ??_C@_08BKNBBLHK@FCF_NONE?$AA@ 0000000180004018     flags.obj
 0001:00003028       ??_C@_0O@LGBGBIGB@FCF_STYLEMASK?$AA@ 0000000180004028     flags.obj
 0001:00003038       ??_C@_0BB@NPEFGEGA@FCF_FG_UNDERLINE?$AA@ 0000000180004038     flags.obj
 0001:00003050       ??_C@_0O@FAPDECBF@FCF_FG_ITALIC?$AA@ 0000000180004050     flags.obj
 0001:00003060       ??_C@_0M@LFMGCKHG@FCF_FG_BOLD?$AA@ 0000000180004060     flags.obj
 0001:00003070       ??_C@_0BC@NKBLNNIA@FCF_EXTENDEDFLAGS?$AA@ 0000000180004070     flags.obj
 0001:00003088       ??_C@_0BB@PJFLJJLD@FCF_RAWATTR_MASK?$AA@ 0000000180004088     flags.obj
 0001:000030a0       ??_C@_0N@HMKJBHOA@FCF_4BITMASK?$AA@ 00000001800040a0     flags.obj
 0001:000030b0       ??_C@_0M@PJHNDJIE@FCF_BG_4BIT?$AA@ 00000001800040b0     flags.obj
 0001:000030c0       ??_C@_0M@HNDHDHHO@FCF_FG_4BIT?$AA@ 00000001800040c0     flags.obj
 0001:000030d0       ??_C@_0BE@PONEECEM@FE_CHANGESORTPARAMS?$AA@ 00000001800040d0     flags.obj
 0001:000030e8       ??_C@_0N@DGHFKMFL@FE_KILLFOCUS?$AA@ 00000001800040e8     flags.obj
 0001:000030f8       ??_C@_0M@FIECADDF@FE_GOTFOCUS?$AA@ 00000001800040f8     flags.obj
 0001:00003108       ??_C@_0L@LELAIPLL@FE_COMMAND?$AA@ 0000000180004108     flags.obj
 0001:00003118       ??_C@_08MOMCCKPB@FE_BREAK?$AA@ 0000000180004118     flags.obj
 0001:00003128       ??_C@_08DENCGKED@FE_CLOSE?$AA@ 0000000180004128     flags.obj
 0001:00003138       ??_C@_07CLNPDBLG@FE_IDLE?$AA@ 0000000180004138     flags.obj
 0001:00003140       ??_C@_09DENIDBMJ@FE_REDRAW?$AA@ 0000000180004140     flags.obj
 0001:00003150       ??_C@_0BC@PNCKAHJO@FE_CHANGEVIEWMODE?$AA@ 0000000180004150     flags.obj
 0001:00003168       ??_C@_0BA@GEAFHJNF@MPRT_HASNOMACRO?$AA@ 0000000180004168     flags.obj
 0001:00003178       ??_C@_0O@IEMNLPAB@MPRT_USERMENU?$AA@ 0000000180004178     flags.obj
 0001:00003188       ??_C@_0BD@HHINMPPI@MPRT_PLUGINCOMMAND?$AA@ 0000000180004188     flags.obj
 0001:000031a0       ??_C@_0BC@LEDOPMKI@MPRT_PLUGINCONFIG?$AA@ 00000001800041a0     flags.obj
 0001:000031b8       ??_C@_0BA@EJFFOAMM@MPRT_PLUGINMENU?$AA@ 00000001800041b8     flags.obj
 0001:000031c8       ??_C@_0BA@OBIDLEIM@MPRT_PLUGINCALL?$AA@ 00000001800041c8     flags.obj
 0001:000031d8       ??_C@_0L@GEHHCKFA@MPRT_PRINT?$AA@ 00000001800041d8     flags.obj
 0001:000031e8       ??_C@_09EJDAADCN@MPRT_KEYS?$AA@ 00000001800041e8     flags.obj
 0001:000031f8       ??_C@_0BA@BCBAEEOI@MPRT_ERRORPARSE?$AA@ 00000001800041f8     flags.obj
 0001:00003208       ??_C@_0BB@PMCBIGCA@MPRT_ERRORFINISH?$AA@ 0000000180004208     flags.obj
 0001:00003220       ??_C@_0BC@IOECJI@MPRT_NORMALFINISH?$AA@ 0000000180004220     flags.obj
 0001:00003238       ??_C@_0N@BHFJFHA@MCT_KEYMACRO?$AA@ 0000000180004238     flags.obj
 0001:00003248       ??_C@_0N@FOPIOCHO@MCT_ADDMACRO?$AA@ 0000000180004248     flags.obj
 0001:00003258       ??_C@_0BH@PKKJIOHM@MCT_GETCUSTOMSORTMODES?$AA@ 0000000180004258     flags.obj
 0001:00003270       ??_C@_0O@CDBDPKIC@MCT_PANELSORT?$AA@ 0000000180004270     flags.obj
 0001:00003280       ??_C@_0P@HOMHAEFB@MCT_EXECSTRING?$AA@ 0000000180004280     flags.obj
 0001:00003290       ??_C@_0BC@NALHIHJ@MCT_RUNSTARTMACRO?$AA@ 0000000180004290     flags.obj
 0001:000032a8       ??_C@_0N@OLCKOJMI@MCT_DELMACRO?$AA@ 00000001800042a8     flags.obj
 0001:000032b8       ??_C@_0BC@NFGGBILF@MCT_RECORDEDMACRO?$AA@ 00000001800042b8     flags.obj
 0001:000032d0       ??_C@_0N@IGJGAHKE@MCT_GETMACRO?$AA@ 00000001800042d0     flags.obj
 0001:000032e0       ??_C@_0BA@MOCJHMJK@MCT_WRITEMACROS?$AA@ 00000001800042e0     flags.obj
 0001:000032f0       ??_C@_0P@HMDDACMI@MCT_ENUMMACROS?$AA@ 00000001800042f0     flags.obj
 0001:00003300       ??_C@_0P@GNPFPCF@MCT_LOADMACROS?$AA@ 0000000180004300     flags.obj
 0001:00003310       ??_C@_0P@GBMLNMMI@MCT_MACROPARSE?$AA@ 0000000180004310     flags.obj
 0001:00003320       ??_C@_0O@NEDDJIHC@OPEN_LUAMACRO?$AA@ 0000000180004320     flags.obj
 0001:00003330       ??_C@_0P@FOKOAMLC@OPEN_FROMMACRO?$AA@ 0000000180004330     flags.obj
 0001:00003340       ??_C@_0BD@NFNGGFHI@OPEN_RIGHTDISKMENU?$AA@ 0000000180004340     flags.obj
 0001:00003358       ??_C@_0N@CBHPGAKB@OPEN_ANALYSE?$AA@ 0000000180004358     flags.obj
 0001:00003368       ??_C@_0M@LEBKLGKD@OPEN_DIALOG?$AA@ 0000000180004368     flags.obj
 0001:00003378       ??_C@_0P@LCDNLGDE@OPEN_FILEPANEL?$AA@ 0000000180004378     flags.obj
 0001:00003388       ??_C@_0M@MOBCONI@OPEN_VIEWER?$AA@ 0000000180004388     flags.obj
 0001:00003398       ??_C@_0M@DMJLHMGM@OPEN_EDITOR?$AA@ 0000000180004398     flags.obj
 0001:000033a8       ??_C@_0BB@JHCCMIPF@OPEN_COMMANDLINE?$AA@ 00000001800043a8     flags.obj
 0001:000033c0       ??_C@_0O@OGDCDPNG@OPEN_SHORTCUT?$AA@ 00000001800043c0     flags.obj
 0001:000033d0       ??_C@_0O@IEJHJCNB@OPEN_FINDLIST?$AA@ 00000001800043d0     flags.obj
 0001:000033e0       ??_C@_0BB@CEFDHHLF@OPEN_PLUGINSMENU?$AA@ 00000001800043e0     flags.obj
 0001:000033f8       ??_C@_0BC@OOKLINPG@OPEN_LEFTDISKMENU?$AA@ 00000001800043f8     flags.obj
 0001:0000340c       ??_C@_05MMFLPJEB@VS_RC?$AA@ 000000018000440c     flags.obj
 0001:00003418       ??_C@_07OKFPMINB@VS_BETA?$AA@ 0000000180004418     flags.obj
 0001:00003420       ??_C@_08BDGLHPMJ@VS_ALPHA?$AA@ 0000000180004420     flags.obj
 0001:00003430       ??_C@_0L@NCFOENCC@VS_RELEASE?$AA@ 0000000180004430     flags.obj
 0001:00003440       ??_C@_0L@NPJNPCJM@CPM_NATIVE?$AA@ 0000000180004440     flags.obj
 0001:00003450       ??_C@_08LAEGFKJE@CPM_REAL?$AA@ 0000000180004450     flags.obj
 0001:00003460       ??_C@_08HNOHKPBK@CPM_FULL?$AA@ 0000000180004460     flags.obj
 0001:00003470       ??_C@_0N@PJENIJFN@LINK_SYMLINK?$AA@ 0000000180004470     flags.obj
 0001:00003480       ??_C@_0BA@GFPIOFMG@LINK_SYMLINKDIR?$AA@ 0000000180004480     flags.obj
 0001:00003490       ??_C@_0BB@JDBEPJDK@LINK_SYMLINKFILE?$AA@ 0000000180004490     flags.obj
 0001:000034a8       ??_C@_0O@FIAPLKLH@LINK_VOLMOUNT?$AA@ 00000001800044a8     flags.obj
 0001:000034b8       ??_C@_0O@OOAFIIDA@LINK_JUNCTION?$AA@ 00000001800044b8     flags.obj
 0001:000034c8       ??_C@_0O@KJFMBLFE@LINK_HARDLINK?$AA@ 00000001800044c8     flags.obj
 0001:000034d8       ??_C@_0L@IADFDBJB@FCT_COLUMN?$AA@ 00000001800044d8     flags.obj
 0001:000034e8       ??_C@_0L@CDAEILNM@FCT_STREAM?$AA@ 00000001800044e8     flags.obj
 0001:000034f8       ??_C@_07BPEFOPGM@FCT_ANY?$AA@ 00000001800044f8     flags.obj
 0001:00003500       ??_C@_09EDBNDHCM@PSL_LOCAL?$AA@ 0000000180004500     flags.obj
 0001:00003510       ??_C@_0M@JCGHGLJF@PSL_ROAMING?$AA@ 0000000180004510     flags.obj
 0001:00003520       ??_C@_0BB@GBBEBNKE@FSSF_PANELLAYOUT?$AA@ 0000000180004520     flags.obj
 0001:00003538       ??_C@_0P@OCDADNBF@FSSF_INTERFACE?$AA@ 0000000180004538     flags.obj
 0001:00003548       ??_C@_0M@CBDJLJIE@FSSF_DIALOG?$AA@ 0000000180004548     flags.obj
 0001:00003558       ??_C@_0M@KEMGKEOF@FSSF_SCREEN?$AA@ 0000000180004558     flags.obj
 0001:00003568       ??_C@_0M@KJLIHDEL@FSSF_EDITOR?$AA@ 0000000180004568     flags.obj
 0001:00003578       ??_C@_0L@LBFNJGFB@FSSF_PANEL?$AA@ 0000000180004578     flags.obj
 0001:00003588       ??_C@_0M@PIGDMPJB@FSSF_SYSTEM?$AA@ 0000000180004588     flags.obj
 0001:00003598       ??_C@_0BD@PBIEGEHP@FSSF_CONFIRMATIONS?$AA@ 0000000180004598     flags.obj
 0001:000035b0       ??_C@_0BG@OHMIIBBD@FSSF_FOLDERSHORTCUT_9?$AA@ 00000001800045b0     flags.obj
 0001:000035c8       ??_C@_0BG@PONDLAFC@FSSF_FOLDERSHORTCUT_8?$AA@ 00000001800045c8     flags.obj
 0001:000035e0       ??_C@_0BG@HJELKMJN@FSSF_FOLDERSHORTCUT_7?$AA@ 00000001800045e0     flags.obj
 0001:000035f8       ??_C@_0BG@GAFAJNNM@FSSF_FOLDERSHORTCUT_6?$AA@ 00000001800045f8     flags.obj
 0001:00003610       ??_C@_0BG@ELHNMOBP@FSSF_FOLDERSHORTCUT_5?$AA@ 0000000180004610     flags.obj
 0001:00003628       ??_C@_0BG@FCGGPPFO@FSSF_FOLDERSHORTCUT_4?$AA@ 0000000180004628     flags.obj
 0001:00003640       ??_C@_0BG@BNCHGJJJ@FSSF_FOLDERSHORTCUT_3?$AA@ 0000000180004640     flags.obj
 0001:00003658       ??_C@_0BG@EDMFINI@FSSF_FOLDERSHORTCUT_2?$AA@ 0000000180004658     flags.obj
 0001:00003670       ??_C@_0BG@CPBBALBL@FSSF_FOLDERSHORTCUT_1?$AA@ 0000000180004670     flags.obj
 0001:00003688       ??_C@_0BG@DGAKDKFK@FSSF_FOLDERSHORTCUT_0?$AA@ 0000000180004688     flags.obj
 0001:000036a0       ??_C@_0BG@IFGEMJIF@FSSF_HISTORY_EXTERNAL?$AA@ 00000001800046a0     flags.obj
 0001:000036b8       ??_C@_0BC@CODELNPP@FSSF_HISTORY_EDIT?$AA@ 00000001800046b8     flags.obj
 0001:000036d0       ??_C@_0BC@NJCJCCNH@FSSF_HISTORY_VIEW?$AA@ 00000001800046d0     flags.obj
 0001:000036e8       ??_C@_0BE@BLPOFODL@FSSF_HISTORY_FOLDER?$AA@ 00000001800046e8     flags.obj
 0001:00003700       ??_C@_0BB@HDKCPBIO@FSSF_HISTORY_CMD?$AA@ 0000000180004700     flags.obj
 0001:00003718       ??_C@_09OBBBBFPE@FSSF_ROOT?$AA@ 0000000180004718     flags.obj
 0001:00003728       ??_C@_08EJJJCLIG@FST_DATA?$AA@ 0000000180004728     flags.obj
 0001:00003738       ??_C@_0L@LPMPBKDL@FST_STRING?$AA@ 0000000180004738     flags.obj
 0001:00003748       ??_C@_09LFEEAJIC@FST_QWORD?$AA@ 0000000180004748     flags.obj
 0001:00003758       ??_C@_0L@GGGOEGKJ@FST_SUBKEY?$AA@ 0000000180004758     flags.obj
 0001:00003768       ??_C@_0M@OIOMMFOE@FST_UNKNOWN?$AA@ 0000000180004768     flags.obj
 0001:00003778       ??_C@_0L@LGPEDLLD@FFT_CUSTOM?$AA@ 0000000180004778     flags.obj
 0001:00003788       ??_C@_0L@EKPDMFDD@FFT_SELECT?$AA@ 0000000180004788     flags.obj
 0001:00003798       ??_C@_08KKCPIPGP@FFT_COPY?$AA@ 0000000180004798     flags.obj
 0001:000037a8       ??_C@_0N@GMEDAGNH@FFT_FINDFILE?$AA@ 00000001800047a8     flags.obj
 0001:000037b8       ??_C@_09BOODOHKD@FFT_PANEL?$AA@ 00000001800047b8     flags.obj
 0001:000037c8       ??_C@_0P@KKEMMPNI@PFM_MODULENAME?$AA@ 00000001800047c8     flags.obj
 0001:000037d8       ??_C@_08KBAMIIFB@PFM_GUID?$AA@ 00000001800047d8     flags.obj
 0001:000037e8       ??_C@_08HHHKLJPB@PLT_PATH?$AA@ 00000001800047e8     flags.obj
 0001:000037f8       ??_C@_0P@NMOJJPOB@ECTYPE_DELETED?$AA@ 00000001800047f8     flags.obj
 0001:00003808       ??_C@_0N@MDEFMEEA@ECTYPE_ADDED?$AA@ 0000000180004808     flags.obj
 0001:00003818       ??_C@_0P@DOBJCNIG@ECTYPE_CHANGED?$AA@ 0000000180004818     flags.obj
 0001:00003828       ??_C@_0P@BECIAJAM@ECSTATE_LOCKED?$AA@ 0000000180004828     flags.obj
 0001:00003838       ??_C@_0O@GBBGHDFM@ECSTATE_SAVED?$AA@ 0000000180004838     flags.obj
 0001:00003848       ??_C@_0BB@BNPDAPGB@ECSTATE_MODIFIED?$AA@ 0000000180004848     flags.obj
 0001:00003860       ??_C@_0N@EMEGNPLI@BTYPE_COLUMN?$AA@ 0000000180004860     flags.obj
 0001:00003870       ??_C@_0N@OPHHGFPF@BTYPE_STREAM?$AA@ 0000000180004870     flags.obj
 0001:00003880       ??_C@_0L@BJCBJJNB@BTYPE_NONE?$AA@ 0000000180004880     flags.obj
 0001:00003890       ??_C@_0BD@CLLAKGOA@EOPT_SHOWLINEBREAK?$AA@ 0000000180004890     flags.obj
 0001:000038a8       ??_C@_08HMMLONBH@EOPT_BOM?$AA@ 00000001800048a8     flags.obj
 0001:000038b8       ??_C@_0BE@DDKCDJDC@EOPT_SHOWWHITESPACE?$AA@ 00000001800048b8     flags.obj
 0001:000038d0       ??_C@_0BH@CJPAGGLC@EOPT_EXPANDONLYNEWTABS?$AA@ 00000001800048d0     flags.obj
 0001:000038e8       ??_C@_0BF@IMCOEIAL@EOPT_CURSORBEYONDEOL?$AA@ 00000001800048e8     flags.obj
 0001:00003900       ??_C@_0BI@PFHCGCAI@EOPT_AUTODETECTCODEPAGE?$AA@ 0000000180004900     flags.obj
 0001:00003918       ??_C@_0BG@MBPADLG@EOPT_SAVEFILEPOSITION?$AA@ 0000000180004918     flags.obj
 0001:00003930       ??_C@_0BA@KPJEAKBD@EOPT_AUTOINDENT?$AA@ 0000000180004930     flags.obj
 0001:00003940       ??_C@_0BG@PIIHHCAN@EOPT_DELREMOVESBLOCKS?$AA@ 0000000180004940     flags.obj
 0001:00003958       ??_C@_0BG@BOINMDEK@EOPT_PERSISTENTBLOCKS?$AA@ 0000000180004958     flags.obj
 0001:00003970       ??_C@_0BD@DKHPEOHH@EOPT_EXPANDALLTABS?$AA@ 0000000180004970     flags.obj
 0001:00003988       ??_C@_0P@OONGIIBL@EXPAND_NEWTABS?$AA@ 0000000180004988     flags.obj
 0001:00003998       ??_C@_0P@MLHPCNDM@EXPAND_ALLTABS?$AA@ 0000000180004998     flags.obj
 0001:000039a8       ??_C@_0O@PKOIFEBO@EXPAND_NOTABS?$AA@ 00000001800049a8     flags.obj
 0001:000039b8       ??_C@_08DHMMFAHF@EUR_REDO?$AA@ 00000001800049b8     flags.obj
 0001:000039c8       ??_C@_08FCONALGE@EUR_UNDO?$AA@ 00000001800049c8     flags.obj
 0001:000039d8       ??_C@_07DDJDFJCN@EUR_END?$AA@ 00000001800049d8     flags.obj
 0001:000039e0       ??_C@_09FLEMPKKP@EUR_BEGIN?$AA@ 00000001800049e0     flags.obj
 0001:000039f0       ??_C@_0M@FICNFPPA@ESPT_SETBOM?$AA@ 00000001800049f0     flags.obj
 0001:00003a00       ??_C@_0BE@MACJBCFP@ESPT_SHOWWHITESPACE?$AA@ 0000000180004a00     flags.obj
 0001:00003a18       ??_C@_0BA@FGEHLJDF@ESPT_GETWORDDIV?$AA@ 0000000180004a18     flags.obj
 0001:00003a28       ??_C@_0BA@EIGIAOHM@ESPT_SETWORDDIV?$AA@ 0000000180004a28     flags.obj
 0001:00003a38       ??_C@_0O@KCPDJCKC@ESPT_LOCKMODE?$AA@ 0000000180004a38     flags.obj
 0001:00003a48       ??_C@_0BG@HAPABMJH@ESPT_SAVEFILEPOSITION?$AA@ 0000000180004a48     flags.obj
 0001:00003a60       ??_C@_0O@PIAOJINE@ESPT_CODEPAGE?$AA@ 0000000180004a60     flags.obj
 0001:00003a70       ??_C@_0BC@OECOCGLJ@ESPT_CHARCODEBASE?$AA@ 0000000180004a70     flags.obj
 0001:00003a88       ??_C@_0BF@LPNONOMF@ESPT_CURSORBEYONDEOL?$AA@ 0000000180004a88     flags.obj
 0001:00003aa0       ??_C@_0BA@KOADDMLI@ESPT_AUTOINDENT?$AA@ 0000000180004aa0     flags.obj
 0001:00003ab0       ??_C@_0BA@GOKHPFCK@ESPT_EXPANDTABS?$AA@ 0000000180004ab0     flags.obj
 0001:00003ac0       ??_C@_0N@HKGMPMJE@ESPT_TABSIZE?$AA@ 0000000180004ac0     flags.obj
 0001:00003ad0       ??_C@_0BB@MNODJNPE@SE_COMMONSYNCHRO?$AA@ 0000000180004ad0     flags.obj
 0001:00003ae8       ??_C@_0O@ICBCOJCG@DE_DLGPROCEND?$AA@ 0000000180004ae8     flags.obj
 0001:00003af8       ??_C@_0BC@BMFEJAMO@DE_DEFDLGPROCINIT?$AA@ 0000000180004af8     flags.obj
 0001:00003b10       ??_C@_0P@MBHAHBBG@DE_DLGPROCINIT?$AA@ 0000000180004b10     flags.obj
 0001:00003b20       ??_C@_09MIOGFFI@EE_CHANGE?$AA@ 0000000180004b20     flags.obj
 0001:00003b30       ??_C@_0N@ILLPMAJF@EE_KILLFOCUS?$AA@ 0000000180004b30     flags.obj
 0001:00003b40       ??_C@_0M@CPNMNBMF@EE_GOTFOCUS?$AA@ 0000000180004b40     flags.obj
 0001:00003b50       ??_C@_08NFPFGIG@EE_CLOSE?$AA@ 0000000180004b50     flags.obj
 0001:00003b60       ??_C@_09NPOPIKMK@EE_REDRAW?$AA@ 0000000180004b60     flags.obj
 0001:00003b70       ??_C@_07KJGPGPOC@EE_SAVE?$AA@ 0000000180004b70     flags.obj
 0001:00003b78       ??_C@_07BLBPFFLB@EE_READ?$AA@ 0000000180004b78     flags.obj
 0001:00003b80       ??_C@_0N@ICHCAKIB@VE_KILLFOCUS?$AA@ 0000000180004b80     flags.obj
 0001:00003b90       ??_C@_0M@FEFKOOMJ@VE_GOTFOCUS?$AA@ 0000000180004b90     flags.obj
 0001:00003ba0       ??_C@_08JIBCCIDC@VE_CLOSE?$AA@ 0000000180004ba0     flags.obj
 0001:00003bb0       ??_C@_07OJCLGDHJ@VE_READ?$AA@ 0000000180004bb0     flags.obj
 0001:00003bb8       ??_C@_08BDDNDBMJ@VMT_DUMP?$AA@ 0000000180004bb8     flags.obj
 0001:00003bc8       ??_C@_07FLIHDEDA@VMT_HEX?$AA@ 0000000180004bc8     flags.obj
 0001:00003bd0       ??_C@_08FNEFFFEL@VMT_TEXT?$AA@ 0000000180004bd0     flags.obj
 0001:00003be0       ??_C@_0O@INKALKJK@VSMT_WORDWRAP?$AA@ 0000000180004be0     flags.obj
 0001:00003bf0       ??_C@_09FLKONCNO@VSMT_WRAP?$AA@ 0000000180004bf0     flags.obj
 0001:00003c00       ??_C@_0O@MCNCFBLF@VSMT_VIEWMODE?$AA@ 0000000180004c00     flags.obj
 0001:00003c10       ??_C@_0M@GHGAPHPP@TBPS_PAUSED?$AA@ 0000000180004c10     flags.obj
 0001:00003c20       ??_C@_0L@DFDPCOFD@TBPS_ERROR?$AA@ 0000000180004c20     flags.obj
 0001:00003c30       ??_C@_0M@KHLNKPHE@TBPS_NORMAL?$AA@ 0000000180004c30     flags.obj
 0001:00003c40       ??_C@_0BD@HMEHMDAL@TBPS_INDETERMINATE?$AA@ 0000000180004c40     flags.obj
 0001:00003c58       ??_C@_0BA@IPEAOBGN@TBPS_NOPROGRESS?$AA@ 0000000180004c58     flags.obj
 0001:00003c68       ??_C@_0L@BCEMNGOG@WTYPE_HELP?$AA@ 0000000180004c68     flags.obj
 0001:00003c78       ??_C@_0M@OMKLELFA@WTYPE_VMENU?$AA@ 0000000180004c78     flags.obj
 0001:00003c88       ??_C@_0N@PBFHKEGB@WTYPE_DIALOG?$AA@ 0000000180004c88     flags.obj
 0001:00003c98       ??_C@_0N@HJNGGOKO@WTYPE_EDITOR?$AA@ 0000000180004c98     flags.obj
 0001:00003ca8       ??_C@_0N@EJKMDMBK@WTYPE_VIEWER?$AA@ 0000000180004ca8     flags.obj
 0001:00003cb8       ??_C@_0N@FNCFCPIG@WTYPE_PANELS?$AA@ 0000000180004cb8     flags.obj
 0001:00003cc8       ??_C@_0O@DCGKMPOM@WTYPE_DESKTOP?$AA@ 0000000180004cc8     flags.obj
 0001:00003cd8       ??_C@_0L@PMDDFEBD@FMVT_PANEL?$AA@ 0000000180004cd8     flags.obj
 0001:00003ce8       ??_C@_0L@DJIKMOJA@FMVT_ARRAY?$AA@ 0000000180004ce8     flags.obj
 0001:00003cf8       ??_C@_08DDPDBBNO@FMVT_NIL?$AA@ 0000000180004cf8     flags.obj
 0001:00003d08       ??_C@_0N@FMHCFNDF@FMVT_POINTER?$AA@ 0000000180004d08     flags.obj
 0001:00003d18       ??_C@_0M@GKPDICDA@FMVT_BINARY?$AA@ 0000000180004d18     flags.obj
 0001:00003d28       ??_C@_0N@MHKOBOGF@FMVT_BOOLEAN?$AA@ 0000000180004d28     flags.obj
 0001:00003d38       ??_C@_0M@CKDAIOEN@FMVT_DOUBLE?$AA@ 0000000180004d38     flags.obj
 0001:00003d48       ??_C@_0M@LFMLDDKI@FMVT_STRING?$AA@ 0000000180004d48     flags.obj
 0001:00003d58       ??_C@_0N@BDMFKEKE@FMVT_INTEGER?$AA@ 0000000180004d58     flags.obj
[...]
 0001:00027ee0       far_UnloadPlugin           0000000180028ee0 f   service.obj
 0001:00027f50       far_FindPlugin             0000000180028f50 f   service.obj
 0001:00028030       PutPluginMenuItemToTable   0000000180029030 f   service.obj
 0001:00028150       PutVersionInfoToTable      0000000180029150 f   service.obj
 0001:000281f0       far_GetPluginInformation   00000001800291f0 f   service.obj
 0001:00028480       far_GetPlugins             0000000180029480 f   service.obj
 0001:000285a0       far_IsPluginLoaded         00000001800295a0 f   service.obj
 0001:000286c0       far_XLat                   00000001800296c0 f   service.obj
 0001:000287c0       far_FormatFileSize         00000001800297c0 f   service.obj
 0001:00028a00       far_Timer                  0000000180029a00 f   service.obj
 0001:00028bc0       timer_Close                0000000180029bc0 f   service.obj
 0001:00028bf0       timer_tostring             0000000180029bf0 f   service.obj
 0001:00028c50       timer_index                0000000180029c50 f   service.obj
 0001:00028d90       timer_newindex             0000000180029d90 f   service.obj
 0001:00028f10       far_CreateSettings         0000000180029f10 f   service.obj
 0001:00029100       Settings_set               000000018002a100 f   service.obj
 0001:000292f0       Settings_get               000000018002a2f0 f   service.obj
 0001:00029450       Settings_delete            000000018002a450 f   service.obj
 0001:00029520       Settings_createsubkey      000000018002a520 f   service.obj
 0001:00029660       Settings_opensubkey        000000018002a660 f   service.obj
 0001:00029740       Settings_enum              000000018002a740 f   service.obj
 0001:00029a60       Settings_free              000000018002aa60 f   service.obj
 0001:00029b00       far_FreeSettings           000000018002ab00 f   service.obj
 0001:00029ba0       Settings_tostring          000000018002aba0 f   service.obj
 0001:00029c00       far_ColorDialog            000000018002ac00 f   service.obj
 0001:0002a440       CustomAllocator            000000018002b440 f   service.obj
 0001:0002a570       luaopen_far                000000018002b570 f   service.obj
 0001:0002a9e0       grab_one_utf8              000000018002b9e0 f   slnunico.obj
 0001:0002aa90       utf8_enco                  000000018002ba90 f   slnunico.obj
 0001:0002aba0       utf8_deco                  000000018002bba0 f   slnunico.obj
 0001:0002ac80       utf8_graphext              000000018002bc80 f   slnunico.obj
 0001:0002add0       utf8_count                 000000018002bdd0 f   slnunico.obj
 0001:0002aeb0       unic_len                   000000018002beb0 f   slnunico.obj
 0001:0002af50       unic_sub                   000000018002bf50 f   slnunico.obj
 0001:0002b0d0       str_reverse                000000018002c0d0 f   slnunico.obj
 0001:0002b3f0       unic_lower                 000000018002c3f0 f   slnunico.obj
 0001:0002b580       unic_upper                 000000018002c580 f   slnunico.obj
 0001:0002b710       str_rep                    000000018002c710 f   slnunico.obj
 0001:0002b7a0       unic_byte                  000000018002c7a0 f   slnunico.obj
 0001:0002b960       unic_char                  000000018002c960 f   slnunico.obj
 0001:0002ba70       writer                     000000018002ca70 f   slnunico.obj
 0001:0002ba90       str_dump                   000000018002ca90 f   slnunico.obj
 0001:0002bb10       classend                   000000018002cb10 f   slnunico.obj
 0001:0002bbf0       match_class                000000018002cbf0 f   slnunico.obj
 0001:0002bdd0       singlematch                000000018002cdd0 f   slnunico.obj
 0001:0002c080       matchbalance               000000018002d080 f   slnunico.obj
 0001:0002c120       max_expand                 000000018002d120 f   slnunico.obj
 0001:0002c3c0       min_expand                 000000018002d3c0 f   slnunico.obj
 0001:0002c440       start_capture              000000018002d440 f   slnunico.obj
 0001:0002c4d0       end_capture                000000018002d4d0 f   slnunico.obj
 0001:0002c580       match_capture              000000018002d580 f   slnunico.obj
 0001:0002c620       match                      000000018002d620 f   slnunico.obj
 0001:0002c800       lmemfind                   000000018002d800 f   slnunico.obj
 0001:0002c8b0       push_onecapture            000000018002d8b0 f   slnunico.obj
 0001:0002c970       push_captures              000000018002d970 f   slnunico.obj
 0001:0002ca80       unic_find_aux              000000018002da80 f   slnunico.obj
 0001:0002cd60       unic_find                  000000018002dd60 f   slnunico.obj
 0001:0002cd70       unic_match                 000000018002dd70 f   slnunico.obj
 0001:0002cd80       gmatch_aux                 000000018002dd80 f   slnunico.obj
 0001:0002ce90       gmatch                     000000018002de90 f   slnunico.obj
 0001:0002cf70       gfind_nodef                000000018002df70 f   slnunico.obj
 0001:0002cf80       add_s                      000000018002df80 f   slnunico.obj
 0001:0002d080       add_value                  000000018002e080 f   slnunico.obj
 0001:0002d1e0       unic_gsub                  000000018002e1e0 f   slnunico.obj
 0001:0002d440       addquoted                  000000018002e440 f   slnunico.obj
 0001:0002d560       scanformat                 000000018002e560 f   slnunico.obj
 0001:0002d690       str_format                 000000018002e690 f   slnunico.obj
 0001:0002da00       utf8_valid                 000000018002ea00 f   slnunico.obj
 0001:0002dcb0       pushresult                 000000018002ecb0 f   uliolib51.obj
 0001:0002dd80       fileerror                  000000018002ed80 f   uliolib51.obj
 0001:0002de00       io_type                    000000018002ee00 f   uliolib51.obj
 0001:0002ded0       tofile                     000000018002eed0 f   uliolib51.obj
 0001:0002df30       newfile                    000000018002ef30 f   uliolib51.obj
 0001:0002df80       io_noclose                 000000018002ef80 f   uliolib51.obj
 0001:0002dfb0       io_pclose                  000000018002efb0 f   uliolib51.obj
 0001:0002e060       io_fclose                  000000018002f060 f   uliolib51.obj
 0001:0002e110       io_close                   000000018002f110 f   uliolib51.obj
 0001:0002e1a0       io_gc                      000000018002f1a0 f   uliolib51.obj
 0001:0002e200       io_tostring                000000018002f200 f   uliolib51.obj
 0001:0002e260       io_open                    000000018002f260 f   uliolib51.obj
 0001:0002e390       io_popen                   000000018002f390 f   uliolib51.obj
 0001:0002e450       io_tmpfile                 000000018002f450 f   uliolib51.obj
 0001:0002e500       g_iofile                   000000018002f500 f   uliolib51.obj
 0001:0002e5f0       io_input                   000000018002f5f0 f   uliolib51.obj
 0001:0002e610       io_output                  000000018002f610 f   uliolib51.obj
 0001:0002e630       read_line                  000000018002f630 f   uliolib51.obj
 0001:0002e720       read_chars                 000000018002f720 f   uliolib51.obj
 0001:0002e7c0       g_read                     000000018002f7c0 f   uliolib51.obj
 0001:0002e9c0       io_read                    000000018002f9c0 f   uliolib51.obj
 0001:0002ea30       f_read                     000000018002fa30 f   uliolib51.obj
 0001:0002ea90       io_readline                000000018002fa90 f   uliolib51.obj
 0001:0002eb90       g_write                    000000018002fb90 f   uliolib51.obj
 0001:0002eca0       io_write                   000000018002fca0 f   uliolib51.obj
 0001:0002ed10       f_write                    000000018002fd10 f   uliolib51.obj
 0001:0002ed70       f_seek                     000000018002fd70 f   uliolib51.obj
 0001:0002ee70       f_setvbuf                  000000018002fe70 f   uliolib51.obj
 0001:0002ef60       io_flush                   000000018002ff60 f   uliolib51.obj
 0001:0002f030       f_flush                    0000000180030030 f   uliolib51.obj
 0001:0002f3e0       f_lines                    00000001800303e0 f   uliolib51.obj
 0001:0002f450       io_lines                   0000000180030450 f   uliolib51.obj
 0001:0002f550       setprogdir                 0000000180030550 f   uloadlib51.obj
 0001:0002f5f0       ll_register                00000001800305f0 f   uloadlib51.obj
 0001:0002f6e0       gctm                       00000001800306e0 f   uloadlib51.obj
 0001:0002f730       ll_loadfunc                0000000180030730 f   uloadlib51.obj
 0001:0002f7d0       ll_loadlib                 00000001800307d0 f   uloadlib51.obj
 0001:0002f860       pushnexttemplate           0000000180030860 f   uloadlib51.obj
 0001:0002f910       findfile                   0000000180030910 f   uloadlib51.obj
 0001:0002fac0       loaderror                  0000000180030ac0 f   uloadlib51.obj
 0001:0002fb30       loader_Lua                 0000000180030b30 f   uloadlib51.obj
 0001:0002fb90       mkfuncname                 0000000180030b90 f   uloadlib51.obj
 0001:0002fc00       loader_C                   0000000180030c00 f   uloadlib51.obj
 0001:0002fc80       loader_Croot               0000000180030c80 f   uloadlib51.obj
 0001:0002fd50       loader_preload             0000000180030d50 f   uloadlib51.obj
 0001:0002fde0       ll_require                 0000000180030de0 f   uloadlib51.obj
 0001:00030020       setfenv                    0000000180031020 f   uloadlib51.obj
 0001:000300b0       modinit                    00000001800310b0 f   uloadlib51.obj
 0001:00030150       ll_module                  0000000180031150 f   uloadlib51.obj
 0001:000302b0       ll_seeall                  00000001800312b0 f   uloadlib51.obj
 0001:00031d50       ustring_OutputDebugString  0000000180032d50 f   ustring.obj
 0001:00032e60       win_GetEnv                 0000000180033e60 f   win.obj
 0001:00032f20       win_SetEnv                 0000000180033f20 f   win.obj
 0001:00032f80       CheckHKey                  0000000180033f80 f   win.obj
 0001:00033060       win_SetRegKey              0000000180034060 f   win.obj
 0001:00033250       win_GetRegKey              0000000180034250 f   win.obj
 0001:00033400       win_DeleteRegKey           0000000180034400 f   win.obj
 0001:00033460       win_EnumRegKey             0000000180034460 f   win.obj
 0001:00033580       win_EnumRegValue           0000000180034580 f   win.obj
 0001:000336a0       ExtractKey                 00000001800346a0 f   win.obj
 0001:00033740       win_ExtractKey             0000000180034740 f   win.obj
 0001:000337a0       PushWinFindData            00000001800347a0 f   win.obj
 0001:00033870       win_GetFileInfo            0000000180034870 f   win.obj
 0001:000338e0       pushSystemTime             00000001800348e0 f   win.obj
 0001:000339b0       win_GetSystemTimeAsFileTime 00000001800349b0 f   win.obj
 0001:000339e0       win_FileTimeToSystemTime   00000001800349e0 f   win.obj
 0001:00033a50       win_SystemTimeToFileTime   0000000180034a50 f   win.obj
 0001:00033b70       win_FileTimeToLocalFileTime 0000000180034b70 f   win.obj
 0001:00033be0       win_CompareString          0000000180034be0 f   win.obj
 0001:00033d70       win_wcscmp                 0000000180034d70 f   win.obj
 0001:00033df0       win_GetVirtualKeys         0000000180034df0 f   win.obj
 0001:00033e10       win_GetConsoleScreenBufferInfo 0000000180034e10 f   win.obj
 0001:00033f50       win_CopyFile               0000000180034f50 f   win.obj
 0001:00033ff0       win_MoveFile               0000000180034ff0 f   win.obj
 0001:00034100       win_DeleteFile             0000000180035100 f   win.obj
 0001:00034150       mkdir                      0000000180035150 f   win.obj
 0001:00034350       win_CreateDir              0000000180035350 f   win.obj
 0001:00034470       win_RemoveDir              0000000180035470 f   win.obj
 0001:000344c0       win_ShellExecute           00000001800354c0 f   win.obj
 0001:00036ad8       idtab                      0000000180037ad8 f   LIBCMT:popen.obj
 0001:00037358       genfname                   0000000180038358 f   LIBCMT:tmpfile.obj
 0001:00038198       flsall                     0000000180039198 f   LIBCMT:fflush.obj
 0001:000386b8       __DllMainCRTStartup        00000001800396b8 f   LIBCMT:dllcrt0.obj
 0001:000389a8       _cftoe2_l                  00000001800399a8 f   LIBCMT:cvt.obj
 0001:000390b4       _cftof2_l                  000000018003a0b4 f   LIBCMT:cvt.obj
 0001:000396dc       write_char                 000000018003a6dc f   LIBCMT:output.obj
 0001:00039724       write_multi_char           000000018003a724 f   LIBCMT:output.obj
 0001:00039778       write_string               000000018003a778 f   LIBCMT:output.obj
 0001:0003a828       _initterm                  000000018003b828 f   LIBCMT:crt0dat.obj
 0001:0003a948       doexit                     000000018003b948 f   LIBCMT:crt0dat.obj
 0001:0003cdd0       ?setSBCS@@YAXPEAUthreadmbcinfostruct@@@Z 000000018003ddd0 f   LIBCMT:mbctype.obj
 0001:0003ce5c       ?setSBUpLow@@YAXPEAUthreadmbcinfostruct@@@Z 000000018003de5c f   LIBCMT:mbctype.obj
 0001:0003d108       ?getSystemCP@@YAHH@Z       000000018003e108 f   LIBCMT:mbctype.obj
 0001:0003da6c       _log_special_common        000000018003ea6c f   LIBCMT:_log_special_.obj
 0001:0003db5c       _exception_enabled         000000018003eb5c f   LIBCMT:_libm_error_.obj
 0001:0003e010       write_char                 000000018003f010 f   LIBCMT:woutput.obj
 0001:0003e048       write_multi_char           000000018003f048 f   LIBCMT:woutput.obj
 0001:0003e09c       write_string               000000018003f09c f   LIBCMT:woutput.obj
 0001:0003f61c       xtoa_s                     000000018004061c f   LIBCMT:xtoas.obj
 0001:0003f72c       ?strtoxl@@YAKPEAUlocaleinfo_struct@@PEBDPEAPEBDHH@Z 000000018004072c f   LIBCMT:strtol.obj
 0001:0003fadc       _tsopen_nolock             0000000180040adc f   LIBCMT:open.obj
 0001:0004038c       __check_float_string       000000018004138c f   LIBCMT:input.obj
 0001:00040424       _inc                       0000000180041424 f   LIBCMT:input.obj
 0001:0004236c       parse_cmdline              000000018004336c f   LIBCMT:stdargv.obj
 0001:000442fc       _tsopen_nolock             00000001800452fc f   LIBCMT:wopen.obj
 0001:00044d88       ?__crtLCMapStringA_stat@@YAHPEAUlocaleinfo_struct@@KKPEBDHPEADHHH@Z 0000000180045d88 f   LIBCMT:a_map.obj
 0001:000450ec       ?__crtGetStringTypeA_stat@@YAHPEAUlocaleinfo_struct@@KPEBDHPEAGHHH@Z 00000001800460ec f   LIBCMT:a_str.obj
 0001:000469d4       ?x_ismbbtype_l@@YAHPEAUlocaleinfo_struct@@IHH@Z 00000001800479d4 f   LIBCMT:ismbbyte.obj
 0001:00048dac       ?_strupr_s_l_stat@@YAHPEAD_KPEAUlocaleinfo_struct@@@Z 0000000180049dac f   LIBCMT:strupr.obj
 0001:00049060       fread_s$fin$0              000000018004a060 f   LIBCMT:fread.obj
 0001:0004907a       ungetc$fin$0               000000018004a07a f   LIBCMT:ungetc.obj
 0001:00049094       _wfreopen_helper$fin$0     000000018004a094 f   LIBCMT:wfreopen.obj
 0001:000490ae       fprintf$fin$0              000000018004a0ae f   LIBCMT:fprintf.obj
 0001:000490ae       _wfsopen$fin$0             000000018004a0ae f   LIBCMT:fprintf.obj
 0001:000490c8       _pclose$fin$0              000000018004a0c8 f   LIBCMT:popen.obj
 0001:000490e3       _wpopen$fin$0              000000018004a0e3 f   LIBCMT:wpopen.obj
 0001:000490fe       _tmpfile_helper$fin$0      000000018004a0fe f   LIBCMT:tmpfile.obj
 0001:00049129       fgets$fin$0                000000018004a129 f   LIBCMT:fgets.obj
 0001:00049143       fflush$fin$0               000000018004a143 f   LIBCMT:clearerr.obj
 0001:00049143       getc$fin$0                 000000018004a143 f   LIBCMT:clearerr.obj
 0001:00049143       rewind$fin$0               000000018004a143 f   LIBCMT:clearerr.obj
 0001:00049143       fclose$fin$0               000000018004a143 f   LIBCMT:clearerr.obj
 0001:00049143       ftell$fin$0                000000018004a143 f   LIBCMT:clearerr.obj
 0001:00049143       fseek$fin$0                000000018004a143 f   LIBCMT:clearerr.obj
 0001:00049143       clearerr_s$fin$0           000000018004a143 f   LIBCMT:clearerr.obj
 0001:0004915d       setvbuf$fin$0              000000018004a15d f   LIBCMT:setvbuf.obj
 0001:00049177       _wgetenv$fin$0             000000018004a177 f   LIBCMT:wgetenv.obj
 0001:00049192       _wdupenv_s$fin$0           000000018004a192 f   LIBCMT:wgetenv.obj
 0001:000491ad       _CRT_INIT$fin$0            000000018004a1ad f   LIBCMT:dllcrt0.obj
 0001:000491d3       __DllMainCRTStartup$filt$0 000000018004a1d3 f   LIBCMT:dllcrt0.obj
 0001:000491f1       doexit$fin$0               000000018004a1f1 f   LIBCMT:crt0dat.obj
 0001:00049215       _freefls$fin$1             000000018004a215 f   LIBCMT:tidtable.obj
 0001:00049215       _initptd$fin$1             000000018004a215 f   LIBCMT:tidtable.obj
 0001:00049235       _initptd$fin$0             000000018004a235 f   LIBCMT:tidtable.obj
 0001:00049235       _freefls$fin$0             000000018004a235 f   LIBCMT:tidtable.obj
 0001:00049250       _read$fin$0                000000018004a250 f   LIBCMT:lseek.obj
 0001:00049250       _lseek$fin$0               000000018004a250 f   LIBCMT:lseek.obj
 0001:00049250       _lseeki64$fin$0            000000018004a250 f   LIBCMT:lseek.obj
 0001:00049250       _write$fin$0               000000018004a250 f   LIBCMT:lseek.obj
 0001:00049269       _close$fin$0               000000018004a269 f   LIBCMT:close.obj
 0001:00049269       _commit$fin$0              000000018004a269 f   LIBCMT:close.obj
 0001:00049282       _getstream$fin$0           000000018004a282 f   LIBCMT:closeall.obj
 0001:00049282       _fcloseall$fin$0           000000018004a282 f   LIBCMT:closeall.obj
 0001:0004929d       _mtinitlocknum$fin$0       000000018004a29d f   LIBCMT:mlock.obj
 0001:000492bb       __updatetmbcinfo$fin$0     000000018004a2bb f   LIBCMT:mbctype.obj
 0001:000492bb       _setmbcp$fin$0             000000018004a2bb f   LIBCMT:mbctype.obj
 0001:000492d6       __updatetlocinfo$fin$0     000000018004a2d6 f   LIBCMT:localref.obj
 0001:000492f1       _pipe$fin$1                000000018004a2f1 f   LIBCMT:pipe.obj
 0001:00049311       _pipe$fin$0                000000018004a311 f   LIBCMT:pipe.obj
 0001:0004932d       fwrite$fin$0               000000018004a32d f   LIBCMT:wfdopen.obj
 0001:0004932d       vfscanf$fin$0              000000018004a32d f   LIBCMT:wfdopen.obj
 0001:0004932d       _wfdopen$fin$0             000000018004a32d f   LIBCMT:wfdopen.obj
 0001:00049347       flsall$fin$0               000000018004a347 f   LIBCMT:rmtmp.obj
 0001:00049347       _rmtmp$fin$0               000000018004a347 f   LIBCMT:rmtmp.obj
 0001:00049377       _rmtmp$fin$1               000000018004a377 f   LIBCMT:rmtmp.obj
 0001:00049377       flsall$fin$1               000000018004a377 f   LIBCMT:rmtmp.obj
 0001:00049392       _wsopen_helper$fin$0       000000018004a392 f   LIBCMT:open.obj
 0001:00049392       _sopen_helper$fin$0        000000018004a392 f   LIBCMT:open.obj
 0001:000493e0       _IsNonwritableInCurrentImage$filt$0 000000018004a3e0 f   LIBCMT:pesect.obj
 0001:00049402       raise$fin$0                000000018004a402 f   LIBCMT:winsig.obj
 0001:00049420       _onexit$fin$0              000000018004a420 f   LIBCMT:onexit.obj
 0001:00049436       __lock_fhandle$fin$0       000000018004a436 f   LIBCMT:osfinfo.obj
 0001:00049451       _alloc_osfhnd$fin$0        000000018004a451 f   LIBCMT:osfinfo.obj
 0001:00049471       _alloc_osfhnd$fin$1        000000018004a471 f   LIBCMT:osfinfo.obj
 0001:0004948c       _ctrlfp$filt$0             000000018004a48c f   LIBCMT:_fpctrl_.obj
 0001:0004948c       _control87$filt$0          000000018004a48c f   LIBCMT:_fpctrl_.obj
