 Align

 Timestamp is 56ba56e9 (Wed Feb 10 00:15:21 2016)

 Preferred load address is 0000000180000000

 Start         Length     Name                   Class
 0001:00000000 00000010H .00cfg                  CODE
 0001:00000010 00000008H .CRT$XCA                CODE
 0001:00000018 00000008H .CRT$XCZ                CODE
 0001:00000020 00000008H .CRT$XIA                CODE
 0001:00000028 00000018H .CRT$XIC                CODE
 0001:00000040 00000008H .CRT$XIZ                CODE
 0001:00000048 00000008H .CRT$XPA                CODE
 0001:00000050 00000010H .CRT$XPX                CODE
 0001:00000060 00000008H .CRT$XPXA               CODE
 0001:00000068 00000008H .CRT$XPZ                CODE
 0001:00000070 00000008H .CRT$XTA                CODE
 0001:00000078 00000008H .CRT$XTZ                CODE
 0001:00000080 000072d4H .rdata                  CODE
 0001:00007358 000001f4H .rdata$r                CODE
 0001:00007550 00000010H .rdata$zETW0            CODE
 0001:00007560 00000077H .rdata$zETW1            CODE
 0001:000075d7 0000002cH .rdata$zETW2            CODE
 0001:00007603 00000001H .rdata$zETW9            CODE
 0001:00007604 0000034cH .rdata$zzzdbg           CODE
 0001:00007950 00000008H .rtc$IAA                CODE
 0001:00007958 00000008H .rtc$IZZ                CODE
 0001:00007960 00000008H .rtc$TAA                CODE
 0001:00007968 00000008H .rtc$TZZ                CODE
 0001:00007970 000001dbH .text                   CODE
 0001:00007b50 0000b857H .text$mn                CODE
 0001:000133b0 00000012H .text$mn$00             CODE
 0001:000133d0 00000260H .text$x                 CODE
 0001:00013630 00000af4H .xdata                  CODE
 0001:00014128 000000ecH .xdata$x                CODE
 0001:00014220 0000008eH .edata                  CODE
 0002:00000000 00000930H .data                   DATA
 0002:00000930 000000a0H .data$r                 DATA
 0002:000009d0 00001338H .bss                    DATA
 0003:00000000 00000ea0H .pdata                  DATA
 0004:00000000 00000220H .idata$5                DATA
 0004:00000220 00000028H .idata$2                DATA
 0004:00000248 00000014H .idata$3                DATA
 0004:00000260 00000220H .idata$4                DATA
 0004:00000480 000004f4H .idata$6                DATA
 0005:00000000 0000007cH .gfids$x                DATA
 0005:0000007c 00000038H .gfids$y                DATA
 0006:00000000 00000058H .rsrc$01                DATA
 0006:00000060 00000360H .rsrc$02                DATA

  Address         Publics by Value              Rva+Base               Lib:Object

 0000:00000000       __guard_iat_table          0000000000000000     <absolute>
 0000:00000000       __guard_iat_count          0000000000000000     <absolute>
 0000:00000000       __guard_longjmp_table      0000000000000000     <absolute>
 0000:00000000       __guard_longjmp_count      0000000000000000     <absolute>
 0000:00000000       __guard_fids_count         0000000000000000     <absolute>
 0000:00000000       ___safe_se_handler_table   0000000000000000     <absolute>
 0000:00000000       ___safe_se_handler_count   0000000000000000     <absolute>
 0000:00000000       __guard_fids_table         0000000000000000     <absolute>
 0000:00000100       __guard_flags              0000000000000100     <absolute>
 0000:00000000       __ImageBase                0000000180000000     <linker-defined>
 0001:00000000       __guard_check_icall_fptr   0000000180001000     LIBCMT:guard_support.obj
 0001:00000008       __guard_dispatch_icall_fptr 0000000180001008     LIBCMT:guard_support.obj
 0001:00000010       __xc_a                     0000000180001010     LIBCMT:initializers.obj
 0001:00000018       __xc_z                     0000000180001018     LIBCMT:initializers.obj
 0001:00000020       __xi_a                     0000000180001020     LIBCMT:initializers.obj
 0001:00000028       __acrt_multibyte_initializer 0000000180001028     libucrt:multibyte_initializer.obj
 0001:00000030       __acrt_stdio_initializer   0000000180001030     libucrt:stdio_initializer.obj
 0001:00000038       __acrt_tran_fma3_initializer 0000000180001038     libucrt:fma3_initializer.obj
 0001:00000040       __xi_z                     0000000180001040     LIBCMT:initializers.obj
 0001:00000048       __xp_a                     0000000180001048     LIBCMT:initializers.obj
 0001:00000050       __acrt_locale_terminator   0000000180001050     libucrt:locale_initializer.obj
 0001:00000058       __dcrt_console_output_terminator 0000000180001058     libucrt:console_output_initializer.obj
 0001:00000060       __acrt_stdio_terminator    0000000180001060     libucrt:stdio_initializer.obj
 0001:00000068       __xp_z                     0000000180001068     LIBCMT:initializers.obj
 0001:00000070       __xt_a                     0000000180001070     LIBCMT:initializers.obj
 0001:00000078       __xt_z                     0000000180001078     LIBCMT:initializers.obj
 0001:00000080       MainGuid                   0000000180001080     Align.obj
 0001:00000090       MenuGuid                   0000000180001090     Align.obj
 0001:000000a0       DialogGuid                 00000001800010a0     Align.obj
 0001:000000b0       ??_7?$DialogItemBinding@UFarDialogItem@@@@6B@ 00000001800010b0     Align.obj
 0001:000000c0       ??_7PluginCheckBoxBinding@@6B@ 00000001800010c0     Align.obj
 0001:000000d0       ??_7PluginRadioButtonBinding@@6B@ 00000001800010d0     Align.obj
 0001:000000e0       ??_7PluginIntEditFieldBinding@@6B@ 00000001800010e0     Align.obj
 0001:000000f0       ??_C@_15EFLNJKHH@?$AA?$CF?$AAu?$AA?$AA@ 00000001800010f0     Align.obj
 0001:000000f8       ??_7PluginUIntEditFieldBinding@@6B@ 00000001800010f8     Align.obj
 0001:00000108       ??_7?$DialogBuilderBase@UFarDialogItem@@@@6B@ 0000000180001108     Align.obj
 0001:00000150       ??_7PluginDialogBuilder@@6B@ 0000000180001150     Align.obj
 0001:00000198       ??_C@_11LOCGONAA@?$AA?$AA@ 0000000180001198     Align.obj
 0001:000001a0       ??_C@_1M@OFJLCCLD@?$AAA?$AAl?$AAi?$AAg?$AAn?$AA?$AA@ 00000001800011a0     Align.obj
 0001:000001b0       ??_C@_1DI@GCKLIMEF@?$AAA?$AAl?$AAi?$AAg?$AAn?$AA?5?$AAb?$AAl?$AAo?$AAc?$AAk?$AA?5?$AAf?$AAo?$AAr?$AA?5?$AAF?$AAa?$AAr?$AA?5?$AAM?$AAa?$AAn?$AAa?$AAg?$AAe?$AAr?$AA?$AA@ 00000001800011b0     Align.obj
 0001:000001e8       ??_C@_1DE@BGKMIKPD@?$AAE?$AAu?$AAg?$AAe?$AAn?$AAe?$AA?5?$AAR?$AAo?$AAs?$AAh?$AAa?$AAl?$AA?5?$AA?$CG?$AA?5?$AAF?$AAa?$AAr?$AA?5?$AAG?$AAr?$AAo?$AAu?$AAp?$AA?$AA@ 00000001800011e8     Align.obj
 0001:00000220       ??_C@_1BI@JMKBMFLI@?$AAR?$AAi?$AAg?$AAh?$AAt?$AAM?$AAa?$AAr?$AAg?$AAi?$AAn?$AA?$AA@ 0000000180001220     Align.obj
 0001:00000238       ??_C@_1BC@PKHIBLMF@?$AAR?$AAe?$AAf?$AAo?$AAr?$AAm?$AAa?$AAt?$AA?$AA@ 0000000180001238     Align.obj
 0001:00000250       ??_C@_1BE@NIKLIADP@?$AAS?$AAm?$AAa?$AAr?$AAt?$AAM?$AAo?$AAd?$AAe?$AA?$AA@ 0000000180001250     Align.obj
 0001:00000268       ??_C@_1BA@MANOLHD@?$AAJ?$AAu?$AAs?$AAt?$AAi?$AAf?$AAy?$AA?$AA@ 0000000180001268     Align.obj
 0001:00000280       __xmm@0000000000000000ffffffffffffffff 0000000180001280     Align.obj
 0001:00000290       __xmm@ffffffffffffffff0000000000000002 0000000180001290     Align.obj
 0001:000002a0       __xmm@ffffffffffffffffffffffffffffffff 00000001800012a0     Align.obj
 0001:000002b0       _pDefaultRawDllMain        00000001800012b0     LIBCMT:dll_dllmain.obj
 0001:000002b0       _pRawDllMain               00000001800012b0     LIBCMT:dll_dllmain.obj
 0001:000002c0       ??_7exception@std@@6B@     00000001800012c0     LIBCMT:throw_bad_alloc.obj
 0001:000002d0       ??_C@_0BC@EOODALEL@Unknown?5exception?$AA@ 00000001800012d0     LIBCMT:throw_bad_alloc.obj
 0001:000002f0       ??_7bad_alloc@std@@6B@     00000001800012f0     LIBCMT:throw_bad_alloc.obj
 0001:00000300       ??_C@_0P@GHFPNOJB@bad?5allocation?$AA@ 0000000180001300     LIBCMT:throw_bad_alloc.obj
 0001:00000318       ??_7bad_array_new_length@std@@6B@ 0000000180001318     LIBCMT:throw_bad_alloc.obj
 0001:00000328       ??_C@_0BF@KINCDENJ@bad?5array?5new?5length?$AA@ 0000000180001328     LIBCMT:throw_bad_alloc.obj
 0001:00000348       ??_7type_info@@6B@         0000000180001348     LIBCMT:std_type_info_static.obj
 0001:00000350       _Microsoft_CRTProvider     0000000180001350     libvcruntime:telemetry.obj
 0001:00000358       ??_C@_00CNPNBAHC@?$AA@     0000000180001358     libvcruntime:telemetry.obj
 0001:00000360       ??_C@_0O@JEOPJOMI@Main?5Invoked?4?$AA@ 0000000180001360     libvcruntime:telemetry.obj
 0001:00000370       ??_C@_0P@NEAEIBDO@Main?5Returned?4?$AA@ 0000000180001370     libvcruntime:telemetry.obj
 0001:000003e0       ??_C@_1BC@DNHGCMLG@?$AAa?$AAd?$AAv?$AAa?$AAp?$AAi?$AA3?$AA2?$AA?$AA@ 00000001800013e0     libvcruntime:winapi_downlevel.obj
 0001:000003f8       ??_C@_1DM@KHCHBNEB@?$AAa?$AAp?$AAi?$AA?9?$AAm?$AAs?$AA?9?$AAw?$AAi?$AAn?$AA?9?$AAc?$AAo?$AAr?$AAe?$AA?9?$AAf?$AAi?$AAb?$AAe?$AAr?$AAs?$AA?9?$AAl?$AA1?$AA?9?$AA1?$AA?9?$AA1?$AA?$AA@ 00000001800013f8     libvcruntime:winapi_downlevel.obj
 0001:00000438       ??_C@_1DK@LPPGFMPP@?$AAa?$AAp?$AAi?$AA?9?$AAm?$AAs?$AA?9?$AAw?$AAi?$AAn?$AA?9?$AAc?$AAo?$AAr?$AAe?$AA?9?$AAs?$AAy?$AAn?$AAc?$AAh?$AA?9?$AAl?$AA1?$AA?9?$AA2?$AA?9?$AA0?$AA?$AA@ 0000000180001438     libvcruntime:winapi_downlevel.obj
 0001:00000478       ??_C@_1BC@GDMECMAK@?$AAk?$AAe?$AAr?$AAn?$AAe?$AAl?$AA3?$AA2?$AA?$AA@ 0000000180001478     libvcruntime:winapi_downlevel.obj
 0001:00000490       ??_C@_0O@BAMBGLIE@EventRegister?$AA@ 0000000180001490     libvcruntime:winapi_downlevel.obj
 0001:000004a8       ??_C@_0BE@BJEEGHGK@EventSetInformation?$AA@ 00000001800014a8     libvcruntime:winapi_downlevel.obj
 0001:000004c0       ??_C@_0BA@FAKLIPIC@EventUnregister?$AA@ 00000001800014c0     libvcruntime:winapi_downlevel.obj
 0001:000004d8       ??_C@_0BD@PKLHJPHD@EventWriteTransfer?$AA@ 00000001800014d8     libvcruntime:winapi_downlevel.obj
 0001:000004f8       ??_C@_08KNHFBNJ@FlsAlloc?$AA@ 00000001800014f8     libvcruntime:winapi_downlevel.obj
 0001:00000510       ??_C@_07PEJMOBNF@FlsFree?$AA@ 0000000180001510     libvcruntime:winapi_downlevel.obj
 0001:00000520       ??_C@_0M@GDNOONDI@FlsGetValue?$AA@ 0000000180001520     libvcruntime:winapi_downlevel.obj
 0001:00000538       ??_C@_0M@JCPCPOEF@FlsSetValue?$AA@ 0000000180001538     libvcruntime:winapi_downlevel.obj
 0001:00000550       ??_C@_0BM@HCFOFFN@InitializeCriticalSectionEx?$AA@ 0000000180001550     libvcruntime:winapi_downlevel.obj
 0001:0000056c       ??_C@_01JOAMLHOP@?9?$AA@   000000018000156c     libvcruntime:undname.obj
 0001:00000570       ??_C@_01MIFGBAGJ@?$CL?$AA@ 0000000180001570     libvcruntime:undname.obj
 0001:00000574       ??_C@_01HNPIGOCE@?$CG?$AA@ 0000000180001574     libvcruntime:undname.obj
 0001:00000578       ??_C@_03MNHNFDLC@?9?$DO?$CK?$AA@ 0000000180001578     libvcruntime:undname.obj
 0001:0000057c       ??_C@_01KMDKNFGN@?1?$AA@   000000018000157c     libvcruntime:undname.obj
 0001:00000580       ??_C@_01FGNFDNOH@?$CF?$AA@ 0000000180001580     libvcruntime:undname.obj
 0001:00000584       ??_C@_01MNNFJEPP@?$DM?$AA@ 0000000180001584     libvcruntime:undname.obj
 0001:00000588       ??_C@_02EHCHHCKH@?$DM?$DN?$AA@ 0000000180001588     libvcruntime:undname.obj
 0001:0000058c       ??_C@_01PPODPGHN@?$DO?$AA@ 000000018000158c     libvcruntime:undname.obj
 0001:00000590       ??_C@_02EEKDKGMJ@?$DO?$DN?$AA@ 0000000180001590     libvcruntime:undname.obj
 0001:00000594       ??_C@_01IHBHIGKO@?0?$AA@   0000000180001594     libvcruntime:undname.obj
 0001:00000598       ??_C@_02HCKGKOFO@?$CI?$CJ?$AA@ 0000000180001598     libvcruntime:undname.obj
 0001:0000059c       ??_C@_01PJKLJHI@?$HO?$AA@  000000018000159c     libvcruntime:undname.obj
 0001:000005a0       ??_C@_01JKBOJNNK@?$FO?$AA@ 00000001800015a0     libvcruntime:undname.obj
 0001:000005a4       ??_C@_01DNKMNLPK@?$HM?$AA@ 00000001800015a4     libvcruntime:undname.obj
 0001:000005a8       ??_C@_02PPKAJPJL@?$CG?$CG?$AA@ 00000001800015a8     libvcruntime:undname.obj
 0001:000005ac       ??_C@_02NONPIBCD@?$HM?$HM?$AA@ 00000001800015ac     libvcruntime:undname.obj
 0001:000005b0       ??_C@_02FPIMKNGF@?$CK?$DN?$AA@ 00000001800015b0     libvcruntime:undname.obj
 0001:000005b4       ??_C@_02FOEOMHFC@?$CL?$DN?$AA@ 00000001800015b4     libvcruntime:undname.obj
 0001:000005b8       ??_C@_02FKMDLLOA@?9?$DN?$AA@ 00000001800015b8     libvcruntime:undname.obj
 0001:000005bc       ??_C@_02FJEHGPIO@?1?$DN?$AA@ 00000001800015bc     libvcruntime:undname.obj
 0001:000005c0       ??_C@_02FENAOKFI@?$CF?$DN?$AA@ 00000001800015c0     libvcruntime:undname.obj
 0001:000005c4       ??_C@_03IKFCCPFF@?$DO?$DO?$DN?$AA@ 00000001800015c4     libvcruntime:undname.obj
 0001:000005c8       ??_C@_03CDNPDDLA@?$DM?$DM?$DN?$AA@ 00000001800015c8     libvcruntime:undname.obj
 0001:000005cc       ??_C@_02FGJGFEAB@?$CG?$DN?$AA@ 00000001800015cc     libvcruntime:undname.obj
 0001:000005d0       ??_C@_02DHLNPPGH@?$HM?$DN?$AA@ 00000001800015d0     libvcruntime:undname.obj
 0001:000005d4       ??_C@_02MHEGNOJ@?$FO?$DN?$AA@ 00000001800015d4     libvcruntime:undname.obj
 0001:000005d8       ??_C@_09IFPLHPGF@?$GAvftable?8?$AA@ 00000001800015d8     libvcruntime:undname.obj
 0001:000005e8       ??_C@_09BLBHBJP@?$GAvbtable?8?$AA@ 00000001800015e8     libvcruntime:undname.obj
 0001:000005f8       ??_C@_07FEEIOKP@?$GAvcall?8?$AA@ 00000001800015f8     libvcruntime:undname.obj
 0001:00000600       ??_C@_08LLFFHHDJ@?$GAtypeof?8?$AA@ 0000000180001600     libvcruntime:undname.obj
 0001:00000610       ??_C@_0BF@KDPPACIK@?$GAlocal?5static?5guard?8?$AA@ 0000000180001610     libvcruntime:undname.obj
 0001:00000628       ??_C@_08OBABFOLI@?$GAstring?8?$AA@ 0000000180001628     libvcruntime:undname.obj
 0001:00000638       ??_C@_0BD@JDLKDPAB@?$GAvbase?5destructor?8?$AA@ 0000000180001638     libvcruntime:undname.obj
 0001:00000650       ??_C@_0BN@DEGPLNFK@?$GAvector?5deleting?5destructor?8?$AA@ 0000000180001650     libvcruntime:undname.obj
 0001:00000670       ??_C@_0BO@OBMKPJIG@?$GAdefault?5constructor?5closure?8?$AA@ 0000000180001670     libvcruntime:undname.obj
 0001:00000690       ??_C@_0BN@IMDCHIKM@?$GAscalar?5deleting?5destructor?8?$AA@ 0000000180001690     libvcruntime:undname.obj
 0001:000006b0       ??_C@_0BO@PFGOCPJJ@?$GAvector?5constructor?5iterator?8?$AA@ 00000001800016b0     libvcruntime:undname.obj
 0001:000006d0       ??_C@_0BN@LFPFMEDL@?$GAvector?5destructor?5iterator?8?$AA@ 00000001800016d0     libvcruntime:undname.obj
 0001:000006f0       ??_C@_0CE@IKBNEHA@?$GAvector?5vbase?5constructor?5iterat@ 00000001800016f0     libvcruntime:undname.obj
 0001:00000718       ??_C@_0BL@NILFHHPC@?$GAvirtual?5displacement?5map?8?$AA@ 0000000180001718     libvcruntime:undname.obj
 0001:00000738       ??_C@_0CB@JONCMFFK@?$GAeh?5vector?5constructor?5iterator?8@ 0000000180001738     libvcruntime:undname.obj
 0001:00000760       ??_C@_0CA@GCEOPDGL@?$GAeh?5vector?5destructor?5iterator?8?$AA@ 0000000180001760     libvcruntime:undname.obj
 0001:00000780       ??_C@_0CH@OOJPLCPH@?$GAeh?5vector?5vbase?5constructor?5ite@ 0000000180001780     libvcruntime:undname.obj
 0001:000007a8       ??_C@_0BL@LLKPOHJI@?$GAcopy?5constructor?5closure?8?$AA@ 00000001800017a8     libvcruntime:undname.obj
 0001:000007c8       ??_C@_0BA@KBCDOMBN@?$GAudt?5returning?8?$AA@ 00000001800017c8     libvcruntime:undname.obj
 0001:000007d8       ??_C@_03KLGMFNMG@?$GAEH?$AA@ 00000001800017d8     libvcruntime:undname.obj
 0001:000007dc       ??_C@_05KHLCHHI@?$GARTTI?$AA@ 00000001800017dc     libvcruntime:undname.obj
 0001:000007e8       ??_C@_0BA@KKLDJDLB@?$GAlocal?5vftable?8?$AA@ 00000001800017e8     libvcruntime:undname.obj
 0001:000007f8       ??_C@_0CE@IIHCMGGL@?$GAlocal?5vftable?5constructor?5closu@ 00000001800017f8     libvcruntime:undname.obj
 0001:0000081c       ??_C@_06FHBGPFGH@?5new?$FL?$FN?$AA@ 000000018000181c     libvcruntime:undname.obj
 0001:00000828       ??_C@_09LBNFPBCA@?5delete?$FL?$FN?$AA@ 0000000180001828     libvcruntime:undname.obj
 0001:00000838       ??_C@_0P@HJKNJFNN@?$GAomni?5callsig?8?$AA@ 0000000180001838     libvcruntime:undname.obj
 0001:00000848       ??_C@_0BL@CNOONJFP@?$GAplacement?5delete?5closure?8?$AA@ 0000000180001848     libvcruntime:undname.obj
 0001:00000868       ??_C@_0BN@CKNJLHMB@?$GAplacement?5delete?$FL?$FN?5closure?8?$AA@ 0000000180001868     libvcruntime:undname.obj
 0001:00000888       ??_C@_0CG@CFDHKGGD@?$GAmanaged?5vector?5constructor?5iter@ 0000000180001888     libvcruntime:undname.obj
 0001:000008b0       ??_C@_0CF@IMGKMJNO@?$GAmanaged?5vector?5destructor?5itera@ 00000001800018b0     libvcruntime:undname.obj
 0001:000008d8       ??_C@_0CG@HLDDJMAG@?$GAeh?5vector?5copy?5constructor?5iter@ 00000001800018d8     libvcruntime:undname.obj
 0001:00000900       ??_C@_0CM@FCBBDIGB@?$GAeh?5vector?5vbase?5copy?5constructo@ 0000000180001900     libvcruntime:undname.obj
 0001:00000930       ??_C@_0BL@CLIPGLGB@?$GAdynamic?5initializer?5for?5?8?$AA@ 0000000180001930     libvcruntime:undname.obj
 0001:00000950       ??_C@_0CB@PDBIFEP@?$GAdynamic?5atexit?5destructor?5for?5?8@ 0000000180001950     libvcruntime:undname.obj
 0001:00000978       ??_C@_0CD@CGAJBKEJ@?$GAvector?5copy?5constructor?5iterato@ 0000000180001978     libvcruntime:undname.obj
 0001:000009a0       ??_C@_0CJ@GJELGAMM@?$GAvector?5vbase?5copy?5constructor?5i@ 00000001800019a0     libvcruntime:undname.obj
 0001:000009d0       ??_C@_0CL@FGIJHLCE@?$GAmanaged?5vector?5copy?5constructor@ 00000001800019d0     libvcruntime:undname.obj
 0001:00000a00       ??_C@_0BM@PMGGMLDN@?$GAlocal?5static?5thread?5guard?8?$AA@ 0000000180001a00     libvcruntime:undname.obj
 0001:00000a20       ??_C@_0N@BDNMDMOL@operator?5?$CC?$CC?5?$AA@ 0000000180001a20     libvcruntime:undname.obj
 0001:00000d58       ??_C@_0BC@DAFEJGAK@?5Type?5Descriptor?8?$AA@ 0000000180001d58     libvcruntime:undname.obj
 0001:00000d70       ??_C@_0BM@LDKODKLH@?5Base?5Class?5Descriptor?5at?5?$CI?$AA@ 0000000180001d70     libvcruntime:undname.obj
 0001:00000d90       ??_C@_0BD@LGICGFMM@?5Base?5Class?5Array?8?$AA@ 0000000180001d90     libvcruntime:undname.obj
 0001:00000da8       ??_C@_0BN@MECKDCOJ@?5Class?5Hierarchy?5Descriptor?8?$AA@ 0000000180001da8     libvcruntime:undname.obj
 0001:00000dc8       ??_C@_0BK@CFCOFLF@?5Complete?5Object?5Locator?8?$AA@ 0000000180001dc8     libvcruntime:undname.obj
 0001:00000de8       ??_C@_08EHJDFFNH@__based?$CI?$AA@ 0000000180001de8     libvcruntime:undname.obj
 0001:00000df8       ??_C@_07KOLFKCDI@__cdecl?$AA@ 0000000180001df8     libvcruntime:undname.obj
 0001:00000e00       ??_C@_08GHMPAG@__pascal?$AA@ 0000000180001e00     libvcruntime:undname.obj
 0001:00000e10       ??_C@_09IFJBGAPI@__stdcall?$AA@ 0000000180001e10     libvcruntime:undname.obj
 0001:00000e20       ??_C@_0L@NPHFGOKO@__thiscall?$AA@ 0000000180001e20     libvcruntime:undname.obj
 0001:00000e30       ??_C@_0L@JMKHOMEK@__fastcall?$AA@ 0000000180001e30     libvcruntime:undname.obj
 0001:00000e40       ??_C@_0N@BCKKPABJ@__vectorcall?$AA@ 0000000180001e40     libvcruntime:undname.obj
 0001:00000e50       ??_C@_09HIJEGCPM@__clrcall?$AA@ 0000000180001e50     libvcruntime:undname.obj
 0001:00000e5c       ??_C@_06GHPCKEAG@__eabi?$AA@ 0000000180001e5c     libvcruntime:undname.obj
 0001:00000e68       ??_C@_07JOMMBBKO@__ptr64?$AA@ 0000000180001e68     libvcruntime:undname.obj
 0001:00000e70       ??_C@_0L@PILCLIHE@__restrict?$AA@ 0000000180001e70     libvcruntime:undname.obj
 0001:00000e80       ??_C@_0M@GFIIJFMG@__unaligned?$AA@ 0000000180001e80     libvcruntime:undname.obj
 0001:00000e90       ??_C@_09DHDLOLLB@restrict?$CI?$AA@ 0000000180001e90     libvcruntime:undname.obj
 0001:00000e9c       ??_C@_04NIHEBCM@?5new?$AA@ 0000000180001e9c     libvcruntime:undname.obj
 0001:00000ea8       ??_C@_07FPCDHGMM@?5delete?$AA@ 0000000180001ea8     libvcruntime:undname.obj
 0001:00000eb0       ??_C@_01NEMOKFLO@?$DN?$AA@ 0000000180001eb0     libvcruntime:undname.obj
 0001:00000eb4       ??_C@_02GPIOPFAK@?$DO?$DO?$AA@ 0000000180001eb4     libvcruntime:undname.obj
 0001:00000eb8       ??_C@_02FODMEDOG@?$DM?$DM?$AA@ 0000000180001eb8     libvcruntime:undname.obj
 0001:00000ebc       ??_C@_01DCLJPIOD@?$CB?$AA@ 0000000180001ebc     libvcruntime:undname.obj
 0001:00000ec0       ??_C@_02EGOFBIJA@?$DN?$DN?$AA@ 0000000180001ec0     libvcruntime:undname.obj
 0001:00000ec4       ??_C@_02FDNJECIE@?$CB?$DN?$AA@ 0000000180001ec4     libvcruntime:undname.obj
 0001:00000ec8       ??_C@_02GPECMEKF@?$FL?$FN?$AA@ 0000000180001ec8     libvcruntime:undname.obj
 0001:00000ed0       ??_C@_08LHJFAFGD@operator?$AA@ 0000000180001ed0     libvcruntime:undname.obj
 0001:00000edc       ??_C@_02HBOOOICD@?9?$DO?$AA@ 0000000180001edc     libvcruntime:undname.obj
 0001:00000ee0       ??_C@_01NBENCBCI@?$CK?$AA@ 0000000180001ee0     libvcruntime:undname.obj
 0001:00000ee4       ??_C@_02ECNGHCIF@?$CL?$CL?$AA@ 0000000180001ee4     libvcruntime:undname.obj
 0001:00000ee8       ??_C@_02BAABKJLB@?9?9?$AA@ 0000000180001ee8     libvcruntime:undname.obj
 0001:00000ef0       __acrt_exception_action_table 0000000180001ef0     libucrt:exception_filter.obj
 0001:00000fb0       __acrt_signal_action_table_count 0000000180001fb0     libucrt:exception_filter.obj
 0001:00000fb8       __acrt_signal_action_first_fpe_index 0000000180001fb8     libucrt:exception_filter.obj
 0001:00000fc0       __acrt_signal_action_fpe_count 0000000180001fc0     libucrt:exception_filter.obj
 0001:00000fc8       ??_C@_1BI@BGOHAHKC@?$AAm?$AAs?$AAc?$AAo?$AAr?$AAe?$AAe?$AA?4?$AAd?$AAl?$AAl?$AA?$AA@ 0000000180001fc8     libucrt:exit.obj
 0001:00000fe0       ??_C@_0P@MIGLKIOC@CorExitProcess?$AA@ 0000000180001fe0     libucrt:exit.obj
 0001:00001180       ??_C@_1EG@CNNIPFIM@?$AAa?$AAp?$AAi?$AA?9?$AAm?$AAs?$AA?9?$AAw?$AAi?$AAn?$AA?9?$AAa?$AAp?$AAp?$AAm?$AAo?$AAd?$AAe?$AAl?$AA?9?$AAr?$AAu?$AAn?$AAt?$AAi?$AAm?$AAe?$AA?9?$AAl?$AA1?$AA?9?$AA1@ 0000000180002180     libucrt:winapi_thunks.obj
 0001:000011d0       ??_C@_1EA@JGEFHKEI@?$AAa?$AAp?$AAi?$AA?9?$AAm?$AAs?$AA?9?$AAw?$AAi?$AAn?$AA?9?$AAc?$AAo?$AAr?$AAe?$AA?9?$AAd?$AAa?$AAt?$AAe?$AAt?$AAi?$AAm?$AAe?$AA?9?$AAl?$AA1?$AA?9?$AA1?$AA?9?$AA1?$AA?$AA@ 00000001800021d0     libucrt:winapi_thunks.obj
 0001:00001210       ??_C@_1DI@GCIAAENM@?$AAa?$AAp?$AAi?$AA?9?$AAm?$AAs?$AA?9?$AAw?$AAi?$AAn?$AA?9?$AAc?$AAo?$AAr?$AAe?$AA?9?$AAf?$AAi?$AAl?$AAe?$AA?9?$AAl?$AA2?$AA?9?$AA1?$AA?9?$AA1?$AA?$AA@ 0000000180002210     libucrt:winapi_thunks.obj
 0001:00001250       ??_C@_1EI@MPIAOHOC@?$AAa?$AAp?$AAi?$AA?9?$AAm?$AAs?$AA?9?$AAw?$AAi?$AAn?$AA?9?$AAc?$AAo?$AAr?$AAe?$AA?9?$AAl?$AAo?$AAc?$AAa?$AAl?$AAi?$AAz?$AAa?$AAt?$AAi?$AAo?$AAn?$AA?9?$AAl?$AA1?$AA?9@ 0000000180002250     libucrt:winapi_thunks.obj
 0001:000012a0       ??_C@_1FK@FPHCKFIE@?$AAa?$AAp?$AAi?$AA?9?$AAm?$AAs?$AA?9?$AAw?$AAi?$AAn?$AA?9?$AAc?$AAo?$AAr?$AAe?$AA?9?$AAl?$AAo?$AAc?$AAa?$AAl?$AAi?$AAz?$AAa?$AAt?$AAi?$AAo?$AAn?$AA?9?$AAo?$AAb?$AAs@ 00000001800022a0     libucrt:winapi_thunks.obj
 0001:00001300       ??_C@_1EM@DILCGIIO@?$AAa?$AAp?$AAi?$AA?9?$AAm?$AAs?$AA?9?$AAw?$AAi?$AAn?$AA?9?$AAc?$AAo?$AAr?$AAe?$AA?9?$AAp?$AAr?$AAo?$AAc?$AAe?$AAs?$AAs?$AAt?$AAh?$AAr?$AAe?$AAa?$AAd?$AAs?$AA?9?$AAl@ 0000000180002300     libucrt:winapi_thunks.obj
 0001:00001350       ??_C@_1DM@LNCGDDPN@?$AAa?$AAp?$AAi?$AA?9?$AAm?$AAs?$AA?9?$AAw?$AAi?$AAn?$AA?9?$AAc?$AAo?$AAr?$AAe?$AA?9?$AAs?$AAt?$AAr?$AAi?$AAn?$AAg?$AA?9?$AAl?$AA1?$AA?9?$AA1?$AA?9?$AA0?$AA?$AA@ 0000000180002350     libucrt:winapi_thunks.obj
 0001:00001390       ??_C@_1DO@FPAPJEMD@?$AAa?$AAp?$AAi?$AA?9?$AAm?$AAs?$AA?9?$AAw?$AAi?$AAn?$AA?9?$AAc?$AAo?$AAr?$AAe?$AA?9?$AAs?$AAy?$AAs?$AAi?$AAn?$AAf?$AAo?$AA?9?$AAl?$AA1?$AA?9?$AA2?$AA?9?$AA1?$AA?$AA@ 0000000180002390     libucrt:winapi_thunks.obj
 0001:000013d0       ??_C@_1DK@NDHNAHIO@?$AAa?$AAp?$AAi?$AA?9?$AAm?$AAs?$AA?9?$AAw?$AAi?$AAn?$AA?9?$AAc?$AAo?$AAr?$AAe?$AA?9?$AAw?$AAi?$AAn?$AAr?$AAt?$AA?9?$AAl?$AA1?$AA?9?$AA1?$AA?9?$AA0?$AA?$AA@ 00000001800023d0     libucrt:winapi_thunks.obj
 0001:00001410       ??_C@_1DM@KGHDGBCM@?$AAa?$AAp?$AAi?$AA?9?$AAm?$AAs?$AA?9?$AAw?$AAi?$AAn?$AA?9?$AAc?$AAo?$AAr?$AAe?$AA?9?$AAx?$AAs?$AAt?$AAa?$AAt?$AAe?$AA?9?$AAl?$AA2?$AA?9?$AA1?$AA?9?$AA0?$AA?$AA@ 0000000180002410     libucrt:winapi_thunks.obj
 0001:00001450       ??_C@_1EO@IJIOEFOH@?$AAa?$AAp?$AAi?$AA?9?$AAm?$AAs?$AA?9?$AAw?$AAi?$AAn?$AA?9?$AAr?$AAt?$AAc?$AAo?$AAr?$AAe?$AA?9?$AAn?$AAt?$AAu?$AAs?$AAe?$AAr?$AA?9?$AAw?$AAi?$AAn?$AAd?$AAo?$AAw?$AA?9@ 0000000180002450     libucrt:winapi_thunks.obj
 0001:000014a0       ??_C@_1FG@HHGEKANL@?$AAa?$AAp?$AAi?$AA?9?$AAm?$AAs?$AA?9?$AAw?$AAi?$AAn?$AA?9?$AAs?$AAe?$AAc?$AAu?$AAr?$AAi?$AAt?$AAy?$AA?9?$AAs?$AAy?$AAs?$AAt?$AAe?$AAm?$AAf?$AAu?$AAn?$AAc?$AAt?$AAi@ 00000001800024a0     libucrt:winapi_thunks.obj
 0001:00001500       ??_C@_1FG@NCKKOLKO@?$AAe?$AAx?$AAt?$AA?9?$AAm?$AAs?$AA?9?$AAw?$AAi?$AAn?$AA?9?$AAk?$AAe?$AAr?$AAn?$AAe?$AAl?$AA3?$AA2?$AA?9?$AAp?$AAa?$AAc?$AAk?$AAa?$AAg?$AAe?$AA?9?$AAc?$AAu?$AAr?$AAr@ 0000000180002500     libucrt:winapi_thunks.obj
 0001:00001560       ??_C@_1EG@DBIOJECG@?$AAe?$AAx?$AAt?$AA?9?$AAm?$AAs?$AA?9?$AAw?$AAi?$AAn?$AA?9?$AAn?$AAt?$AAu?$AAs?$AAe?$AAr?$AA?9?$AAd?$AAi?$AAa?$AAl?$AAo?$AAg?$AAb?$AAo?$AAx?$AA?9?$AAl?$AA1?$AA?9?$AA1@ 0000000180002560     libucrt:winapi_thunks.obj
 0001:000015b0       ??_C@_1EO@FIHMJCLF@?$AAe?$AAx?$AAt?$AA?9?$AAm?$AAs?$AA?9?$AAw?$AAi?$AAn?$AA?9?$AAn?$AAt?$AAu?$AAs?$AAe?$AAr?$AA?9?$AAw?$AAi?$AAn?$AAd?$AAo?$AAw?$AAs?$AAt?$AAa?$AAt?$AAi?$AAo?$AAn?$AA?9@ 00000001800025b0     libucrt:winapi_thunks.obj
 0001:00001600       ??_C@_1O@BCCLBEOE@?$AAu?$AAs?$AAe?$AAr?$AA3?$AA2?$AA?$AA@ 0000000180002600     libucrt:winapi_thunks.obj
 0001:00001638       ??_C@_0BE@JOGNEJCI@GetCurrentPackageId?$AA@ 0000000180002638     libucrt:winapi_thunks.obj
 0001:00001660       ??_C@_0O@KKBNKAPF@LCMapStringEx?$AA@ 0000000180002660     libucrt:winapi_thunks.obj
 0001:00001678       ??_C@_0BB@HBDEELFH@LocaleNameToLCID?$AA@ 0000000180002678     libucrt:winapi_thunks.obj
 0001:000016b0       ??_C@_1M@HPNHIDJI@?$AAj?$AAa?$AA?9?$AAJ?$AAP?$AA?$AA@ 00000001800026b0     libucrt:mbctype.obj
 0001:000016c0       ??_C@_1M@BIBDDEMK@?$AAz?$AAh?$AA?9?$AAC?$AAN?$AA?$AA@ 00000001800026c0     libucrt:mbctype.obj
 0001:000016d0       ??_C@_1M@JLOOOEGK@?$AAk?$AAo?$AA?9?$AAK?$AAR?$AA?$AA@ 00000001800026d0     libucrt:mbctype.obj
 0001:000016e0       ??_C@_1M@CLNBBOPM@?$AAz?$AAh?$AA?9?$AAT?$AAW?$AA?$AA@ 00000001800026e0     libucrt:mbctype.obj
 0001:000016f0       __lc_time_c                00000001800026f0     libucrt:nlsdata.obj
 0001:000019b0       ??_C@_03KOEHGMDN@Sun?$AA@  00000001800029b0     libucrt:nlsdata.obj
 0001:000019b4       ??_C@_03PDAGKDH@Mon?$AA@   00000001800029b4     libucrt:nlsdata.obj
 0001:000019b8       ??_C@_03NAGEINEP@Tue?$AA@  00000001800029b8     libucrt:nlsdata.obj
 0001:000019bc       ??_C@_03MHOMLAJA@Wed?$AA@  00000001800029bc     libucrt:nlsdata.obj
 0001:000019c0       ??_C@_03IOFIKPDN@Thu?$AA@  00000001800029c0     libucrt:nlsdata.obj
 0001:000019c4       ??_C@_03IDIOELNC@Fri?$AA@  00000001800029c4     libucrt:nlsdata.obj
 0001:000019c8       ??_C@_03FEFJNEK@Sat?$AA@   00000001800029c8     libucrt:nlsdata.obj
 0001:000019cc       ??_C@_06OOPIFAJ@Sunday?$AA@ 00000001800029cc     libucrt:nlsdata.obj
 0001:000019d4       ??_C@_06JLEDEDGH@Monday?$AA@ 00000001800029d4     libucrt:nlsdata.obj
 0001:000019e0       ??_C@_07BAAGCFCM@Tuesday?$AA@ 00000001800029e0     libucrt:nlsdata.obj
 0001:000019e8       ??_C@_09DLIGFAKA@Wednesday?$AA@ 00000001800029e8     libucrt:nlsdata.obj
 0001:000019f8       ??_C@_08HACCIKIA@Thursday?$AA@ 00000001800029f8     libucrt:nlsdata.obj
 0001:00001a04       ??_C@_06JECMNKMI@Friday?$AA@ 0000000180002a04     libucrt:nlsdata.obj
 0001:00001a10       ??_C@_08INBOOONO@Saturday?$AA@ 0000000180002a10     libucrt:nlsdata.obj
 0001:00001a1c       ??_C@_03JIHJHPIE@Jan?$AA@  0000000180002a1c     libucrt:nlsdata.obj
 0001:00001a20       ??_C@_03HJBDCHOM@Feb?$AA@  0000000180002a20     libucrt:nlsdata.obj
 0001:00001a24       ??_C@_03ODNJBKGA@Mar?$AA@  0000000180002a24     libucrt:nlsdata.obj
 0001:00001a28       ??_C@_03LEOLGMJP@Apr?$AA@  0000000180002a28     libucrt:nlsdata.obj
 0001:00001a2c       ??_C@_03CNMDKL@May?$AA@    0000000180002a2c     libucrt:nlsdata.obj
 0001:00001a30       ??_C@_03IDFGHECI@Jun?$AA@  0000000180002a30     libucrt:nlsdata.obj
 0001:00001a34       ??_C@_03LBGABGKK@Jul?$AA@  0000000180002a34     libucrt:nlsdata.obj
 0001:00001a38       ??_C@_03IFJFEIGA@Aug?$AA@  0000000180002a38     libucrt:nlsdata.obj
 0001:00001a3c       ??_C@_03GGCAPAJC@Sep?$AA@  0000000180002a3c     libucrt:nlsdata.obj
 0001:00001a40       ??_C@_03BMAOKBAD@Oct?$AA@  0000000180002a40     libucrt:nlsdata.obj
 0001:00001a44       ??_C@_03JPJOFNIA@Nov?$AA@  0000000180002a44     libucrt:nlsdata.obj
 0001:00001a48       ??_C@_03MKABNOCG@Dec?$AA@  0000000180002a48     libucrt:nlsdata.obj
 0001:00001a50       ??_C@_07CGJPFGJA@January?$AA@ 0000000180002a50     libucrt:nlsdata.obj
 0001:00001a58       ??_C@_08GNJGEPFN@February?$AA@ 0000000180002a58     libucrt:nlsdata.obj
 0001:00001a64       ??_C@_05HPCKOFNC@March?$AA@ 0000000180002a64     libucrt:nlsdata.obj
 0001:00001a6c       ??_C@_05DMJDNLEJ@April?$AA@ 0000000180002a6c     libucrt:nlsdata.obj
 0001:00001a74       ??_C@_04CNLMGBGM@June?$AA@ 0000000180002a74     libucrt:nlsdata.obj
 0001:00001a7c       ??_C@_04MIEPOIFP@July?$AA@ 0000000180002a7c     libucrt:nlsdata.obj
 0001:00001a84       ??_C@_06LBBHFDDG@August?$AA@ 0000000180002a84     libucrt:nlsdata.obj
 0001:00001a90       ??_C@_09BHHEALKD@September?$AA@ 0000000180002a90     libucrt:nlsdata.obj
 0001:00001aa0       ??_C@_07JJNFCEND@October?$AA@ 0000000180002aa0     libucrt:nlsdata.obj
 0001:00001aa8       ??_C@_08HCHEGEOA@November?$AA@ 0000000180002aa8     libucrt:nlsdata.obj
 0001:00001ab8       ??_C@_08EDHMEBNP@December?$AA@ 0000000180002ab8     libucrt:nlsdata.obj
 0001:00001ac4       ??_C@_02DEDBPAFC@AM?$AA@   0000000180002ac4     libucrt:nlsdata.obj
 0001:00001ac8       ??_C@_02CJNFDJBF@PM?$AA@   0000000180002ac8     libucrt:nlsdata.obj
 0001:00001ad0       ??_C@_08BPBNCDIB@MM?1dd?1yy?$AA@ 0000000180002ad0     libucrt:nlsdata.obj
 0001:00001ae0       ??_C@_0BE@CKGJFCPC@dddd?0?5MMMM?5dd?0?5yyyy?$AA@ 0000000180002ae0     libucrt:nlsdata.obj
 0001:00001af8       ??_C@_08JCCMCCIL@HH?3mm?3ss?$AA@ 0000000180002af8     libucrt:nlsdata.obj
 0001:00001b08       ??_C@_17MBGCMIPB@?$AAS?$AAu?$AAn?$AA?$AA@ 0000000180002b08     libucrt:nlsdata.obj
 0001:00001b10       ??_C@_17KBOMKBF@?$AAM?$AAo?$AAn?$AA?$AA@ 0000000180002b10     libucrt:nlsdata.obj
 0001:00001b18       ??_C@_17BMKGEGOJ@?$AAT?$AAu?$AAe?$AA?$AA@ 0000000180002b18     libucrt:nlsdata.obj
 0001:00001b20       ??_C@_17CJEDCEPE@?$AAW?$AAe?$AAd?$AA?$AA@ 0000000180002b20     libucrt:nlsdata.obj
 0001:00001b28       ??_C@_17PDPHAADD@?$AAT?$AAh?$AAu?$AA?$AA@ 0000000180002b28     libucrt:nlsdata.obj
 0001:00001b30       ??_C@_17HFOLPPLP@?$AAF?$AAr?$AAi?$AA?$AA@ 0000000180002b30     libucrt:nlsdata.obj
 0001:00001b38       ??_C@_17GGIBDPIH@?$AAS?$AAa?$AAt?$AA?$AA@ 0000000180002b38     libucrt:nlsdata.obj
 0001:00001b40       ??_C@_1O@IHNHDHPB@?$AAS?$AAu?$AAn?$AAd?$AAa?$AAy?$AA?$AA@ 0000000180002b40     libucrt:nlsdata.obj
 0001:00001b50       ??_C@_1O@MMNBFLIA@?$AAM?$AAo?$AAn?$AAd?$AAa?$AAy?$AA?$AA@ 0000000180002b50     libucrt:nlsdata.obj
 0001:00001b60       ??_C@_1BA@ENFBFFEK@?$AAT?$AAu?$AAe?$AAs?$AAd?$AAa?$AAy?$AA?$AA@ 0000000180002b60     libucrt:nlsdata.obj
 0001:00001b70       ??_C@_1BE@EBOGMDOH@?$AAW?$AAe?$AAd?$AAn?$AAe?$AAs?$AAd?$AAa?$AAy?$AA?$AA@ 0000000180002b70     libucrt:nlsdata.obj
 0001:00001b88       ??_C@_1BC@HHMNLIHE@?$AAT?$AAh?$AAu?$AAr?$AAs?$AAd?$AAa?$AAy?$AA?$AA@ 0000000180002b88     libucrt:nlsdata.obj
 0001:00001ba0       ??_C@_1O@PDICJHAG@?$AAF?$AAr?$AAi?$AAd?$AAa?$AAy?$AA?$AA@ 0000000180002ba0     libucrt:nlsdata.obj
 0001:00001bb0       ??_C@_1BC@ENMNNPAJ@?$AAS?$AAa?$AAt?$AAu?$AAr?$AAd?$AAa?$AAy?$AA?$AA@ 0000000180002bb0     libucrt:nlsdata.obj
 0001:00001bc8       ??_C@_17DKNBKCHM@?$AAJ?$AAa?$AAn?$AA?$AA@ 0000000180002bc8     libucrt:nlsdata.obj
 0001:00001bd0       ??_C@_17LMDJEKJN@?$AAF?$AAe?$AAb?$AA?$AA@ 0000000180002bd0     libucrt:nlsdata.obj
 0001:00001bd8       ??_C@_17CKNLEDEC@?$AAM?$AAa?$AAr?$AA?$AA@ 0000000180002bd8     libucrt:nlsdata.obj
 0001:00001be0       ??_C@_17LFPOIHDD@?$AAA?$AAp?$AAr?$AA?$AA@ 0000000180002be0     libucrt:nlsdata.obj
 0001:00001be8       ??_C@_17PNNKMEED@?$AAM?$AAa?$AAy?$AA?$AA@ 0000000180002be8     libucrt:nlsdata.obj
 0001:00001bf0       ??_C@_17KCJGOCPB@?$AAJ?$AAu?$AAn?$AA?$AA@ 0000000180002bf0     libucrt:nlsdata.obj
 0001:00001bf8       ??_C@_17IJPCKHK@?$AAJ?$AAu?$AAl?$AA?$AA@ 0000000180002bf8     libucrt:nlsdata.obj
 0001:00001c00       ??_C@_17ICPELBCN@?$AAA?$AAu?$AAg?$AA?$AA@ 0000000180002c00     libucrt:nlsdata.obj
 0001:00001c08       ??_C@_17HCHCOKMG@?$AAS?$AAe?$AAp?$AA?$AA@ 0000000180002c08     libucrt:nlsdata.obj
 0001:00001c10       ??_C@_17FNLKOI@?$AAO?$AAc?$AAt?$AA?$AA@ 0000000180002c10     libucrt:nlsdata.obj
 0001:00001c18       ??_C@_17BBDMLCIG@?$AAN?$AAo?$AAv?$AA?$AA@ 0000000180002c18     libucrt:nlsdata.obj
 0001:00001c20       ??_C@_17EGKACKIF@?$AAD?$AAe?$AAc?$AA?$AA@ 0000000180002c20     libucrt:nlsdata.obj
 0001:00001c28       ??_C@_1BA@EFMEIEBA@?$AAJ?$AAa?$AAn?$AAu?$AAa?$AAr?$AAy?$AA?$AA@ 0000000180002c28     libucrt:nlsdata.obj
 0001:00001c38       ??_C@_1BC@JGDDFFAM@?$AAF?$AAe?$AAb?$AAr?$AAu?$AAa?$AAr?$AAy?$AA?$AA@ 0000000180002c38     libucrt:nlsdata.obj
 0001:00001c50       ??_C@_1M@IKEENEDF@?$AAM?$AAa?$AAr?$AAc?$AAh?$AA?$AA@ 0000000180002c50     libucrt:nlsdata.obj
 0001:00001c60       ??_C@_1M@GJNLMHFD@?$AAA?$AAp?$AAr?$AAi?$AAl?$AA?$AA@ 0000000180002c60     libucrt:nlsdata.obj
 0001:00001c70       ??_C@_19EPFLPGAP@?$AAJ?$AAu?$AAn?$AAe?$AA?$AA@ 0000000180002c70     libucrt:nlsdata.obj
 0001:00001c80       ??_C@_19BIFMLPCD@?$AAJ?$AAu?$AAl?$AAy?$AA?$AA@ 0000000180002c80     libucrt:nlsdata.obj
 0001:00001c90       ??_C@_1O@PAHLKOAC@?$AAA?$AAu?$AAg?$AAu?$AAs?$AAt?$AA?$AA@ 0000000180002c90     libucrt:nlsdata.obj
 0001:00001ca0       ??_C@_1BE@DKAAMBJL@?$AAS?$AAe?$AAp?$AAt?$AAe?$AAm?$AAb?$AAe?$AAr?$AA?$AA@ 0000000180002ca0     libucrt:nlsdata.obj
 0001:00001cb8       ??_C@_1BA@EPANDLNG@?$AAO?$AAc?$AAt?$AAo?$AAb?$AAe?$AAr?$AA?$AA@ 0000000180002cb8     libucrt:nlsdata.obj
 0001:00001cc8       ??_C@_1BC@BGLIFPF@?$AAN?$AAo?$AAv?$AAe?$AAm?$AAb?$AAe?$AAr?$AA?$AA@ 0000000180002cc8     libucrt:nlsdata.obj
 0001:00001ce0       ??_C@_1BC@FEMKIFH@?$AAD?$AAe?$AAc?$AAe?$AAm?$AAb?$AAe?$AAr?$AA?$AA@ 0000000180002ce0     libucrt:nlsdata.obj
 0001:00001cf4       ??_C@_15ODEHAHHF@?$AAA?$AAM?$AA?$AA@ 0000000180002cf4     libucrt:nlsdata.obj
 0001:00001cfc       ??_C@_15CLMNNGEL@?$AAP?$AAM?$AA?$AA@ 0000000180002cfc     libucrt:nlsdata.obj
 0001:00001d08       ??_C@_1BC@IEBCMHCM@?$AAM?$AAM?$AA?1?$AAd?$AAd?$AA?1?$AAy?$AAy?$AA?$AA@ 0000000180002d08     libucrt:nlsdata.obj
 0001:00001d20       ??_C@_1CI@KNAKOEBC@?$AAd?$AAd?$AAd?$AAd?$AA?0?$AA?5?$AAM?$AAM?$AAM?$AAM?$AA?5?$AAd?$AAd?$AA?0?$AA?5?$AAy?$AAy?$AAy?$AAy?$AA?$AA@ 0000000180002d20     libucrt:nlsdata.obj
 0001:00001d48       ??_C@_1BC@GDGBMEMK@?$AAH?$AAH?$AA?3?$AAm?$AAm?$AA?3?$AAs?$AAs?$AA?$AA@ 0000000180002d48     libucrt:nlsdata.obj
 0001:00001d60       ??_C@_1M@BMHNFIME@?$AAe?$AAn?$AA?9?$AAU?$AAS?$AA?$AA@ 0000000180002d60     libucrt:nlsdata.obj
 0001:00001ee0       __newctype                 0000000180002ee0     libucrt:ctype.obj
 0001:000021e0       __newclmap                 00000001800031e0     libucrt:ctype.obj
 0001:00002360       __newcumap                 0000000180003360     libucrt:ctype.obj
 0001:00003320       ??_C@_15EMKDOKLE@?$AAa?$AAr?$AA?$AA@ 0000000180004320     libucrt:lcidtoname_downlevel.obj
 0001:00003328       ??_C@_15KNPADPLH@?$AAb?$AAg?$AA?$AA@ 0000000180004328     libucrt:lcidtoname_downlevel.obj
 0001:00003330       ??_C@_15EDMHLDMO@?$AAc?$AAa?$AA?$AA@ 0000000180004330     libucrt:lcidtoname_downlevel.obj
 0001:00003338       ??_C@_1O@BPEAJADD@?$AAz?$AAh?$AA?9?$AAC?$AAH?$AAS?$AA?$AA@ 0000000180004338     libucrt:lcidtoname_downlevel.obj
 0001:00003348       ??_C@_15LJNHCMNK@?$AAc?$AAs?$AA?$AA@ 0000000180004348     libucrt:lcidtoname_downlevel.obj
 0001:00003350       ??_C@_15FOMCIDHG@?$AAd?$AAa?$AA?$AA@ 0000000180004350     libucrt:lcidtoname_downlevel.obj
 0001:00003358       ??_C@_15NBKABECB@?$AAd?$AAe?$AA?$AA@ 0000000180004358     libucrt:lcidtoname_downlevel.obj
 0001:00003360       ??_C@_15GHPEIIAO@?$AAe?$AAl?$AA?$AA@ 0000000180004360     libucrt:lcidtoname_downlevel.obj
 0001:00003368       ??_C@_15MNPNEAIF@?$AAe?$AAn?$AA?$AA@ 0000000180004368     libucrt:lcidtoname_downlevel.obj
 0001:00003370       ??_C@_15GPIOMPMH@?$AAe?$AAs?$AA?$AA@ 0000000180004370     libucrt:lcidtoname_downlevel.obj
 0001:00003378       ??_C@_15NGLOAKJC@?$AAf?$AAi?$AA?$AA@ 0000000180004378     libucrt:lcidtoname_downlevel.obj
 0001:00003380       ??_C@_15FBKGNKAM@?$AAf?$AAr?$AA?$AA@ 0000000180004380     libucrt:lcidtoname_downlevel.obj
 0001:00003388       ??_C@_15KGGCNEFK@?$AAh?$AAe?$AA?$AA@ 0000000180004388     libucrt:lcidtoname_downlevel.obj
 0001:00003390       ??_C@_15PGHLIDMF@?$AAh?$AAu?$AA?$AA@ 0000000180004390     libucrt:lcidtoname_downlevel.obj
 0001:00003398       ??_C@_15BIEMAPLM@?$AAi?$AAs?$AA?$AA@ 0000000180004398     libucrt:lcidtoname_downlevel.obj
 0001:000033a0       ??_C@_15IFJLDHAF@?$AAi?$AAt?$AA?$AA@ 00000001800043a0     libucrt:lcidtoname_downlevel.obj
 0001:000033a8       ??_C@_15GEMIOCAG@?$AAj?$AAa?$AA?$AA@ 00000001800043a8     libucrt:lcidtoname_downlevel.obj
 0001:000033b0       ??_C@_15EPELEGJA@?$AAk?$AAo?$AA?$AA@ 00000001800043b0     libucrt:lcidtoname_downlevel.obj
 0001:000033b8       ??_C@_15NDDHIMN@?$AAn?$AAl?$AA?$AA@ 00000001800043b8     libucrt:lcidtoname_downlevel.obj
 0001:000033c0       ??_C@_15BPIGNHCD@?$AAn?$AAo?$AA?$AA@ 00000001800043c0     libucrt:lcidtoname_downlevel.obj
 0001:000033c8       ??_C@_15DEOPBLCG@?$AAp?$AAl?$AA?$AA@ 00000001800043c8     libucrt:lcidtoname_downlevel.obj
 0001:000033d0       ??_C@_15KBECGEFG@?$AAp?$AAt?$AA?$AA@ 00000001800043d0     libucrt:lcidtoname_downlevel.obj
 0001:000033d8       ??_C@_15GLJCBFMD@?$AAr?$AAo?$AA?$AA@ 00000001800043d8     libucrt:lcidtoname_downlevel.obj
 0001:000033e0       ??_C@_15FEDGKCDI@?$AAr?$AAu?$AA?$AA@ 00000001800043e0     libucrt:lcidtoname_downlevel.obj
 0001:000033e8       ??_C@_15GLKMLLHM@?$AAh?$AAr?$AA?$AA@ 00000001800043e8     libucrt:lcidtoname_downlevel.obj
 0001:000033f0       ??_C@_15CPKMFBDB@?$AAs?$AAk?$AA?$AA@ 00000001800043f0     libucrt:lcidtoname_downlevel.obj
 0001:000033f8       ??_C@_15BAAIOGMK@?$AAs?$AAq?$AA?$AA@ 00000001800043f8     libucrt:lcidtoname_downlevel.obj
 0001:00003400       ??_C@_15INNPNOHD@?$AAs?$AAv?$AA?$AA@ 0000000180004400     libucrt:lcidtoname_downlevel.obj
 0001:00003408       ??_C@_15CABMMOGH@?$AAt?$AAh?$AA?$AA@ 0000000180004408     libucrt:lcidtoname_downlevel.obj
 0001:00003410       ??_C@_15BPLIHJJM@?$AAt?$AAr?$AA?$AA@ 0000000180004410     libucrt:lcidtoname_downlevel.obj
 0001:00003418       ??_C@_15NEOEKKDJ@?$AAu?$AAr?$AA?$AA@ 0000000180004418     libucrt:lcidtoname_downlevel.obj
 0001:00003420       ??_C@_15NFICGAJK@?$AAi?$AAd?$AA?$AA@ 0000000180004420     libucrt:lcidtoname_downlevel.obj
 0001:00003428       ??_C@_15PJPFLCCM@?$AAu?$AAk?$AA?$AA@ 0000000180004428     libucrt:lcidtoname_downlevel.obj
 0001:00003430       ??_C@_15HPJPHDM@?$AAb?$AAe?$AA?$AA@ 0000000180004430     libucrt:lcidtoname_downlevel.obj
 0001:00003438       ??_C@_15LCHLGJII@?$AAs?$AAl?$AA?$AA@ 0000000180004438     libucrt:lcidtoname_downlevel.obj
 0001:00003440       ??_C@_15PCFJPHHO@?$AAe?$AAt?$AA?$AA@ 0000000180004440     libucrt:lcidtoname_downlevel.obj
 0001:00003448       ??_C@_15HPFPGODN@?$AAl?$AAv?$AA?$AA@ 0000000180004448     libucrt:lcidtoname_downlevel.obj
 0001:00003450       ??_C@_15NFFGKGLG@?$AAl?$AAt?$AA?$AA@ 0000000180004450     libucrt:lcidtoname_downlevel.obj
 0001:00003458       ??_C@_15BDAKCCHN@?$AAf?$AAa?$AA?$AA@ 0000000180004458     libucrt:lcidtoname_downlevel.obj
 0001:00003460       ??_C@_15NFGIAIAJ@?$AAv?$AAi?$AA?$AA@ 0000000180004460     libucrt:lcidtoname_downlevel.obj
 0001:00003468       ??_C@_15LMKNDMHN@?$AAh?$AAy?$AA?$AA@ 0000000180004468     libucrt:lcidtoname_downlevel.obj
 0001:00003470       ??_C@_15IJBHMCFL@?$AAa?$AAz?$AA?$AA@ 0000000180004470     libucrt:lcidtoname_downlevel.obj
 0001:00003478       ??_C@_15EKOFJABL@?$AAe?$AAu?$AA?$AA@ 0000000180004478     libucrt:lcidtoname_downlevel.obj
 0001:00003480       ??_C@_15BGHADCNK@?$AAm?$AAk?$AA?$AA@ 0000000180004480     libucrt:lcidtoname_downlevel.obj
 0001:00003488       ??_C@_15JDNICKHM@?$AAa?$AAf?$AA?$AA@ 0000000180004488     libucrt:lcidtoname_downlevel.obj
 0001:00003490       ??_C@_15KPJEDBKD@?$AAk?$AAa?$AA?$AA@ 0000000180004490     libucrt:lcidtoname_downlevel.obj
 0001:00003498       ??_C@_15PDNFFFEO@?$AAf?$AAo?$AA?$AA@ 0000000180004498     libucrt:lcidtoname_downlevel.obj
 0001:000034a0       ??_C@_15OMLEGLOC@?$AAh?$AAi?$AA?$AA@ 00000001800044a0     libucrt:lcidtoname_downlevel.obj
 0001:000034a8       ??_C@_15IDNNENKK@?$AAm?$AAs?$AA?$AA@ 00000001800044a8     libucrt:lcidtoname_downlevel.obj
 0001:000034b0       ??_C@_15MACJNBMH@?$AAk?$AAk?$AA?$AA@ 00000001800044b0     libucrt:lcidtoname_downlevel.obj
 0001:000034b8       ??_C@_15DKDJEOND@?$AAk?$AAy?$AA?$AA@ 00000001800044b8     libucrt:lcidtoname_downlevel.obj
 0001:000034c0       ??_C@_15DFGDLJBG@?$AAs?$AAw?$AA?$AA@ 00000001800044c0     libucrt:lcidtoname_downlevel.obj
 0001:000034c8       ??_C@_15BBFAICNG@?$AAu?$AAz?$AA?$AA@ 00000001800044c8     libucrt:lcidtoname_downlevel.obj
 0001:000034d0       ??_C@_15DKNDCGEA@?$AAt?$AAt?$AA?$AA@ 00000001800044d0     libucrt:lcidtoname_downlevel.obj
 0001:000034d8       ??_C@_15MGIFMDPL@?$AAp?$AAa?$AA?$AA@ 00000001800044d8     libucrt:lcidtoname_downlevel.obj
 0001:000034e0       ??_C@_15HCNDBBA@?$AAg?$AAu?$AA?$AA@ 00000001800044e0     libucrt:lcidtoname_downlevel.obj
 0001:000034e8       ??_C@_15FNBEIBON@?$AAt?$AAa?$AA?$AA@ 00000001800044e8     libucrt:lcidtoname_downlevel.obj
 0001:000034f0       ??_C@_15NCHGBGLK@?$AAt?$AAe?$AA?$AA@ 00000001800044f0     libucrt:lcidtoname_downlevel.obj
 0001:000034f8       ??_C@_15PHPHCBPF@?$AAk?$AAn?$AA?$AA@ 00000001800044f8     libucrt:lcidtoname_downlevel.obj
 0001:00003500       ??_C@_15DLGBCKMP@?$AAm?$AAr?$AA?$AA@ 0000000180004500     libucrt:lcidtoname_downlevel.obj
 0001:00003508       ??_C@_15EABBLBFF@?$AAs?$AAa?$AA?$AA@ 0000000180004508     libucrt:lcidtoname_downlevel.obj
 0001:00003510       ??_C@_15CBKOMCOI@?$AAm?$AAn?$AA?$AA@ 0000000180004510     libucrt:lcidtoname_downlevel.obj
 0001:00003518       ??_C@_15CKDMCJAF@?$AAg?$AAl?$AA?$AA@ 0000000180004518     libucrt:lcidtoname_downlevel.obj
 0001:00003520       ??_C@_17CNJFBPG@?$AAk?$AAo?$AAk?$AA?$AA@ 0000000180004520     libucrt:lcidtoname_downlevel.obj
 0001:00003528       ??_C@_17FFBJICPL@?$AAs?$AAy?$AAr?$AA?$AA@ 0000000180004528     libucrt:lcidtoname_downlevel.obj
 0001:00003530       ??_C@_17KPNDCPAF@?$AAd?$AAi?$AAv?$AA?$AA@ 0000000180004530     libucrt:lcidtoname_downlevel.obj
 0001:00003538       ??_C@_1M@OKAHONE@?$AAa?$AAr?$AA?9?$AAS?$AAA?$AA?$AA@ 0000000180004538     libucrt:lcidtoname_downlevel.obj
 0001:00003548       ??_C@_1M@FFFIGIGK@?$AAb?$AAg?$AA?9?$AAB?$AAG?$AA?$AA@ 0000000180004548     libucrt:lcidtoname_downlevel.obj
 0001:00003558       ??_C@_1M@BJNKEDC@?$AAc?$AAa?$AA?9?$AAE?$AAS?$AA?$AA@ 0000000180004558     libucrt:lcidtoname_downlevel.obj
 0001:00003568       ??_C@_1M@IJJHFJHA@?$AAc?$AAs?$AA?9?$AAC?$AAZ?$AA?$AA@ 0000000180004568     libucrt:lcidtoname_downlevel.obj
 0001:00003578       ??_C@_1M@CLPEOBGI@?$AAd?$AAa?$AA?9?$AAD?$AAK?$AA?$AA@ 0000000180004578     libucrt:lcidtoname_downlevel.obj
 0001:00003588       ??_C@_1M@MCMADGCB@?$AAd?$AAe?$AA?9?$AAD?$AAE?$AA?$AA@ 0000000180004588     libucrt:lcidtoname_downlevel.obj
 0001:00003598       ??_C@_1M@OOCKEMAM@?$AAe?$AAl?$AA?9?$AAG?$AAR?$AA?$AA@ 0000000180004598     libucrt:lcidtoname_downlevel.obj
 0001:000035a8       ??_C@_1M@DDNJFGID@?$AAf?$AAi?$AA?9?$AAF?$AAI?$AA?$AA@ 00000001800045a8     libucrt:lcidtoname_downlevel.obj
 0001:000035b8       ??_C@_1M@GLIPPMAC@?$AAf?$AAr?$AA?9?$AAF?$AAR?$AA?$AA@ 00000001800045b8     libucrt:lcidtoname_downlevel.obj
 0001:000035c8       ??_C@_1M@GFMCHPE@?$AAh?$AAe?$AA?9?$AAI?$AAL?$AA?$AA@ 00000001800045c8     libucrt:lcidtoname_downlevel.obj
 0001:000035d8       ??_C@_1M@MHLPGNKM@?$AAh?$AAu?$AA?9?$AAH?$AAU?$AA?$AA@ 00000001800045d8     libucrt:lcidtoname_downlevel.obj
 0001:000035e8       ??_C@_1M@LPDDNNPN@?$AAi?$AAs?$AA?9?$AAI?$AAS?$AA?$AA@ 00000001800045e8     libucrt:lcidtoname_downlevel.obj
 0001:000035f8       ??_C@_1M@MADIPODN@?$AAi?$AAt?$AA?9?$AAI?$AAT?$AA?$AA@ 00000001800045f8     libucrt:lcidtoname_downlevel.obj
 0001:00003608       ??_C@_1M@IHBJJGG@?$AAn?$AAl?$AA?9?$AAN?$AAL?$AA?$AA@ 0000000180004608     libucrt:lcidtoname_downlevel.obj
 0001:00003618       ??_C@_1M@EANAGDL@?$AAn?$AAb?$AA?9?$AAN?$AAO?$AA?$AA@ 0000000180004618     libucrt:lcidtoname_downlevel.obj
 0001:00003628       ??_C@_1M@NEIEMEGP@?$AAp?$AAl?$AA?9?$AAP?$AAL?$AA?$AA@ 0000000180004628     libucrt:lcidtoname_downlevel.obj
 0001:00003638       ??_C@_1M@BOCFIGEP@?$AAp?$AAt?$AA?9?$AAB?$AAR?$AA?$AA@ 0000000180004638     libucrt:lcidtoname_downlevel.obj
 0001:00003648       ??_C@_1M@IMPFOPBG@?$AAr?$AAo?$AA?9?$AAR?$AAO?$AA?$AA@ 0000000180004648     libucrt:lcidtoname_downlevel.obj
 0001:00003658       ??_C@_1M@IDNNEJMM@?$AAr?$AAu?$AA?9?$AAR?$AAU?$AA?$AA@ 0000000180004658     libucrt:lcidtoname_downlevel.obj
 0001:00003668       ??_C@_1M@LILEEOGM@?$AAh?$AAr?$AA?9?$AAH?$AAR?$AA?$AA@ 0000000180004668     libucrt:lcidtoname_downlevel.obj
 0001:00003678       ??_C@_1M@FKIFEHPB@?$AAs?$AAk?$AA?9?$AAS?$AAK?$AA?$AA@ 0000000180004678     libucrt:lcidtoname_downlevel.obj
 0001:00003688       ??_C@_1M@LJMAMNPJ@?$AAs?$AAq?$AA?9?$AAA?$AAL?$AA?$AA@ 0000000180004688     libucrt:lcidtoname_downlevel.obj
 0001:00003698       ??_C@_1M@GIAKDKJK@?$AAs?$AAv?$AA?9?$AAS?$AAE?$AA?$AA@ 0000000180004698     libucrt:lcidtoname_downlevel.obj
 0001:000036a8       ??_C@_1M@MKJKIKCL@?$AAt?$AAh?$AA?9?$AAT?$AAH?$AA?$AA@ 00000001800046a8     libucrt:lcidtoname_downlevel.obj
 0001:000036b8       ??_C@_1M@MFLCCMPB@?$AAt?$AAr?$AA?9?$AAT?$AAR?$AA?$AA@ 00000001800046b8     libucrt:lcidtoname_downlevel.obj
 0001:000036c8       ??_C@_1M@OIJHDKJN@?$AAu?$AAr?$AA?9?$AAP?$AAK?$AA?$AA@ 00000001800046c8     libucrt:lcidtoname_downlevel.obj
 0001:000036d8       ??_C@_1M@LHIPCIEK@?$AAi?$AAd?$AA?9?$AAI?$AAD?$AA?$AA@ 00000001800046d8     libucrt:lcidtoname_downlevel.obj
 0001:000036e8       ??_C@_1M@MFMOBGI@?$AAu?$AAk?$AA?9?$AAU?$AAA?$AA?$AA@ 00000001800046e8     libucrt:lcidtoname_downlevel.obj
 0001:000036f8       ??_C@_1M@OBGLJIPL@?$AAb?$AAe?$AA?9?$AAB?$AAY?$AA?$AA@ 00000001800046f8     libucrt:lcidtoname_downlevel.obj
 0001:00003708       ??_C@_1M@BCFAJEAD@?$AAs?$AAl?$AA?9?$AAS?$AAI?$AA?$AA@ 0000000180004708     libucrt:lcidtoname_downlevel.obj
 0001:00003718       ??_C@_1M@FKFFEDDN@?$AAe?$AAt?$AA?9?$AAE?$AAE?$AA?$AA@ 0000000180004718     libucrt:lcidtoname_downlevel.obj
 0001:00003728       ??_C@_1M@KGKKAACI@?$AAl?$AAv?$AA?9?$AAL?$AAV?$AA?$AA@ 0000000180004728     libucrt:lcidtoname_downlevel.obj
 0001:00003738       ??_C@_1M@IFGBIJO@?$AAl?$AAt?$AA?9?$AAL?$AAT?$AA?$AA@ 0000000180004738     libucrt:lcidtoname_downlevel.obj
 0001:00003748       ??_C@_1M@FGEAHEDM@?$AAf?$AAa?$AA?9?$AAI?$AAR?$AA?$AA@ 0000000180004748     libucrt:lcidtoname_downlevel.obj
 0001:00003758       ??_C@_1M@KBMAIBFN@?$AAv?$AAi?$AA?9?$AAV?$AAN?$AA?$AA@ 0000000180004758     libucrt:lcidtoname_downlevel.obj
 0001:00003768       ??_C@_1M@GPCBKDJK@?$AAh?$AAy?$AA?9?$AAA?$AAM?$AA?$AA@ 0000000180004768     libucrt:lcidtoname_downlevel.obj
 0001:00003778       ??_C@_1BG@BECMDDJB@?$AAa?$AAz?$AA?9?$AAA?$AAZ?$AA?9?$AAL?$AAa?$AAt?$AAn?$AA?$AA@ 0000000180004778     libucrt:lcidtoname_downlevel.obj
 0001:00003790       ??_C@_1M@MAOFCAEA@?$AAe?$AAu?$AA?9?$AAE?$AAS?$AA?$AA@ 0000000180004790     libucrt:lcidtoname_downlevel.obj
 0001:000037a0       ??_C@_1M@IGHABKPI@?$AAm?$AAk?$AA?9?$AAM?$AAK?$AA?$AA@ 00000001800047a0     libucrt:lcidtoname_downlevel.obj
 0001:000037b0       ??_C@_1M@IAIGNEJG@?$AAt?$AAn?$AA?9?$AAZ?$AAA?$AA?$AA@ 00000001800047b0     libucrt:lcidtoname_downlevel.obj
 0001:000037c0       ??_C@_1M@IIJCOJFA@?$AAx?$AAh?$AA?9?$AAZ?$AAA?$AA?$AA@ 00000001800047c0     libucrt:lcidtoname_downlevel.obj
 0001:000037d0       ??_C@_1M@LGPJHNJH@?$AAz?$AAu?$AA?9?$AAZ?$AAA?$AA?$AA@ 00000001800047d0     libucrt:lcidtoname_downlevel.obj
 0001:000037e0       ??_C@_1M@HOKAOIO@?$AAa?$AAf?$AA?9?$AAZ?$AAA?$AA?$AA@ 00000001800047e0     libucrt:lcidtoname_downlevel.obj
 0001:000037f0       ??_C@_1M@DPCLHLIE@?$AAk?$AAa?$AA?9?$AAG?$AAE?$AA?$AA@ 00000001800047f0     libucrt:lcidtoname_downlevel.obj
 0001:00003800       ??_C@_1M@BLKMHJBI@?$AAf?$AAo?$AA?9?$AAF?$AAO?$AA?$AA@ 0000000180004800     libucrt:lcidtoname_downlevel.obj
 0001:00003810       ??_C@_1M@LGGJAPPB@?$AAh?$AAi?$AA?9?$AAI?$AAN?$AA?$AA@ 0000000180004810     libucrt:lcidtoname_downlevel.obj
 0001:00003820       ??_C@_1M@FIKPIHFE@?$AAm?$AAt?$AA?9?$AAM?$AAT?$AA?$AA@ 0000000180004820     libucrt:lcidtoname_downlevel.obj
 0001:00003830       ??_C@_1M@HEGGPBFA@?$AAs?$AAe?$AA?9?$AAN?$AAO?$AA?$AA@ 0000000180004830     libucrt:lcidtoname_downlevel.obj
 0001:00003840       ??_C@_1M@EIBJEEPA@?$AAm?$AAs?$AA?9?$AAM?$AAY?$AA?$AA@ 0000000180004840     libucrt:lcidtoname_downlevel.obj
 0001:00003850       ??_C@_1M@FHLBGMPP@?$AAk?$AAk?$AA?9?$AAK?$AAZ?$AA?$AA@ 0000000180004850     libucrt:lcidtoname_downlevel.obj
 0001:00003860       ??_C@_1M@NGJJLCGI@?$AAk?$AAy?$AA?9?$AAK?$AAG?$AA?$AA@ 0000000180004860     libucrt:lcidtoname_downlevel.obj
 0001:00003870       ??_C@_1M@GIENNBFC@?$AAs?$AAw?$AA?9?$AAK?$AAE?$AA?$AA@ 0000000180004870     libucrt:lcidtoname_downlevel.obj
 0001:00003880       ??_C@_1BG@NDGMJIMJ@?$AAu?$AAz?$AA?9?$AAU?$AAZ?$AA?9?$AAL?$AAa?$AAt?$AAn?$AA?$AA@ 0000000180004880     libucrt:lcidtoname_downlevel.obj
 0001:00003898       ??_C@_1M@IDCCIHBC@?$AAt?$AAt?$AA?9?$AAR?$AAU?$AA?$AA@ 0000000180004898     libucrt:lcidtoname_downlevel.obj
 0001:000038a8       ??_C@_1M@LOICPMOJ@?$AAb?$AAn?$AA?9?$AAI?$AAN?$AA?$AA@ 00000001800048a8     libucrt:lcidtoname_downlevel.obj
 0001:000038b8       ??_C@_1M@KPKKNEAH@?$AAp?$AAa?$AA?9?$AAI?$AAN?$AA?$AA@ 00000001800048b8     libucrt:lcidtoname_downlevel.obj
 0001:000038c8       ??_C@_1M@PJGPPBOG@?$AAg?$AAu?$AA?9?$AAI?$AAN?$AA?$AA@ 00000001800048c8     libucrt:lcidtoname_downlevel.obj
 0001:000038d8       ??_C@_1M@KMKMOPHI@?$AAt?$AAa?$AA?9?$AAI?$AAN?$AA?$AA@ 00000001800048d8     libucrt:lcidtoname_downlevel.obj
 0001:000038e8       ??_C@_1M@KFEHEPAC@?$AAt?$AAe?$AA?9?$AAI?$AAN?$AA?$AA@ 00000001800048e8     libucrt:lcidtoname_downlevel.obj
 0001:000038f8       ??_C@_1M@CDCLMGHI@?$AAk?$AAn?$AA?9?$AAI?$AAN?$AA?$AA@ 00000001800048f8     libucrt:lcidtoname_downlevel.obj
 0001:00003908       ??_C@_1M@MIODLDKF@?$AAm?$AAl?$AA?9?$AAI?$AAN?$AA?$AA@ 0000000180004908     libucrt:lcidtoname_downlevel.obj
 0001:00003918       ??_C@_1M@PBIEACPO@?$AAm?$AAr?$AA?9?$AAI?$AAN?$AA?$AA@ 0000000180004918     libucrt:lcidtoname_downlevel.obj
 0001:00003928       ??_C@_1M@NIDEAGPH@?$AAs?$AAa?$AA?9?$AAI?$AAN?$AA?$AA@ 0000000180004928     libucrt:lcidtoname_downlevel.obj
 0001:00003938       ??_C@_1M@FHIHCBIO@?$AAm?$AAn?$AA?9?$AAM?$AAN?$AA?$AA@ 0000000180004938     libucrt:lcidtoname_downlevel.obj
 0001:00003948       ??_C@_1M@JAIJPENP@?$AAc?$AAy?$AA?9?$AAG?$AAB?$AA?$AA@ 0000000180004948     libucrt:lcidtoname_downlevel.obj
 0001:00003958       ??_C@_1M@PHGFBEPN@?$AAg?$AAl?$AA?9?$AAE?$AAS?$AA?$AA@ 0000000180004958     libucrt:lcidtoname_downlevel.obj
 0001:00003968       ??_C@_1O@KPIPDNCP@?$AAk?$AAo?$AAk?$AA?9?$AAI?$AAN?$AA?$AA@ 0000000180004968     libucrt:lcidtoname_downlevel.obj
 0001:00003978       ??_C@_1O@KNHJLDJA@?$AAs?$AAy?$AAr?$AA?9?$AAS?$AAY?$AA?$AA@ 0000000180004978     libucrt:lcidtoname_downlevel.obj
 0001:00003988       ??_C@_1O@MKEKBLAH@?$AAd?$AAi?$AAv?$AA?9?$AAM?$AAV?$AA?$AA@ 0000000180004988     libucrt:lcidtoname_downlevel.obj
 0001:00003998       ??_C@_1O@OHDCKDDF@?$AAq?$AAu?$AAz?$AA?9?$AAB?$AAO?$AA?$AA@ 0000000180004998     libucrt:lcidtoname_downlevel.obj
 0001:000039a8       ??_C@_1M@LEPJNLFD@?$AAn?$AAs?$AA?9?$AAZ?$AAA?$AA?$AA@ 00000001800049a8     libucrt:lcidtoname_downlevel.obj
 0001:000039b8       ??_C@_1M@OMLEIIJB@?$AAm?$AAi?$AA?9?$AAN?$AAZ?$AA?$AA@ 00000001800049b8     libucrt:lcidtoname_downlevel.obj
 0001:000039c8       ??_C@_1M@PMPEAILG@?$AAa?$AAr?$AA?9?$AAI?$AAQ?$AA?$AA@ 00000001800049c8     libucrt:lcidtoname_downlevel.obj
 0001:000039d8       ??_C@_1M@CNKPNOEE@?$AAd?$AAe?$AA?9?$AAC?$AAH?$AA?$AA@ 00000001800049d8     libucrt:lcidtoname_downlevel.obj
 0001:000039e8       ??_C@_1M@LKMGMLKO@?$AAe?$AAn?$AA?9?$AAG?$AAB?$AA?$AA@ 00000001800049e8     libucrt:lcidtoname_downlevel.obj
 0001:000039f8       ??_C@_1M@PGKJFFGL@?$AAe?$AAs?$AA?9?$AAM?$AAX?$AA?$AA@ 00000001800049f8     libucrt:lcidtoname_downlevel.obj
 0001:00003a08       ??_C@_1M@DNNANBDC@?$AAf?$AAr?$AA?9?$AAB?$AAE?$AA?$AA@ 0000000180004a08     libucrt:lcidtoname_downlevel.obj
 0001:00003a18       ??_C@_1M@HLGMDFHM@?$AAi?$AAt?$AA?9?$AAC?$AAH?$AA?$AA@ 0000000180004a18     libucrt:lcidtoname_downlevel.obj
 0001:00003a28       ??_C@_1M@CLLBGJH@?$AAn?$AAl?$AA?9?$AAB?$AAE?$AA?$AA@ 0000000180004a28     libucrt:lcidtoname_downlevel.obj
 0001:00003a38       ??_C@_1M@BODBOGLF@?$AAn?$AAn?$AA?9?$AAN?$AAO?$AA?$AA@ 0000000180004a38     libucrt:lcidtoname_downlevel.obj
 0001:00003a48       ??_C@_1M@HFFAHKAD@?$AAp?$AAt?$AA?9?$AAP?$AAT?$AA?$AA@ 0000000180004a48     libucrt:lcidtoname_downlevel.obj
 0001:00003a58       ??_C@_1BG@LNOAKHIE@?$AAs?$AAr?$AA?9?$AAS?$AAP?$AA?9?$AAL?$AAa?$AAt?$AAn?$AA?$AA@ 0000000180004a58     libucrt:lcidtoname_downlevel.obj
 0001:00003a70       ??_C@_1M@HBMHBGAK@?$AAs?$AAv?$AA?9?$AAF?$AAI?$AA?$AA@ 0000000180004a70     libucrt:lcidtoname_downlevel.obj
 0001:00003a80       ??_C@_1BG@DGCJGJBE@?$AAa?$AAz?$AA?9?$AAA?$AAZ?$AA?9?$AAC?$AAy?$AAr?$AAl?$AA?$AA@ 0000000180004a80     libucrt:lcidtoname_downlevel.obj
 0001:00003a98       ??_C@_1M@KEJDAAHB@?$AAs?$AAe?$AA?9?$AAS?$AAE?$AA?$AA@ 0000000180004a98     libucrt:lcidtoname_downlevel.obj
 0001:00003aa8       ??_C@_1M@HEIBJJAD@?$AAm?$AAs?$AA?9?$AAB?$AAN?$AA?$AA@ 0000000180004aa8     libucrt:lcidtoname_downlevel.obj
 0001:00003ab8       ??_C@_1BG@PBGJMCEM@?$AAu?$AAz?$AA?9?$AAU?$AAZ?$AA?9?$AAC?$AAy?$AAr?$AAl?$AA?$AA@ 0000000180004ab8     libucrt:lcidtoname_downlevel.obj
 0001:00003ad0       ??_C@_1O@LAOBCMDF@?$AAq?$AAu?$AAz?$AA?9?$AAE?$AAC?$AA?$AA@ 0000000180004ad0     libucrt:lcidtoname_downlevel.obj
 0001:00003ae0       ??_C@_1M@POEEMAIO@?$AAa?$AAr?$AA?9?$AAE?$AAG?$AA?$AA@ 0000000180004ae0     libucrt:lcidtoname_downlevel.obj
 0001:00003af0       ??_C@_1M@EFAKDEDL@?$AAz?$AAh?$AA?9?$AAH?$AAK?$AA?$AA@ 0000000180004af0     libucrt:lcidtoname_downlevel.obj
 0001:00003b00       ??_C@_1M@HKKIJHGI@?$AAd?$AAe?$AA?9?$AAA?$AAT?$AA?$AA@ 0000000180004b00     libucrt:lcidtoname_downlevel.obj
 0001:00003b10       ??_C@_1M@KBFBEHJF@?$AAe?$AAn?$AA?9?$AAA?$AAU?$AA?$AA@ 0000000180004b10     libucrt:lcidtoname_downlevel.obj
 0001:00003b20       ??_C@_1M@MNPLFAAH@?$AAe?$AAs?$AA?9?$AAE?$AAS?$AA?$AA@ 0000000180004b20     libucrt:lcidtoname_downlevel.obj
 0001:00003b30       ??_C@_1M@HJOOJFMA@?$AAf?$AAr?$AA?9?$AAC?$AAA?$AA?$AA@ 0000000180004b30     libucrt:lcidtoname_downlevel.obj
 0001:00003b40       ??_C@_1BG@JPOFPNAB@?$AAs?$AAr?$AA?9?$AAS?$AAP?$AA?9?$AAC?$AAy?$AAr?$AAl?$AA?$AA@ 0000000180004b40     libucrt:lcidtoname_downlevel.obj
 0001:00003b58       ??_C@_1M@LNFOCMOB@?$AAs?$AAe?$AA?9?$AAF?$AAI?$AA?$AA@ 0000000180004b58     libucrt:lcidtoname_downlevel.obj
 0001:00003b68       ??_C@_1O@MGJBOAMB@?$AAq?$AAu?$AAz?$AA?9?$AAP?$AAE?$AA?$AA@ 0000000180004b68     libucrt:lcidtoname_downlevel.obj
 0001:00003b78       ??_C@_1M@GJINLBOK@?$AAa?$AAr?$AA?9?$AAL?$AAY?$AA?$AA@ 0000000180004b78     libucrt:lcidtoname_downlevel.obj
 0001:00003b88       ??_C@_1M@GGMNHJNL@?$AAz?$AAh?$AA?9?$AAS?$AAG?$AA?$AA@ 0000000180004b88     libucrt:lcidtoname_downlevel.obj
 0001:00003b98       ??_C@_1M@HOIKODND@?$AAd?$AAe?$AA?9?$AAL?$AAU?$AA?$AA@ 0000000180004b98     libucrt:lcidtoname_downlevel.obj
 0001:00003ba8       ??_C@_1M@DDOCCGFG@?$AAe?$AAn?$AA?9?$AAC?$AAA?$AA?$AA@ 0000000180004ba8     libucrt:lcidtoname_downlevel.obj
 0001:00003bb8       ??_C@_1M@BNOEMJLF@?$AAe?$AAs?$AA?9?$AAG?$AAT?$AA?$AA@ 0000000180004bb8     libucrt:lcidtoname_downlevel.obj
 0001:00003bc8       ??_C@_1M@EOGNKEK@?$AAf?$AAr?$AA?9?$AAC?$AAH?$AA?$AA@ 0000000180004bc8     libucrt:lcidtoname_downlevel.obj
 0001:00003bd8       ??_C@_1M@FLIDJFHL@?$AAh?$AAr?$AA?9?$AAB?$AAA?$AA?$AA@ 0000000180004bd8     libucrt:lcidtoname_downlevel.obj
 0001:00003be8       ??_C@_1O@FMCELNAJ@?$AAs?$AAm?$AAj?$AA?9?$AAN?$AAO?$AA?$AA@ 0000000180004be8     libucrt:lcidtoname_downlevel.obj
 0001:00003bf8       ??_C@_1M@JHGLJMGJ@?$AAa?$AAr?$AA?9?$AAD?$AAZ?$AA?$AA@ 0000000180004bf8     libucrt:lcidtoname_downlevel.obj
 0001:00003c08       ??_C@_1M@JKKFDCNP@?$AAz?$AAh?$AA?9?$AAM?$AAO?$AA?$AA@ 0000000180004c08     libucrt:lcidtoname_downlevel.obj
 0001:00003c18       ??_C@_1M@GEEFALPE@?$AAd?$AAe?$AA?9?$AAL?$AAI?$AA?$AA@ 0000000180004c18     libucrt:lcidtoname_downlevel.obj
 0001:00003c28       ??_C@_1M@IGEOFBG@?$AAe?$AAn?$AA?9?$AAN?$AAZ?$AA?$AA@ 0000000180004c28     libucrt:lcidtoname_downlevel.obj
 0001:00003c38       ??_C@_1M@KDBONEHP@?$AAe?$AAs?$AA?9?$AAC?$AAR?$AA?$AA@ 0000000180004c38     libucrt:lcidtoname_downlevel.obj
 0001:00003c48       ??_C@_1M@FHMDOHNN@?$AAf?$AAr?$AA?9?$AAL?$AAU?$AA?$AA@ 0000000180004c48     libucrt:lcidtoname_downlevel.obj
 0001:00003c58       ??_C@_1BG@NFKKMAFG@?$AAb?$AAs?$AA?9?$AAB?$AAA?$AA?9?$AAL?$AAa?$AAt?$AAn?$AA?$AA@ 0000000180004c58     libucrt:lcidtoname_downlevel.obj
 0001:00003c70       ??_C@_1O@IMNBEMCI@?$AAs?$AAm?$AAj?$AA?9?$AAS?$AAE?$AA?$AA@ 0000000180004c70     libucrt:lcidtoname_downlevel.obj
 0001:00003c80       ??_C@_1M@DHHMBNDP@?$AAa?$AAr?$AA?9?$AAM?$AAA?$AA?$AA@ 0000000180004c80     libucrt:lcidtoname_downlevel.obj
 0001:00003c90       ??_C@_1M@BNBLJCGH@?$AAe?$AAn?$AA?9?$AAI?$AAE?$AA?$AA@ 0000000180004c90     libucrt:lcidtoname_downlevel.obj
 0001:00003ca0       ??_C@_1M@GEPAFMDL@?$AAe?$AAs?$AA?9?$AAP?$AAA?$AA?$AA@ 0000000180004ca0     libucrt:lcidtoname_downlevel.obj
 0001:00003cb0       ??_C@_1M@OJONDMDL@?$AAf?$AAr?$AA?9?$AAM?$AAC?$AA?$AA@ 0000000180004cb0     libucrt:lcidtoname_downlevel.obj
 0001:00003cc0       ??_C@_1BG@OBCNFJB@?$AAs?$AAr?$AA?9?$AAB?$AAA?$AA?9?$AAL?$AAa?$AAt?$AAn?$AA?$AA@ 0000000180004cc0     libucrt:lcidtoname_downlevel.obj
 0001:00003cd8       ??_C@_1O@KEMEEGPO@?$AAs?$AAm?$AAa?$AA?9?$AAN?$AAO?$AA?$AA@ 0000000180004cd8     libucrt:lcidtoname_downlevel.obj
 0001:00003ce8       ??_C@_1M@ELMGFODK@?$AAa?$AAr?$AA?9?$AAT?$AAN?$AA?$AA@ 0000000180004ce8     libucrt:lcidtoname_downlevel.obj
 0001:00003cf8       ??_C@_1M@BHDLHFAF@?$AAe?$AAn?$AA?9?$AAZ?$AAA?$AA?$AA@ 0000000180004cf8     libucrt:lcidtoname_downlevel.obj
 0001:00003d08       ??_C@_1M@BMGIGLIF@?$AAe?$AAs?$AA?9?$AAD?$AAO?$AA?$AA@ 0000000180004d08     libucrt:lcidtoname_downlevel.obj
 0001:00003d18       ??_C@_1BG@CMBHIPBE@?$AAs?$AAr?$AA?9?$AAB?$AAA?$AA?9?$AAC?$AAy?$AAr?$AAl?$AA?$AA@ 0000000180004d18     libucrt:lcidtoname_downlevel.obj
 0001:00003d30       ??_C@_1O@HEDBLHNP@?$AAs?$AAm?$AAa?$AA?9?$AAS?$AAE?$AA?$AA@ 0000000180004d30     libucrt:lcidtoname_downlevel.obj
 0001:00003d40       ??_C@_1M@DAGCADIM@?$AAa?$AAr?$AA?9?$AAO?$AAM?$AA?$AA@ 0000000180004d40     libucrt:lcidtoname_downlevel.obj
 0001:00003d50       ??_C@_1M@FODLMICG@?$AAe?$AAn?$AA?9?$AAJ?$AAM?$AA?$AA@ 0000000180004d50     libucrt:lcidtoname_downlevel.obj
 0001:00003d60       ??_C@_1M@DNMLCIHB@?$AAe?$AAs?$AA?9?$AAV?$AAE?$AA?$AA@ 0000000180004d60     libucrt:lcidtoname_downlevel.obj
 0001:00003d70       ??_C@_1O@EOKHMKJK@?$AAs?$AAm?$AAs?$AA?9?$AAF?$AAI?$AA?$AA@ 0000000180004d70     libucrt:lcidtoname_downlevel.obj
 0001:00003d80       ??_C@_1M@CAFJMKOF@?$AAa?$AAr?$AA?9?$AAY?$AAE?$AA?$AA@ 0000000180004d80     libucrt:lcidtoname_downlevel.obj
 0001:00003d90       ??_C@_1M@CBFHIJLI@?$AAe?$AAn?$AA?9?$AAC?$AAB?$AA?$AA@ 0000000180004d90     libucrt:lcidtoname_downlevel.obj
 0001:00003da0       ??_C@_1M@BGNFLDN@?$AAe?$AAs?$AA?9?$AAC?$AAO?$AA?$AA@ 0000000180004da0     libucrt:lcidtoname_downlevel.obj
 0001:00003db0       ??_C@_1O@JMPHMAMC@?$AAs?$AAm?$AAn?$AA?9?$AAF?$AAI?$AA?$AA@ 0000000180004db0     libucrt:lcidtoname_downlevel.obj
 0001:00003dc0       ??_C@_1M@JLANABKE@?$AAa?$AAr?$AA?9?$AAS?$AAY?$AA?$AA@ 0000000180004dc0     libucrt:lcidtoname_downlevel.obj
 0001:00003dd0       ??_C@_1M@HPKGCFGN@?$AAe?$AAn?$AA?9?$AAB?$AAZ?$AA?$AA@ 0000000180004dd0     libucrt:lcidtoname_downlevel.obj
 0001:00003de0       ??_C@_1M@OLJCMLGM@?$AAe?$AAs?$AA?9?$AAP?$AAE?$AA?$AA@ 0000000180004de0     libucrt:lcidtoname_downlevel.obj
 0001:00003df0       ??_C@_1M@MKKGFKLE@?$AAa?$AAr?$AA?9?$AAJ?$AAO?$AA?$AA@ 0000000180004df0     libucrt:lcidtoname_downlevel.obj
 0001:00003e00       ??_C@_1M@EKPGLDNI@?$AAe?$AAn?$AA?9?$AAT?$AAT?$AA?$AA@ 0000000180004e00     libucrt:lcidtoname_downlevel.obj
 0001:00003e10       ??_C@_1M@OONGHFHE@?$AAe?$AAs?$AA?9?$AAA?$AAR?$AA?$AA@ 0000000180004e10     libucrt:lcidtoname_downlevel.obj
 0001:00003e20       ??_C@_1M@OOJFGBHE@?$AAa?$AAr?$AA?9?$AAL?$AAB?$AA?$AA@ 0000000180004e20     libucrt:lcidtoname_downlevel.obj
 0001:00003e30       ??_C@_1M@GCEJHNEG@?$AAe?$AAn?$AA?9?$AAZ?$AAW?$AA?$AA@ 0000000180004e30     libucrt:lcidtoname_downlevel.obj
 0001:00003e40       ??_C@_1M@JNOCAHJI@?$AAe?$AAs?$AA?9?$AAE?$AAC?$AA?$AA@ 0000000180004e40     libucrt:lcidtoname_downlevel.obj
 0001:00003e50       ??_C@_1M@JEFHPGGB@?$AAa?$AAr?$AA?9?$AAK?$AAW?$AA?$AA@ 0000000180004e50     libucrt:lcidtoname_downlevel.obj
 0001:00003e60       ??_C@_1M@MLKIBJOJ@?$AAe?$AAn?$AA?9?$AAP?$AAH?$AA?$AA@ 0000000180004e60     libucrt:lcidtoname_downlevel.obj
 0001:00003e70       ??_C@_1M@BDNIPEND@?$AAe?$AAs?$AA?9?$AAC?$AAL?$AA?$AA@ 0000000180004e70     libucrt:lcidtoname_downlevel.obj
 0001:00003e80       ??_C@_1M@MPNMEKBD@?$AAa?$AAr?$AA?9?$AAA?$AAE?$AA?$AA@ 0000000180004e80     libucrt:lcidtoname_downlevel.obj
 0001:00003e90       ??_C@_1M@KBJALCPI@?$AAe?$AAs?$AA?9?$AAU?$AAY?$AA?$AA@ 0000000180004e90     libucrt:lcidtoname_downlevel.obj
 0001:00003ea0       ??_C@_1M@LLCCOAGA@?$AAa?$AAr?$AA?9?$AAB?$AAH?$AA?$AA@ 0000000180004ea0     libucrt:lcidtoname_downlevel.obj
 0001:00003eb0       ??_C@_1M@PBFNCDEL@?$AAe?$AAs?$AA?9?$AAP?$AAY?$AA?$AA@ 0000000180004eb0     libucrt:lcidtoname_downlevel.obj
 0001:00003ec0       ??_C@_1M@EDGINPNP@?$AAa?$AAr?$AA?9?$AAQ?$AAA?$AA?$AA@ 0000000180004ec0     libucrt:lcidtoname_downlevel.obj
 0001:00003ed0       ??_C@_1M@MKDBIIJI@?$AAe?$AAs?$AA?9?$AAB?$AAO?$AA?$AA@ 0000000180004ed0     libucrt:lcidtoname_downlevel.obj
 0001:00003ee0       ??_C@_1M@CPKKEBLD@?$AAe?$AAs?$AA?9?$AAS?$AAV?$AA?$AA@ 0000000180004ee0     libucrt:lcidtoname_downlevel.obj
 0001:00003ef0       ??_C@_1M@NDBGMMJL@?$AAe?$AAs?$AA?9?$AAH?$AAN?$AA?$AA@ 0000000180004ef0     libucrt:lcidtoname_downlevel.obj
 0001:00003f00       ??_C@_1M@JIJIBHDP@?$AAe?$AAs?$AA?9?$AAN?$AAI?$AA?$AA@ 0000000180004f00     libucrt:lcidtoname_downlevel.obj
 0001:00003f10       ??_C@_1M@CGFMKEEK@?$AAe?$AAs?$AA?9?$AAP?$AAR?$AA?$AA@ 0000000180004f10     libucrt:lcidtoname_downlevel.obj
 0001:00003f20       ??_C@_1O@ICJHKIIK@?$AAz?$AAh?$AA?9?$AAC?$AAH?$AAT?$AA?$AA@ 0000000180004f20     libucrt:lcidtoname_downlevel.obj
 0001:00003f30       ??_C@_15CLNEJCE@?$AAs?$AAr?$AA?$AA@ 0000000180004f30     libucrt:lcidtoname_downlevel.obj
 0001:00004d80       ??_C@_1M@KAHEKEIG@?$AAa?$AAf?$AA?9?$AAz?$AAa?$AA?$AA@ 0000000180005d80     libucrt:lcidtoname_downlevel.obj
 0001:00004d90       ??_C@_1M@GIECOABL@?$AAa?$AAr?$AA?9?$AAa?$AAe?$AA?$AA@ 0000000180005d90     libucrt:lcidtoname_downlevel.obj
 0001:00004da0       ??_C@_1M@BMLMEKGI@?$AAa?$AAr?$AA?9?$AAb?$AAh?$AA?$AA@ 0000000180005da0     libucrt:lcidtoname_downlevel.obj
 0001:00004db0       ??_C@_1M@DAPFDGGB@?$AAa?$AAr?$AA?9?$AAd?$AAz?$AA?$AA@ 0000000180005db0     libucrt:lcidtoname_downlevel.obj
 0001:00004dc0       ??_C@_1M@FJNKGKIG@?$AAa?$AAr?$AA?9?$AAe?$AAg?$AA?$AA@ 0000000180005dc0     libucrt:lcidtoname_downlevel.obj
 0001:00004dd0       ??_C@_1M@FLGKKCLO@?$AAa?$AAr?$AA?9?$AAi?$AAq?$AA?$AA@ 0000000180005dd0     libucrt:lcidtoname_downlevel.obj
 0001:00004de0       ??_C@_1M@GNDIPALM@?$AAa?$AAr?$AA?9?$AAj?$AAo?$AA?$AA@ 0000000180005de0     libucrt:lcidtoname_downlevel.obj
 0001:00004df0       ??_C@_1M@DDMJFMGJ@?$AAa?$AAr?$AA?9?$AAk?$AAw?$AA?$AA@ 0000000180005df0     libucrt:lcidtoname_downlevel.obj
 0001:00004e00       ??_C@_1M@EJALMLHM@?$AAa?$AAr?$AA?9?$AAl?$AAb?$AA?$AA@ 0000000180005e00     libucrt:lcidtoname_downlevel.obj
 0001:00004e10       ??_C@_1M@MOBDBLOC@?$AAa?$AAr?$AA?9?$AAl?$AAy?$AA?$AA@ 0000000180005e10     libucrt:lcidtoname_downlevel.obj
 0001:00004e20       ??_C@_1M@JAOCLHDH@?$AAa?$AAr?$AA?9?$AAm?$AAa?$AA?$AA@ 0000000180005e20     libucrt:lcidtoname_downlevel.obj
 0001:00004e30       ??_C@_1M@JHPMKJIE@?$AAa?$AAr?$AA?9?$AAo?$AAm?$AA?$AA@ 0000000180005e30     libucrt:lcidtoname_downlevel.obj
 0001:00004e40       ??_C@_1M@OEPGHFNH@?$AAa?$AAr?$AA?9?$AAq?$AAa?$AA?$AA@ 0000000180005e40     libucrt:lcidtoname_downlevel.obj
 0001:00004e50       ??_C@_1M@KJDONENM@?$AAa?$AAr?$AA?9?$AAs?$AAa?$AA?$AA@ 0000000180005e50     libucrt:lcidtoname_downlevel.obj
 0001:00004e60       ??_C@_1M@DMJDKLKM@?$AAa?$AAr?$AA?9?$AAs?$AAy?$AA?$AA@ 0000000180005e60     libucrt:lcidtoname_downlevel.obj
 0001:00004e70       ??_C@_1M@OMFIPEDC@?$AAa?$AAr?$AA?9?$AAt?$AAn?$AA?$AA@ 0000000180005e70     libucrt:lcidtoname_downlevel.obj
 0001:00004e80       ??_C@_1M@IHMHGAON@?$AAa?$AAr?$AA?9?$AAy?$AAe?$AA?$AA@ 0000000180005e80     libucrt:lcidtoname_downlevel.obj
 0001:00004e90       ??_C@_1BG@KDCPGJGB@?$AAa?$AAz?$AA?9?$AAa?$AAz?$AA?9?$AAc?$AAy?$AAr?$AAl?$AA?$AA@ 0000000180005e90     libucrt:lcidtoname_downlevel.obj
 0001:00004ea8       ??_C@_1BG@IBCKDDOE@?$AAa?$AAz?$AA?9?$AAa?$AAz?$AA?9?$AAl?$AAa?$AAt?$AAn?$AA?$AA@ 0000000180005ea8     libucrt:lcidtoname_downlevel.obj
 0001:00004ec0       ??_C@_1M@EGPFDCPD@?$AAb?$AAe?$AA?9?$AAb?$AAy?$AA?$AA@ 0000000180005ec0     libucrt:lcidtoname_downlevel.obj
 0001:00004ed0       ??_C@_1M@PCMGMCGC@?$AAb?$AAg?$AA?9?$AAb?$AAg?$AA?$AA@ 0000000180005ed0     libucrt:lcidtoname_downlevel.obj
 0001:00004ee0       ??_C@_1M@BJBMFGOB@?$AAb?$AAn?$AA?9?$AAi?$AAn?$AA?$AA@ 0000000180005ee0     libucrt:lcidtoname_downlevel.obj
 0001:00004ef0       ??_C@_1BG@EAKMMACD@?$AAb?$AAs?$AA?9?$AAb?$AAa?$AA?9?$AAl?$AAa?$AAt?$AAn?$AA?$AA@ 0000000180005ef0     libucrt:lcidtoname_downlevel.obj
 0001:00004f08       ??_C@_1M@KGADAODK@?$AAc?$AAa?$AA?9?$AAe?$AAs?$AA?$AA@ 0000000180005f08     libucrt:lcidtoname_downlevel.obj
 0001:00004f18       ??_C@_1M@COAJPDHI@?$AAc?$AAs?$AA?9?$AAc?$AAz?$AA?$AA@ 0000000180005f18     libucrt:lcidtoname_downlevel.obj
 0001:00004f28       ??_C@_1M@DHBHFONH@?$AAc?$AAy?$AA?9?$AAg?$AAb?$AA?$AA@ 0000000180005f28     libucrt:lcidtoname_downlevel.obj
 0001:00004f38       ??_C@_1M@IMGKELGA@?$AAd?$AAa?$AA?9?$AAd?$AAk?$AA?$AA@ 0000000180005f38     libucrt:lcidtoname_downlevel.obj
 0001:00004f48       ??_C@_1M@NNDGDNGA@?$AAd?$AAe?$AA?9?$AAa?$AAt?$AA?$AA@ 0000000180005f48     libucrt:lcidtoname_downlevel.obj
 0001:00004f58       ??_C@_1M@IKDBHEEM@?$AAd?$AAe?$AA?9?$AAc?$AAh?$AA?$AA@ 0000000180005f58     libucrt:lcidtoname_downlevel.obj
 0001:00004f68       ??_C@_1M@GFFOJMCJ@?$AAd?$AAe?$AA?9?$AAd?$AAe?$AA?$AA@ 0000000180005f68     libucrt:lcidtoname_downlevel.obj
 0001:00004f78       ??_C@_1M@MDNLKBPM@?$AAd?$AAe?$AA?9?$AAl?$AAi?$AA?$AA@ 0000000180005f78     libucrt:lcidtoname_downlevel.obj
 0001:00004f88       ??_C@_1M@NJBEEJNL@?$AAd?$AAe?$AA?9?$AAl?$AAu?$AA?$AA@ 0000000180005f88     libucrt:lcidtoname_downlevel.obj
 0001:00004f98       ??_C@_1O@GNNELBAP@?$AAd?$AAi?$AAv?$AA?9?$AAm?$AAv?$AA?$AA@ 0000000180005f98     libucrt:lcidtoname_downlevel.obj
 0001:00004fa8       ??_C@_1M@EJLEOGAE@?$AAe?$AAl?$AA?9?$AAg?$AAr?$AA?$AA@ 0000000180005fa8     libucrt:lcidtoname_downlevel.obj
 0001:00004fb8       ??_C@_1M@GMPONJN@?$AAe?$AAn?$AA?9?$AAa?$AAu?$AA?$AA@ 0000000180005fb8     libucrt:lcidtoname_downlevel.obj
 0001:00004fc8       ??_C@_1M@NIDIIPGF@?$AAe?$AAn?$AA?9?$AAb?$AAz?$AA?$AA@ 0000000180005fc8     libucrt:lcidtoname_downlevel.obj
 0001:00004fd8       ??_C@_1M@JEHMIMFO@?$AAe?$AAn?$AA?9?$AAc?$AAa?$AA?$AA@ 0000000180005fd8     libucrt:lcidtoname_downlevel.obj
 0001:00004fe8       ??_C@_1M@IGMJCDLA@?$AAe?$AAn?$AA?9?$AAc?$AAb?$AA?$AA@ 0000000180005fe8     libucrt:lcidtoname_downlevel.obj
 0001:00004ff8       ??_C@_1M@BNFIGBKG@?$AAe?$AAn?$AA?9?$AAg?$AAb?$AA?$AA@ 0000000180005ff8     libucrt:lcidtoname_downlevel.obj
 0001:00005008       ??_C@_1M@LKIFDIGP@?$AAe?$AAn?$AA?9?$AAi?$AAe?$AA?$AA@ 0000000180006008     libucrt:lcidtoname_downlevel.obj
 0001:00005018       ??_C@_1M@PJKFGCCO@?$AAe?$AAn?$AA?9?$AAj?$AAm?$AA?$AA@ 0000000180006018     libucrt:lcidtoname_downlevel.obj
 0001:00005028       ??_C@_1M@KPPKEPBO@?$AAe?$AAn?$AA?9?$AAn?$AAz?$AA?$AA@ 0000000180006028     libucrt:lcidtoname_downlevel.obj
 0001:00005038       ??_C@_1M@GMDGLDOB@?$AAe?$AAn?$AA?9?$AAp?$AAh?$AA?$AA@ 0000000180006038     libucrt:lcidtoname_downlevel.obj
 0001:00005048       ??_C@_1M@ONGIBJNA@?$AAe?$AAn?$AA?9?$AAt?$AAt?$AA?$AA@ 0000000180006048     libucrt:lcidtoname_downlevel.obj
 0001:00005058       ??_C@_1M@LLODPCMM@?$AAe?$AAn?$AA?9?$AAu?$AAs?$AA?$AA@ 0000000180006058     libucrt:lcidtoname_downlevel.obj
 0001:00005068       ??_C@_1M@LAKFNPAN@?$AAe?$AAn?$AA?9?$AAz?$AAa?$AA?$AA@ 0000000180006068     libucrt:lcidtoname_downlevel.obj
 0001:00005078       ??_C@_1M@MFNHNHEO@?$AAe?$AAn?$AA?9?$AAz?$AAw?$AA?$AA@ 0000000180006078     libucrt:lcidtoname_downlevel.obj
 0001:00005088       ??_C@_1M@EJEINPHM@?$AAe?$AAs?$AA?9?$AAa?$AAr?$AA?$AA@ 0000000180006088     libucrt:lcidtoname_downlevel.obj
 0001:00005098       ??_C@_1M@GNKPCCJA@?$AAe?$AAs?$AA?9?$AAb?$AAo?$AA?$AA@ 0000000180006098     libucrt:lcidtoname_downlevel.obj
 0001:000050a8       ??_C@_1M@LEEGFONL@?$AAe?$AAs?$AA?9?$AAc?$AAl?$AA?$AA@ 00000001800060a8     libucrt:lcidtoname_downlevel.obj
 0001:000050b8       ??_C@_1M@KGPDPBDF@?$AAe?$AAs?$AA?9?$AAc?$AAo?$AA?$AA@ 00000001800060b8     libucrt:lcidtoname_downlevel.obj
 0001:000050c8       ??_C@_1M@EIAHOHH@?$AAe?$AAs?$AA?9?$AAc?$AAr?$AA?$AA@ 00000001800060c8     libucrt:lcidtoname_downlevel.obj
 0001:000050d8       ??_C@_1M@LLPGMBIN@?$AAe?$AAs?$AA?9?$AAd?$AAo?$AA?$AA@ 00000001800060d8     libucrt:lcidtoname_downlevel.obj
 0001:000050e8       ??_C@_1M@DKHMKNJA@?$AAe?$AAs?$AA?9?$AAe?$AAc?$AA?$AA@ 00000001800060e8     libucrt:lcidtoname_downlevel.obj
 0001:000050f8       ??_C@_1M@GKGFPKAP@?$AAe?$AAs?$AA?9?$AAe?$AAs?$AA?$AA@ 00000001800060f8     libucrt:lcidtoname_downlevel.obj
 0001:00005108       ??_C@_1M@LKHKGDLN@?$AAe?$AAs?$AA?9?$AAg?$AAt?$AA?$AA@ 0000000180006108     libucrt:lcidtoname_downlevel.obj
 0001:00005118       ??_C@_1M@HEIIGGJD@?$AAe?$AAs?$AA?9?$AAh?$AAn?$AA?$AA@ 0000000180006118     libucrt:lcidtoname_downlevel.obj
 0001:00005128       ??_C@_1M@FBDHPPGD@?$AAe?$AAs?$AA?9?$AAm?$AAx?$AA?$AA@ 0000000180006128     libucrt:lcidtoname_downlevel.obj
 0001:00005138       ??_C@_1M@DPAGLNDH@?$AAe?$AAs?$AA?9?$AAn?$AAi?$AA?$AA@ 0000000180006138     libucrt:lcidtoname_downlevel.obj
 0001:00005148       ??_C@_1M@MDGOPGDD@?$AAe?$AAs?$AA?9?$AAp?$AAa?$AA?$AA@ 0000000180006148     libucrt:lcidtoname_downlevel.obj
 0001:00005158       ??_C@_1M@EMAMGBGE@?$AAe?$AAs?$AA?9?$AAp?$AAe?$AA?$AA@ 0000000180006158     libucrt:lcidtoname_downlevel.obj
 0001:00005168       ??_C@_1M@IBMCAOEC@?$AAe?$AAs?$AA?9?$AAp?$AAr?$AA?$AA@ 0000000180006168     libucrt:lcidtoname_downlevel.obj
 0001:00005178       ??_C@_1M@FGMDIJED@?$AAe?$AAs?$AA?9?$AAp?$AAy?$AA?$AA@ 0000000180006178     libucrt:lcidtoname_downlevel.obj
 0001:00005188       ??_C@_1M@IIDEOLLL@?$AAe?$AAs?$AA?9?$AAs?$AAv?$AA?$AA@ 0000000180006188     libucrt:lcidtoname_downlevel.obj
 0001:00005198       ??_C@_1M@GAOBIPA@?$AAe?$AAs?$AA?9?$AAu?$AAy?$AA?$AA@ 0000000180006198     libucrt:lcidtoname_downlevel.obj
 0001:000051a8       ??_C@_1M@JKFFICHJ@?$AAe?$AAs?$AA?9?$AAv?$AAe?$AA?$AA@ 00000001800061a8     libucrt:lcidtoname_downlevel.obj
 0001:000051b8       ??_C@_1M@PNMLOJDF@?$AAe?$AAt?$AA?9?$AAe?$AAe?$AA?$AA@ 00000001800061b8     libucrt:lcidtoname_downlevel.obj
 0001:000051c8       ??_C@_1M@GHHLIKEI@?$AAe?$AAu?$AA?9?$AAe?$AAs?$AA?$AA@ 00000001800061c8     libucrt:lcidtoname_downlevel.obj
 0001:000051d8       ??_C@_1M@PBNONODE@?$AAf?$AAa?$AA?9?$AAi?$AAr?$AA?$AA@ 00000001800061d8     libucrt:lcidtoname_downlevel.obj
 0001:000051e8       ??_C@_1M@JEEHPMIL@?$AAf?$AAi?$AA?9?$AAf?$AAi?$AA?$AA@ 00000001800061e8     libucrt:lcidtoname_downlevel.obj
 0001:000051f8       ??_C@_1M@LMDCNDBA@?$AAf?$AAo?$AA?9?$AAf?$AAo?$AA?$AA@ 00000001800061f8     libucrt:lcidtoname_downlevel.obj
 0001:00005208       ??_C@_1M@JKEOHLDK@?$AAf?$AAr?$AA?9?$AAb?$AAe?$AA?$AA@ 0000000180006208     libucrt:lcidtoname_downlevel.obj
 0001:00005218       ??_C@_1M@NOHADPMI@?$AAf?$AAr?$AA?9?$AAc?$AAa?$AA?$AA@ 0000000180006218     libucrt:lcidtoname_downlevel.obj
 0001:00005228       ??_C@_1M@KDHIHAEC@?$AAf?$AAr?$AA?9?$AAc?$AAh?$AA?$AA@ 0000000180006228     libucrt:lcidtoname_downlevel.obj
 0001:00005238       ??_C@_1M@MMBBFGAK@?$AAf?$AAr?$AA?9?$AAf?$AAr?$AA?$AA@ 0000000180006238     libucrt:lcidtoname_downlevel.obj
 0001:00005248       ??_C@_1M@PAFNENNF@?$AAf?$AAr?$AA?9?$AAl?$AAu?$AA?$AA@ 0000000180006248     libucrt:lcidtoname_downlevel.obj
 0001:00005258       ??_C@_1M@EOHDJGDD@?$AAf?$AAr?$AA?9?$AAm?$AAc?$AA?$AA@ 0000000180006258     libucrt:lcidtoname_downlevel.obj
 0001:00005268       ??_C@_1M@FAPLLOPF@?$AAg?$AAl?$AA?9?$AAe?$AAs?$AA?$AA@ 0000000180006268     libucrt:lcidtoname_downlevel.obj
 0001:00005278       ??_C@_1M@FOPBFLOO@?$AAg?$AAu?$AA?9?$AAi?$AAn?$AA?$AA@ 0000000180006278     libucrt:lcidtoname_downlevel.obj
 0001:00005288       ??_C@_1M@KBMCINPM@?$AAh?$AAe?$AA?9?$AAi?$AAl?$AA?$AA@ 0000000180006288     libucrt:lcidtoname_downlevel.obj
 0001:00005298       ??_C@_1M@BBPHKFPJ@?$AAh?$AAi?$AA?9?$AAi?$AAn?$AA?$AA@ 0000000180006298     libucrt:lcidtoname_downlevel.obj
 0001:000052a8       ??_C@_1M@PMBNDPHD@?$AAh?$AAr?$AA?9?$AAb?$AAa?$AA?$AA@ 00000001800062a8     libucrt:lcidtoname_downlevel.obj
 0001:000052b8       ??_C@_1M@BPCKOEGE@?$AAh?$AAr?$AA?9?$AAh?$AAr?$AA?$AA@ 00000001800062b8     libucrt:lcidtoname_downlevel.obj
 0001:000052c8       ??_C@_1M@GACBMHKE@?$AAh?$AAu?$AA?9?$AAh?$AAu?$AA?$AA@ 00000001800062c8     libucrt:lcidtoname_downlevel.obj
 0001:000052d8       ??_C@_1M@MILPAJJC@?$AAh?$AAy?$AA?9?$AAa?$AAm?$AA?$AA@ 00000001800062d8     libucrt:lcidtoname_downlevel.obj
 0001:000052e8       ??_C@_1M@BABBICEC@?$AAi?$AAd?$AA?9?$AAi?$AAd?$AA?$AA@ 00000001800062e8     libucrt:lcidtoname_downlevel.obj
 0001:000052f8       ??_C@_1M@BIKNHHPF@?$AAi?$AAs?$AA?9?$AAi?$AAs?$AA?$AA@ 00000001800062f8     libucrt:lcidtoname_downlevel.obj
 0001:00005308       ??_C@_1M@NMPCJPHE@?$AAi?$AAt?$AA?9?$AAc?$AAh?$AA?$AA@ 0000000180006308     libucrt:lcidtoname_downlevel.obj
 0001:00005318       ??_C@_1M@GHKGFEDF@?$AAi?$AAt?$AA?9?$AAi?$AAt?$AA?$AA@ 0000000180006318     libucrt:lcidtoname_downlevel.obj
 0001:00005328       ??_C@_1M@NIEJCJJA@?$AAj?$AAa?$AA?9?$AAj?$AAp?$AA?$AA@ 0000000180006328     libucrt:lcidtoname_downlevel.obj
 0001:00005338       ??_C@_1M@JILFNBIM@?$AAk?$AAa?$AA?9?$AAg?$AAe?$AA?$AA@ 0000000180006338     libucrt:lcidtoname_downlevel.obj
 0001:00005348       ??_C@_1M@PACPMGPH@?$AAk?$AAk?$AA?9?$AAk?$AAz?$AA?$AA@ 0000000180006348     libucrt:lcidtoname_downlevel.obj
 0001:00005358       ??_C@_1M@IELFGMHA@?$AAk?$AAn?$AA?9?$AAi?$AAn?$AA?$AA@ 0000000180006358     libucrt:lcidtoname_downlevel.obj
 0001:00005368       ??_C@_1O@IBBJHCH@?$AAk?$AAo?$AAk?$AA?9?$AAi?$AAn?$AA?$AA@ 0000000180006368     libucrt:lcidtoname_downlevel.obj
 0001:00005378       ??_C@_1M@DMHAEOGC@?$AAk?$AAo?$AA?9?$AAk?$AAr?$AA?$AA@ 0000000180006378     libucrt:lcidtoname_downlevel.obj
 0001:00005388       ??_C@_1M@HBAHBIGA@?$AAk?$AAy?$AA?9?$AAk?$AAg?$AA?$AA@ 0000000180006388     libucrt:lcidtoname_downlevel.obj
 0001:00005398       ??_C@_1M@KPMILCJG@?$AAl?$AAt?$AA?9?$AAl?$AAt?$AA?$AA@ 0000000180006398     libucrt:lcidtoname_downlevel.obj
 0001:000053a8       ??_C@_1M@BDEKKCA@?$AAl?$AAv?$AA?9?$AAl?$AAv?$AA?$AA@ 00000001800063a8     libucrt:lcidtoname_downlevel.obj
 0001:000053b8       ??_C@_1M@ELCKCCJJ@?$AAm?$AAi?$AA?9?$AAn?$AAz?$AA?$AA@ 00000001800063b8     libucrt:lcidtoname_downlevel.obj
 0001:000053c8       ??_C@_1M@CBOOLAPA@?$AAm?$AAk?$AA?9?$AAm?$AAk?$AA?$AA@ 00000001800063c8     libucrt:lcidtoname_downlevel.obj
 0001:000053d8       ??_C@_1M@GPHNBJKN@?$AAm?$AAl?$AA?9?$AAi?$AAn?$AA?$AA@ 00000001800063d8     libucrt:lcidtoname_downlevel.obj
 0001:000053e8       ??_C@_1M@PABJILIG@?$AAm?$AAn?$AA?9?$AAm?$AAn?$AA?$AA@ 00000001800063e8     libucrt:lcidtoname_downlevel.obj
 0001:000053f8       ??_C@_1M@FGBKKIPG@?$AAm?$AAr?$AA?9?$AAi?$AAn?$AA?$AA@ 00000001800063f8     libucrt:lcidtoname_downlevel.obj
 0001:00005408       ??_C@_1M@NDBPDDAL@?$AAm?$AAs?$AA?9?$AAb?$AAn?$AA?$AA@ 0000000180006408     libucrt:lcidtoname_downlevel.obj
 0001:00005418       ??_C@_1M@OPIHOOPI@?$AAm?$AAs?$AA?9?$AAm?$AAy?$AA?$AA@ 0000000180006418     libucrt:lcidtoname_downlevel.obj
 0001:00005428       ??_C@_1M@PPDBCNFM@?$AAm?$AAt?$AA?9?$AAm?$AAt?$AA?$AA@ 0000000180006428     libucrt:lcidtoname_downlevel.obj
 0001:00005438       ??_C@_1M@KDJDKMDD@?$AAn?$AAb?$AA?9?$AAn?$AAo?$AA?$AA@ 0000000180006438     libucrt:lcidtoname_downlevel.obj
 0001:00005448       ??_C@_1M@KFCFLMJP@?$AAn?$AAl?$AA?9?$AAb?$AAe?$AA?$AA@ 0000000180006448     libucrt:lcidtoname_downlevel.obj
 0001:00005458       ??_C@_1M@KPOPDDGO@?$AAn?$AAl?$AA?9?$AAn?$AAl?$AA?$AA@ 0000000180006458     libucrt:lcidtoname_downlevel.obj
 0001:00005468       ??_C@_1M@LJKPEMLN@?$AAn?$AAn?$AA?9?$AAn?$AAo?$AA?$AA@ 0000000180006468     libucrt:lcidtoname_downlevel.obj
 0001:00005478       ??_C@_1M@BDGHHBFL@?$AAn?$AAs?$AA?9?$AAz?$AAa?$AA?$AA@ 0000000180006478     libucrt:lcidtoname_downlevel.obj
 0001:00005488       ??_C@_1M@IDEHOAP@?$AAp?$AAa?$AA?9?$AAi?$AAn?$AA?$AA@ 0000000180006488     libucrt:lcidtoname_downlevel.obj
 0001:00005498       ??_C@_1M@HDBKGOGH@?$AAp?$AAl?$AA?9?$AAp?$AAl?$AA?$AA@ 0000000180006498     libucrt:lcidtoname_downlevel.obj
 0001:000054a8       ??_C@_1M@LJLLCMEH@?$AAp?$AAt?$AA?9?$AAb?$AAr?$AA?$AA@ 00000001800064a8     libucrt:lcidtoname_downlevel.obj
 0001:000054b8       ??_C@_1M@NCMONAAL@?$AAp?$AAt?$AA?9?$AAp?$AAt?$AA?$AA@ 00000001800064b8     libucrt:lcidtoname_downlevel.obj
 0001:000054c8       ??_C@_1O@EAKMAJDN@?$AAq?$AAu?$AAz?$AA?9?$AAb?$AAo?$AA?$AA@ 00000001800064c8     libucrt:lcidtoname_downlevel.obj
 0001:000054d8       ??_C@_1O@BHHPIGDN@?$AAq?$AAu?$AAz?$AA?9?$AAe?$AAc?$AA?$AA@ 00000001800064d8     libucrt:lcidtoname_downlevel.obj
 0001:000054e8       ??_C@_1O@GBAPEKMJ@?$AAq?$AAu?$AAz?$AA?9?$AAp?$AAe?$AA?$AA@ 00000001800064e8     libucrt:lcidtoname_downlevel.obj
 0001:000054f8       ??_C@_1M@CLGLEFBO@?$AAr?$AAo?$AA?9?$AAr?$AAo?$AA?$AA@ 00000001800064f8     libucrt:lcidtoname_downlevel.obj
 0001:00005508       ??_C@_1M@CEEDODME@?$AAr?$AAu?$AA?9?$AAr?$AAu?$AA?$AA@ 0000000180006508     libucrt:lcidtoname_downlevel.obj
 0001:00005518       ??_C@_1M@HPKKKMPP@?$AAs?$AAa?$AA?9?$AAi?$AAn?$AA?$AA@ 0000000180006518     libucrt:lcidtoname_downlevel.obj
 0001:00005528       ??_C@_1M@BKMAIGOJ@?$AAs?$AAe?$AA?9?$AAf?$AAi?$AA?$AA@ 0000000180006528     libucrt:lcidtoname_downlevel.obj
 0001:00005538       ??_C@_1M@NDPIFLFI@?$AAs?$AAe?$AA?9?$AAn?$AAo?$AA?$AA@ 0000000180006538     libucrt:lcidtoname_downlevel.obj
 0001:00005548       ??_C@_1M@DANKKHJ@?$AAs?$AAe?$AA?9?$AAs?$AAe?$AA?$AA@ 0000000180006548     libucrt:lcidtoname_downlevel.obj
[...]
 0003:000008a0       $pdata$__acrt_call_reportfault 00000001800188a0     libucrt:invalid_parameter.obj
 0003:000008ac       $pdata$_invalid_parameter  00000001800188ac     libucrt:invalid_parameter.obj
 0003:000008b8       $pdata$_invalid_parameter_noinfo 00000001800188b8     libucrt:invalid_parameter.obj
 0003:000008c4       $pdata$_invoke_watson      00000001800188c4     libucrt:invalid_parameter.obj
 0003:000008d0       $pdata$??$?RV<lambda_99476a1ad63dd22509b5d3e65b0ffc95>@@AEAV<lambda_ad1ced32f4ac17aa236e5ef05d6b3b7c>@@V<lambda_f7424dd8d45958661754dc4f2697e9c3>@@@?$__crt_seh_guarded_call@X@@QEAAX$$QEAV<lambda_99476a1ad63dd22509b5d3e65b0ffc95>@@AEAV<lambda_ad1ced32f4ac17aa236e5ef05d6b3b7c>@@$$QEAV<lambda_f7424dd8d45958661754dc4f2697e9c3>@@@Z 00000001800188d0     libucrt:mbctype.obj
 0003:000008dc       $pdata$??R<lambda_ad1ced32f4ac17aa236e5ef05d6b3b7c>@@QEBAXXZ 00000001800188dc     libucrt:mbctype.obj
 0003:000008e8       $pdata$?getSystemCP@@YAHH@Z 00000001800188e8     libucrt:mbctype.obj
 0003:000008f4       $pdata$?setSBCS@@YAXPEAU__crt_multibyte_data@@@Z 00000001800188f4     libucrt:mbctype.obj
 0003:00000900       $pdata$?setSBUpLow@@YAXPEAU__crt_multibyte_data@@@Z 0000000180018900     libucrt:mbctype.obj
 0003:0000090c       $pdata$?setmbcp_internal@@YAHH_N@Z 000000018001890c     libucrt:mbctype.obj
 0003:00000918       $pdata$__acrt_initialize_multibyte 0000000180018918     libucrt:mbctype.obj
 0003:00000924       $pdata$__acrt_update_thread_multibyte_data 0000000180018924     libucrt:mbctype.obj
 0003:00000930       $pdata$_setmbcp_nolock     0000000180018930     libucrt:mbctype.obj
 0003:0000093c       $pdata$__dcrt_get_narrow_environment_from_os 000000018001893c     libucrt:get_environment_from_os.obj
 0003:00000948       $pdata$_recalloc_base      0000000180018948     libucrt:recalloc.obj
 0003:00000954       $pdata$__acrt_initialize_heap 0000000180018954     libucrt:heap_handle.obj
 0003:00000960       $pdata$?initialize_inherited_file_handles_nolock@@YAXXZ 0000000180018960     libucrt:ioinit.obj
 0003:0000096c       $pdata$?initialize_stdio_handles_nolock@@YAXXZ 000000018001896c     libucrt:ioinit.obj
 0003:00000978       $pdata$__acrt_initialize_lowio 0000000180018978     libucrt:ioinit.obj
 0003:00000984       $pdata$__acrt_uninitialize_lowio 0000000180018984     libucrt:ioinit.obj
 0003:00000990       $pdata$__acrt_initialize_command_line 0000000180018990     libucrt:argv_data.obj
 0003:0000099c       $pdata$__acrt_execute_initializers 000000018001899c     libucrt:shared_initialization.obj
 0003:000009a8       $pdata$__acrt_execute_uninitializers 00000001800189a8     libucrt:shared_initialization.obj
 0003:000009b4       $pdata$??$?RV<lambda_c36588078e9f5dfd39652860aa6b3aaf>@@AEAV<lambda_ec61778202f4f5fc7e7711acc23c3bca>@@V<lambda_dc9d2797ccde5d239b4a0efae8ebd7db>@@@?$__crt_seh_guarded_call@P6AXH@Z@@QEAAP6AXH@Z$$QEAV<lambda_c36588078e9f5dfd39652860aa6b3aaf>@@AEAV<lambda_ec61778202f4f5fc7e7711acc23c3bca>@@$$QEAV<lambda_dc9d2797ccde5d239b4a0efae8ebd7db>@@@Z 00000001800189b4     libucrt:signal.obj
 0003:000009c0       $pdata$__acrt_get_sigabrt_handler 00000001800189c0     libucrt:signal.obj
 0003:000009cc       $pdata$raise               00000001800189cc     libucrt:signal.obj
 0003:000009d8       $pdata$__acrt_invoke_user_matherr 00000001800189d8     libucrt:matherr.obj
 0003:000009e4       $pdata$__acrt_errno_map_os_error 00000001800189e4     libucrt:errno.obj
 0003:000009f0       $pdata$__doserrno          00000001800189f0     libucrt:errno.obj
 0003:000009fc       $pdata$_errno              00000001800189fc     libucrt:errno.obj
 0003:00000a08       $pdata$_mbtowc_l           0000000180018a08     libucrt:mbtowc.obj
 0003:00000a14       $pdata$__acrt_update_locale_info 0000000180018a14     libucrt:locale_update.obj
 0003:00000a20       $pdata$__acrt_update_multibyte_info 0000000180018a20     libucrt:locale_update.obj
 0003:00000a2c       $pdata$_fileno             0000000180018a2c     libucrt:fileno.obj
 0003:00000a38       $pdata$__acrt_initialize_stdio 0000000180018a38     libucrt:_file.obj
 0003:00000a44       $pdata$__acrt_uninitialize_stdio 0000000180018a44     libucrt:_file.obj
 0003:00000a50       $pdata$__acrt_uninitialize_locale 0000000180018a50     libucrt:wsetlocale.obj
 0003:00000a5c       $pdata$__pctype_func       0000000180018a5c     libucrt:ctype.obj
 0003:00000a68       $pdata$__acrt_free_locale  0000000180018a68     libucrt:locale_refcounting.obj
 0003:00000a74       $pdata$__acrt_locale_free_lc_time_if_unreferenced 0000000180018a74     libucrt:locale_refcounting.obj
 0003:00000a80       $pdata$__acrt_release_locale_ref 0000000180018a80     libucrt:locale_refcounting.obj
 0003:00000a8c       $pdata$__acrt_update_thread_locale_data 0000000180018a8c     libucrt:locale_refcounting.obj
 0003:00000a98       $pdata$_updatetlocinfoEx_nolock 0000000180018a98     libucrt:locale_refcounting.obj
 0003:00000aa4       $pdata$?GetTableIndexFromLocaleName@@YAHPEB_W@Z 0000000180018aa4     libucrt:lcidtoname_downlevel.obj
 0003:00000ab0       $pdata$__acrt_DownlevelLocaleNameToLCID 0000000180018ab0     libucrt:lcidtoname_downlevel.obj
 0003:00000abc       $pdata$?initialize_multibyte@@YAHXZ 0000000180018abc     libucrt:multibyte_initializer.obj
 0003:00000ac8       $pdata$__acrt_GetStringTypeA 0000000180018ac8     libucrt:getstringtypea.obj
 0003:00000ad4       $pdata$?__acrt_LCMapStringA_stat@@YAHPEAU__crt_locale_pointers@@PEB_WKPEBDHPEADHHH@Z 0000000180018ad4     libucrt:lcmapstringa.obj
 0003:00000ae0       $pdata$__acrt_LCMapStringA 0000000180018ae0     libucrt:lcmapstringa.obj
 0003:00000aec       $pdata$_msize              0000000180018aec     libucrt:msize.obj
 0003:00000af8       $pdata$__acrt_lowio_create_handle_array 0000000180018af8     libucrt:osfinfo.obj
 0003:00000b04       $pdata$__acrt_lowio_destroy_handle_array 0000000180018b04     libucrt:osfinfo.obj
 0003:00000b10       $pdata$__acrt_lowio_ensure_fh_exists 0000000180018b10     libucrt:osfinfo.obj
 0003:00000b1c       $pdata$_free_osfhnd        0000000180018b1c     libucrt:osfinfo.obj
 0003:00000b28       $pdata$_get_osfhandle      0000000180018b28     libucrt:osfinfo.obj
 0003:00000b34       $pdata$_isatty             0000000180018b34     libucrt:isatty.obj
 0003:00000b40       $pdata$__acrt_stdio_flush_nolock 0000000180018b40     libucrt:fflush.obj
 0003:00000b4c       $pdata$_fflush_nolock      0000000180018b4c     libucrt:fflush.obj
 0003:00000b58       $pdata$common_flush_all    0000000180018b58     libucrt:fflush.obj
 0003:00000b64       $pdata$_isleadbyte_l       0000000180018b64     libucrt:_wctype.obj
 0003:00000b70       $pdata$_fcloseall          0000000180018b70     libucrt:closeall.obj
 0003:00000b7c       $pdata$__acrt_stdio_free_buffer_nolock 0000000180018b7c     libucrt:_freebuf.obj
 0003:00000b88       $pdata$__acrt_locale_free_monetary 0000000180018b88     libucrt:initmon.obj
 0003:00000b94       $pdata$__acrt_locale_free_numeric 0000000180018b94     libucrt:initnum.obj
 0003:00000ba0       $pdata$?free_crt_array_internal@@YAXQEAPEBX_K@Z 0000000180018ba0     libucrt:inittime.obj
 0003:00000bac       $pdata$__acrt_locale_free_time 0000000180018bac     libucrt:inittime.obj
 0003:00000bb8       $pdata$??$?RV<lambda_b521505b218e5242e90febf6bfebc422>@@AEAV<lambda_6978c1fb23f02e42e1d9e99668cc68aa>@@V<lambda_314360699dd331753a4119843814e9a7>@@@?$__crt_seh_guarded_call@H@@QEAAH$$QEAV<lambda_b521505b218e5242e90febf6bfebc422>@@AEAV<lambda_6978c1fb23f02e42e1d9e99668cc68aa>@@$$QEAV<lambda_314360699dd331753a4119843814e9a7>@@@Z 0000000180018bb8     libucrt:commit.obj
 0003:00000bc4       $pdata$_commit             0000000180018bc4     libucrt:commit.obj
 0003:00000bd0       $pdata$?write_double_translated_ansi_nolock@@YA?AUwrite_result@?A0x9c548279@@HQEBDI@Z 0000000180018bd0     libucrt:write.obj
 0003:00000bdc       $pdata$?write_text_ansi_nolock@@YA?AUwrite_result@?A0x9c548279@@HQEBDI@Z 0000000180018bdc     libucrt:write.obj
 0003:00000be8       $pdata$?write_text_utf16le_nolock@@YA?AUwrite_result@?A0x9c548279@@HQEBDI@Z 0000000180018be8     libucrt:write.obj
 0003:00000bf4       $pdata$?write_text_utf8_nolock@@YA?AUwrite_result@?A0x9c548279@@HQEBDI@Z 0000000180018bf4     libucrt:write.obj
 0003:00000c00       $pdata$_write              0000000180018c00     libucrt:write.obj
 0003:00000c0c       $pdata$_write_nolock       0000000180018c0c     libucrt:write.obj
 0003:00000c24       $pdata$??$common_lseek_nolock@_J@@YA_JH_JH@Z 0000000180018c24     libucrt:lseek.obj
 0003:00000c30       $pdata$_fclose_nolock      0000000180018c30     libucrt:fclose.obj
 0003:00000c3c       $pdata$fclose              0000000180018c3c     libucrt:fclose.obj
 0003:00000c48       $pdata$_putwch_nolock      0000000180018c48     libucrt:putwch.obj
 0003:00000c54       $pdata$_call_matherr       0000000180018c54     libucrt:libm_error.obj
 0003:00000c60       $pdata$_exception_enabled  0000000180018c60     libucrt:libm_error.obj
 0003:00000c6c       $pdata$_handle_error       0000000180018c6c     libucrt:libm_error.obj
 0003:00000c78       $pdata$__acrt_initialize_fma3 0000000180018c78     libucrt:fma3_available.obj
 0003:00000c84       $pdata$_log10_special      0000000180018c84     libucrt:log_special.obj
 0003:00000c90       $pdata$_log_special_common 0000000180018c90     libucrt:log_special.obj
 0003:00000c9c       $pdata$??$?RV<lambda_bfedae4ebbf01fab1bb6dcc6a9e276e0>@@AEAV<lambda_2fe9b910cf3cbf4a0ab98a02ba45b3ec>@@V<lambda_237c231691f317818eb88cc1d5d642d6>@@@?$__crt_seh_guarded_call@H@@QEAAH$$QEAV<lambda_bfedae4ebbf01fab1bb6dcc6a9e276e0>@@AEAV<lambda_2fe9b910cf3cbf4a0ab98a02ba45b3ec>@@$$QEAV<lambda_237c231691f317818eb88cc1d5d642d6>@@@Z 0000000180018c9c     libucrt:close.obj
 0003:00000ca8       $pdata$_close              0000000180018ca8     libucrt:close.obj
 0003:00000cb4       $pdata$_close_nolock       0000000180018cb4     libucrt:close.obj
 0003:00000cc0       $pdata$__dcrt_lowio_initialize_console_output 0000000180018cc0     libucrt:initcon.obj
 0003:00000ccc       $pdata$__dcrt_terminate_console_output 0000000180018ccc     libucrt:initcon.obj
 0003:00000ce4       $pdata$_raise_exc          0000000180018ce4     libucrt:fpexcept.obj
 0003:00000cf0       $pdata$_raise_exc_ex       0000000180018cf0     libucrt:fpexcept.obj
 0003:00000cfc       $pdata$_set_errno_from_matherr 0000000180018cfc     libucrt:fpexcept.obj
 0003:00000d08       $pdata$_clrfp              0000000180018d08     libucrt:fpctrl.obj
 0003:00000d14       $pdata$_ctrlfp             0000000180018d14     libucrt:fpctrl.obj
 0003:00000d20       $pdata$_set_statfp         0000000180018d20     libucrt:fpctrl.obj
 0003:00000d2c       $pdata$_statfp             0000000180018d2c     libucrt:fpctrl.obj
 0003:00000d38       $pdata$__GSHandlerCheck    0000000180018d38     LIBCMT:_gshandler_.obj
 0003:00000d44       $pdata$__GSHandlerCheckCommon 0000000180018d44     LIBCMT:_gshandler_.obj
 0003:00000d5c       $pdata$_IsNonwritableInCurrentImage 0000000180018d5c     LIBCMT:pesect.obj
 0003:00000d68       $pdata$__raise_securityfailure 0000000180018d68     LIBCMT:gs_report.obj
 0003:00000d74       $pdata$__report_gsfailure  0000000180018d74     LIBCMT:gs_report.obj
 0003:00000d80       $pdata$capture_previous_context 0000000180018d80     LIBCMT:gs_report.obj
 0003:00000da4       $pdata$?fin$0@?0??dllmain_crt_process_attach@@YAHQEAUHINSTANCE__@@QEAX@Z@4HA 0000000180018da4     LIBCMT:dll_dllmain.obj
 0003:00000db0       $pdata$?fin$0@?0??dllmain_crt_process_detach@@YAH_N@Z@4HA 0000000180018db0     LIBCMT:dll_dllmain.obj
 0003:00000dbc       $pdata$?filt$0@?0??dllmain_dispatch@@YAHQEAUHINSTANCE__@@KQEAX@Z@4HA 0000000180018dbc     LIBCMT:dll_dllmain.obj
 0003:00000dc8       $pdata$__scrt_is_nonwritable_in_current_image$filt$0 0000000180018dc8     LIBCMT:utility.obj
 0003:00000dd4       $pdata$_query_new_handler$fin$0 0000000180018dd4     libucrt:new_handler.obj
 0003:00000de0       $pdata$?filt$0@?0??common_exit@@YAXHW4_crt_exit_cleanup_mode@@W4_crt_exit_return_mode@@@Z@4HA 0000000180018de0     libucrt:exit.obj
 0003:00000dec       $pdata$?fin$1@?0??common_exit@@YAXHW4_crt_exit_cleanup_mode@@W4_crt_exit_return_mode@@@Z@4HA 0000000180018dec     libucrt:exit.obj
 0003:00000df8       $pdata$?fin$0@?0???$?RV<lambda_5e887d1dcbef67a5eb4283622ba103bf>@@AEAV<lambda_4466841279450cc726390878d4a41900>@@V<lambda_341c25c0346d94847f1f3c463c57e077>@@@?$__crt_seh_guarded_call@X@@QEAAX$$QEAV<lambda_5e887d1dcbef67a5eb4283622ba103bf>@@AEAV<lambda_4466841279450cc726390878d4a41900>@@$$QEAV<lambda_341c25c0346d94847f1f3c463c57e077>@@@Z@4HA 0000000180018df8     libucrt:per_thread_data.obj
 0003:00000df8       $pdata$?fin$0@?0???$?RV<lambda_fb3a7dec4e47f37f22dae91bb15c9095>@@AEAV<lambda_698284760c8add0bfb0756c19673e34b>@@V<lambda_dfb8eca1e75fef3034a8fb18dd509707>@@@?$__crt_seh_guarded_call@X@@QEAAX$$QEAV<lambda_fb3a7dec4e47f37f22dae91bb15c9095>@@AEAV<lambda_698284760c8add0bfb0756c19673e34b>@@$$QEAV<lambda_dfb8eca1e75fef3034a8fb18dd509707>@@@Z@4HA 0000000180018df8     libucrt:per_thread_data.obj
 0003:00000df8       $pdata$?fin$0@?0???$?RV<lambda_b8c45f8f788dd370798f47cfe8ac3a86>@@AEAV<lambda_4e60a939b0d047cfe11ddc22648dfba9>@@V<lambda_332c3edc96d0294ec56c57d38c1cdfd5>@@@?$__crt_seh_guarded_call@H@@QEAAH$$QEAV<lambda_b8c45f8f788dd370798f47cfe8ac3a86>@@AEAV<lambda_4e60a939b0d047cfe11ddc22648dfba9>@@$$QEAV<lambda_332c3edc96d0294ec56c57d38c1cdfd5>@@@Z@4HA 0000000180018df8     libucrt:onexit.obj
 0003:00000df8       $pdata$?fin$0@?0???$?RV<lambda_72d1df2b273a38828b1ce30cbf4cdab5>@@AEAV<lambda_876a65b173b8412d3a47c70a915b0cf4>@@V<lambda_41932305e351933ebe8f8be3ed8bb5dc>@@@?$__crt_seh_guarded_call@X@@QEAAX$$QEAV<lambda_72d1df2b273a38828b1ce30cbf4cdab5>@@AEAV<lambda_876a65b173b8412d3a47c70a915b0cf4>@@$$QEAV<lambda_41932305e351933ebe8f8be3ed8bb5dc>@@@Z@4HA 0000000180018df8     libucrt:per_thread_data.obj
 0003:00000df8       $pdata$?fin$0@?0???$?RV<lambda_99476a1ad63dd22509b5d3e65b0ffc95>@@AEAV<lambda_ad1ced32f4ac17aa236e5ef05d6b3b7c>@@V<lambda_f7424dd8d45958661754dc4f2697e9c3>@@@?$__crt_seh_guarded_call@X@@QEAAX$$QEAV<lambda_99476a1ad63dd22509b5d3e65b0ffc95>@@AEAV<lambda_ad1ced32f4ac17aa236e5ef05d6b3b7c>@@$$QEAV<lambda_f7424dd8d45958661754dc4f2697e9c3>@@@Z@4HA 0000000180018df8     libucrt:mbctype.obj
 0003:00000df8       $pdata$?fin$0@?0???$?RV<lambda_46352004c1216016012b18bd6f87e700>@@AEAV<lambda_3bd07e1a1191394380780325891bf33f>@@V<lambda_334532d3f185bcaa59b5be82d7d22bff>@@@?$__crt_seh_guarded_call@X@@QEAAX$$QEAV<lambda_46352004c1216016012b18bd6f87e700>@@AEAV<lambda_3bd07e1a1191394380780325891bf33f>@@$$QEAV<lambda_334532d3f185bcaa59b5be82d7d22bff>@@@Z@4HA 0000000180018df8     libucrt:per_thread_data.obj
 0003:00000df8       $pdata$?fin$0@?0???$?RV<lambda_c36588078e9f5dfd39652860aa6b3aaf>@@AEAV<lambda_ec61778202f4f5fc7e7711acc23c3bca>@@V<lambda_dc9d2797ccde5d239b4a0efae8ebd7db>@@@?$__crt_seh_guarded_call@P6AXH@Z@@QEAAP6AXH@Z$$QEAV<lambda_c36588078e9f5dfd39652860aa6b3aaf>@@AEAV<lambda_ec61778202f4f5fc7e7711acc23c3bca>@@$$QEAV<lambda_dc9d2797ccde5d239b4a0efae8ebd7db>@@@Z@4HA 0000000180018df8     libucrt:signal.obj
 0003:00000e04       $pdata$?fin$0@?0???$?RV<lambda_e24bbb7b643b32fcea6fa61b31d4c984>@@AEAV<lambda_275893d493268fdec8709772e3fcec0e>@@V<lambda_9d71df4d7cf3f480f8d633942495c3b0>@@@?$__crt_seh_guarded_call@H@@QEAAH$$QEAV<lambda_e24bbb7b643b32fcea6fa61b31d4c984>@@AEAV<lambda_275893d493268fdec8709772e3fcec0e>@@$$QEAV<lambda_9d71df4d7cf3f480f8d633942495c3b0>@@@Z@4HA 0000000180018e04     libucrt:onexit.obj
 0003:00000e10       $pdata$__acrt_update_thread_multibyte_data$fin$0 0000000180018e10     libucrt:mbctype.obj
 0003:00000e1c       $pdata$__acrt_initialize_lowio$fin$0 0000000180018e1c     libucrt:ioinit.obj
 0003:00000e1c       $pdata$__acrt_lowio_ensure_fh_exists$fin$0 0000000180018e1c     libucrt:osfinfo.obj
 0003:00000e28       $pdata$raise$fin$0         0000000180018e28     libucrt:signal.obj
 0003:00000e34       $pdata$__acrt_uninitialize_locale$fin$0 0000000180018e34     libucrt:wsetlocale.obj
 0003:00000e34       $pdata$__acrt_update_thread_locale_data$fin$0 0000000180018e34     libucrt:locale_refcounting.obj
 0003:00000e40       $pdata$common_flush_all$fin$0 0000000180018e40     libucrt:fflush.obj
 0003:00000e4c       $pdata$common_flush_all$fin$1 0000000180018e4c     libucrt:fflush.obj
 0003:00000e58       $pdata$_fcloseall$fin$0    0000000180018e58     libucrt:closeall.obj
 0003:00000e64       $pdata$?fin$0@?0???$?RV<lambda_bfedae4ebbf01fab1bb6dcc6a9e276e0>@@AEAV<lambda_2fe9b910cf3cbf4a0ab98a02ba45b3ec>@@V<lambda_237c231691f317818eb88cc1d5d642d6>@@@?$__crt_seh_guarded_call@H@@QEAAH$$QEAV<lambda_bfedae4ebbf01fab1bb6dcc6a9e276e0>@@AEAV<lambda_2fe9b910cf3cbf4a0ab98a02ba45b3ec>@@$$QEAV<lambda_237c231691f317818eb88cc1d5d642d6>@@@Z@4HA 0000000180018e64     libucrt:close.obj
 0003:00000e64       $pdata$?fin$0@?0???$?RV<lambda_b521505b218e5242e90febf6bfebc422>@@AEAV<lambda_6978c1fb23f02e42e1d9e99668cc68aa>@@V<lambda_314360699dd331753a4119843814e9a7>@@@?$__crt_seh_guarded_call@H@@QEAAH$$QEAV<lambda_b521505b218e5242e90febf6bfebc422>@@AEAV<lambda_6978c1fb23f02e42e1d9e99668cc68aa>@@$$QEAV<lambda_314360699dd331753a4119843814e9a7>@@@Z@4HA 0000000180018e64     libucrt:commit.obj
 0003:00000e70       $pdata$_write$fin$0        0000000180018e70     libucrt:write.obj
 0003:00000e7c       $pdata$fclose$fin$0        0000000180018e7c     libucrt:fclose.obj
 0003:00000e88       $pdata$_ctrlfp$filt$0      0000000180018e88     libucrt:fpctrl.obj
 0003:00000e94       $pdata$_IsNonwritableInCurrentImage$filt$0 0000000180018e94     LIBCMT:pesect.obj
 0004:0000048c       .idata$6                   000000018001948c     kernel32:KERNEL32.dll
 0004:00000966       .idata$6                   0000000180019966     advapi32:ADVAPI32.dll
 0005:00000000       __guard_fids__             000000018001a000     libucrt:initialization.obj
 0005:00000060       __guard_fids___acrt_initialize_ptd 000000018001a060     libucrt:per_thread_data.obj
 0005:00000064       __guard_fids__             000000018001a064     libucrt:multibyte_initializer.obj
 0005:00000068       __guard_fids__             000000018001a068     libucrt:stdio_initializer.obj
 0005:0000006c       __guard_fids__             000000018001a06c     libucrt:stdio_initializer.obj
 0005:00000070       __guard_fids__             000000018001a070     libucrt:locale_initializer.obj
 0005:00000074       __guard_fids__             000000018001a074     libucrt:fma3_initializer.obj
 0005:00000078       __guard_fids__             000000018001a078     libucrt:console_output_initializer.obj
 0005:0000007c       __guard_fids_?dllmain_crt_process_attach@@YAHQEAUHINSTANCE__@@QEAX@Z 000000018001a07c     LIBCMT:dll_dllmain.obj
 0005:00000084       __guard_fids_?dllmain_dispatch@@YAHQEAUHINSTANCE__@@KQEAX@Z 000000018001a084     LIBCMT:dll_dllmain.obj
 0005:00000088       __guard_fids__             000000018001a088     LIBCMT:throw_bad_alloc.obj
 0005:00000090       __guard_fids__             000000018001a090     LIBCMT:throw_bad_alloc.obj
 0005:00000098       __guard_fids__             000000018001a098     LIBCMT:throw_bad_alloc.obj
 0005:000000a0       __guard_fids__             000000018001a0a0     LIBCMT:std_type_info_static.obj
 0005:000000a4       __guard_fids__             000000018001a0a4     LIBCMT:guard_support.obj
 0005:000000a8       __guard_fids__             000000018001a0a8     libvcruntime:telemetry.obj
 0005:000000ac       __guard_fids_?TraceLoggingRegister@__vcrt_trace_logging_provider@@YAJPEBU_TlgProvider_t@1@PEBU_GUID@@P6AX1KE_K2PEAU_EVENT_FILTER_DESCRIPTOR@@PEAX@Z4@Z 000000018001a0ac     libvcruntime:telemetry.obj
 0005:000000b0       __guard_fids___vcrt_initialize_ptd 000000018001a0b0     libvcruntime:per_thread_data.obj
 0006:00000060       $R000000                   000000018001b060     Align.res
