 ConEmu

 Timestamp is 56bd0c71 (Fri Feb 12 01:34:25 2016)

 Preferred load address is 10000000

 Start         Length     Name                   Class
 0001:00000000 0003e6beH .text                   CODE
 0001:0003e6c0 0000002cH .text$yc                CODE
 0001:0003e6f0 0000000fH .text$yd                CODE
 0002:00000000 000003f4H .idata$5                DATA
 0002:000003f4 00000004H .CRT$XCA                DATA
 0002:000003f8 00000008H .CRT$XCU                DATA
 0002:00000400 00000004H .CRT$XCZ                DATA
 0002:00000404 00000004H .CRT$XIA                DATA
 0002:00000408 0000000cH .CRT$XIC                DATA
 0002:00000414 00000004H .CRT$XIZ                DATA
 0002:00000418 00000004H .CRT$XPA                DATA
 0002:0000041c 00000004H .CRT$XPZ                DATA
 0002:00000420 00000004H .CRT$XTA                DATA
 0002:00000424 00000004H .CRT$XTZ                DATA
 0002:00000430 00005f98H .rdata                  DATA
 0002:000063c8 0000006fH .rdata$debug            DATA
 0002:00006440 00000010H .rdata$sxdata           DATA
 0002:00006450 00000004H .rtc$IAA                DATA
 0002:00006454 00000004H .rtc$IZZ                DATA
 0002:00006458 00000004H .rtc$TAA                DATA
 0002:0000645c 00000004H .rtc$TZZ                DATA
 0002:00006460 00000484H .xdata$x                DATA
 0002:000068e4 00000078H .idata$2                DATA
 0002:0000695c 00000014H .idata$3                DATA
 0002:00006970 000003f4H .idata$4                DATA
 0002:00006d64 00001236H .idata$6                DATA
 0002:00007fa0 000002ddH .edata                  DATA
 0003:00000000 00000e50H .data                   DATA
 0003:00000e60 0000a48cH .bss                    DATA
 0004:00000000 00000058H .rsrc$01                DATA
 0004:00000060 000002d8H .rsrc$02                DATA

  Address         Publics by Value              Rva+Base       Lib:Object

 0000:00000000       __except_list              00000000     <absolute>
 0000:00000004       ___safe_se_handler_count   00000004     <absolute>
 0000:00000000       ___ImageBase               10000000     <linker-defined>
 0001:00000000       ??0CEStr@@QAE@XZ           10001000 f   CEStr.obj
 0001:00000040       ??0CEStr@@QAE@PA_W@Z       10001040 f   CEStr.obj
 0001:00000090       ??BCEStr@@QBEPB_WXZ        10001090 f   CEStr.obj
 0001:000000a0       ?Right@CEStr@@QBEPB_WH@Z   100010a0 f   CEStr.obj
 0001:00000110       ??4CEStr@@QAEAAU0@PA_W@Z   10001110 f   CEStr.obj
 0001:00000130       ??4CEStr@@QAEAAU0@PB_W@Z   10001130 f   CEStr.obj
 0001:00000150       ??1CEStr@@QAE@XZ           10001150 f   CEStr.obj
 0001:000001c0       ?GetLen@CEStr@@QAEHXZ      100011c0 f   CEStr.obj
 0001:00000200       ?GetMaxCount@CEStr@@QAEHXZ 10001200 f   CEStr.obj
 0001:00000240       ?GetBuffer@CEStr@@QAEPA_WH@Z 10001240 f   CEStr.obj
 0001:00000340       ?Detach@CEStr@@QAEPA_WXZ   10001340 f   CEStr.obj
 0001:00000370       ?Attach@CEStr@@QAEPB_WPA_W@Z 10001370 f   CEStr.obj
 0001:00000390       ?AttachInt@CEStr@@AAEPB_WAAPA_W@Z 10001390 f   CEStr.obj
 0001:00000410       ?Empty@CEStr@@QAEXXZ       10001410 f   CEStr.obj
 0001:00000460       ?IsEmpty@CEStr@@QAE_NXZ    10001460 f   CEStr.obj
 0001:000004a0       ?Set@CEStr@@QAEPB_WPB_WH@Z 100014a0 f   CEStr.obj
 0001:000005b0       _wmemmove                  100015b0 f i CEStr.obj
 0001:000005d0       ?StringCchCopyNW@@YGJPA_WIPB_WI@Z 100015d0 f i CEStr.obj
 0001:00000710       ?SavePathVar@CEStr@@QAEXPB_W@Z 10001710 f   CEStr.obj
 0001:00000750       ?SaveEnvVar@CEStr@@QAEXPB_W0@Z 10001750 f   CEStr.obj
 0001:000007d0       ?SetAt@CEStr@@QAEXH_W@Z    100017d0 f   CEStr.obj
 0001:00000800       ?GetPosFrom@CEStr@@QAEXABU1@@Z 10001800 f   CEStr.obj
 0001:00000840       ??$klMin@H@@YIABHABH0@Z    10001840 f i CEStr.obj
 0001:00000880       ?IsNeedDequote@@YI_NPB_W_NPAPB_W@Z 10001880 f   CmdLine.obj
 0001:00000a50       ?NextArg@@YIHPAPB_WAAUCEStr@@0@Z 10001a50 f   CmdLine.obj
 0001:00000ea0       ?NextLine@@YIHPAPB_WAAUCEStr@@K@Z 10001ea0 f   CmdLine.obj
 0001:00001010       ?AddEndSlash@@YIHPA_WH@Z   10002010 f   CmdLine.obj
 0001:00001090       ?SkipNonPrintable@@YIPB_WPB_W@Z 10002090 f   CmdLine.obj
 0001:000010f0       ?CompareFileMask@@YI_NPB_W0@Z 100020f0 f   CmdLine.obj
 0001:000012c0       ?wcschr@@YAPA_WPA_W_W@Z    100022c0 f i CmdLine.obj
 0001:000012e0       ?GetDrive@@YIPB_WPB_WPA_WH@Z 100022e0 f   CmdLine.obj
 0001:000014e0       ?GetDirectory@@YIHAAUCEStr@@@Z 100024e0 f   CmdLine.obj
 0001:00001570       ?IsNeedCmd@@YI_NHPB_WAAUCEStr@@PAPB_WPAH333@Z 10002570 f   CmdLine.obj
 0001:00001d90       ?Disable@MWow64Disable@@QAEXXZ 10002d90 f i CmdLine.obj
 0001:00001dc0       ??0MWow64Disable@@QAE@XZ   10002dc0 f i CmdLine.obj
 0001:00001e40       ??1MWow64Disable@@QAE@XZ   10002e40 f i CmdLine.obj
 0001:00001e60       ?Restore@MWow64Disable@@QAEXXZ 10002e60 f i CmdLine.obj
 0001:00001ea0       ?IsExecutable@@YI_NPB_WPAPA_W@Z 10002ea0 f   CmdLine.obj
 0001:00001f90       ?CompareProcessNames@@YI_NPB_W0@Z 10002f90 f   CmdLine.obj
 0001:00002120       ?CheckProcessName@@YI_NPB_WPAPB_W@Z 10003120 f   CmdLine.obj
 0001:00002220       ?IsConsoleService@@YI_NPB_W@Z 10003220 f   CmdLine.obj
 0001:00002250       ?IsConEmuGui@@YI_NPB_W@Z   10003250 f   CmdLine.obj
 0001:00002280       ?IsConsoleServer@@YI_NPB_W@Z 10003280 f   CmdLine.obj
 0001:000022b0       ?IsTerminalServer@@YI_NPB_W@Z 100032b0 f   CmdLine.obj
 0001:00002300       ?IsGitBashHelper@@YI_NPB_W@Z 10003300 f   CmdLine.obj
 0001:00002330       ?IsFarExe@@YI_NPB_W@Z      10003330 f   CmdLine.obj
 0001:00002360       ?IsCmdProcessor@@YI_NPB_W@Z 10003360 f   CmdLine.obj
 0001:00002390       ?IsQuotationNeeded@@YI_NPB_W@Z 10003390 f   CmdLine.obj
 0001:000023d0       ?MergeCmdLine@@YIPA_WPB_W0@Z 100033d0 f   CmdLine.obj
 0001:00002470       ?JoinPath@@YIPA_WPB_W00@Z  10003470 f   CmdLine.obj
 0001:000025e0       ?IsFilePath@@YI_NPB_W_N@Z  100035e0 f   CmdLine.obj
 0001:000027a0       ?PointToName@@YIPB_WPB_W@Z 100037a0 f   CmdLine.obj
 0001:00002830       ?PointToName@@YIPBDPBD@Z   10003830 f   CmdLine.obj
 0001:000028b0       ?PointToExt@@YIPB_WPB_W@Z  100038b0 f   CmdLine.obj
 0001:000028f0       ?Unquote@@YIPB_WPA_W_N@Z   100038f0 f   CmdLine.obj
 0001:00002980       ?wcsrchr@@YAPA_WPA_W_W@Z   10003980 f i CmdLine.obj
 0001:000029a0       ?IsNewConsoleArg@@YI_NPB_W0@Z 100039a0 f   CmdLine.obj
 0001:00002a80       ?PackInputRecord@@YIHPBU_INPUT_RECORD@@PAUMsgStr@MSG64@@@Z 10003a80 f   Common.obj
 0001:00002c90       ?UnpackInputRecord@@YIHPBUMsgStr@MSG64@@PAU_INPUT_RECORD@@@Z 10003c90 f   Common.obj
 0001:00002ef0       ?TranslateKeyPress@@YIXGK_WHPAU_INPUT_RECORD@@1@Z 10003ef0 f   Common.obj
 0001:000030e0       ?GetCommand@CESERVER_REQ_NEWCMD@@QAEPA_WXZ 100040e0 f   Common.obj
 0001:00003120       ?GetEnvStrings@CESERVER_REQ_NEWCMD@@QAEPA_WXZ 10004120 f   Common.obj
 0001:00003170       ?SetCommand@CESERVER_REQ_NEWCMD@@QAEXPB_W@Z 10004170 f   Common.obj
 0001:000031f0       ?SetEnvStrings@CESERVER_REQ_NEWCMD@@QAEXPB_WK@Z 100041f0 f   Common.obj
 0001:00003310       ?IsEnvBlockVariableValid@@YI_NPB_WAAPB_W@Z 10004310 f   Common.obj
 0001:00003370       ?IsEnvBlockVariableValid@@YI_NPB_W@Z 10004370 f   Common.obj
 0001:000033b0       ?CommonShutdown@@YIXXZ     100043b0 f   Common.obj
 0001:000033d0       ?ModuleName@@YIPB_WPB_W@Z  100043d0 f   ConEmuCheck.obj
 0001:000034b0       ?ExecuteOpenPipe@@YIPAXPB_WAAY0CAI@_W0KKHPAXH@Z 100044b0 f   ConEmuCheck.obj
 0001:000036d0       ?ExecutePrepareCmd@@YIXPAUCESERVER_REQ@@KI@Z 100046d0 f   ConEmuCheck.obj
 0001:00003720       ?ExecutePrepareCmd@@YIXPAUCESERVER_REQ_HDR@@KI@Z 10004720 f   ConEmuCheck.obj
 0001:000037c0       ?ExecuteNewCmd@@YIPAUCESERVER_REQ@@KI@Z 100047c0 f   ConEmuCheck.obj
 0001:00003820       ?ExecuteNewCmd@@YI_NAAPAUCESERVER_REQ@@AAKKI@Z 10004820 f   ConEmuCheck.obj
 0001:000038a0       ?LoadSrvMapping@@YIHPAUHWND__@@AAUCESERVER_CONSOLE_MAPPING_HDR@@@Z 100048a0 f   ConEmuCheck.obj
 0001:000039d0       ?LoadGuiMapping@@YIHKAAUConEmuGuiMapping@@@Z 100049d0 f   ConEmuCheck.obj
 0001:00003af0       ?ExecuteNewCmdOnCreate@@YIPAUCESERVER_REQ@@PAUCESERVER_CONSOLE_MAPPING_HDR@@PAUHWND__@@W4CmdOnCreateType@@PB_W33PAK444HHPAX55@Z 10004af0 f   ConEmuCheck.obj
 0001:00003e80       ?StringCchCopyW@@YGJPA_WIPB_W@Z 10004e80 f i ConEmuCheck.obj
 0001:00003fb0       ?ExecuteGuiCmd@@YIPAUCESERVER_REQ@@PAUHWND__@@PAU1@0H@Z 10004fb0 f   ConEmuCheck.obj
 0001:00004040       ?ExecuteSrvCmd@@YIPAUCESERVER_REQ@@KPAU1@PAUHWND__@@HKH@Z 10005040 f   ConEmuCheck.obj
 0001:000040e0       ?ExecuteHkCmd@@YIPAUCESERVER_REQ@@KPAU1@PAUHWND__@@HH@Z 100050e0 f   ConEmuCheck.obj
 0001:00004180       ?ExecuteCmd@@YIPAUCESERVER_REQ@@PB_WPAU1@KPAUHWND__@@HKH@Z 10005180 f   ConEmuCheck.obj
 0001:000044b0       ?ExecuteFreeResult@@YIXAAPAUCESERVER_REQ@@@Z 100054b0 f   ConEmuCheck.obj
 0001:000044f0       ?AllocateSendCurrentDirectory@@YI_NAAPAUCESERVER_REQ@@AAKPB_W2@Z 100054f0 f   ConEmuCheck.obj
 0001:00004600       ?SendCurrentDirectory@@YIXPAUHWND__@@PB_W1@Z 10005600 f   ConEmuCheck.obj
 0001:00004660       ?isConsoleClass@@YI_NPB_W@Z 10005660 f   ConEmuCheck.obj
 0001:000046b0       ?isConsoleWindow@@YI_NPAUHWND__@@@Z 100056b0 f   ConEmuCheck.obj
 0001:000047b0       ?myGetConsoleWindow@@YIPAUHWND__@@XZ 100057b0 f   ConEmuCheck.obj
 0001:00004870       ?GetConEmuHWND@@YIPAUHWND__@@H@Z 10005870 f   ConEmuCheck.obj
 0001:00004a20       ??BHWND2@@QBEPAUHWND__@@XZ 10005a20 f i ConEmuCheck.obj
 0001:00004a30       ??BHWND2@@QBEKXZ           10005a30 f i ConEmuCheck.obj
 0001:00004a40       ?ConEmuCheck@@YIHPAPAUHWND__@@@Z 10005a40 f   ConEmuCheck.obj
 0001:00004a80       ?GuiMessageBox@@YIHPAUHWND__@@PB_W1H@Z 10005a80 f   ConEmuCheck.obj
 0001:00004c40       ?InitName@?$MFileMapping@UCESERVER_CONSOLE_MAPPING_HDR@@@@QAEPB_WPB_WKK@Z 10005c40 f i ConEmuCheck.obj
 0001:00004c90       ?CloseMap@?$MFileMapping@UCESERVER_CONSOLE_MAPPING_HDR@@@@QAEXXZ 10005c90 f i ConEmuCheck.obj
 0001:00004d00       ?Open@?$MFileMapping@UCESERVER_CONSOLE_MAPPING_HDR@@@@QAEPAUCESERVER_CONSOLE_MAPPING_HDR@@HH@Z 10005d00 f i ConEmuCheck.obj
 0001:00004d20       ??0?$MFileMapping@UCESERVER_CONSOLE_MAPPING_HDR@@@@QAE@XZ 10005d20 f i ConEmuCheck.obj
 0001:00004d80       ??1?$MFileMapping@UCESERVER_CONSOLE_MAPPING_HDR@@@@QAE@XZ 10005d80 f i ConEmuCheck.obj
 0001:00004da0       ?InitName@?$MFileMapping@UConEmuGuiMapping@@@@QAEPB_WPB_WKK@Z 10005da0 f i ConEmuCheck.obj
 0001:00004df0       ?CloseMap@?$MFileMapping@UConEmuGuiMapping@@@@QAEXXZ 10005df0 f i ConEmuCheck.obj
 0001:00004e60       ?Open@?$MFileMapping@UConEmuGuiMapping@@@@QAEPAUConEmuGuiMapping@@HH@Z 10005e60 f i ConEmuCheck.obj
 0001:00004e80       ??0?$MFileMapping@UConEmuGuiMapping@@@@QAE@XZ 10005e80 f i ConEmuCheck.obj
 0001:00004ee0       ??1?$MFileMapping@UConEmuGuiMapping@@@@QAE@XZ 10005ee0 f i ConEmuCheck.obj
 0001:00004f00       ?ClosePtr@?$MFileMapping@UCESERVER_CONSOLE_MAPPING_HDR@@@@QAEXXZ 10005f00 f i ConEmuCheck.obj
 0001:00004f30       ?InternalOpenCreate@?$MFileMapping@UCESERVER_CONSOLE_MAPPING_HDR@@@@IAEPAUCESERVER_CONSOLE_MAPPING_HDR@@HHH@Z 10005f30 f i ConEmuCheck.obj
 0001:00005110       ?ClosePtr@?$MFileMapping@UConEmuGuiMapping@@@@QAEXXZ 10006110 f i ConEmuCheck.obj
 0001:00005140       ?InternalOpenCreate@?$MFileMapping@UConEmuGuiMapping@@@@IAEPAUConEmuGuiMapping@@HHH@Z 10006140 f i ConEmuCheck.obj
 0001:00005320       ??$wcscpy_c@$0CA@@@YIHAAY0CA@_WPB_W@Z 10006320 f i ConEmuCheck.obj
 0001:00005350       ??$wcscpy_c@$0CAI@@@YIHAAY0CAI@_WPB_W@Z 10006350 f i ConEmuCheck.obj
 0001:00005380       ?LoadGuiMapping@@YIHPAUHWND__@@AAUConEmuGuiMapping@@@Z 10006380 f   ConEmuCheckEx.obj
 0001:000053c0       ?IsConEmuExeExist@@YIHPB_WAAY0BAF@_W@Z 100063c0 f   ConEmuCheckEx.obj
 0001:00005470       ?FindConEmuBaseDir@@YIHAAY0BAF@_W0PAUHINSTANCE__@@@Z 10006470 f   ConEmuCheckEx.obj
 0001:00005a20       ??$wcscpy_c@$0BAF@@@YIHAAY0BAF@_WPB_W@Z 10006a20 f i ConEmuCheckEx.obj
 0001:00005b30       ??$wcscpy_add@$0BAF@@@YIHPA_WAAY0BAF@_WPB_W@Z 10006b30 f i ConEmuCheckEx.obj
 0001:00005b80       ??$wcscat_c@$0BAF@@@YIHAAY0BAF@_WPB_W@Z 10006b80 f i ConEmuCheckEx.obj
 0001:00005bb0       ?StringCchCatW@@YGJPA_WIPB_W@Z 10006bb0 f i ConEmuCheckEx.obj
 0001:00005cd0       ?StartupHooks@@YI_NPAUHINSTANCE__@@@Z 10006cd0 f   ConEmuInjects.obj
 0001:000060a0       ?ShutdownHooks@@YIXXZ      100070a0 f   ConEmuInjects.obj
 0001:00006250       ??$wcscpy_c@$0EA@@@YIHAAY0EA@_WPB_W@Z 10007250 f i ConEmuInjects.obj
 0001:00006360       _DllMain@12                10007360 f   ConEmuPlugin.obj
 0001:000063a0       ?GetPluginInfo@@YGXPAX@Z   100073a0 f   ConEmuPlugin.obj
 0001:00006410       ?GetPluginInfoW@@YGXPAX@Z  10007410 f   ConEmuPlugin.obj
 0001:00006440       ?IsConsoleActive@@YGHXZ    10007440 f   ConEmuPlugin.obj
 0001:000064a0       ?GetFarHWND2@@YGPAUHWND__@@H@Z 100074a0 f   ConEmuPlugin.obj
 0001:00006510       ?GetFarHWND@@YGPAUHWND__@@XZ 10007510 f   ConEmuPlugin.obj
 0001:00006520       ?IsTerminalMode@@YGHXZ     10007520 f   ConEmuPlugin.obj
 0001:00006530       ?GetFarVersion@@YGXPAUFarVersion@@@Z 10007530 f   ConEmuPlugin.obj
 0001:00006560       ?RegisterPanelView@@YGHPAUPanelViewInit@@@Z 10007560 f   ConEmuPlugin.obj
 0001:00006750       ?RegisterBackground@@YGHPAURegisterBackgroundArg@@@Z 10007750 f   ConEmuPlugin.obj
 0001:000067e0       ?SyncExecute@@YGHPAUHINSTANCE__@@P6GXJ@ZJ@Z 100077e0 f   ConEmuPlugin.obj
 0001:00006830       ?ActivateConsole@@YGHXZ    10007830 f   ConEmuPlugin.obj
 0001:000068c0       ??4HWND2@@QAEAAU0@PAUHWND__@@@Z 100078c0 f i ConEmuPlugin.obj
 0001:000068e0       ?SetStartupInfo@@YGXPAX@Z  100078e0 f   ConEmuPlugin.obj
 0001:00006950       _SetStartupInfoW@4         10007950 f   ConEmuPlugin.obj
 0001:00006980       ?GetMinFarVersion@@YGHXZ   10007980 f   ConEmuPlugin.obj
 0001:000069d0       _GetMinFarVersionW@0       100079d0 f   ConEmuPlugin.obj
 0001:000069e0       _ProcessSynchroEventW@8    100079e0 f   ConEmuPlugin.obj
 0001:00006a00       ?ProcessSynchroEventW3@@YGHPAX@Z 10007a00 f   ConEmuPlugin.obj
 0001:00006a30       ?ProcessEditorEvent@@YGHHPAX@Z 10007a30 f   ConEmuPlugin.obj
 0001:00006a50       _ProcessEditorEventW@8     10007a50 f   ConEmuPlugin.obj
 0001:00006a70       ?ProcessEditorEventW3@@YGHPAX@Z 10007a70 f   ConEmuPlugin.obj
 0001:00006aa0       ?ProcessViewerEvent@@YGHHPAX@Z 10007aa0 f   ConEmuPlugin.obj
 0001:00006ac0       _ProcessViewerEventW@8     10007ac0 f   ConEmuPlugin.obj
 0001:00006ae0       ?ProcessViewerEventW3@@YGHPAX@Z 10007ae0 f   ConEmuPlugin.obj
 0001:00006b10       ?ProcessEditorInput@@YGHPBU_INPUT_RECORD@@@Z 10007b10 f   ConEmuPlugin.obj
 0001:00006b30       _ProcessEditorInputW@4     10007b30 f   ConEmuPlugin.obj
 0001:00006b60       ?OpenPlugin@@YGPAXHH@Z     10007b60 f   ConEmuPlugin.obj
 0001:00006b80       _OpenPluginW@8             10007b80 f   ConEmuPlugin.obj
 0001:00006bc0       ?OpenW@@YGPAXPBX@Z         10007bc0 f   ConEmuPlugin.obj
 0001:00006bf0       ?ExitFAR@@YGXXZ            10007bf0 f   ConEmuPlugin.obj
 0001:00006c40       _ExitFARW@0                10007c40 f   ConEmuPlugin.obj
 0001:00006c90       ?ExitFARW3@@YGXPAX@Z       10007c90 f   ConEmuPlugin.obj
 0001:00006cf0       ?SetupExportsFar3@@YIXXZ   10007cf0 f   ConEmuPlugin.obj
 0001:00006f10       ?_calloc@@YIPAXII@Z        10007f10 f   ConEmuPlugin.obj
 0001:00006f30       ?_malloc@@YIPAXI@Z         10007f30 f   ConEmuPlugin.obj
 0001:00006f50       ?_free@@YIXPAX@Z           10007f50 f   ConEmuPlugin.obj
 0001:00006f70       ??0CPluginW1900@@QAE@XZ    10007f70 f   ConEmuPlugin1900.obj
 0001:00007200       ??_GCPluginW1900@@UAEPAXI@Z 10008200 f i ConEmuPlugin1900.obj
 0001:00007200       ??_ECPluginW1900@@UAEPAXI@Z 10008200 f i ConEmuPlugin1900.obj
 0001:00007230       ??1CPluginW1900@@UAE@XZ    10008230 f i ConEmuPlugin1900.obj
 0001:00007250       ?ProcessEditorEventPtr@CPluginW1900@@UAEHPAX@Z 10008250 f   ConEmuPlugin1900.obj
 0001:00007280       ?ProcessViewerEventPtr@CPluginW1900@@UAEHPAX@Z 10008280 f   ConEmuPlugin1900.obj
 0001:000072b0       ?ProcessSynchroEventPtr@CPluginW1900@@UAEHPAX@Z 100082b0 f   ConEmuPlugin1900.obj
 0001:000072e0       ?GetPanelDir@CPluginW1900@@UAEPA_WKPA_WH@Z 100082e0 f   ConEmuPlugin1900.obj
 0001:00007470       ?GetPanelInfo@CPluginW1900@@UAE_NKPAUCEPanelInfo@@@Z 10008470 f   ConEmuPlugin1900.obj
 0001:000078f0       ?GetPanelItemInfo@CPluginW1900@@UAE_NABUCEPanelInfo@@_NHAAU_WIN32_FIND_DATAW@@PAPA_W@Z 100088f0 f   ConEmuPlugin1900.obj
 0001:00007b20       ?PanelControlApi@CPluginW1900@@UAEHPAXHH0@Z 10008b20 f   ConEmuPlugin1900.obj
 0001:00007b70       ?GetPluginInfoPtr@CPluginW1900@@UAEXPAX@Z 10008b70 f   ConEmuPlugin1900.obj
 0001:00007bf0       ?SetStartupInfoPtr@CPluginW1900@@UAEXPAX@Z 10008bf0 f   ConEmuPlugin1900.obj
 0001:00007d60       ?GetEditorModifiedState@CPluginW1900@@UAEKXZ 10008d60 f   ConEmuPlugin1900.obj
 0001:00007da0       ?ProcessEditorInputPtr@CPluginW1900@@UAEHPBX@Z 10008da0 f   ConEmuPlugin1900.obj
 0001:00007de0       ?GetWindowCount@CPluginW1900@@UAEHXZ 10008de0 f   ConEmuPlugin1900.obj
 0001:00007e30       ?UpdateConEmuTabsApi@CPluginW1900@@UAE_NH@Z 10008e30 f   ConEmuPlugin1900.obj
 0001:00008410       ?ExitFar@CPluginW1900@@UAEXXZ 10009410 f   ConEmuPlugin1900.obj
 0001:000084a0       ?ShowMessage@CPluginW1900@@UAEHPB_WH_N@Z 100094a0 f   ConEmuPlugin1900.obj
 0001:00008550       ?GetMsg@CPluginW1900@@UAEPB_WHPA_WI@Z 10009550 f   ConEmuPlugin1900.obj
 0001:000085d0       ?SetWindow@CPluginW1900@@UAEXH@Z 100095d0 f   ConEmuPlugin1900.obj
 0001:00008630       ?PostMacroApi@CPluginW1900@@UAEXPB_WPAU_INPUT_RECORD@@_N@Z 10009630 f   ConEmuPlugin1900.obj
 0001:00008d80       ?wcsstr@@YAPA_WPA_WPB_W@Z  10009d80 f i ConEmuPlugin1900.obj
 0001:00008da0       ?ShowPluginMenu@CPluginW1900@@UAEHPAUConEmuPluginMenuItem@@HH@Z 10009da0 f   ConEmuPlugin1900.obj
 0001:00008f90       ?OpenEditor@CPluginW1900@@UAE_NPB_W_N11HH@Z 10009f90 f   ConEmuPlugin1900.obj
 0001:000090e0       ?ExecuteSynchroApi@CPluginW1900@@UAE_NXZ 1000a0e0 f   ConEmuPlugin1900.obj
 0001:00009120       ?WaitEndSynchro@CPluginW1900@@UAEXXZ 1000a120 f   ConEmuPlugin1900.obj
 0001:00009130       ?StopWaitEndSynchro@CPluginW1900@@UAEXXZ 1000a130 f   ConEmuPlugin1900.obj
 0001:00009140       ?IsMacroActive@CPluginW1900@@UAE_NXZ 1000a140 f   ConEmuPlugin1900.obj
 0001:00009190       ?GetMacroArea@CPluginW1900@@UAEHXZ 1000a190 f   ConEmuPlugin1900.obj
 0001:000091c0       ?RedrawAll@CPluginW1900@@UAEXXZ 1000a1c0 f   ConEmuPlugin1900.obj
 0001:00009200       ?InputBox@CPluginW1900@@UAE_NPB_W000AAPA_W@Z 1000a200 f   ConEmuPlugin1900.obj
 0001:00009280       ?ShowUserScreen@CPluginW1900@@UAEX_N@Z 1000a280 f   ConEmuPlugin1900.obj
 0001:000092d0       ?LoadFarColors@CPluginW1900@@UAEXAAY0BAA@E@Z 1000a2d0 f   ConEmuPlugin1900.obj
 0001:00009490       ?FarColor_3_2@@YIEABUFarColor@@@Z 1000a490 f i ConEmuPlugin1900.obj
 0001:000095a0       ?Color2FgIndex@Far3Color@@SIXKAAGPBK@Z 1000a5a0 f i ConEmuPlugin1900.obj
 0001:000096e0       ?Max@Far3Color@@SIHHH@Z    1000a6e0 f i ConEmuPlugin1900.obj
 0001:00009710       ?GetStdIndex@Far3Color@@SIHKPBK@Z 1000a710 f i ConEmuPlugin1900.obj
 0001:00009770       ?GetStdPalette@Far3Color@@SIPBKXZ 1000a770 f i ConEmuPlugin1900.obj
 0001:00009780       ?Color2BgIndex@Far3Color@@SIXKHAAGPBK@Z 1000a780 f i ConEmuPlugin1900.obj
 0001:000098f0       ?LoadFarSettings@CPluginW1900@@UAEXPAUCEFarInterfaceSettings@@PAUCEFarPanelSettings@@@Z 1000a8f0 f   ConEmuPlugin1900.obj
 0001:00009b00       ?GetFarRect@CPluginW1900@@UAE_NAAU_SMALL_RECT@@@Z 1000ab00 f   ConEmuPlugin1900.obj
 0001:00009b70       ?CheckPanelExist@CPluginW1900@@UAE_NXZ 1000ab70 f   ConEmuPlugin1900.obj
 0001:00009bc0       ?GetActiveWindowType@CPluginW1900@@UAEHXZ 1000abc0 f   ConEmuPlugin1900.obj
 0001:00009c80       ?GetWindowTypeName@CPluginW1900@@UAEPB_WH@Z 1000ac80 f   ConEmuPlugin1900.obj
 0001:00009d10       ?GuiMacroDlg@CPluginW1900@@UAEXXZ 1000ad10 f   ConEmuPlugin1900.obj
 0001:0000a2f0       ?Open@CPluginW1900@@UAEPAXPBX@Z 1000b2f0 f   ConEmuPlugin1900.obj
 0001:0000a490       _GetGlobalInfoW@4          1000b490 f   ConEmuPlugin2800.obj
 0001:0000a670       ??0CPluginW2800@@QAE@XZ    1000b670 f   ConEmuPlugin2800.obj
 0001:0000a900       ??_GCPluginW2800@@UAEPAXI@Z 1000b900 f i ConEmuPlugin2800.obj
 0001:0000a900       ??_ECPluginW2800@@UAEPAXI@Z 1000b900 f i ConEmuPlugin2800.obj
 0001:0000a930       ??1CPluginW2800@@UAE@XZ    1000b930 f i ConEmuPlugin2800.obj
 0001:0000a950       ?GetPanelDir@CPluginW2800@@UAEPA_WKPA_WH@Z 1000b950 f   ConEmuPlugin2800.obj
 0001:0000aae0       ?GetPanelInfo@CPluginW2800@@UAE_NKPAUCEPanelInfo@@@Z 1000bae0 f   ConEmuPlugin2800.obj
 0001:0000af60       ?GetPanelItemInfo@CPluginW2800@@UAE_NABUCEPanelInfo@@_NHAAU_WIN32_FIND_DATAW@@PAPA_W@Z 1000bf60 f   ConEmuPlugin2800.obj
 0001:0000b190       ?PanelControlApi@CPluginW2800@@UAEHPAXHH0@Z 1000c190 f   ConEmuPlugin2800.obj
 0001:0000b1e0       ?GetPluginInfoPtr@CPluginW2800@@UAEXPAX@Z 1000c1e0 f   ConEmuPlugin2800.obj
 0001:0000b260       ?SetStartupInfoPtr@CPluginW2800@@UAEXPAX@Z 1000c260 f   ConEmuPlugin2800.obj
 0001:0000b3d0       ?GetEditorModifiedState@CPluginW2800@@UAEKXZ 1000c3d0 f   ConEmuPlugin2800.obj
 0001:0000b410       ?ProcessEditorEventPtr@CPluginW2800@@UAEHPAX@Z 1000c410 f   ConEmuPlugin2800.obj
 0001:0000b440       ?ProcessViewerEventPtr@CPluginW2800@@UAEHPAX@Z 1000c440 f   ConEmuPlugin2800.obj
 0001:0000b470       ?ProcessSynchroEventPtr@CPluginW2800@@UAEHPAX@Z 1000c470 f   ConEmuPlugin2800.obj
 0001:0000b4a0       ?ProcessEditorInputPtr@CPluginW2800@@UAEHPBX@Z 1000c4a0 f   ConEmuPlugin2800.obj
 0001:0000b4e0       ?GetWindowCount@CPluginW2800@@UAEHXZ 1000c4e0 f   ConEmuPlugin2800.obj
 0001:0000b530       ?UpdateConEmuTabsApi@CPluginW2800@@UAE_NH@Z 1000c530 f   ConEmuPlugin2800.obj
 0001:0000bdb0       ?ExitFar@CPluginW2800@@UAEXXZ 1000cdb0 f   ConEmuPlugin2800.obj
 0001:0000be40       ?ShowMessage@CPluginW2800@@UAEHPB_WH_N@Z 1000ce40 f   ConEmuPlugin2800.obj
 0001:0000bef0       ?GetMsg@CPluginW2800@@UAEPB_WHPA_WI@Z 1000cef0 f   ConEmuPlugin2800.obj
 0001:0000bf70       ?SetWindow@CPluginW2800@@UAEXH@Z 1000cf70 f   ConEmuPlugin2800.obj
 0001:0000c060       ?PostMacroApi@CPluginW2800@@UAEXPB_WPAU_INPUT_RECORD@@_N@Z 1000d060 f   ConEmuPlugin2800.obj
 0001:0000c400       ?ShowPluginMenu@CPluginW2800@@UAEHPAUConEmuPluginMenuItem@@HH@Z 1000d400 f   ConEmuPlugin2800.obj
 0001:0000c5f0       ?OpenEditor@CPluginW2800@@UAE_NPB_W_N11HH@Z 1000d5f0 f   ConEmuPlugin2800.obj
 0001:0000c740       ?ExecuteSynchroApi@CPluginW2800@@UAE_NXZ 1000d740 f   ConEmuPlugin2800.obj
 0001:0000c780       ?WaitEndSynchro@CPluginW2800@@UAEXXZ 1000d780 f   ConEmuPlugin2800.obj
 0001:0000c790       ?StopWaitEndSynchro@CPluginW2800@@UAEXXZ 1000d790 f   ConEmuPlugin2800.obj
 0001:0000c7a0       ?IsMacroActive@CPluginW2800@@UAE_NXZ 1000d7a0 f   ConEmuPlugin2800.obj
 0001:0000c7f0       ?GetMacroArea@CPluginW2800@@UAEHXZ 1000d7f0 f   ConEmuPlugin2800.obj
 0001:0000c820       ?RedrawAll@CPluginW2800@@UAEXXZ 1000d820 f   ConEmuPlugin2800.obj
 0001:0000c860       ?InputBox@CPluginW2800@@UAE_NPB_W000AAPA_W@Z 1000d860 f   ConEmuPlugin2800.obj
 0001:0000c8e0       ?ShowUserScreen@CPluginW2800@@UAEX_N@Z 1000d8e0 f   ConEmuPlugin2800.obj
 0001:0000c930       ?LoadFarColors@CPluginW2800@@UAEXAAY0BAA@E@Z 1000d930 f   ConEmuPlugin2800.obj
 0001:0000caf0       ?LoadFarSettings@CPluginW2800@@UAEXPAUCEFarInterfaceSettings@@PAUCEFarPanelSettings@@@Z 1000daf0 f   ConEmuPlugin2800.obj
 0001:0000cd00       ?GetFarRect@CPluginW2800@@UAE_NAAU_SMALL_RECT@@@Z 1000dd00 f   ConEmuPlugin2800.obj
 0001:0000cd70       ?CheckPanelExist@CPluginW2800@@UAE_NXZ 1000dd70 f   ConEmuPlugin2800.obj
 0001:0000cdc0       ?GetActiveWindowType@CPluginW2800@@UAEHXZ 1000ddc0 f   ConEmuPlugin2800.obj
 0001:0000ce90       ?GetWindowTypeName@CPluginW2800@@UAEPB_WH@Z 1000de90 f   ConEmuPlugin2800.obj
 0001:0000cf20       ?GuiMacroDlg@CPluginW2800@@UAEXXZ 1000df20 f   ConEmuPlugin2800.obj
 0001:0000d490       ?Open@CPluginW2800@@UAEPAXPBX@Z 1000e490 f   ConEmuPlugin2800.obj
 0001:0000d6c0       ??0FarMacroValue@@QAE@XZ   1000e6c0 f i ConEmuPlugin2800.obj
 0001:0000d700       ??0?$MArray@UWindowInfo@@@@QAE@XZ 1000e700 f i ConEmuPlugin2800.obj
 0001:0000d740       ??1?$MArray@UWindowInfo@@@@QAE@XZ 1000e740 f i ConEmuPlugin2800.obj
 0001:0000d760       ??A?$MArray@UWindowInfo@@@@QBEABUWindowInfo@@H@Z 1000e760 f i ConEmuPlugin2800.obj
 0001:0000d780       ??A?$MArray@UWindowInfo@@@@QAEAAUWindowInfo@@H@Z 1000e780 f i ConEmuPlugin2800.obj
 0001:0000d7a0       ?push_back@?$MArray@UWindowInfo@@@@QAEHABUWindowInfo@@@Z 1000e7a0 f i ConEmuPlugin2800.obj
 0001:0000d830       ?insert@?$MArray@UWindowInfo@@@@QAEXHABUWindowInfo@@@Z 1000e830 f i ConEmuPlugin2800.obj
 0001:0000d8f0       ?clear@?$MArray@UWindowInfo@@@@QAEXXZ 1000e8f0 f i ConEmuPlugin2800.obj
 0001:0000d940       ?erase@?$MArray@UWindowInfo@@@@QAEXH@Z 1000e940 f i ConEmuPlugin2800.obj
 0001:0000d9d0       ?size@?$MArray@UWindowInfo@@@@QBEHXZ 1000e9d0 f i ConEmuPlugin2800.obj
 0001:0000d9f0       ?addsize@?$MArray@UWindowInfo@@@@QAEXH@Z 1000e9f0 f i ConEmuPlugin2800.obj
 0001:0000dae0       ??0CPluginW995@@QAE@XZ     1000eae0 f   ConEmuPlugin995.obj
 0001:0000dd70       ?Open@CPluginW995@@UAEPAXPBX@Z 1000ed70 f i ConEmuPlugin995.obj
 0001:0000dd90       ?ProcessEditorEventPtr@CPluginW995@@UAEHPAX@Z 1000ed90 f i ConEmuPlugin995.obj
 0001:0000dda0       ?ProcessSynchroEventPtr@CPluginW995@@UAEHPAX@Z 1000eda0 f i ConEmuPlugin995.obj
 0001:0000ddb0       ?ProcessViewerEventPtr@CPluginW995@@UAEHPAX@Z 1000edb0 f i ConEmuPlugin995.obj
 0001:0000ddc0       ??_ECPluginW995@@UAEPAXI@Z 1000edc0 f i ConEmuPlugin995.obj
 0001:0000ddc0       ??_GCPluginW995@@UAEPAXI@Z 1000edc0 f i ConEmuPlugin995.obj
 0001:0000ddf0       ??1CPluginW995@@UAE@XZ     1000edf0 f i ConEmuPlugin995.obj
 0001:0000de10       ?GetPanelDir@CPluginW995@@UAEPA_WKPA_WH@Z 1000ee10 f   ConEmuPlugin995.obj
 0001:0000df40       ?GetPanelInfo@CPluginW995@@UAE_NKPAUCEPanelInfo@@@Z 1000ef40 f   ConEmuPlugin995.obj
 0001:0000e220       ?GetPanelItemInfo@CPluginW995@@UAE_NABUCEPanelInfo@@_NHAAU_WIN32_FIND_DATAW@@PAPA_W@Z 1000f220 f   ConEmuPlugin995.obj
 0001:0000e430       ?PanelControlApi@CPluginW995@@UAEHPAXHH0@Z 1000f430 f   ConEmuPlugin995.obj
 0001:0000e480       ?GetPluginInfoPtr@CPluginW995@@UAEXPAX@Z 1000f480 f   ConEmuPlugin995.obj
 0001:0000e520       ?SetStartupInfoPtr@CPluginW995@@UAEXPAX@Z 1000f520 f   ConEmuPlugin995.obj
 0001:0000e6d0       ?GetEditorModifiedState@CPluginW995@@UAEKXZ 1000f6d0 f   ConEmuPlugin995.obj
 0001:0000e710       ?ProcessEditorInputPtr@CPluginW995@@UAEHPBX@Z 1000f710 f   ConEmuPlugin995.obj
 0001:0000e740       ?GetWindowCount@CPluginW995@@UAEHXZ 1000f740 f   ConEmuPlugin995.obj
 0001:0000e790       ?UpdateConEmuTabsApi@CPluginW995@@UAE_NH@Z 1000f790 f   ConEmuPlugin995.obj
 0001:0000ea70       ?ExitFar@CPluginW995@@UAEXXZ 1000fa70 f   ConEmuPlugin995.obj
 0001:0000eb00       ?ShowMessage@CPluginW995@@UAEHPB_WH_N@Z 1000fb00 f   ConEmuPlugin995.obj
 0001:0000eb80       ?GetMsg@CPluginW995@@UAEPB_WHPA_WI@Z 1000fb80 f   ConEmuPlugin995.obj
 0001:0000ec00       ?SetWindow@CPluginW995@@UAEXH@Z 1000fc00 f   ConEmuPlugin995.obj
 0001:0000ec60       ?PostMacroApi@CPluginW995@@UAEXPB_WPAU_INPUT_RECORD@@_N@Z 1000fc60 f   ConEmuPlugin995.obj
 0001:0000ed30       ?ShowPluginMenu@CPluginW995@@UAEHPAUConEmuPluginMenuItem@@HH@Z 1000fd30 f   ConEmuPlugin995.obj
 0001:0000eec0       ?OpenEditor@CPluginW995@@UAE_NPB_W_N11HH@Z 1000fec0 f   ConEmuPlugin995.obj
 0001:0000eff0       ?ExecuteSynchroApi@CPluginW995@@UAE_NXZ 1000fff0 f   ConEmuPlugin995.obj
 0001:0000f030       ?WaitEndSynchro@CPluginW995@@UAEXXZ 10010030 f   ConEmuPlugin995.obj
 0001:0000f1e0       ?StopWaitEndSynchro@CPluginW995@@UAEXXZ 100101e0 f   ConEmuPlugin995.obj
 0001:0000f210       ?IsMacroActive@CPluginW995@@UAE_NXZ 10010210 f   ConEmuPlugin995.obj
 0001:0000f270       ?GetMacroArea@CPluginW995@@UAEHXZ 10010270 f   ConEmuPlugin995.obj
 0001:0000f2b0       ?RedrawAll@CPluginW995@@UAEXXZ 100102b0 f   ConEmuPlugin995.obj
 0001:0000f2f0       ?InputBox@CPluginW995@@UAE_NPB_W000AAPA_W@Z 100102f0 f   ConEmuPlugin995.obj
 0001:0000f360       ?ShowUserScreen@CPluginW995@@UAEX_N@Z 10010360 f   ConEmuPlugin995.obj
 0001:0000f3b0       ?LoadFarColors@CPluginW995@@UAEXAAY0BAA@E@Z 100103b0 f   ConEmuPlugin995.obj
 0001:0000f490       ?LoadFarSettings@CPluginW995@@UAEXPAUCEFarInterfaceSettings@@PAUCEFarPanelSettings@@@Z 10010490 f   ConEmuPlugin995.obj
 0001:0000f500       ?GetFarRect@CPluginW995@@UAE_NAAU_SMALL_RECT@@@Z 10010500 f   ConEmuPlugin995.obj
 0001:0000f570       ?CheckPanelExist@CPluginW995@@UAE_NXZ 10010570 f   ConEmuPlugin995.obj
 0001:0000f5c0       ?GetActiveWindowType@CPluginW995@@UAEHXZ 100105c0 f   ConEmuPlugin995.obj
 0001:0000f690       ?GetWindowTypeName@CPluginW995@@UAEPB_WH@Z 10010690 f   ConEmuPlugin995.obj
 0001:0000f720       ?GuiMacroDlg@CPluginW995@@UAEXXZ 10010720 f   ConEmuPlugin995.obj
 0001:0000fc70       ??0CPluginAnsi@@QAE@XZ     10010c70 f   ConEmuPluginA.obj
 0001:0000fee0       ?ExecuteSynchroApi@CPluginAnsi@@UAE_NXZ 10010ee0 f i ConEmuPluginA.obj
 0001:0000fef0       ?GetFarRect@CPluginAnsi@@UAE_NAAU_SMALL_RECT@@@Z 10010ef0 f i ConEmuPluginA.obj
 0001:0000ff00       ?Open@CPluginAnsi@@UAEPAXPBX@Z 10010f00 f i ConEmuPluginA.obj
 0001:0000ff20       ?ProcessEditorEventPtr@CPluginAnsi@@UAEHPAX@Z 10010f20 f i ConEmuPluginA.obj
 0001:0000ff30       ?ProcessEditorInputPtr@CPluginAnsi@@UAEHPBX@Z 10010f30 f i ConEmuPluginA.obj
 0001:0000ff40       ?ProcessSynchroEventPtr@CPluginAnsi@@UAEHPAX@Z 10010f40 f i ConEmuPluginA.obj
 0001:0000ff50       ?ProcessViewerEventPtr@CPluginAnsi@@UAEHPAX@Z 10010f50 f i ConEmuPluginA.obj
 0001:0000ff60       ?StopWaitEndSynchro@CPluginAnsi@@UAEXXZ 10010f60 f i ConEmuPluginA.obj
 0001:0000ff70       ?WaitEndSynchro@CPluginAnsi@@UAEXXZ 10010f70 f i ConEmuPluginA.obj
 0001:0000ff80       ??_ECPluginAnsi@@UAEPAXI@Z 10010f80 f i ConEmuPluginA.obj
 0001:0000ff80       ??_GCPluginAnsi@@UAEPAXI@Z 10010f80 f i ConEmuPluginA.obj
 0001:0000ffb0       ??1CPluginAnsi@@UAE@XZ     10010fb0 f i ConEmuPluginA.obj
 0001:0000ffd0       ?GetPanelDir@CPluginAnsi@@UAEPA_WKPA_WH@Z 10010fd0 f   ConEmuPluginA.obj
 0001:000100d0       ?GetPanelInfo@CPluginAnsi@@UAE_NKPAUCEPanelInfo@@@Z 100110d0 f   ConEmuPluginA.obj
 0001:000103b0       ?GetPanelItemInfo@CPluginAnsi@@UAE_NABUCEPanelInfo@@_NHAAU_WIN32_FIND_DATAW@@PAPA_W@Z 100113b0 f   ConEmuPluginA.obj
 0001:00010530       ?PanelControlApi@CPluginAnsi@@UAEHPAXHH0@Z 10011530 f   ConEmuPluginA.obj
 0001:00010580       ?SetStartupInfoPtr@CPluginAnsi@@UAEXPAX@Z 10011580 f   ConEmuPluginA.obj
 0001:00010740       ?GetPluginInfoPtr@CPluginAnsi@@UAEXPAX@Z 10011740 f   ConEmuPluginA.obj
 0001:000107f0       ?GetEditorModifiedState@CPluginAnsi@@UAEKXZ 100117f0 f   ConEmuPluginA.obj
 0001:00010830       ?GetWindowCount@CPluginAnsi@@UAEHXZ 10011830 f   ConEmuPluginA.obj
 0001:00010880       ?UpdateConEmuTabsApi@CPluginAnsi@@UAE_NH@Z 10011880 f   ConEmuPluginA.obj
 0001:00010b40       ?ExitFar@CPluginAnsi@@UAEXXZ 10011b40 f   ConEmuPluginA.obj
 0001:00010ba0       ?SetWindow@CPluginAnsi@@UAEXH@Z 10011ba0 f   ConEmuPluginA.obj
 0001:00010c10       ?PostMacroApi@CPluginAnsi@@UAEXPB_WPAU_INPUT_RECORD@@_N@Z 10011c10 f   ConEmuPluginA.obj
 0001:00010d00       ?ShowPluginMenu@CPluginAnsi@@UAEHPAUConEmuPluginMenuItem@@HH@Z 10011d00 f   ConEmuPluginA.obj
 0001:00010ef0       ?OpenEditor@CPluginAnsi@@UAE_NPB_W_N11HH@Z 10011ef0 f   ConEmuPluginA.obj
 0001:00011050       ?ShowMessage@CPluginAnsi@@UAEHPB_WH_N@Z 10012050 f   ConEmuPluginA.obj
 0001:00011120       ?GetMsg@CPluginAnsi@@UAEPB_WHPA_WI@Z 10012120 f   ConEmuPluginA.obj
 0001:000111e0       ?IsMacroActive@CPluginAnsi@@UAE_NXZ 100121e0 f   ConEmuPluginA.obj
 0001:00011250       ?GetMacroArea@CPluginAnsi@@UAEHXZ 10012250 f   ConEmuPluginA.obj
 0001:00011260       ?RedrawAll@CPluginAnsi@@UAEXXZ 10012260 f   ConEmuPluginA.obj
 0001:000112a0       ?InputBox@CPluginAnsi@@UAE_NPB_W000AAPA_W@Z 100122a0 f   ConEmuPluginA.obj
 0001:000113d0       ?ShowUserScreen@CPluginAnsi@@UAEX_N@Z 100123d0 f   ConEmuPluginA.obj
 0001:00011420       ?LoadFarColors@CPluginAnsi@@UAEXAAY0BAA@E@Z 10012420 f   ConEmuPluginA.obj
 0001:00011510       ?LoadFarSettings@CPluginAnsi@@UAEXPAUCEFarInterfaceSettings@@PAUCEFarPanelSettings@@@Z 10012510 f   ConEmuPluginA.obj
 0001:00011580       ?CheckPanelExist@CPluginAnsi@@UAE_NXZ 10012580 f   ConEmuPluginA.obj
 0001:000115d0       ?GetActiveWindowType@CPluginAnsi@@UAEHXZ 100125d0 f   ConEmuPluginA.obj
 0001:00011650       ?GetWindowTypeName@CPluginAnsi@@UAEPB_WH@Z 10012650 f   ConEmuPluginA.obj
 0001:000116e0       ?GuiMacroDlg@CPluginAnsi@@UAEXXZ 100126e0 f   ConEmuPluginA.obj
 0001:00011d30       ?Plugin@@YIPAVCPluginBase@@XZ 10012d30 f   ConEmuPluginBase.obj
 0001:00011e60       ??0CPluginBase@@QAE@XZ     10012e60 f   ConEmuPluginBase.obj
 0001:00012110       ??_GCPluginBase@@UAEPAXI@Z 10013110 f i ConEmuPluginBase.obj
 0001:00012110       ??_ECPluginBase@@UAEPAXI@Z 10013110 f i ConEmuPluginBase.obj
 0001:00012140       ??1CPluginBase@@UAE@XZ     10013140 f   ConEmuPluginBase.obj
 0001:00012160       ?DllMain_ProcessAttach@CPluginBase@@KIXPAUHINSTANCE__@@@Z 10013160 f   ConEmuPluginBase.obj
 0001:00012280       ?DllMain_ProcessDetach@CPluginBase@@KIXXZ 10013280 f   ConEmuPluginBase.obj
 0001:000123f0       ??_GMSection@@QAEPAXI@Z    100133f0 f i ConEmuPluginBase.obj
 0001:00012420       ??_GCPluginBackground@@QAEPAXI@Z 10013420 f i ConEmuPluginBase.obj
 0001:00012450       ?DllCheckUnique@CPluginBase@@KI_N_N@Z 10013450 f   ConEmuPluginBase.obj
 0001:000126a0       ?LoadFarVersion@CPluginBase@@SI_NXZ 100136a0 f   ConEmuPluginBase.obj
 0001:00012ce0       ?ShowMessageBox@CPluginBase@@KIHPB_WI@Z 10013ce0 f   ConEmuPluginBase.obj
 0001:00012da0       ?ShowMessageGui@CPluginBase@@QAEHHH@Z 10013da0 f   ConEmuPluginBase.obj
 0001:00012e30       ?BackgroundMacroError@CPluginBase@@SGKPAX@Z 10013e30 f   ConEmuPluginBase.obj
 0001:00012e70       ?PostMacro@CPluginBase@@QAEXPB_WPAU_INPUT_RECORD@@_N@Z 10013e70 f   ConEmuPluginBase.obj
 0001:00012f30       ?isMacroActive@CPluginBase@@QAE_NAAH@Z 10013f30 f   ConEmuPluginBase.obj
 0001:00012f80       ?CheckBufferEnabled@CPluginBase@@QAE_NXZ 10013f80 f   ConEmuPluginBase.obj
 0001:00013010       ?PanelControl@CPluginBase@@QAEHPAXHH0@Z 10014010 f   ConEmuPluginBase.obj
 0001:000130c0       ?GetPanelInfo@CPluginBase@@QAE_NKPAUBkPanelInfo@@@Z 100140c0 f   ConEmuPluginBase.obj
 0001:00013160       ?FillUpdateBackground@CPluginBase@@QAEXPAUPaintBackgroundArg@@@Z 10014160 f   ConEmuPluginBase.obj
 0001:00013330       ?StorePanelDirs@CPluginBase@@QAE_NPB_W0@Z 10014330 f   ConEmuPluginBase.obj
 0001:000134e0       ?UpdatePanelDirs@CPluginBase@@QAEXXZ 100144e0 f   ConEmuPluginBase.obj
 0001:000136e0       ?IsFarLua@FarVersion@@QBE_NXZ 100146e0 f i ConEmuPluginBase.obj
 0001:00013730       ?RunExternalProgram@CPluginBase@@QAE_NPA_W@Z 10014730 f   ConEmuPluginBase.obj
 0001:00013920       ?ProcessCommandLine@CPluginBase@@QAE_NPA_W@Z 10014920 f   ConEmuPluginBase.obj
 0001:00013960       ?ShowPluginMenu@CPluginBase@@QAEXW4PluginCallCommands@@@Z 10014960 f   ConEmuPluginBase.obj
 0001:00013c10       ?ShowTabsList@CPluginBase@@QAEXXZ 10014c10 f   ConEmuPluginBase.obj
 0001:00013ff0       ?ShowPanelsList@CPluginBase@@QAEXXZ 10014ff0 f   ConEmuPluginBase.obj
 0001:00014170       ?DataSize@CESERVER_REQ@@QAEKXZ 10015170 f i ConEmuPluginBase.obj
 0001:000141b0       ?EditViewConsoleOutput@CPluginBase@@QAEX_N@Z 100151b0 f   ConEmuPluginBase.obj
 0001:00014270       ?SwitchTabCommand@CPluginBase@@QAEXW4PluginMenuCommands@@@Z 10015270 f   ConEmuPluginBase.obj
 0001:00014330       ?ProcessSynchroEvent@CPluginBase@@QAEHHPAX@Z 10015330 f   ConEmuPluginBase.obj
 0001:000143e0       ?ProcessEditorInputInternal@CPluginBase@@QAEXABU_INPUT_RECORD@@@Z 100153e0 f   ConEmuPluginBase.obj
 0001:00014440       ?ProcessEditorViewerEvent@CPluginBase@@QAEHHH@Z 10015440 f   ConEmuPluginBase.obj
 0001:00014550       ?isEditorViewer@CPluginBase@@QAE_NXZ 10015550 f   ConEmuPluginBase.obj
 0001:000145a0       ?isModalEditorViewer@CPluginBase@@QAE_NXZ 100155a0 f   ConEmuPluginBase.obj
 0001:000145f0       ?GetMainThreadId@CPluginBase@@SIKXZ 100155f0 f   ConEmuPluginBase.obj
 0001:00014690       ?ShowConsoleInfo@CPluginBase@@QAEXXZ 10015690 f   ConEmuPluginBase.obj
 0001:00014810       ?RunExternalProgramW@CPluginBase@@SI_NPA_W0_N@Z 10015810 f   ConEmuPluginBase.obj
 0001:00014a80       ?StartDebugger@CPluginBase@@QAE_NXZ 10015a80 f   ConEmuPluginBase.obj
 0001:00014db0       ?Attach2Gui@CPluginBase@@QAE_NXZ 10015db0 f   ConEmuPluginBase.obj
 0001:00015270       ?FindServerCmd@CPluginBase@@QAE_NKAAK_N@Z 10016270 f   ConEmuPluginBase.obj
 0001:00015360       ?ShowMessage@CPluginBase@@QAEHHH@Z 10016360 f   ConEmuPluginBase.obj
 0001:000153e0       ?OutDataAlloc@CPluginBase@@SI_NK@Z 100163e0 f   ConEmuPluginBase.obj
 0001:00015450       ?OutDataRealloc@CPluginBase@@SI_NK@Z 10016450 f   ConEmuPluginBase.obj
 0001:00015530       ?OutDataWrite@CPluginBase@@SI_NPAXK@Z 10016530 f   ConEmuPluginBase.obj
 0001:00015600       ?CreateTabs@CPluginBase@@SI_NH@Z 10016600 f   ConEmuPluginBase.obj
 0001:000156d0       ?AddTab@CPluginBase@@QAE_NAAHH_N1HPB_W2HHHH@Z 100166d0 f   ConEmuPluginBase.obj
 0001:00015ae0       _wmemcmp                   10016ae0 f i ConEmuPluginBase.obj
 0001:00015b40       ?AddTabFinish@CPluginBase@@QAEXH@Z 10016b40 f   ConEmuPluginBase.obj
 0001:00015b60       ?SendTabs@CPluginBase@@SIXH_N@Z 10016b60 f   ConEmuPluginBase.obj
 0001:00015d50       ?CloseTabs@CPluginBase@@SIXXZ 10016d50 f   ConEmuPluginBase.obj
 0001:00015de0       ?UpdateConEmuTabs@CPluginBase@@QAE_N_N@Z 10016de0 f   ConEmuPluginBase.obj
 0001:000160e0       ?ShowProtocolWarning@CPluginBase@@KIXXZ 100170e0 f   ConEmuPluginBase.obj
 0001:00016250       ?CheckResources@CPluginBase@@QAEX_N@Z 10017250 f   ConEmuPluginBase.obj
 0001:00016400       ?InitResources@CPluginBase@@QAEXXZ 10017400 f   ConEmuPluginBase.obj
 0001:00016660       ?CloseMapHeader@CPluginBase@@SIXXZ 10017660 f   ConEmuPluginBase.obj
 0001:00016690       ?OpenMapHeader@CPluginBase@@SIHXZ 10017690 f   ConEmuPluginBase.obj
 0001:000167b0       ?InitRootRegKey@CPluginBase@@IAEXXZ 100177b0 f   ConEmuPluginBase.obj
 0001:000168e0       ?SetRootRegKey@CPluginBase@@IAEXPA_W@Z 100178e0 f   ConEmuPluginBase.obj
 0001:000169e0       ?LoadPanelTabsFromRegistry@CPluginBase@@IAEXXZ 100179e0 f   ConEmuPluginBase.obj
 0001:00016af0       ?InitHWND@CPluginBase@@SIXXZ 10017af0 f   ConEmuPluginBase.obj
 0001:00016d90       ?CheckConEmuDetached@CPluginBase@@SIXXZ 10017d90 f   ConEmuPluginBase.obj
 0001:00016e30       ?EmergencyShow@CPluginBase@@KIXXZ 10017e30 f   ConEmuPluginBase.obj
 0001:00016e90       ?MonitorThreadProcW@CPluginBase@@SGKPAX@Z 10017e90 f   ConEmuPluginBase.obj
 0001:00017340       ?OpenPluginCommon@CPluginBase@@QAEPAXHH_N@Z 10018340 f   ConEmuPluginBase.obj
 0001:000176c0       ?ExitFarCommon@CPluginBase@@QAEX_N@Z 100186c0 f   ConEmuPluginBase.obj
 0001:00017710       ?OnMainThreadActivated@CPluginBase@@QAEXXZ 10018710 f   ConEmuPluginBase.obj
 0001:000178e0       ?ProcessSetWindowCommand@CPluginBase@@QAEXXZ 100188e0 f   ConEmuPluginBase.obj
 0001:00017a20       ?CommonPluginStartup@CPluginBase@@QAEXXZ 10018a20 f   ConEmuPluginBase.obj
 0001:00017b40       ?StopThread@CPluginBase@@QAEX_N@Z 10018b40 f   ConEmuPluginBase.obj
 0001:00017eb0       ??_G?$MFileMapping@UCESERVER_CONSOLE_MAPPING_HDR@@@@QAEPAXI@Z 10018eb0 f i ConEmuPluginBase.obj
 0001:00017ee0       ?ShutdownPluginStep@CPluginBase@@SIXPB_WHHHH@Z 10018ee0 f   ConEmuPluginBase.obj
 0001:00017f00       ?ExecuteSynchro@CPluginBase@@QAEXXZ 10018f00 f   ConEmuPluginBase.obj
 0001:00017fc0       ?WaitPluginActivation@CPluginBase@@SIKKPAPAXHK@Z 10018fc0 f   ConEmuPluginBase.obj
 0001:00018120       ?ActivatePlugin@CPluginBase@@QAE_NKPAXK@Z 10019120 f   ConEmuPluginBase.obj
 0001:000183b0       ?cmd_OpenEditorLine@CPluginBase@@QAE_NPAUCESERVER_REQ_FAREDITOR@@@Z 100193b0 f   ConEmuPluginBase.obj
 0001:000184a0       ?cmd_RedrawFarCall@CPluginBase@@QAE_NAAPAUCESERVER_REQ@@PAPAU2@@Z 100194a0 f   ConEmuPluginBase.obj
 0001:00018550       ?cmd_SetWindow@CPluginBase@@QAE_NPAX_N@Z 10019550 f   ConEmuPluginBase.obj
 0001:00018610       ?cmd_LeftClickSync@CPluginBase@@QAEXPAX@Z 10019610 f   ConEmuPluginBase.obj
 0001:00018740       ?cmd_CloseQSearch@CPluginBase@@QAEXXZ 10019740 f   ConEmuPluginBase.obj
 0001:00018780       ?cmd_EMenu@CPluginBase@@QAEXPAX@Z 10019780 f   ConEmuPluginBase.obj
 0001:00018850       ?cmd_ExternalCallback@CPluginBase@@QAE_NPAX@Z 10019850 f   ConEmuPluginBase.obj
 0001:000188d0       ?cmd_ConSetFont@CPluginBase@@QAEXPAX@Z 100198d0 f   ConEmuPluginBase.obj
 0001:00018920       ?cmd_GuiChanged@CPluginBase@@QAEXPAX@Z 10019920 f   ConEmuPluginBase.obj
 0001:00018a00       ?ProcessCommand@CPluginBase@@QAE_NKHPAXPAPAUCESERVER_REQ@@_N@Z 10019a00 f   ConEmuPluginBase.obj
 0001:00018f30       ?FarSetConsoleSize@CPluginBase@@SI_NFF@Z 10019f30 f   ConEmuPluginBase.obj
 0001:00019050       ?ReloadFarInfoApi@CPluginBase@@IAE_NXZ 1001a050 f   ConEmuPluginBase.obj
 0001:00019290       ?ReloadFarInfo@CPluginBase@@QAE_N_N@Z 1001a290 f   ConEmuPluginBase.obj
 0001:00019560       ?pcc_Selected@CPluginBase@@SI_NW4PluginMenuCommands@@@Z 1001a560 f   ConEmuPluginBase.obj
 0001:000195d0       ?pcc_Disabled@CPluginBase@@SI_NW4PluginMenuCommands@@@Z 1001a5d0 f   ConEmuPluginBase.obj
 0001:00019680       ?TouchReadPeekConsoleInputs@CPluginBase@@SIXH@Z 1001a680 f   ConEmuPluginBase.obj
 0001:000196e0       ?OnConsolePeekReadInput@CPluginBase@@SIX_N@Z 1001a6e0 f   ConEmuPluginBase.obj
 0001:000198e0       ?ActiveServerPID@CESERVER_CONSOLE_MAPPING_HDR@@QBEKXZ 1001a8e0 f i ConEmuPluginBase.obj
 0001:00019920       ?UngetDummyMouseEvent@CPluginBase@@SI_N_NPAUHookCallbackArg@@@Z 1001a920 f   ConEmuPluginBase.obj
 0001:00019b50       ??4HANDLE2@@QAEAAU0@PAX@Z  1001ab50 f i ConEmuPluginBase.obj
 0001:00019b70       ?FillLoadedParm@CPluginBase@@SIXPAUConEmuLoadedArg@@PAUHINSTANCE__@@H@Z 1001ab70 f   ConEmuPluginBase.obj
 0001:00019c50       ?NotifyConEmuUnloaded@CPluginBase@@SIXXZ 1001ac50 f   ConEmuPluginBase.obj
 0001:00019d90       ?OnPanelViewCallbacks@CPluginBase@@SI_NPAUHookCallbackArg@@P6GHPAXPAU_INPUT_RECORD@@KPAKPAH@Z5@Z 1001ad90 f   ConEmuPluginBase.obj
 0001:00019e70       ?OnShellExecuteExW_Except@CPluginBase@@SGXPAUHookCallbackArg@@@Z 1001ae70 f   ConEmuPluginBase.obj
 0001:00019eb0       ?OnGetNumberOfConsoleInputEventsPost@CPluginBase@@SGXPAUHookCallbackArg@@@Z 1001aeb0 f   ConEmuPluginBase.obj
 0001:00019ef0       ?OnConsolePeekInput@CPluginBase@@SGHPAUHookCallbackArg@@@Z 1001aef0 f   ConEmuPluginBase.obj
 0001:00019f70       ?OnConsolePeekInputPost@CPluginBase@@SGXPAUHookCallbackArg@@@Z 1001af70 f   ConEmuPluginBase.obj
 0001:00019fb0       ?OnConsoleReadInputWork@CPluginBase@@SIHPAUHookCallbackArg@@@Z 1001afb0 f   ConEmuPluginBase.obj
 0001:0001a050       ?OnConsoleReadInput@CPluginBase@@SGHPAUHookCallbackArg@@@Z 1001b050 f   ConEmuPluginBase.obj
 0001:0001a060       ?OnConsoleReadInputPost@CPluginBase@@SGXPAUHookCallbackArg@@@Z 1001b060 f   ConEmuPluginBase.obj
 0001:0001a2a0       ?OnWriteConsoleOutput@CPluginBase@@SGHPAUHookCallbackArg@@@Z 1001b2a0 f   ConEmuPluginBase.obj
 0001:0001a380       ?OnConsoleDetaching@CPluginBase@@SGHPAUHookCallbackArg@@@Z 1001b380 f   ConEmuPluginBase.obj
 0001:0001a4b0       ?OnConsoleWasAttached@CPluginBase@@SGXPAUHookCallbackArg@@@Z 1001b4b0 f   ConEmuPluginBase.obj
 0001:0001a520       ?OnCurDirChanged@CPluginBase@@SGXXZ 1001b520 f   ConEmuPluginBase.obj
 0001:0001a5a0       ?OnLibraryLoaded@CPluginBase@@SGXPAUHINSTANCE__@@@Z 1001b5a0 f   ConEmuPluginBase.obj
 0001:0001a620       ?ToUnicode@CPluginBase@@SIPA_WPBD@Z 1001b620 f   ConEmuPluginBase.obj
 0001:0001a6a0       ?ToOem@CPluginBase@@SIXPB_WPADH@Z 1001b6a0 f   ConEmuPluginBase.obj
 0001:0001a6f0       ?ToOem@CPluginBase@@SIPADPB_W@Z 1001b6f0 f   ConEmuPluginBase.obj
 0001:0001a750       ?ProcessDragFrom@CPluginBase@@QAEXXZ 1001b750 f   ConEmuPluginBase.obj
 0001:0001ad40       ?ProcessDragTo@CPluginBase@@QAEXXZ 1001bd40 f   ConEmuPluginBase.obj
 0001:0001b140       ?IsCurrentTabModal@CPluginBase@@QAE_NXZ 1001c140 f   ConEmuPluginBase.obj
 0001:0001b200       ?PrintText@CPluginBase@@QAE_NPB_W@Z 1001c200 f   ConEmuPluginBase.obj
 0001:0001b350       ?Ptr@?$MFileMapping@UCESERVER_CONSOLE_MAPPING_HDR@@@@QAEPAUCESERVER_CONSOLE_MAPPING_HDR@@XZ 1001c350 f i ConEmuPluginBase.obj
 0001:0001b370       ??$wcscpy_c@$0BBE@@@YIHAAY0BBE@_WPB_W@Z 1001c370 f i ConEmuPluginBase.obj
 0001:0001b3a0       ??$wcscat_c@$0BBE@@@YIHAAY0BBE@_WPB_W@Z 1001c3a0 f i ConEmuPluginBase.obj
 0001:0001b3d0       ??$wcscat_c@$0CAE@@@YIHAAY0CAE@_WPB_W@Z 1001c3d0 f i ConEmuPluginBase.obj
 0001:0001b400       ?EvaluateDefaultFontWidth@@YIHHPB_W@Z 1001c400 f   EmergencyShow.obj
 0001:0001b540       ?SetUserFriendlyFont@@YIXPAUHWND__@@HH@Z 1001c540 f   EmergencyShow.obj
 0001:0001ba30       ?CorrectConsolePos@@YIXPAUHWND__@@@Z 1001ca30 f   EmergencyShow.obj
 0001:0001bb70       ?EmergencyShow@@YIXPAUHWND__@@HH@Z 1001cb70 f   EmergencyShow.obj
 0001:0001bcc0       ?IsFileBatch@@YI_NPB_W@Z   1001ccc0 f   Execute.obj
 0001:0001bd40       ?GetImageSubsystem@@YI_NPB_WAAK11@Z 1001cd40 f   Execute.obj
 0001:0001c060       ?GetImageSubsystem@@YI_NAAK0@Z 1001d060 f   Execute.obj
 0001:0001c110       ?GetImageSubsystem@@YI_NU_PROCESS_INFORMATION@@AAK1@Z 1001d110 f   Execute.obj
 0001:0001c300       ?GetEnclosingSectionHeader@@YIPAU_IMAGE_SECTION_HEADER@@KPAUIMAGE_MAPPING@@@Z 1001d300 f   Execute.obj
 0001:0001c390       ?GetPtrFromRVA@@YIPAXKPAUIMAGE_MAPPING@@@Z 1001d390 f   Execute.obj
 0001:0001c3f0       ?FindImageSubsystem@@YI_NPB_WAAK1PAK@Z 1001d3f0 f   Execute.obj
 0001:0001cdd0       ?OnHooksUnloaded@@YGXXZ    1001ddd0 f   HkFunc.obj
 0001:0001cde0       ??0HkFunc@@QAE@XZ          1001dde0 f   HkFunc.obj
 0001:0001ce00       ?Init@HkFunc@@QAE_NPB_WPAUHINSTANCE__@@@Z 1001de00 f   HkFunc.obj
 0001:0001ced0       ?SetInternalMode@HkFunc@@QAEXXZ 1001ded0 f   HkFunc.obj
 0001:0001cef0       ?isConEmuHk@HkFunc@@QAE_NXZ 1001def0 f   HkFunc.obj
 0001:0001cf10       ?HeapInitialize@@YI_NXZ    1001df10 f   Memory.obj
 0001:0001cf40       ?HeapDeinitialize@@YIXXZ   1001df40 f   Memory.obj
 0001:0001cf70       ?xf_malloc@@YAPAXI@Z       1001df70 f   Memory.obj
 0001:0001cfa0       ?xf_calloc@@YAPAXII@Z      1001dfa0 f   Memory.obj
 0001:0001cfd0       ?xf_realloc@@YAPAXPAXI@Z   1001dfd0 f   Memory.obj
 0001:0001d010       ?xf_free@@YAXPAX@Z         1001e010 f   Memory.obj
 0001:0001d040       ?xf_validate@@YA_NPAX@Z    1001e040 f   Memory.obj
 0001:0001d070       ??2@YAPAXI@Z               1001e070 f   Memory.obj
 0001:0001d090       ??_U@YAPAXI@Z              1001e090 f   Memory.obj
 0001:0001d0b0       ??3@YAXPAX@Z               1001e0b0 f   Memory.obj
 0001:0001d0d0       ??_V@YAXPAX@Z              1001e0d0 f   Memory.obj
 0001:0001d0f0       ?GetStartupMonitor@@YIPAUHMONITOR__@@XZ 1001e0f0 f   Monitors.obj
 0001:0001d1e0       ?MonitorFromParam@@YIPAUHMONITOR__@@PB_W@Z 1001e1e0 f   Monitors.obj
 0001:0001d3a0       ?FindMonitorsWorkspace@@YGHPAUHMONITOR__@@PAUHDC__@@PAUtagRECT@@J@Z 1001e3a0 f   Monitors.obj
 0001:0001d420       ?GetAllMonitorsWorkspace@@YI?AUtagRECT@@XZ 1001e420 f   Monitors.obj
 0001:0001d4a0       ?FindPrimaryMonitor@@YGHPAUHMONITOR__@@PAUHDC__@@PAUtagRECT@@J@Z 1001e4a0 f   Monitors.obj
 0001:0001d520       ?GetMonitorInfoSafe@@YI_NPAUHMONITOR__@@AAUtagMONITORINFO@@@Z 1001e520 f   Monitors.obj
 0001:0001d570       ?GetPrimaryMonitorInfo@@YIPAUHMONITOR__@@PAUtagMONITORINFO@@@Z 1001e570 f   Monitors.obj
 0001:0001d620       ?GetNearestMonitorInfo@@YIPAUHMONITOR__@@PAUtagMONITORINFO@@PAU1@PBUtagRECT@@PAUHWND__@@@Z 1001e620 f   Monitors.obj
 0001:0001d710       ?EnumAllMonitors@@YGHPAUHMONITOR__@@PAUHDC__@@PAUtagRECT@@J@Z 1001e710 f   Monitors.obj
 0001:0001d780       ?MonitorSortCallback@@YIHAAU_FindAllMonitorsItem@@0@Z 1001e780 f   Monitors.obj
 0001:0001d7f0       ?GetNextMonitorInfo@@YIPAUHMONITOR__@@PAUtagMONITORINFO@@PBUtagRECT@@_N@Z 1001e7f0 f   Monitors.obj
 0001:0001d9c0       ??0_FindAllMonitors@@QAE@XZ 1001e9c0 f i Monitors.obj
 0001:0001d9e0       ??1_FindAllMonitors@@QAE@XZ 1001e9e0 f i Monitors.obj
 0001:0001da00       ?FindTaskbarWindow@@YIPAUHWND__@@PAUtagRECT@@@Z 1001ea00 f   Monitors.obj
 0001:0001da70       ?IsTaskbarAutoHidden@@YI_NPAUtagRECT@@PAI@Z 1001ea70 f   Monitors.obj
 0001:0001db30       ??0?$MArray@U_FindAllMonitorsItem@@@@QAE@XZ 1001eb30 f i Monitors.obj
 0001:0001db70       ??1?$MArray@U_FindAllMonitorsItem@@@@QAE@XZ 1001eb70 f i Monitors.obj
 0001:0001db90       ??A?$MArray@U_FindAllMonitorsItem@@@@QAEAAU_FindAllMonitorsItem@@H@Z 1001eb90 f i Monitors.obj
 0001:0001dbb0       ?push_back@?$MArray@U_FindAllMonitorsItem@@@@QAEHABU_FindAllMonitorsItem@@@Z 1001ebb0 f i Monitors.obj
 0001:0001dc40       ?size@?$MArray@U_FindAllMonitorsItem@@@@QBEHXZ 1001ec40 f i Monitors.obj
 0001:0001dc60       ?sort@?$MArray@U_FindAllMonitorsItem@@@@QAEXP6IHAAU_FindAllMonitorsItem@@0@Z@Z 1001ec60 f i Monitors.obj
 0001:0001dd50       ?clear@?$MArray@U_FindAllMonitorsItem@@@@QAEXXZ 1001ed50 f i Monitors.obj
 0001:0001dda0       ?addsize@?$MArray@U_FindAllMonitorsItem@@@@QAEXH@Z 1001eda0 f i Monitors.obj
 0001:0001de90       ??0MSection@@QAE@XZ        1001ee90 f   MSection.obj
 0001:0001df40       ??1MSection@@QAE@XZ        1001ef40 f   MSection.obj
 0001:0001dfe0       ?Process_Lock@MSection@@IAEXXZ 1001efe0 f   MSection.obj
 0001:0001e000       ?Process_Unlock@MSection@@IAEXXZ 1001f000 f   MSection.obj
 0001:0001e020       ?ThreadTerminated@MSection@@QAEXK@Z 1001f020 f   MSection.obj
 0001:0001e070       ?AddRef@MSection@@IAEXK@Z  1001f070 f   MSection.obj
 0001:0001e160       ?ReleaseRef@MSection@@IAEHK@Z 1001f160 f   MSection.obj
 0001:0001e230       ?WaitUnlocked@MSection@@IAEXKK@Z 1001f230 f   MSection.obj
 0001:0001e2d0       ?MyEnterCriticalSection@MSection@@IAE_NK@Z 1001f2d0 f   MSection.obj
 0001:0001e440       ?Lock@MSection@@IAEHHK@Z   1001f440 f   MSection.obj
 0001:0001e590       ?Unlock@MSection@@IAEXH@Z  1001f590 f   MSection.obj
 0001:0001e600       ?isLockedExclusive@MSection@@QAE_NXZ 1001f600 f   MSection.obj
 0001:0001e650       ??0MSectionThread@@QAE@PAVMSection@@@Z 1001f650 f   MSection.obj
 0001:0001e680       ??1MSectionThread@@QAE@XZ  1001f680 f   MSection.obj
 0001:0001e6b0       ??0MSectionLock@@QAE@XZ    1001f6b0 f   MSection.obj
 0001:0001e6e0       ??1MSectionLock@@QAE@XZ    1001f6e0 f   MSection.obj
 0001:0001e710       ?Lock@MSectionLock@@QAEHPAVMSection@@HK@Z 1001f710 f   MSection.obj
 0001:0001e790       ?RelockExclusive@MSectionLock@@QAEHK@Z 1001f790 f   MSection.obj
 0001:0001e800       ?Unlock@MSectionLock@@QAEXXZ 1001f800 f   MSection.obj
 0001:0001e840       ?isLocked@MSectionLock@@QAEHH@Z 1001f840 f   MSection.obj
 0001:0001e890       ??0MSectionSimple@@QAE@_N@Z 1001f890 f   MSectionSimple.obj
 0001:0001e8e0       ??1MSectionSimple@@QAE@XZ  1001f8e0 f   MSectionSimple.obj
 0001:0001e900       ?IsInitialized@MSectionSimple@@QAE_NXZ 1001f900 f   MSectionSimple.obj
 0001:0001e940       ?Init@MSectionSimple@@QAEXXZ 1001f940 f   MSectionSimple.obj
 0001:0001e970       ?Close@MSectionSimple@@QAEXXZ 1001f970 f   MSectionSimple.obj
 0001:0001e9a0       ?Enter@MSectionSimple@@QAEXXZ 1001f9a0 f   MSectionSimple.obj
 0001:0001e9c0       ?Leave@MSectionSimple@@QAEXXZ 1001f9c0 f   MSectionSimple.obj
 0001:0001e9e0       ?TryEnter@MSectionSimple@@QAE_NXZ 1001f9e0 f   MSectionSimple.obj
 0001:0001ea20       ?RecreateAndLock@MSectionSimple@@QAE_NXZ 1001fa20 f   MSectionSimple.obj
 0001:0001eab0       ??0MSectionLockSimple@@QAE@XZ 1001fab0 f   MSectionSimple.obj
 0001:0001ead0       ??1MSectionLockSimple@@QAE@XZ 1001fad0 f   MSectionSimple.obj
 0001:0001eaf0       ?Lock@MSectionLockSimple@@QAEHPAUMSectionSimple@@K@Z 1001faf0 f   MSectionSimple.obj
 0001:0001eba0       ?Unlock@MSectionLockSimple@@QAEXXZ 1001fba0 f   MSectionSimple.obj
 0001:0001ebd0       ?isLocked@MSectionLockSimple@@QAEHXZ 1001fbd0 f   MSectionSimple.obj
 0001:0001ebf0       ?NullSecurity@@YIPAU_SECURITY_ATTRIBUTES@@XZ 1001fbf0 f   MSecurity.obj
 0001:0001ec40       ??0MNullDesc@@QAE@XZ       1001fc40 f i MSecurity.obj
 0001:0001eca0       ?NullSecurity@MNullDesc@@QAEPAU_SECURITY_ATTRIBUTES@@XZ 1001fca0 f i MSecurity.obj
 0001:0001eda0       ?LoadAdvApi@MNullDesc@@IAEHXZ 1001fda0 f i MSecurity.obj
 0001:0001eff0       ?UnloadAdvApi@MNullDesc@@IAEXXZ 1001fff0 f i MSecurity.obj
 0001:0001f020       ?LocalSecurity@@YIPAU_SECURITY_ATTRIBUTES@@XZ 10020020 f   MSecurity.obj
 0001:0001f070       ?LocalSecurity@MNullDesc@@QAEPAU_SECURITY_ATTRIBUTES@@XZ 10020070 f i MSecurity.obj
 0001:0001f290       ?ShutdownSecurity@@YIXXZ   10020290 f   MSecurity.obj
 0001:0001f2e0       ??_GMNullDesc@@QAEPAXI@Z   100202e0 f i MSecurity.obj
 0001:0001f310       ??1MNullDesc@@QAE@XZ       10020310 f i MSecurity.obj
 0001:0001f390       ??0MSetter@@QAE@PAJ@Z      10020390 f   MSetter.obj
 0001:0001f3d0       ??0MSetter@@QAE@PA_N@Z     100203d0 f   MSetter.obj
 0001:0001f420       ??0MSetter@@QAE@PAKK@Z     10020420 f   MSetter.obj
 0001:0001f470       ??1MSetter@@QAE@XZ         10020470 f   MSetter.obj
 0001:0001f490       ?Unlock@MSetter@@QAEXXZ    10020490 f   MSetter.obj
 0001:0001f520       ?lstrdup@@YIPADPBD@Z       10020520 f   MStrDup.obj
 0001:0001f590       ?StringCchCopyA@@YGJPADIPBD@Z 10020590 f i MStrDup.obj
 0001:0001f6b0       ?lstrdup@@YIPA_WPB_WI@Z    100206b0 f   MStrDup.obj
 0001:0001f810       ?lstrdupW@@YIPA_WPBDI@Z    10020810 f   MStrDup.obj
 0001:0001f890       ?lstrdupA@@YIPADPB_WIPAH@Z 10020890 f   MStrDup.obj
 0001:0001f970       ?lstrmerge@@YIPA_WPB_W00000000@Z 10020970 f   MStrDup.obj
 0001:0001fac0       ?lstrmerge@@YI_NPAPA_WPB_W1111111@Z 10020ac0 f   MStrDup.obj
 0001:0001fb30       ?msprintf@@YAPB_WPA_WIPB_WZZ 10020b30 f   MStrSafe.obj
 0001:00020150       ?msprintf@@YAPBDPADIPBDZZ  10021150 f   MStrSafe.obj
 0001:000205b0       ?lstrcmpni@@YIHPBD0H@Z     100215b0 f   MStrSafe.obj
 0001:000206e0       ?lstrcmpni@@YIHPB_W0H@Z    100216e0 f   MStrSafe.obj
 0001:00020840       ?startswith@@YIHPB_W0_N@Z  10021840 f   MStrSafe.obj
 0001:000208d0       ??0CPluginBackground@@QAE@XZ 100218d0 f   PluginBackground.obj
 0001:00020b10       ??1CPluginBackground@@QAE@XZ 10021b10 f   PluginBackground.obj
 0001:00020d60       ?RegisterSubplugin@CPluginBackground@@QAEHPAURegisterBackgroundArg@@@Z 10021d60 f   PluginBackground.obj
 0001:00021110       ?ReallocItems@CPluginBackground@@IAEXH@Z 10022110 f   PluginBackground.obj
 0001:00021190       ?OnMainThreadActivated@CPluginBackground@@QAEXHH@Z 10022190 f   PluginBackground.obj
 0001:000212b0       ?SetForceCheck@CPluginBackground@@QAEXXZ 100222b0 f   PluginBackground.obj
 0001:000212e0       ?SetForceUpdate@CPluginBackground@@QAEX_N@Z 100222e0 f   PluginBackground.obj
 0001:00021320       ?SetForceThLoad@CPluginBackground@@QAEXXZ 10022320 f   PluginBackground.obj
 0001:00021360       ?IsParmChanged@CPluginBackground@@IAE_NPAUPaintBackgroundArg@@0@Z 10022360 f   PluginBackground.obj
 0001:00021640       ?CheckPanelFolders@CPluginBackground@@IAEXH@Z 10022640 f   PluginBackground.obj
 0001:00021740       ?SetDcPanelRect@CPluginBackground@@IAEXPAUtagRECT@@PAUBkPanelInfo@@PAUPaintBackgroundArg@@@Z 10022740 f   PluginBackground.obj
 0001:00021880       ?UpdateBackground_Exec@CPluginBackground@@KIXPAURegisterBackgroundArg@@PAUPaintBackgroundArg@@@Z 10022880 f   PluginBackground.obj
 0001:000218d0       ?UpdateBackground@CPluginBackground@@IAEXXZ 100228d0 f   PluginBackground.obj
 0001:00022740       ?LoadThSet@CPluginBackground@@IAEHH@Z 10023740 f   PluginBackground.obj
 0001:00022960       ?MonitorBackground@CPluginBackground@@QAEXXZ 10023960 f   PluginBackground.obj
 0001:00022a10       ?GetTo@?$MFileMapping@UPanelViewSetMapping@@@@QAE_NPAUPanelViewSetMapping@@H@Z 10023a10 f i PluginBackground.obj
 0001:00022a60       ?InitName@?$MFileMapping@UPanelViewSetMapping@@@@QAEPB_WPB_WKK@Z 10023a60 f i PluginBackground.obj
 0001:00022ab0       ?CloseMap@?$MFileMapping@UPanelViewSetMapping@@@@QAEXXZ 10023ab0 f i PluginBackground.obj
 0001:00022b20       ?Open@?$MFileMapping@UPanelViewSetMapping@@@@QAEPAUPanelViewSetMapping@@HH@Z 10023b20 f i PluginBackground.obj
 0001:00022b40       ??0?$MFileMapping@UPanelViewSetMapping@@@@QAE@XZ 10023b40 f i PluginBackground.obj
 0001:00022ba0       ??1?$MFileMapping@UPanelViewSetMapping@@@@QAE@XZ 10023ba0 f i PluginBackground.obj
 0001:00022bc0       ?IsValid@?$MFileMapping@UPanelViewSetMapping@@@@QAE_NXZ 10023bc0 f i PluginBackground.obj
 0001:00022be0       ?ClosePtr@?$MFileMapping@UPanelViewSetMapping@@@@QAEXXZ 10023be0 f i PluginBackground.obj
 0001:00022c10       ?InternalOpenCreate@?$MFileMapping@UPanelViewSetMapping@@@@IAEPAUPanelViewSetMapping@@HHH@Z 10023c10 f i PluginBackground.obj
 0001:00022ed0       ?PlugServerInit@@YIXXZ     10023ed0 f   PluginSrv.obj
 0001:00022ee0       ?PlugServerStart@@YI_NXZ   10023ee0 f   PluginSrv.obj
 0001:00022fe0       ?PlugServerStop@@YIX_N@Z   10023fe0 f   PluginSrv.obj
 0001:00023040       ?cmd_FarSetChanged@@YIXPAUFAR_REQ_FARSETCHANGED@@@Z 10024040 f   PluginSrv.obj
 0001:000230b0       ?PlugServerCommand@@YGHPAXPAUCESERVER_REQ@@AAPAU1@AAK3J@Z 100240b0 f   PluginSrv.obj
 0001:000237c0       ?PlugServerFree@@YGXPAUCESERVER_REQ@@J@Z 100247c0 f   PluginSrv.obj
 0001:000237d0       ?SetOverlapped@?$PipeServer@UCESERVER_REQ@@@@QAEX_N@Z 100247d0 f i PluginSrv.obj
 0001:000237f0       ?SetLoopCommands@?$PipeServer@UCESERVER_REQ@@@@QAEX_N@Z 100247f0 f i PluginSrv.obj
 0001:00023810       ?SetDummyAnswerSize@?$PipeServer@UCESERVER_REQ@@@@QAEXH@Z 10024810 f i PluginSrv.obj
 0001:00023830       ?SetMaxCount@?$PipeServer@UCESERVER_REQ@@@@QAEXH@Z 10024830 f i PluginSrv.obj
 0001:00023870       ?StartPipeServer@?$PipeServer@UCESERVER_REQ@@@@QAE_N_NPB_WJPAU_SECURITY_ATTRIBUTES@@P6GHPAXPAUCESERVER_REQ@@AAPAU3@AAK6J@ZP6GX4J@ZP6GH3J@Z99@Z 10024870 f i PluginSrv.obj
 0001:00023a50       ?StopPipeServer@?$PipeServer@UCESERVER_REQ@@@@QAEX_NAA_N@Z 10024a50 f i PluginSrv.obj
 0001:00024100       ?BreakConnection@?$PipeServer@UCESERVER_REQ@@@@QAEXPAX@Z 10025100 f i PluginSrv.obj
 0001:00024120       ?DumpError@?$PipeServer@UCESERVER_REQ@@@@IAEXPAUPipeInst@1@PB_WH@Z 10025120 f i PluginSrv.obj
 0001:00024210       ?_Disconnect@?$PipeServer@UCESERVER_REQ@@@@IAEXPAUPipeInst@1@_N11@Z 10025210 f i PluginSrv.obj
 0001:00024290       ?StartPipeInstance@?$PipeServer@UCESERVER_REQ@@@@IAE_NPAUPipeInst@1@@Z 10025290 f i PluginSrv.obj
 0001:00024430       ?TerminatePipeThread@?$PipeServer@UCESERVER_REQ@@@@KIXAAPAXABUPipeInst@1@AA_N@Z 10025430 f i PluginSrv.obj
 0001:000244c0       ?_PipeServerThread@?$PipeServer@UCESERVER_REQ@@@@KGKPAX@Z 100254c0 f i PluginSrv.obj
 0001:00024530       ?PipeServerThread@?$PipeServer@UCESERVER_REQ@@@@IAEKPAUPipeInst@1@@Z 10025530 f i PluginSrv.obj
 0001:000248c0       ?PipeServerRead@?$PipeServer@UCESERVER_REQ@@@@IAEHPAUPipeInst@1@@Z 100258c0 f i PluginSrv.obj
 0001:00024c50       ?PipeServerWrite@?$PipeServer@UCESERVER_REQ@@@@IAEHPAUPipeInst@1@PBXKPAKH@Z 10025c50 f i PluginSrv.obj
 0001:00024df0       ?WaitForClient@?$PipeServer@UCESERVER_REQ@@@@IAE_NPAUPipeInst@1@AAH1@Z 10025df0 f i PluginSrv.obj
 0001:000251d0       ?WriteDummyAnswer@?$PipeServer@UCESERVER_REQ@@@@IAEHPAUPipeInst@1@@Z 100261d0 f i PluginSrv.obj
 0001:00025250       ?WaitOverlapped@?$PipeServer@UCESERVER_REQ@@@@IAEHPAUPipeInst@1@PAK@Z 10026250 f i PluginSrv.obj
 0001:00025480       ?AllocRequestBuf@PipeInst@?$PipeServer@UCESERVER_REQ@@@@QAEPAUCESERVER_REQ@@K@Z 10026480 f i PluginSrv.obj
 0001:00025500       ??$wcscpy_c@$0BAE@@@YIHAAY0BAE@_WPB_W@Z 10026500 f i PluginSrv.obj
 0001:00025610       ?SetConEmuEnvHWND@@YIXPB_WPAUHWND__@@@Z 10026610 f   SetEnvVar.obj
 0001:00025660       ?SetConEmuEnvVar@@YIXPAUHWND__@@@Z 10026660 f   SetEnvVar.obj
 0001:000256d0       ?SetConEmuEnvVarChild@@YIXPAUHWND__@@0@Z 100266d0 f   SetEnvVar.obj
 0001:00025700       ?SetConEmuWorkEnvVar@@YIXPAUHINSTANCE__@@@Z 10026700 f   SetEnvVar.obj
 0001:00025880       ??0CEnvStrings@@QAE@PA_W@Z 10026880 f   SetEnvVar.obj
 0001:00025910       ??1CEnvStrings@@QAE@XZ     10026910 f   SetEnvVar.obj
 0001:00025940       ?SetConsoleInfo@@YIHPAUHWND__@@PAU_CONSOLE_INFO@@@Z 10026940 f   WConsole.obj
 0001:00025c00       ?CreateConsoleSection@ConsoleSectionHelper@@QAEPAXXZ 10026c00 f i WConsole.obj
 0001:00025c40       ?GetConsoleSizeInfo@@YIXPAU_CONSOLE_INFO@@@Z 10026c40 f   WConsole.obj
 0001:00025cf0       ?apiGetConsoleScreenBufferInfoEx@@YIHPAXPAUMY_CONSOLE_SCREEN_BUFFER_INFOEX@@@Z 10026cf0 f   WConsole.obj
 0001:00025d60       ?apiSetConsoleScreenBufferInfoEx@@YIHPAXPAUMY_CONSOLE_SCREEN_BUFFER_INFOEX@@@Z 10026d60 f   WConsole.obj
 0001:00025df0       ?apiGetCurrentConsoleFontEx@@YIHPAXHPAUMY_CONSOLE_FONT_INFOEX@@@Z 10026df0 f   WConsole.obj
 0001:00025e70       ?apiSetCurrentConsoleFontEx@@YIHPAXHPAUMY_CONSOLE_FONT_INFOEX@@@Z 10026e70 f   WConsole.obj
 0001:00025ef0       ?apiInitConsoleFontSize@@YIHPAX@Z 10026ef0 f   WConsole.obj
 0001:00025f70       ?apiGetConsoleFontSize@@YIHPAXAAH1AAY0CA@_W@Z 10026f70 f   WConsole.obj
 0001:00026010       ?apiSetConsoleFontSize@@YIHPAXHHPB_W@Z 10027010 f   WConsole.obj
 0001:00026140       ?apiFixFontSizeForBufferSize@@YIHPAXU_COORD@@PADH@Z 10027140 f   WConsole.obj
 0001:00026650       ?SetConsoleFontSizeTo@@YIXPAUHWND__@@HHPB_WGG@Z 10027650 f   WConsole.obj
 0001:00026ac0       ?CreateConsoleData@ConsoleSectionHelper@@QAEPAU_CONSOLE_INFO@@XZ 10027ac0 f i WConsole.obj
 0001:00026b00       ?apiPauseConsoleOutput@@YIHPAUHWND__@@_N@Z 10027b00 f   WConsole.obj
 0001:00026be0       ?apiGetConsoleSelectionInfo@@YIHPAU_CONSOLE_SELECTION_INFO@@@Z 10027be0 f   WConsole.obj
 0001:00026cd0       ?MyGetLargestConsoleWindowSize@@YI?AU_COORD@@PAX@Z 10027cd0 f   WConsole.obj
 0001:00026d50       ??0MSetConTextAttr@@QAE@PAXG@Z 10027d50 f   WConsole.obj
 0001:00026dc0       ??1MSetConTextAttr@@QAE@XZ 10027dc0 f   WConsole.obj
 0001:00026e00       ??0ConsoleSectionHelper@@QAE@XZ 10027e00 f i WConsole.obj
 0001:00026e30       ??1ConsoleSectionHelper@@QAE@XZ 10027e30 f i WConsole.obj
 0001:00026e80       ?SearchAppPaths@@YI_NPB_WAAUCEStr@@_NPAU1@@Z 10027e80 f   WFiles.obj
 0001:000273c0       ?GetFullPathNameEx@@YIPA_WPB_W@Z 100283c0 f   WFiles.obj
 0001:00027470       ?FindFileName@@YI_NPB_WAAUCEStr@@@Z 10028470 f   WFiles.obj
 0001:00027660       ?MakePathProperCase@@YI_NAAUCEStr@@@Z 10028660 f   WFiles.obj
 0001:00027890       ?ReadTextFile@@YIHPB_WKAAPA_WAAK2K@Z 10028890 f   WFiles.obj
 0001:00027ce0       ?WriteTextFile@@YIHPB_W0HK_NPAK@Z 10028ce0 f   WFiles.obj
 0001:00027f70       ?FilesExists@@YI_NPB_W0_NH@Z 10028f70 f   WFiles.obj
 0001:000280c0       ?IsDotsName@@YI_NPB_W@Z    100290c0 f   WFiles.obj
 0001:00028120       ?FileExistSubDir@@YI_NPB_W0HAAUCEStr@@@Z 10029120 f   WFiles.obj
 0001:00028320       ?DirectoryExists@@YI_NPB_W@Z 10029320 f   WFiles.obj
 0001:00028480       ?MyCreateDirectory@@YI_NPA_W@Z 10029480 f   WFiles.obj
 0001:00028590       ?FileCompare@@YI_NPB_W0@Z  10029590 f   WFiles.obj
 0001:000287b0       ?apiCancelSynchronousIo@@YIHPAX@Z 100297b0 f   WFiles.obj
 0001:00028840       ?HasZoneIdentifier@@YI_NPB_WAAH@Z 10029840 f   WFiles.obj
 0001:00028900       ?DropZoneIdentifier@@YI_NPB_WAAK@Z 10029900 f   WFiles.obj
 0001:000289b0       ?IsModuleValid@@YI_NPAUHINSTANCE__@@H@Z 100299b0 f   WModuleCheck.obj
 0001:00028af0       ?CheckCallbackPtr@@YI_NPAUHINSTANCE__@@IPAP6GHXZHHH@Z 10029af0 f   WModuleCheck.obj
 0001:00028c40       ?getWindowInfo@@YIXPAUHWND__@@AAY0EAA@_W_NPAK@Z 10029c40 f   WObjects.obj
 0001:00028e00       ?FileExists@@YI_NPB_WPAK@Z 10029e00 f   WObjects.obj
 0001:00028fe0       ?apiSearchPath@@YIHPB_W00AAUCEStr@@@Z 10029fe0 f   WObjects.obj
 0001:00029140       ?apiGetFullPathName@@YIHPB_WAAUCEStr@@@Z 1002a140 f   WObjects.obj
 0001:00029290       ?FileSearchInDir@@YI_NPB_WAAUCEStr@@@Z 1002a290 f   WObjects.obj
 0001:00029450       ?FileExistsSearch@@YI_NPB_WAAUCEStr@@_N2@Z 1002a450 f   WObjects.obj
 0001:00029560       ?GetShortFileName@@YI_NPB_WHPA_WH@Z 1002a560 f   WObjects.obj
 0001:00029770       ?GetShortFileNameEx@@YIPA_WPB_WH@Z 1002a770 f   WObjects.obj
 0001:00029ba0       ?GetModulePathName@@YIKPAUHINSTANCE__@@AAUCEStr@@@Z 1002aba0 f   WObjects.obj
 0001:00029c50       ?IsWine@@YI_NXZ            1002ac50 f   WObjects.obj
 0001:00029d70       ?IsWinPE@@YI_NXZ           1002ad70 f   WObjects.obj
 0001:00029de0       ?GetOsVersionInformational@@YI_NPAU_OSVERSIONINFOW@@@Z 1002ade0 f   WObjects.obj
 0001:00029e10       ?IsWinVerOrHigher@@YI_NG@Z 1002ae10 f   WObjects.obj
 0001:00029ec0       ?IsWinVerEqual@@YI_NG@Z    1002aec0 f   WObjects.obj
 0001:00029f70       ?IsWin2kEql@@YI_NXZ        1002af70 f   WObjects.obj
 0001:00029fb0       ?IsWin5family@@YI_NXZ      1002afb0 f   WObjects.obj
 0001:0002a040       ?IsWinXPSP1@@YI_NXZ        1002b040 f   WObjects.obj
 0001:0002a100       ?IsWin6@@YI_NXZ            1002b100 f   WObjects.obj
 0001:0002a140       ?IsWin7@@YI_NXZ            1002b140 f   WObjects.obj
 0001:0002a180       ?IsWin8@@YI_NXZ            1002b180 f   WObjects.obj
 0001:0002a1c0       ?IsWin8_1@@YI_NXZ          1002b1c0 f   WObjects.obj
 0001:0002a200       ?IsWin10@@YI_NXZ           1002b200 f   WObjects.obj
 0001:0002a2a0       ?IsDbcs@@YI_NXZ            1002b2a0 f   WObjects.obj
 0001:0002a2c0       ?IsWindows64@@YI_NXZ       1002b2c0 f   WObjects.obj
 0001:0002a350       ?IsHwFullScreenAvailable@@YI_NXZ 1002b350 f   WObjects.obj
 0001:0002a3f0       ?IsVsNetHostExe@@YI_NPB_W@Z 1002b3f0 f   WObjects.obj
 0001:0002a470       ?IsGDB@@YI_NPB_W@Z         1002b470 f   WObjects.obj
 0001:0002a4c0       ?GetProcessBits@@YIHKPAX@Z 1002b4c0 f   WObjects.obj
 0001:0002a5e0       ?GetProcessInfo@@YI_NKPAUtagPROCESSENTRY32W@@@Z 1002b5e0 f   WObjects.obj
 0001:0002a6d0       ?isTerminalMode@@YI_NXZ    1002b6d0 f   WObjects.obj
 0001:0002a9f0       ?ExpandMacroValues@@YIPA_WPB_WPAPB_WI@Z 1002b9f0 f   WObjects.obj
 0001:0002abb0       ?ExpandEnvStr@@YIPA_WPB_W@Z 1002bbb0 f   WObjects.obj
 0001:0002ac90       ?GetEnvVar@@YIPA_WPB_W@Z   1002bc90 f   WObjects.obj
 0001:0002ad60       ?GetComspecFromEnvVar@@YIPB_WPA_WKW4ComSpecBits@@@Z 1002bd60 f   WObjects.obj
 0001:0002afe0       ?GetComspec@@YIPA_WPBUConEmuComspec@@@Z 1002bfe0 f   WObjects.obj
 0001:0002b220       ?IsExportEnvVarAllowed@@YI_NPB_W@Z 1002c220 f   WObjects.obj
 0001:0002b290       ?ApplyExportEnvVar@@YIXPB_W@Z 1002c290 f   WObjects.obj
 0001:0002b310       ?CoordInSmallRect@@YI_NABU_COORD@@ABU_SMALL_RECT@@@Z 1002c310 f   WObjects.obj
 0001:0002b380       ?GetCpFromString@@YIIPB_WPAPB_W@Z 1002c380 f   WObjects.obj
 0001:0002b4f0       ??$wcscpy_c@$0EAA@@@YIHAAY0EAA@_WPB_W@Z 1002c4f0 f i WObjects.obj
 0001:0002b520       ??$wcscpy_c@$0BAA@@@YIHAAY0BAA@_WPB_W@Z 1002c520 f i WObjects.obj
 0001:0002b550       ?apiThreadHelper@@YGKPAX@Z 1002c550 f   WThreads.obj
 0001:0002b6d0       ?apiCreateThread@@YIPAXP6GKPAX@Z0PAKPBDH@Z 1002c6d0 f   WThreads.obj
 0001:0002b840       ??0ConEmuThreadStartArg@@QAE@P6GKPAX@Z0K@Z 1002c840 f i WThreads.obj
 0001:0002b880       ?apiTerminateThreadEx@@YIHPAXKPBDH@Z 1002c880 f   WThreads.obj
 0001:0002b990       ?SetThreadName@@YIXKPAD@Z  1002c990 f   WThreads.obj
 0001:0002ba20       ?apiSetForegroundWindow@@YI_NPAUHWND__@@@Z 1002ca20 f   WUser.obj
 0001:0002ba50       ?apiShowWindow@@YI_NPAUHWND__@@H@Z 1002ca50 f   WUser.obj
 0001:0002ba80       ?apiShowWindowAsync@@YI_NPAUHWND__@@H@Z 1002ca80 f   WUser.obj
 0001:0002bab0       ?IsUserAdmin@@YI_NXZ       1002cab0 f   WUser.obj
 0001:0002bba0       ?GetLogonSID@@YI_NPAXPAPA_W@Z 1002cba0 f   WUser.obj
 0001:0002bcc0       ?DuplicateProcessHandle@@YIPAXK@Z 1002ccc0 f   WUser.obj
 0001:0002bd30       ?FindComspec@@YIXPAUConEmuComspec@@_N@Z 1002cd30 f   WUser.obj
 0001:0002c700       ?UpdateComspec@@YIXPAUConEmuComspec@@_N@Z 1002d700 f   WUser.obj
 0001:0002ca40       ?SetEnvVarExpanded@@YIXPB_W0@Z 1002da40 f   WUser.obj
 0001:0002cc14       _lstrlenW@4                1002dc14 f   kernel32:KERNEL32.dll
 0001:0002cc1a       _SetEnvironmentVariableW@8 1002dc1a f   kernel32:KERNEL32.dll
 0001:0002cc20       _lstrcpynW@12              1002dc20 f   kernel32:KERNEL32.dll
 0001:0002cc26       _lstrcmpiW@8               1002dc26 f   kernel32:KERNEL32.dll
 0001:0002cc2c       _lstrcmpW@8                1002dc2c f   kernel32:KERNEL32.dll
 0001:0002cc32       _GetCurrentDirectoryW@8    1002dc32 f   kernel32:KERNEL32.dll
 0001:0002cc38       _GetProcAddress@8          1002dc38 f   kernel32:KERNEL32.dll
 0001:0002cc3e       _GetModuleHandleW@4        1002dc3e f   kernel32:KERNEL32.dll
 0001:0002cc44       _GetModuleFileNameW@12     1002dc44 f   kernel32:KERNEL32.dll
 0001:0002cc4a       _SetNamedPipeHandleState@16 1002dc4a f   kernel32:KERNEL32.dll
 0001:0002cc50       _GetCurrentProcessId@0     1002dc50 f   kernel32:KERNEL32.dll
 0001:0002cc56       _Sleep@4                   1002dc56 f   kernel32:KERNEL32.dll
 0001:0002cc5c       _SetLastError@4            1002dc5c f   kernel32:KERNEL32.dll
 0001:0002cc62       _WaitNamedPipeW@8          1002dc62 f   kernel32:KERNEL32.dll
 0001:0002cc68       _WaitForSingleObject@8     1002dc68 f   kernel32:KERNEL32.dll
 0001:0002cc6e       _GetLastError@0            1002dc6e f   kernel32:KERNEL32.dll
 0001:0002cc74       _CreateFileW@28            1002dc74 f   kernel32:KERNEL32.dll
 0001:0002cc7a       _GetTickCount@0            1002dc7a f   kernel32:KERNEL32.dll
 0001:0002cc80       _IsDebuggerPresent@0       1002dc80 f   kernel32:KERNEL32.dll
 0001:0002cc86       _GetCurrentThreadId@0      1002dc86 f   kernel32:KERNEL32.dll
 0001:0002cc8c       _ReadFile@20               1002dc8c f   kernel32:KERNEL32.dll
 0001:0002cc92       _CloseHandle@4             1002dc92 f   kernel32:KERNEL32.dll
 0001:0002cc98       _TransactNamedPipe@28      1002dc98 f   kernel32:KERNEL32.dll
 0001:0002cc9e       _WriteFile@20              1002dc9e f   kernel32:KERNEL32.dll
 0001:0002cca4       _GetConsoleWindow@0        1002dca4 f   kernel32:KERNEL32.dll
 0001:0002ccaa       _UnmapViewOfFile@4         1002dcaa f   kernel32:KERNEL32.dll
 0001:0002ccb0       _MapViewOfFile@20          1002dcb0 f   kernel32:KERNEL32.dll
 0001:0002ccb6       _OpenFileMappingW@12       1002dcb6 f   kernel32:KERNEL32.dll
 0001:0002ccbc       _LoadLibraryW@4            1002dcbc f   kernel32:KERNEL32.dll
 0001:0002ccc2       _CreateFileMappingW@24     1002dcc2 f   kernel32:KERNEL32.dll
 0001:0002ccc8       _VirtualProtect@16         1002dcc8 f   kernel32:KERNEL32.dll
 0001:0002ccce       _lstrcpyW@8                1002dcce f   kernel32:KERNEL32.dll
 0001:0002ccd4       _MultiByteToWideChar@24    1002dcd4 f   kernel32:KERNEL32.dll
 0001:0002ccda       _lstrcpynA@12              1002dcda f   kernel32:KERNEL32.dll
 0001:0002cce0       _lstrlenA@4                1002dce0 f   kernel32:KERNEL32.dll
 0001:0002cce6       _WideCharToMultiByte@32    1002dce6 f   kernel32:KERNEL32.dll
 0001:0002ccec       _lstrcpyA@8                1002dcec f   kernel32:KERNEL32.dll
 0001:0002ccf2       _Module32NextW@8           1002dcf2 f   kernel32:KERNEL32.dll
 0001:0002ccf8       _Module32FirstW@8          1002dcf8 f   kernel32:KERNEL32.dll
 0001:0002ccfe       _CreateToolhelp32Snapshot@8 1002dcfe f   kernel32:KERNEL32.dll
 0001:0002cd04       _GetConsoleCursorInfo@8    1002dd04 f   kernel32:KERNEL32.dll
 0001:0002cd0a       _GetConsoleScreenBufferInfo@8 1002dd0a f   kernel32:KERNEL32.dll
 0001:0002cd10       _GetStdHandle@4            1002dd10 f   kernel32:KERNEL32.dll
 0001:0002cd16       _InterlockedIncrement@4    1002dd16 f   kernel32:KERNEL32.dll
 0001:0002cd1c       _GetConsoleTitleW@8        1002dd1c f   kernel32:KERNEL32.dll
 0001:0002cd22       _DeleteFileW@4             1002dd22 f   kernel32:KERNEL32.dll
 0001:0002cd28       _Thread32Next@8            1002dd28 f   kernel32:KERNEL32.dll
 0001:0002cd2e       _Thread32First@8           1002dd2e f   kernel32:KERNEL32.dll
 0001:0002cd34       _GetConsoleMode@8          1002dd34 f   kernel32:KERNEL32.dll
 0001:0002cd3a       _GetExitCodeProcess@8      1002dd3a f   kernel32:KERNEL32.dll
 0001:0002cd40       _CreateProcessW@40         1002dd40 f   kernel32:KERNEL32.dll
 0001:0002cd46       _SetConsoleMode@8          1002dd46 f   kernel32:KERNEL32.dll
 0001:0002cd4c       _GetEnvironmentStringsW@0  1002dd4c f   kernel32:KERNEL32.dll
 0001:0002cd52       _lstrcatW@8                1002dd52 f   kernel32:KERNEL32.dll
 0001:0002cd58       _GetEnvironmentVariableW@12 1002dd58 f   kernel32:KERNEL32.dll
 0001:0002cd5e       _WaitForMultipleObjects@16 1002dd5e f   kernel32:KERNEL32.dll
 0001:0002cd64       _CreateEventW@16           1002dd64 f   kernel32:KERNEL32.dll
 0001:0002cd6a       _SetConsoleTitleW@4        1002dd6a f   kernel32:KERNEL32.dll
 0001:0002cd70       _CreateSemaphoreW@16       1002dd70 f   kernel32:KERNEL32.dll
 0001:0002cd76       _ResetEvent@4              1002dd76 f   kernel32:KERNEL32.dll
 0001:0002cd7c       _TerminateProcess@8        1002dd7c f   kernel32:KERNEL32.dll
 0001:0002cd82       _GetCurrentProcess@0       1002dd82 f   kernel32:KERNEL32.dll
 0001:0002cd88       _SetEvent@4                1002dd88 f   kernel32:KERNEL32.dll
 0001:0002cd8e       _IsBadStringPtrW@8         1002dd8e f   kernel32:KERNEL32.dll
 0001:0002cd94       _InterlockedDecrement@4    1002dd94 f   kernel32:KERNEL32.dll
 0001:0002cd9a       _ReleaseSemaphore@12       1002dd9a f   kernel32:KERNEL32.dll
 0001:0002cda0       _WriteConsoleInputW@16     1002dda0 f   kernel32:KERNEL32.dll
 0001:0002cda6       _GetNumberOfConsoleInputEvents@8 1002dda6 f   kernel32:KERNEL32.dll
 0001:0002cdac       _ReadConsoleInputW@16      1002ddac f   kernel32:KERNEL32.dll
 0001:0002cdb2       _PeekConsoleInputW@16      1002ddb2 f   kernel32:KERNEL32.dll
 0001:0002cdb8       _SuspendThread@4           1002ddb8 f   kernel32:KERNEL32.dll
 0001:0002cdbe       _ResumeThread@4            1002ddbe f   kernel32:KERNEL32.dll
 0001:0002cdc4       _VerifyVersionInfoW@16     1002ddc4 f   kernel32:KERNEL32.dll
 0001:0002cdca       _VerSetConditionMask@16    1002ddca f   kernel32:KERNEL32.dll
 0001:0002cdd0       _ReleaseMutex@4            1002ddd0 f   kernel32:KERNEL32.dll
 0001:0002cdd6       _CreateMutexW@12           1002ddd6 f   kernel32:KERNEL32.dll
 0001:0002cddc       _SetFilePointer@16         1002dddc f   kernel32:KERNEL32.dll
 0001:0002cde2       _GetFileInformationByHandle@8 1002dde2 f   kernel32:KERNEL32.dll
 0001:0002cde8       _ReadProcessMemory@20      1002dde8 f   kernel32:KERNEL32.dll
 0001:0002cdee       _FreeLibrary@4             1002ddee f   kernel32:KERNEL32.dll
 0001:0002cdf4       _ExpandEnvironmentStringsW@12 1002ddf4 f   kernel32:KERNEL32.dll
 0001:0002cdfa       _SearchPathW@24            1002ddfa f   kernel32:KERNEL32.dll
 0001:0002ce00       _DebugBreak@0              1002de00 f   kernel32:KERNEL32.dll
 0001:0002ce06       _HeapCreate@12             1002de06 f   kernel32:KERNEL32.dll
 0001:0002ce0c       _HeapDestroy@4             1002de0c f   kernel32:KERNEL32.dll
 0001:0002ce12       _HeapAlloc@12              1002de12 f   kernel32:KERNEL32.dll
 0001:0002ce18       _HeapReAlloc@16            1002de18 f   kernel32:KERNEL32.dll
 0001:0002ce1e       _HeapFree@12               1002de1e f   kernel32:KERNEL32.dll
 0001:0002ce24       _HeapValidate@12           1002de24 f   kernel32:KERNEL32.dll
 0001:0002ce2a       _GetStartupInfoW@4         1002de2a f   kernel32:KERNEL32.dll
 0001:0002ce30       _OpenThread@12             1002de30 f   kernel32:KERNEL32.dll
 0001:0002ce36       _InitializeCriticalSection@4 1002de36 f   kernel32:KERNEL32.dll
 0001:0002ce3c       _DeleteCriticalSection@4   1002de3c f   kernel32:KERNEL32.dll
 0001:0002ce42       _EnterCriticalSection@4    1002de42 f   kernel32:KERNEL32.dll
 0001:0002ce48       _LeaveCriticalSection@4    1002de48 f   kernel32:KERNEL32.dll
 0001:0002ce4e       _TryEnterCriticalSection@4 1002de4e f   kernel32:KERNEL32.dll
 0001:0002ce54       _LocalFree@4               1002de54 f   kernel32:KERNEL32.dll
 0001:0002ce5a       _LocalAlloc@8              1002de5a f   kernel32:KERNEL32.dll
 0001:0002ce60       _lstrcmpiA@8               1002de60 f   kernel32:KERNEL32.dll
 0001:0002ce66       _GetExitCodeThread@8       1002de66 f   kernel32:KERNEL32.dll
 0001:0002ce6c       _DisconnectNamedPipe@4     1002de6c f   kernel32:KERNEL32.dll
 0001:0002ce72       _SetThreadPriority@8       1002de72 f   kernel32:KERNEL32.dll
 0001:0002ce78       _FlushFileBuffers@4        1002de78 f   kernel32:KERNEL32.dll
 0001:0002ce7e       _GetOverlappedResult@16    1002de7e f   kernel32:KERNEL32.dll
 0001:0002ce84       _ConnectNamedPipe@8        1002de84 f   kernel32:KERNEL32.dll
 0001:0002ce8a       _CreateNamedPipeW@32       1002de8a f   kernel32:KERNEL32.dll
 0001:0002ce90       _FreeEnvironmentStringsW@4 1002de90 f   kernel32:KERNEL32.dll
 0001:0002ce96       _SetConsoleWindowInfo@12   1002de96 f   kernel32:KERNEL32.dll
 0001:0002ce9c       _GetConsoleOutputCP@0      1002de9c f   kernel32:KERNEL32.dll
 0001:0002cea2       _GetLargestConsoleWindowSize@4 1002dea2 f   kernel32:KERNEL32.dll
 0001:0002cea8       _SetConsoleTextAttribute@8 1002dea8 f   kernel32:KERNEL32.dll
 0001:0002ceae       _FindClose@4               1002deae f   kernel32:KERNEL32.dll
 0001:0002ceb4       _FindFirstFileW@8          1002deb4 f   kernel32:KERNEL32.dll
 0001:0002ceba       _GetFileSize@8             1002deba f   kernel32:KERNEL32.dll
 0001:0002cec0       _FindNextFileW@8           1002dec0 f   kernel32:KERNEL32.dll
 0001:0002cec6       _CreateDirectoryW@8        1002dec6 f   kernel32:KERNEL32.dll
 0001:0002cecc       _GetFileSizeEx@8           1002decc f   kernel32:KERNEL32.dll
 0001:0002ced2       _GetPrivateProfileIntW@16  1002ded2 f   kernel32:KERNEL32.dll
 0001:0002ced8       _WritePrivateProfileStringW@16 1002ded8 f   kernel32:KERNEL32.dll
 0001:0002cede       _IsBadReadPtr@8            1002dede f   kernel32:KERNEL32.dll
 0001:0002cee4       _VirtualFree@12            1002dee4 f   kernel32:KERNEL32.dll
 0001:0002ceea       _VirtualAlloc@16           1002deea f   kernel32:KERNEL32.dll
 0001:0002cef0       _GetSystemInfo@4           1002def0 f   kernel32:KERNEL32.dll
 0001:0002cef6       _GetFullPathNameW@16       1002def6 f   kernel32:KERNEL32.dll
 0001:0002cefc       _GetVersionExW@4           1002defc f   kernel32:KERNEL32.dll
 0001:0002cf02       _OpenProcess@12            1002df02 f   kernel32:KERNEL32.dll
 0001:0002cf08       _Process32NextW@8          1002df08 f   kernel32:KERNEL32.dll
 0001:0002cf0e       _Process32FirstW@8         1002df0e f   kernel32:KERNEL32.dll
 0001:0002cf14       _GetWindowsDirectoryW@8    1002df14 f   kernel32:KERNEL32.dll
 0001:0002cf1a       _CreateThread@24           1002df1a f   kernel32:KERNEL32.dll
 0001:0002cf20       _TerminateThread@8         1002df20 f   kernel32:KERNEL32.dll
 0001:0002cf26       _RaiseException@16         1002df26 f   kernel32:KERNEL32.dll
 0001:0002cf2c       _DuplicateHandle@28        1002df2c f   kernel32:KERNEL32.dll
[...]
 0003:00002a50       ?gnMsgTabChanged@@3IA      1004ba50     ConEmuPluginBase.obj
 0003:00002a54       ?csTabs@@3PAVMSection@@A   1004ba54     ConEmuPluginBase.obj
 0003:00002a58       ?gbPlugKeyChanged@@3HA     1004ba58     ConEmuPluginBase.obj
 0003:00002a5c       ?ghRegMonitorKey@@3PAUHKEY__@@A 1004ba5c     ConEmuPluginBase.obj
 0003:00002a60       ?ghRegMonitorEvt@@3PAXA    1004ba60     ConEmuPluginBase.obj
 0003:00002a64       ?ghPluginSemaphore@@3PAXA  1004ba64     ConEmuPluginBase.obj
 0003:00002a68       ?gsFarLang@@3PA_WA         1004ba68     ConEmuPluginBase.obj
 0003:00002ae8       ?gbNeedPostTabSend@@3HA    1004bae8     ConEmuPluginBase.obj
 0003:00002aec       ?gbNeedPostEditCheck@@3HA  1004baec     ConEmuPluginBase.obj
 0003:00002af0       ?gbNeedPostReloadFarInfo@@3HA 1004baf0     ConEmuPluginBase.obj
 0003:00002af4       ?gnNeedPostTabSendTick@@3KA 1004baf4     ConEmuPluginBase.obj
 0003:00002af8       ?gpConMapInfo@@3PBUCESERVER_CONSOLE_MAPPING_HDR@@B 1004baf8     ConEmuPluginBase.obj
 0003:00002afc       ?gbStartedUnderConsole2@@3HA 1004bafc     ConEmuPluginBase.obj
 0003:00002b00       ?gnSelfPID@@3KA            1004bb00     ConEmuPluginBase.obj
 0003:00002b04       ?ghFarInfoMapping@@3PAXA   1004bb04     ConEmuPluginBase.obj
 0003:00002b08       ?gpFarInfo@@3PAUCEFAR_INFO_MAPPING@@A 1004bb08     ConEmuPluginBase.obj
 0003:00002b0c       ?gpFarInfoMapping@@3PAUCEFAR_INFO_MAPPING@@A 1004bb0c     ConEmuPluginBase.obj
 0003:00002b10       ?ghFarAliveEvent@@3PAXA    1004bb10     ConEmuPluginBase.obj
 0003:00002b14       ?gPanelRegLeft@@3UPanelViewRegInfo@@A 1004bb14     ConEmuPluginBase.obj
 0003:00002b2c       ?gPanelRegRight@@3UPanelViewRegInfo@@A 1004bb2c     ConEmuPluginBase.obj
 0003:00002b44       ?ghConEmuCtrlPressed@@3PAXA 1004bb44     ConEmuPluginBase.obj
 0003:00002b48       ?ghConEmuShiftPressed@@3PAXA 1004bb48     ConEmuPluginBase.obj
 0003:00002b4c       ?gbWaitConsoleInputEmpty@@3HA 1004bb4c     ConEmuPluginBase.obj
 0003:00002b50       ?gbWaitConsoleWrite@@3HA   1004bb50     ConEmuPluginBase.obj
 0003:00002b54       ?ghConsoleInputEmpty@@3PAXA 1004bb54     ConEmuPluginBase.obj
 0003:00002b58       ?ghConsoleWrite@@3PAXA     1004bb58     ConEmuPluginBase.obj
 0003:00002b5c       ?gnSynchroCount@@3HA       1004bb5c     ConEmuPluginBase.obj
 0003:00002b60       ?gbSynchroProhibited@@3_NA 1004bb60     ConEmuPluginBase.obj
 0003:00002b61       ?gbInputSynchroPending@@3_NA 1004bb61     ConEmuPluginBase.obj
 0003:00002b78       ?hkFunc@@3UHkFunc@@A       1004bb78     HkFunc.obj
 0003:00002b7c       ?AssertMsgBox@@3P6IHPB_WI0PAUHWND__@@_N@ZA 1004bb7c     MAssert.obj
 0003:00002b80       ?gfnHooksUnlockerProc@@3P6I_N_N@ZA 1004bb80     MAssert.obj
 0003:00002b84       ?ghHeap@@3PAXA             1004bb84     Memory.obj
 0003:00002b88       ?gNullDesc@@3PAVMNullDesc@@A 1004bb88     MSecurity.obj
 0003:00002b8c       ?gbNeedBgActivate@@3HA     1004bb8c     PluginBackground.obj
 0003:00002b90       ?gbBgPluginsAllowed@@3HA   1004bb90     PluginBackground.obj
 0003:00002b94       ?gpBgPlugin@@3PAVCPluginBackground@@A 1004bb94     PluginBackground.obj
 0003:00002b98       ?gszPluginServerPipe@@3PA_WA 1004bb98     PluginSrv.obj
 0003:00002da0       ?gpPlugServer@@3PAU?$PipeServer@UCESERVER_REQ@@@@A 1004bda0     PluginSrv.obj
 0003:00002da4       ?ghServerTerminateEvent@@3PAXA 1004bda4     PluginSrv.obj
 0003:00002da8       ?gbForcedServerTermination@@3_NA 1004bda8     PluginSrv.obj
 0003:00002db0       ?g_LastSetConsoleFont@@3UMY_CONSOLE_FONT_INFOEX@@A 1004bdb0     WConsole.obj
 0003:00002e08       ?gsMapHelper@@3UConsoleSectionHelper@@A 1004be08     WConsole.obj
 0003:00002e68       ?gfnSearchAppPaths@@3P6I_NPB_WAAUCEStr@@_NPAU1@@ZA 1004be68     WObjects.obj
 0003:0000a6a0       ?g_ThreadsIdx@@3JA         100536a0     WThreads.obj
 0003:0000a6a8       __aenvptr                  100536a8     LIBCMT:dllcrt0.obj
 0003:0000a6ac       __wenvptr                  100536ac     LIBCMT:dllcrt0.obj
 0003:0000a6b0       ___error_mode              100536b0     LIBCMT:dllcrt0.obj
 0003:0000a6b4       ___app_type                100536b4     LIBCMT:dllcrt0.obj
 0003:0000a9cc       _gpFlsAlloc                100539cc     LIBCMT:tidtable.obj
 0003:0000a9d0       _gpFlsGetValue             100539d0     LIBCMT:tidtable.obj
 0003:0000a9d4       _gpFlsSetValue             100539d4     LIBCMT:tidtable.obj
 0003:0000a9d8       _gpFlsFree                 100539d8     LIBCMT:tidtable.obj
 0003:0000a9e4       ___pPurecall               100539e4     LIBCMT:inithelp.obj
 0003:0000a9ec       ___mbulinfo                100539ec     LIBCMT:mbctype.obj
 0003:0000a9f8       ___mbcodepage              100539f8     LIBCMT:mbctype.obj
 0003:0000a9fc       ___ismbcodepage            100539fc     LIBCMT:mbctype.obj
 0003:0000aa00       ___mblcid                  10053a00     LIBCMT:mbctype.obj
 0003:0000aa04       ___locale_changed          10053a04     LIBCMT:setlocal.obj
 0003:0000aa08       ___lc_handle               10053a08     LIBCMT:nlsdata2.obj
 0003:0000aa20       ___lc_codepage             10053a20     LIBCMT:nlsdata2.obj
 0003:0000aa24       ___lc_collate_cp           10053a24     LIBCMT:nlsdata2.obj
 0003:0000aa28       ___pInvalidArgHandler      10053a28     LIBCMT:invarg.obj
 0003:0000aa2c       __maxwait                  10053a2c     LIBCMT:crtheap.obj
 0003:0000aa30       __umaskval                 10053a30     LIBCMT:crt0dat.obj
 0003:0000aa34       ___argc                    10053a34     LIBCMT:crt0dat.obj
 0003:0000aa38       ___argv                    10053a38     LIBCMT:crt0dat.obj
 0003:0000aa3c       ___wargv                   10053a3c     LIBCMT:crt0dat.obj
 0003:0000aa40       __environ                  10053a40     LIBCMT:crt0dat.obj
 0003:0000aa44       ___initenv                 10053a44     LIBCMT:crt0dat.obj
 0003:0000aa48       __wenviron                 10053a48     LIBCMT:crt0dat.obj
 0003:0000aa4c       ___winitenv                10053a4c     LIBCMT:crt0dat.obj
 0003:0000aa50       __pgmptr                   10053a50     LIBCMT:crt0dat.obj
 0003:0000aa54       __wpgmptr                  10053a54     LIBCMT:crt0dat.obj
 0003:0000aa58       __exitflag                 10053a58     LIBCMT:crt0dat.obj
 0003:0000aa5c       __C_Termination_Done       10053a5c     LIBCMT:crt0dat.obj
 0003:0000aa60       __C_Exit_Done              10053a60     LIBCMT:crt0dat.obj
 0003:0000abfc       __crtheap                  10053bfc     LIBCMT:heapinit.obj
 0003:0000ad84       ___lconv_static_null       10053d84     LIBCMT:lconv.obj
 0003:0000ad88       ___sbh_pHeaderDefer        10053d88     LIBCMT:sbheap.obj
 0003:0000ad8c       ?__pInconsistency@@3P6AXXZA 10053d8c     LIBCMT:hooks.obj
 0003:0000ad98       ?_pnhHeap@@3P6AHI@ZA       10053d98     LIBCMT:handler.obj
 0003:0000b180       __newmode                  10054180     LIBCMT:_newmode.obj
 0003:0000b188       ___sbh_initialized         10054188     <common>
 0003:0000b18c       ___sbh_cntHeaderList       1005418c     <common>
 0003:0000b190       ___sbh_pHeaderList         10054190     <common>
 0003:0000b194       ___sbh_threshold           10054194     <common>
 0003:0000b198       ___sbh_pHeaderScan         10054198     <common>
 0003:0000b19c       ___sbh_sizeHeaderList      1005419c     <common>
 0003:0000b1a0       ___sbh_indGroupDefer       100541a0     <common>
 0003:0000b1a4       __debugger_hook_dummy      100541a4     <common>
 0003:0000b1a8       ___active_heap             100541a8     <common>
 0003:0000b1ac       __nhandle                  100541ac     <common>
 0003:0000b1c0       ___pioinfo                 100541c0     <common>
 0003:0000b2c0       __pDestructExceptionObject 100542c0     <common>
 0003:0000b2c4       ___env_initialized         100542c4     <common>
 0003:0000b2c8       ___onexitend               100542c8     <common>
 0003:0000b2cc       ___onexitbegin             100542cc     <common>
 0003:0000b2d0       ___mbctype_initialized     100542d0     <common>
 0003:0000b2d4       __FPinit                   100542d4     <common>
 0003:0000b2d8       ___dyn_tls_init_callback   100542d8     <common>
 0003:0000b2dc       ___setlc_active            100542dc     <common>
 0003:0000b2e0       ___unguarded_readlc_active 100542e0     <common>
 0003:0000b2e4       ___sse2_available          100542e4     <common>
 0003:0000b2e8       __acmdln                   100542e8     <common>

 entry point at        0001:0003100c

 Static symbols

 0001:00000630       ?StringValidateDestW@@YGJPB_WII@Z 10001630 f   CEStr.obj
 0001:00000660       ?StringCopyWorkerW@@YGJPA_WIPAIPB_WI@Z 10001660 f   CEStr.obj
 0001:00003ed0       ?StringValidateDestW@@YGJPB_WII@Z 10004ed0 f   ConEmuCheck.obj
 0001:00003f00       ?StringCopyWorkerW@@YGJPA_WIPAIPB_WI@Z 10004f00 f   ConEmuCheck.obj
 0001:00005a50       ?StringValidateDestW@@YGJPB_WII@Z 10006a50 f   ConEmuCheckEx.obj
 0001:00005a80       ?StringCopyWorkerW@@YGJPA_WIPAIPB_WI@Z 10006a80 f   ConEmuCheckEx.obj
 0001:00005c10       ?StringValidateDestAndLengthW@@YGJPB_WIPAII@Z 10006c10 f   ConEmuCheckEx.obj
 0001:00005c60       ?StringLengthWorkerW@@YGJPB_WIPAI@Z 10006c60 f   ConEmuCheckEx.obj
 0001:00006280       ?StringValidateDestW@@YGJPB_WII@Z 10007280 f   ConEmuInjects.obj
 0001:000062b0       ?StringCopyWorkerW@@YGJPA_WIPAIPB_WI@Z 100072b0 f   ConEmuInjects.obj
 0001:00006d10       ?ChangeExports@@YI_NPBUExportFunc@@PAUHINSTANCE__@@@Z 10007d10 f   ConEmuPlugin.obj
 0001:00009a80       ?GetFarSetting@@YIHPAXIPB_W@Z 1000aa80 f   ConEmuPlugin1900.obj
 0001:00009d20       ?CallGuiMacroProc@@YIXXZ   1000ad20 f   ConEmuPlugin1900.obj
 0001:0000a0f0       ?CallGuiMacroDlg@@YGHPAXHH0@Z 1000b0f0 f   ConEmuPlugin1900.obj
 0001:0000a610       ?MAKEFARVERSION@@YI?AUVersionInfo@@KKKKW4VERSION_STAGE@@@Z 1000b610 f   ConEmuPlugin2800.obj
 0001:0000bc40       ?WExists@@YIHABUWindowInfo@@ABV?$MArray@UWindowInfo@@@@@Z 1000cc40 f   ConEmuPlugin2800.obj
 0001:0000bcc0       ?WLoadWindows@@YIHAAV?$MArray@UWindowInfo@@@@H@Z 1000ccc0 f   ConEmuPlugin2800.obj
 0001:0000cc80       ?GetFarSetting@@YIHPAXIPB_W@Z 1000dc80 f   ConEmuPlugin2800.obj
 0001:0000cf30       ?CallGuiMacroProc@@YIXXZ   1000df30 f   ConEmuPlugin2800.obj
 0001:0000d290       ?CallGuiMacroDlg@@YGHPAXHH0@Z 1000e290 f   ConEmuPlugin2800.obj
 0001:0000d6e0       ?FreeMacroResult@@YGXPAXPAUFarMacroValue@@I@Z 1000e6e0 f   ConEmuPlugin2800.obj
 0001:0000f730       ?CallGuiMacroProc@@YIXXZ   10010730 f   ConEmuPlugin995.obj
 0001:0000fa90       ?CallGuiMacroDlg@@YGJPAXHHJ@Z 10010a90 f   ConEmuPlugin995.obj
 0001:000116f0       ?CallGuiMacroProc@@YIXXZ   100126f0 f   ConEmuPluginA.obj
 0001:00011aa0       ?CallGuiMacroDlg@@YGJPAXHHJ@Z 10012aa0 f   ConEmuPluginA.obj
 0001:00012730       ?LoadFarVersion@@YI_NAAUFarVersion@@AAY0CAA@_W@Z 10013730 f   ConEmuPluginBase.obj
 0001:000127d0       ?SetDefaultFarVersion@@YIXAAUFarVersion@@@Z 100137d0 f   ConEmuPluginBase.obj
 0001:00012820       ?LoadFarVersion@@YI_NPB_WAAUFarVersion@@AAY0CAA@_W@Z 10013820 f   ConEmuPluginBase.obj
 0001:00012880       ?LoadAppVersion@@YI_NPB_WAAUtagVS_FIXEDFILEINFO@@AAY0CAA@_W@Z 10013880 f   ConEmuPluginBase.obj
 0001:000128b0       ?LoadModuleVersion@@YI_NPB_WAAUtagVS_FIXEDFILEINFO@@PA_WI@Z 100138b0 f   ConEmuPluginBase.obj
 0001:00012ae0       ?StringValidateDestW@@YGJPB_WII@Z 10013ae0 f   ConEmuPluginBase.obj
 0001:00012b10       ?StringValidateDestAndLengthW@@YGJPB_WIPAII@Z 10013b10 f   ConEmuPluginBase.obj
 0001:00012b60       ?StringLengthWorkerW@@YGJPB_WIPAI@Z 10013b60 f   ConEmuPluginBase.obj
 0001:00012bd0       ?StringCopyWorkerW@@YGJPA_WIPAIPB_WI@Z 10013bd0 f   ConEmuPluginBase.obj
 0001:00012c80       ?ConvertVersionToFarVersion@@YIXABUtagVS_FIXEDFILEINFO@@AAUFarVersion@@@Z 10013c80 f   ConEmuPluginBase.obj
 0001:0001ccf0       ?StringValidateDestW@@YGJPB_WII@Z 1001dcf0 f   Execute.obj
 0001:0001cd20       ?StringCopyWorkerW@@YGJPA_WIPAIPB_WI@Z 1001dd20 f   Execute.obj
 0001:0001d310       ?FindMonitor@impl@?L@??MonitorFromParam@@YIPAUHMONITOR__@@PB_W@Z@SGHPAU3@PAUHDC__@@PAUtagRECT@@J@Z 1001e310 f   Monitors.obj
 0001:0001f5e0       ?StringValidateDestA@@YGJPBDII@Z 100205e0 f   MStrDup.obj
 0001:0001f610       ?StringCopyWorkerA@@YGJPADIPAIPBDI@Z 10020610 f   MStrDup.obj
 0001:0001f730       ?StringValidateDestW@@YGJPB_WII@Z 10020730 f   MStrDup.obj
 0001:0001f760       ?StringCopyWorkerW@@YGJPA_WIPAIPB_WI@Z 10020760 f   MStrDup.obj
 0001:00022df0       ?StringValidateDestW@@YGJPB_WII@Z 10023df0 f   PluginBackground.obj
 0001:00022e20       ?StringCopyWorkerW@@YGJPA_WIPAIPB_WI@Z 10023e20 f   PluginBackground.obj
 0001:00025530       ?StringValidateDestW@@YGJPB_WII@Z 10026530 f   PluginSrv.obj
 0001:00025560       ?StringCopyWorkerW@@YGJPA_WIPAIPB_WI@Z 10026560 f   PluginSrv.obj
 0001:00029690       ?StringValidateDestW@@YGJPB_WII@Z 1002a690 f   WObjects.obj
 0001:000296c0       ?StringCopyWorkerW@@YGJPA_WIPAIPB_WI@Z 1002a6c0 f   WObjects.obj
 0001:00029cc0       ?CheckRegKeyExist@@YI_NPAURegKeyExistArg@@@Z 1002acc0 f   WObjects.obj
 0001:0002af20       ?StringValidateDestAndLengthW@@YGJPB_WIPAII@Z 1002bf20 f   WObjects.obj
 0001:0002af70       ?StringLengthWorkerW@@YGJPB_WIPAI@Z 1002bf70 f   WObjects.obj
 0001:0002cb40       ?StringValidateDestW@@YGJPB_WII@Z 1002db40 f   WUser.obj
 0001:0002cb70       ?StringCopyWorkerW@@YGJPA_WIPAIPB_WI@Z 1002db70 f   WUser.obj
 0001:0002db05       _cmpResult                 1002eb05 f   LIBCMT:memcmp.obj
 0001:0002db17       _cmpBYTE                   1002eb17 f   LIBCMT:memcmp.obj
 0001:0002db2f       _cmpWORD                   1002eb2f f   LIBCMT:memcmp.obj
 0001:0002db6f       _cmpDWORD                  1002eb6f f   LIBCMT:memcmp.obj
 0001:0002dbe8       _unaligned_memcmp          1002ebe8 f   LIBCMT:memcmp.obj
 0001:00030794       ?wcstoxl@@YAKPAUlocaleinfo_struct@@PB_WPAPB_WHH@Z 10031794 f   LIBCMT:wcstol.obj
 0001:00030a1f       __onexit_nolock            10031a1f f   LIBCMT:onexit.obj
 0001:00030f16       ___DllMainCRTStartup       10031f16 f   LIBCMT:dllcrt0.obj
 0001:0003102f       _fastcopy_I                1003202f f   LIBCMT:p4_memcpy.obj
 0001:00031199       _has_osfxsr_set            10032199 f   LIBCMT:cpu_disp.obj
 0001:00031258       _fastzero_I                10032258 f   LIBCMT:p4_memset.obj
 0001:00031ea0       ?CPtoLCID@@YAHH@Z          10032ea0 f   LIBCMT:mbctype.obj
 0001:00031ecf       ?setSBCS@@YAXPAUthreadmbcinfostruct@@@Z 10032ecf f   LIBCMT:mbctype.obj
 0001:00031f33       ?setSBUpLow@@YAXPAUthreadmbcinfostruct@@@Z 10032f33 f   LIBCMT:mbctype.obj
 0001:0003216a       ?getSystemCP@@YAHH@Z       1003316a f   LIBCMT:mbctype.obj
 0001:0003283e       __copytlocinfo_nolock      1003383e f   LIBCMT:setlocal.obj
 0001:00032864       __updatetlocinfoEx_nolock  10033864 f   LIBCMT:setlocal.obj
 0001:00032982       _sync_legacy_variables_lk  10033982 f   LIBCMT:setlocal.obj
 0001:00032d2f       __setlocale_get_all        10033d2f f   LIBCMT:setlocal.obj
 0001:000330dd       __setlocale_set_cat        100340dd f   LIBCMT:setlocal.obj
 0001:000333df       __setlocale_nolock         100343df f   LIBCMT:setlocal.obj
 0001:000340ef       __initterm                 100350ef f   LIBCMT:crt0dat.obj
 0001:0003422d       _doexit                    1003522d f   LIBCMT:crt0dat.obj
 0001:00034450       _ValidateLocalCookies      10035450 f   LIBCMT:chandler4.obj
 0001:00034664       __unwind_handler           10035664 f   LIBCMT:exsup.obj
 0001:00034780       _ValidateScopeTableHandlers 10035780 f   LIBCMT:eh3valid.obj
 0001:00034fa6       _parse_cmdline             10035fa6 f   LIBCMT:stdargv.obj
 0001:0003542d       _xcptlookup                1003642d f   LIBCMT:winxfltr.obj
 0001:00035696       _ctrlevent_capture@4       10036696 f   LIBCMT:winsig.obj
 0001:00035731       _siglookup                 10036731 f   LIBCMT:winsig.obj
 0001:000366e1       ?__crtGetLocaleInfoW_stat@@YAHPAUlocaleinfo_struct@@KKPA_WHH@Z 100376e1 f   LIBCMT:w_loc.obj
 0001:00036764       ?__crtGetLocaleInfoA_stat@@YAHPAUlocaleinfo_struct@@KKPADHH@Z 10037764 f   LIBCMT:a_loc.obj
 0001:000368e0       ?strncnt@@YAHPBDH@Z        100378e0 f   LIBCMT:a_map.obj
 0001:000368fe       ?__crtLCMapStringA_stat@@YAHPAUlocaleinfo_struct@@KKPBDHPADHHH@Z 100378fe f   LIBCMT:a_map.obj
 0001:00036ce8       ?__crtGetStringTypeA_stat@@YAHPAUlocaleinfo_struct@@KPBDHPAGHHH@Z 10037ce8 f   LIBCMT:a_str.obj
 0001:00036f13       __get_lc_time              10037f13 f   LIBCMT:inittime.obj
 0001:0003753c       _fix_grouping              1003853c f   LIBCMT:initnum.obj
 0001:0003777e       _fix_grouping              1003877e f   LIBCMT:initmon.obj
 0001:000384d3       ?_store_str@@YAXPADPAPADPAI@Z 100394d3 f   LIBCMT:strftime.obj
 0001:000384f3       ?_store_number@@YAXHPAPADPAI@Z 100394f3 f   LIBCMT:strftime.obj
 0001:00038529       ?_store_num@@YAXHHPAPADPAII@Z 10039529 f   LIBCMT:strftime.obj
 0001:000385a4       ?_expandtime@@YAHPAUlocaleinfo_struct@@DPBUtm@@PAPADPAIPAU__lc_time_data@@I@Z 100395a4 f   LIBCMT:strftime.obj
 0001:0003898c       ?_store_winword@@YAHPAUlocaleinfo_struct@@HPBUtm@@PAPADPAIPAU__lc_time_data@@@Z 1003998c f   LIBCMT:strftime.obj
 0001:000390f8       _TranslateName             1003a0f8 f   LIBCMT:getqloc.obj
 0001:0003915a       _GetLcidFromDefault        1003a15a f   LIBCMT:getqloc.obj
 0001:0003916e       _ProcessCodePage           1003a16e f   LIBCMT:getqloc.obj
 0001:00039212       _TestDefaultCountry        1003a212 f   LIBCMT:getqloc.obj
 0001:00039236       _LcidFromHexString         1003a236 f   LIBCMT:getqloc.obj
 0001:0003926a       _GetPrimaryLen             1003a26a f   LIBCMT:getqloc.obj
 0001:00039285       _CountryEnumProc@4         1003a285 f   LIBCMT:getqloc.obj
 0001:0003931d       _TestDefaultLanguage       1003a31d f   LIBCMT:getqloc.obj
 0001:00039391       _LangCountryEnumProc@4     1003a391 f   LIBCMT:getqloc.obj
 0001:00039563       _LanguageEnumProc@4        1003a563 f   LIBCMT:getqloc.obj
 0001:00039624       _GetLcidFromCountry        1003a624 f   LIBCMT:getqloc.obj
 0001:00039650       _GetLcidFromLangCountry    1003a650 f   LIBCMT:getqloc.obj
 0001:000396b7       _GetLcidFromLanguage       1003a6b7 f   LIBCMT:getqloc.obj
 0001:000399f0       ?__crtGetStringTypeW_stat@@YAHPAUlocaleinfo_struct@@KPB_WHPAGHH@Z 1003a9f0 f   LIBCMT:w_str.obj
 0001:0003b45c       __unwind_handler4          1003c45c f   LIBCMT:exsup4.obj
 0001:0003b51f       ?x_ismbbtype_l@@YAHPAUlocaleinfo_struct@@IHH@Z 1003c51f f   LIBCMT:ismbbyte.obj
 0001:0003bd93       __tzset_nolock             1003cd93 f   LIBCMT:tzset.obj
 0001:0003c0d9       _cvtdate                   1003d0d9 f   LIBCMT:tzset.obj
 0001:0003c2d0       __isindst_nolock           1003d2d0 f   LIBCMT:tzset.obj
 0001:0003cb7f       _xtoa_s@20                 1003db7f f   LIBCMT:xtoas.obj
 0001:0003ccc7       @x64toa_s@24               1003dcc7 f   LIBCMT:xtoas.obj
 0001:0003cea3       __getenv_s_helper          1003dea3 f   LIBCMT:getenv.obj
 0001:0003cf38       __dupenv_s_helper          1003df38 f   LIBCMT:getenv.obj
 0001:0003d36b       ?strtoxl@@YAKPAUlocaleinfo_struct@@PBDPAPBDHH@Z 1003e36b f   LIBCMT:strtol.obj
 0001:0003d62b       ?strtoxq@@YA_KPAUlocaleinfo_struct@@PBDPAPBDHH@Z 1003e62b f   LIBCMT:strtoq.obj
 0001:0003dca4       ?strncnt@@YAHPBDH@Z        1003eca4 f   LIBCMT:a_cmp.obj
 0001:0003dcc2       ?__crtCompareStringA_stat@@YAHPAUlocaleinfo_struct@@KKPBDH1HH@Z 1003ecc2 f   LIBCMT:a_cmp.obj
 0001:0003e197       _findenv                   1003f197 f   LIBCMT:setenv.obj
 0001:0003e1e9       _copy_environ              1003f1e9 f   LIBCMT:setenv.obj
 0001:0003e6c0       ??__EhkFunc@@YAXXZ         1003f6c0 f   HkFunc.obj
 0001:0003e6d0       ??__EgsMapHelper@@YAXXZ    1003f6d0 f   WConsole.obj
 0001:0003e6f0       ??__FgsMapHelper@@YAXXZ    1003f6f0 f   WConsole.obj
