 Proclist

 Timestamp is 56ba5741 (Wed Feb 10 00:16:49 2016)

 Preferred load address is 0000000180000000

 Start         Length     Name                   Class
 0001:00000000 00000010H .00cfg                  CODE
 0001:00000010 00000008H .CRT$XCA                CODE
 0001:00000018 00000008H .CRT$XCZ                CODE
 0001:00000020 00000008H .CRT$XIA                CODE
 0001:00000028 00000018H .CRT$XIC                CODE
 0001:00000040 00000008H .CRT$XIZ                CODE
 0001:00000048 00000008H .CRT$XPA                CODE
 0001:00000050 00000010H .CRT$XPX                CODE
 0001:00000060 00000008H .CRT$XPXA               CODE
 0001:00000068 00000008H .CRT$XPZ                CODE
 0001:00000070 00000008H .CRT$XTA                CODE
 0001:00000078 00000008H .CRT$XTZ                CODE
 0001:00000080 00009224H .rdata                  CODE
 0001:000092a8 000001f4H .rdata$r                CODE
 0001:000094a0 00000010H .rdata$zETW0            CODE
 0001:000094b0 00000077H .rdata$zETW1            CODE
 0001:00009527 0000002cH .rdata$zETW2            CODE
 0001:00009553 00000001H .rdata$zETW9            CODE
 0001:00009554 0000034cH .rdata$zzzdbg           CODE
 0001:000098a0 00000008H .rtc$IAA                CODE
 0001:000098a8 00000008H .rtc$IZZ                CODE
 0001:000098b0 00000008H .rtc$TAA                CODE
 0001:000098b8 00000008H .rtc$TZZ                CODE
 0001:000098c0 000001dbH .text                   CODE
 0001:00009aa0 00016db7H .text$mn                CODE
 0001:00020860 00000012H .text$mn$00             CODE
 0001:00020880 00000260H .text$x                 CODE
 0001:00020ae0 00001544H .xdata                  CODE
 0001:00022028 000000ecH .xdata$x                CODE
 0001:00022120 00000192H .edata                  CODE
 0002:00000000 00000ba0H .data                   DATA
 0002:00000ba0 000000a0H .data$r                 DATA
 0002:00000c40 00026b58H .bss                    DATA
 0003:00000000 0000174cH .pdata                  DATA
 0004:00000000 00000460H .idata$5                DATA
 0004:00000460 0000008cH .idata$2                DATA
 0004:000004ec 00000014H .idata$3                DATA
 0004:00000500 00000460H .idata$4                DATA
 0004:00000960 000009b8H .idata$6                DATA
 0005:00000000 0000007cH .gfids$x                DATA
 0005:0000007c 00000038H .gfids$y                DATA
 0006:00000000 00000058H .rsrc$01                DATA
 0006:00000060 00000378H .rsrc$02                DATA

  Address         Publics by Value              Rva+Base               Lib:Object

 0000:00000000       __guard_iat_table          0000000000000000     <absolute>
 0000:00000000       __guard_iat_count          0000000000000000     <absolute>
 0000:00000000       __guard_longjmp_table      0000000000000000     <absolute>
 0000:00000000       __guard_longjmp_count      0000000000000000     <absolute>
 0000:00000000       __guard_fids_count         0000000000000000     <absolute>
 0000:00000000       ___safe_se_handler_table   0000000000000000     <absolute>
 0000:00000000       ___safe_se_handler_count   0000000000000000     <absolute>
 0000:00000000       __guard_fids_table         0000000000000000     <absolute>
 0000:00000100       __guard_flags              0000000000000100     <absolute>
 0000:00000000       __ImageBase                0000000180000000     <linker-defined>
 0001:00000000       __guard_check_icall_fptr   0000000180001000     LIBCMT:guard_support.obj
 0001:00000008       __guard_dispatch_icall_fptr 0000000180001008     LIBCMT:guard_support.obj
 0001:00000010       __xc_a                     0000000180001010     LIBCMT:initializers.obj
 0001:00000018       __xc_z                     0000000180001018     LIBCMT:initializers.obj
 0001:00000020       __xi_a                     0000000180001020     LIBCMT:initializers.obj
 0001:00000028       __acrt_multibyte_initializer 0000000180001028     libucrt:multibyte_initializer.obj
 0001:00000030       __acrt_stdio_initializer   0000000180001030     libucrt:stdio_initializer.obj
 0001:00000038       __acrt_tran_fma3_initializer 0000000180001038     libucrt:fma3_initializer.obj
 0001:00000040       __xi_z                     0000000180001040     LIBCMT:initializers.obj
 0001:00000048       __xp_a                     0000000180001048     LIBCMT:initializers.obj
 0001:00000050       __acrt_locale_terminator   0000000180001050     libucrt:locale_initializer.obj
 0001:00000058       __dcrt_console_output_terminator 0000000180001058     libucrt:console_output_initializer.obj
 0001:00000060       __acrt_stdio_terminator    0000000180001060     libucrt:stdio_initializer.obj
 0001:00000068       __xp_z                     0000000180001068     LIBCMT:initializers.obj
 0001:00000070       __xt_a                     0000000180001070     LIBCMT:initializers.obj
 0001:00000078       __xt_z                     0000000180001078     LIBCMT:initializers.obj
 0001:00000138       ??_C@_11LOCGONAA@?$AA?$AA@ 0000000180001138     handles.obj
 0001:00000140       ??_C@_1BE@DNDHOCGP@?$AAD?$AAi?$AAr?$AAe?$AAc?$AAt?$AAo?$AAr?$AAy?$AA?$AA@ 0000000180001140     handles.obj
 0001:00000158       ??_C@_1BK@KDPOKCA@?$AAS?$AAy?$AAm?$AAb?$AAo?$AAl?$AAi?$AAc?$AAL?$AAi?$AAn?$AAk?$AA?$AA@ 0000000180001158     handles.obj
 0001:00000178       ??_C@_1M@JFPKKFCK@?$AAT?$AAo?$AAk?$AAe?$AAn?$AA?$AA@ 0000000180001178     handles.obj
 0001:00000188       ??_C@_1BA@NMDNJJOO@?$AAP?$AAr?$AAo?$AAc?$AAe?$AAs?$AAs?$AA?$AA@ 0000000180001188     handles.obj
 0001:00000198       ??_C@_1O@CDOGJPJJ@?$AAT?$AAh?$AAr?$AAe?$AAa?$AAd?$AA?$AA@ 0000000180001198     handles.obj
 0001:000001a8       ??_C@_1M@JJBFPLJB@?$AAE?$AAv?$AAe?$AAn?$AAt?$AA?$AA@ 00000001800011a8     handles.obj
 0001:000001b8       ??_C@_1BE@EBMGBMON@?$AAE?$AAv?$AAe?$AAn?$AAt?$AAP?$AAa?$AAi?$AAr?$AA?$AA@ 00000001800011b8     handles.obj
 0001:000001d0       ??_C@_1O@FBKOCLFA@?$AAM?$AAu?$AAt?$AAa?$AAn?$AAt?$AA?$AA@ 00000001800011d0     handles.obj
 0001:000001e0       ??_C@_1BE@NPGPGCB@?$AAS?$AAe?$AAm?$AAa?$AAp?$AAh?$AAo?$AAr?$AAe?$AA?$AA@ 00000001800011e0     handles.obj
 0001:000001f8       ??_C@_1M@EEEEDEMN@?$AAT?$AAi?$AAm?$AAe?$AAr?$AA?$AA@ 00000001800011f8     handles.obj
 0001:00000208       ??_C@_1BA@OKEJPPOI@?$AAP?$AAr?$AAo?$AAf?$AAi?$AAl?$AAe?$AA?$AA@ 0000000180001208     handles.obj
 0001:00000218       ??_C@_1BM@JIPCCEDL@?$AAW?$AAi?$AAn?$AAd?$AAo?$AAw?$AAS?$AAt?$AAa?$AAt?$AAi?$AAo?$AAn?$AA?$AA@ 0000000180001218     handles.obj
 0001:00000238       ??_C@_1BA@CBCBMBGJ@?$AAD?$AAe?$AAs?$AAk?$AAt?$AAo?$AAp?$AA?$AA@ 0000000180001238     handles.obj
 0001:00000248       ??_C@_1BA@LHDKDEEN@?$AAS?$AAe?$AAc?$AAt?$AAi?$AAo?$AAn?$AA?$AA@ 0000000180001248     handles.obj
 0001:00000258       ??_C@_17KACEIPNC@?$AAK?$AAe?$AAy?$AA?$AA@ 0000000180001258     handles.obj
 0001:00000260       ??_C@_19OBNDINH@?$AAP?$AAo?$AAr?$AAt?$AA?$AA@ 0000000180001260     handles.obj
 0001:00000270       ??_C@_1BK@GACLFIOK@?$AAW?$AAa?$AAi?$AAt?$AAa?$AAb?$AAl?$AAe?$AAP?$AAo?$AAr?$AAt?$AA?$AA@ 0000000180001270     handles.obj
 0001:00000290       ??_C@_17EKANHMLE@?$AAJ?$AAo?$AAb?$AA?$AA@ 0000000180001290     handles.obj
 0001:00000298       ??_C@_1BK@HCMNLOAL@?$AAI?$AAo?$AAC?$AAo?$AAm?$AAp?$AAl?$AAe?$AAt?$AAi?$AAo?$AAn?$AA?$AA@ 0000000180001298     handles.obj
 0001:000002b8       ??_C@_19DDLLJDOO@?$AAF?$AAi?$AAl?$AAe?$AA?$AA@ 00000001800012b8     handles.obj
 0001:000002c8       ??_C@_1BA@KLFBJALL@?$AAW?$AAm?$AAi?$AAG?$AAu?$AAi?$AAd?$AA?$AA@ 00000001800012c8     handles.obj
 0001:000002d8       ??_C@_17CNPHIMPH@?$AA?$CF?$AAl?$AAs?$AA?$AA@ 00000001800012d8     handles.obj
 0001:000002e0       ??_C@_1BE@ELICABCK@?$AA?$DM?$AAu?$AAn?$AAk?$AAn?$AAo?$AAw?$AAn?$AA?$DO?$AA?$AA@ 00000001800012e0     handles.obj
 0001:000002f8       ??_C@_1BA@FDFONNEJ@?$AA?$CF?$AAs?$AA?5?$AA?$CI?$AA?$CF?$AAd?$AA?$CJ?$AA?$AA@ 00000001800012f8     handles.obj
 0001:00000308       ??_C@_1BA@LGCEDAAB@?$AAT?$AAI?$AAD?$AA?3?$AA?5?$AA?$CF?$AAd?$AA?$AA@ 0000000180001308     handles.obj
 0001:00000318       ??_C@_1BG@OKCBELMP@?$AA?2?$AAR?$AAE?$AAG?$AAI?$AAS?$AAT?$AAR?$AAY?$AA?2?$AA?$AA@ 0000000180001318     handles.obj
 0001:00000330       ??_C@_19KGHAHCFG@?$AAU?$AAS?$AAE?$AAR?$AA?$AA@ 0000000180001330     handles.obj
 0001:00000340       ??_C@_19JAPAIJDE@?$AAH?$AAK?$AAC?$AAU?$AA?$AA@ 0000000180001340     handles.obj
 0001:00000350       ??_C@_1BC@PGMOPNLK@?$AA_?$AAC?$AAl?$AAa?$AAs?$AAs?$AAe?$AAs?$AA?$AA@ 0000000180001350     handles.obj
 0001:00000368       ??_C@_1BK@OEABCBLA@?$AAH?$AAK?$AAC?$AAU?$AA?2?$AAC?$AAl?$AAa?$AAs?$AAs?$AAe?$AAs?$AA?$AA@ 0000000180001368     handles.obj
 0001:00000388       ??_C@_17PJOJPMPB@?$AAH?$AAK?$AAU?$AA?$AA@ 0000000180001388     handles.obj
 0001:00000390       ??_C@_1DC@OIDKFHBF@?$AAM?$AAA?$AAC?$AAH?$AAI?$AAN?$AAE?$AA?2?$AAS?$AAO?$AAF?$AAT?$AAW?$AAA?$AAR?$AAE?$AA?2?$AAC?$AAL?$AAA?$AAS?$AAS?$AAE?$AAS?$AA?$AA@ 0000000180001390     handles.obj
 0001:000003c8       ??_C@_19NCHLBIN@?$AAH?$AAK?$AAC?$AAR?$AA?$AA@ 00000001800013c8     handles.obj
 0001:000003d8       ??_C@_1BA@INBMCOAP@?$AAM?$AAA?$AAC?$AAH?$AAI?$AAN?$AAE?$AA?$AA@ 00000001800013d8     handles.obj
 0001:000003e8       ??_C@_19PEALEEJB@?$AAH?$AAK?$AAL?$AAM?$AA?$AA@ 00000001800013e8     handles.obj
 0001:000003f4       ??_C@_15GANGMFKL@?$AA?$CF?$AAs?$AA?$AA@ 00000001800013f4     handles.obj
 0001:00000400       ??_C@_1O@EAOKCHFC@?$AA?$CF?$AA?9?$AA1?$AA3?$AAs?$AA?5?$AA?$AA@ 0000000180001400     handles.obj
 0001:00000410       ??_C@_1O@HAOIKAHJ@?$AA?$CF?$AAs?$AA?6?$AA?$CF?$AAs?$AA?6?$AA?$AA@ 0000000180001410     handles.obj
 0001:00000420       ??_C@_1BG@OCPCMCEA@?$AA?$CF?$AA5?$AAX?$AA?5?$AA?5?$AA?$CF?$AA0?$AA8?$AAX?$AA?5?$AA?$AA@ 0000000180001420     handles.obj
 0001:00000438       ??_C@_1BA@IGEMANKH@?$AA?2?$AAS?$AA?9?$AA?$CF?$AAl?$AAu?$AA?9?$AA?$AA@ 0000000180001438     handles.obj
 0001:00000450       ??_C@_1EC@MPDKEHCN@?$AA0?$AAx?$AA?$CF?$AA0?$AA2?$AAh?$AAx?$AA?$CF?$AA0?$AA2?$AAh?$AAx?$AA?$CF?$AA0?$AA2?$AAh?$AAx?$AA?$CF?$AA0?$AA2?$AAh?$AAx?$AA?$CF?$AA0?$AA2?$AAh?$AAx?$AA?$CF?$AA0?$AA2?$AAh?$AAx@ 0000000180001450     handles.obj
 0001:00000498       ??_C@_17IJMNDCL@?$AA?$CF?$AAl?$AAu?$AA?$AA@ 0000000180001498     handles.obj
 0001:000004a0       ??_C@_19DEJHOMFE@?$AA?9?$AA?$CF?$AAl?$AAu?$AA?$AA@ 00000001800014a0     handles.obj
 0001:000004b0       ??_7?$DialogItemBinding@UFarDialogItem@@@@6B@ 00000001800014b0     PCFG.OBJ
 0001:000004c0       ??_7PluginCheckBoxBinding@@6B@ 00000001800014c0     PCFG.OBJ
 0001:000004d0       ??_7PluginRadioButtonBinding@@6B@ 00000001800014d0     PCFG.OBJ
 0001:000004e0       ??_7PluginIntEditFieldBinding@@6B@ 00000001800014e0     PCFG.OBJ
 0001:000004f0       ??_C@_15EFLNJKHH@?$AA?$CF?$AAu?$AA?$AA@ 00000001800014f0     PCFG.OBJ
 0001:000004f8       ??_7PluginUIntEditFieldBinding@@6B@ 00000001800014f8     PCFG.OBJ
 0001:00000508       ??_7?$DialogBuilderBase@UFarDialogItem@@@@6B@ 0000000180001508     PCFG.OBJ
 0001:00000550       ??_7PluginDialogBuilder@@6B@ 0000000180001550     PCFG.OBJ
 0001:00000598       ??_C@_1O@BJPKKLLM@?$AAC?$AAo?$AAn?$AAf?$AAi?$AAg?$AA?$AA@ 0000000180001598     PCFG.OBJ
 0001:000005a8       ??_C@_1BO@NGDOFANC@?$AAA?$AAd?$AAd?$AAT?$AAo?$AAD?$AAi?$AAs?$AAk?$AAs?$AAM?$AAe?$AAn?$AAu?$AA?$AA@ 00000001800015a8     PCFG.OBJ
 0001:000005c8       ??_C@_1CC@PNNAOHJC@?$AAA?$AAd?$AAd?$AAT?$AAo?$AAP?$AAl?$AAu?$AAg?$AAi?$AAn?$AAs?$AAM?$AAe?$AAn?$AAu?$AA?$AA@ 00000001800015c8     PCFG.OBJ
 0001:000005f0       ??_C@_1CE@JIPJNDMD@?$AAE?$AAx?$AAp?$AAo?$AAr?$AAt?$AAE?$AAn?$AAv?$AAi?$AAr?$AAo?$AAn?$AAm?$AAe?$AAn?$AAt?$AA?$AA@ 00000001800015f0     PCFG.OBJ
 0001:00000618       ??_C@_1CC@OABICAMP@?$AAE?$AAx?$AAp?$AAo?$AAr?$AAt?$AAM?$AAo?$AAd?$AAu?$AAl?$AAe?$AAI?$AAn?$AAf?$AAo?$AA?$AA@ 0000000180001618     PCFG.OBJ
 0001:00000640       ??_C@_1CI@OFLGHPDG@?$AAE?$AAx?$AAp?$AAo?$AAr?$AAt?$AAM?$AAo?$AAd?$AAu?$AAl?$AAe?$AAV?$AAe?$AAr?$AAs?$AAi?$AAo?$AAn?$AA?$AA@ 0000000180001640     PCFG.OBJ
 0001:00000668       ??_C@_1CE@GNMOKOAL@?$AAE?$AAx?$AAp?$AAo?$AAr?$AAt?$AAP?$AAe?$AAr?$AAf?$AAo?$AAr?$AAm?$AAa?$AAn?$AAc?$AAe?$AA?$AA@ 0000000180001668     PCFG.OBJ
 0001:00000690       ??_C@_1BM@KMCHODLM@?$AAE?$AAx?$AAp?$AAo?$AAr?$AAt?$AAH?$AAa?$AAn?$AAd?$AAl?$AAe?$AAs?$AA?$AA@ 0000000180001690     PCFG.OBJ
 0001:000006b0       ??_C@_1CK@CLFOOHFA@?$AAE?$AAx?$AAp?$AAo?$AAr?$AAt?$AAH?$AAa?$AAn?$AAd?$AAl?$AAe?$AAs?$AAU?$AAn?$AAn?$AAa?$AAm?$AAe?$AAd?$AA?$AA@ 00000001800016b0     PCFG.OBJ
 0001:000006e0       ??_C@_1BE@PKILIDFH@?$AAE?$AAn?$AAa?$AAb?$AAl?$AAe?$AAW?$AAM?$AAI?$AA?$AA@ 00000001800016e0     PCFG.OBJ
 0001:00000700       __xmm@ffffffffffffffff0000000000000002 0000000180001700     PCFG.OBJ
 0001:00000710       __xmm@ffffffffffffffffffffffffffffffff 0000000180001710     PCFG.OBJ
 0001:00000720       ??_7PluginEditFieldBinding@@6B@ 0000000180001720     Pclass.obj
 0001:00000730       ??_C@_13JCKOPPNP@?$AAK?$AA?$AA@ 0000000180001730     Pclass.obj
 0001:00000734       ??_C@_13LHMFKAAD@?$AAM?$AA?$AA@ 0000000180001734     Pclass.obj
 0001:00000738       ??_C@_1BC@IALIJCAM@?$AAS?$AAo?$AAr?$AAt?$AAM?$AAo?$AAd?$AAe?$AA?$AA@ 0000000180001738     Pclass.obj
 0001:00000750       ??_C@_1BO@OMKAPLPJ@?$AAS?$AAt?$AAa?$AAr?$AAt?$AAP?$AAa?$AAn?$AAe?$AAl?$AAM?$AAo?$AAd?$AAe?$AA?$AA@ 0000000180001750     Pclass.obj
 0001:00000830       ??_C@_1CM@OLKFIHMK@?$AAN?$AA?0?$AAX?$AA1?$AA5?$AAT?$AA?0?$AAX?$AA1?$AA6?$AAT?$AA?0?$AAX?$AA1?$AA7?$AAT?$AA?0?$AAX?$AA1?$AA8?$AAS?$AA?$AA@ 0000000180001830     Pclass.obj
 0001:00000860       ??_C@_1BG@MNPGDOEP@?$AA1?$AA2?$AA?0?$AA0?$AA?0?$AA0?$AA?0?$AA0?$AA?0?$AA4?$AA?$AA@ 0000000180001860     Pclass.obj
 0001:00000878       ??_C@_1BO@ONCLJEFA@?$AAN?$AA?0?$AAX?$AAI?$AA?0?$AAX?$AAP?$AA?0?$AAX?$AA0?$AAS?$AA?0?$AAX?$AA6?$AA?$AA@ 0000000180001878     Pclass.obj
 0001:00000898       ??_C@_1BE@NCGLNDMK@?$AA0?$AA?0?$AA4?$AA?0?$AA2?$AA?0?$AA3?$AA?0?$AA9?$AA?$AA@ 0000000180001898     Pclass.obj
 0001:000008b0       ??_C@_17KNGPBKAK@?$AAN?$AA?0?$AAN?$AA?$AA@ 00000001800018b0     Pclass.obj
 0001:000008b8       ??_C@_17JPFFEOAH@?$AA0?$AA?0?$AA0?$AA?$AA@ 00000001800018b8     Pclass.obj
 0001:000008c0       ??_C@_1BI@FAMBFJKE@?$AAN?$AA?0?$AAX?$AAI?$AA?0?$AAX?$AAC?$AA?0?$AAD?$AA?0?$AAT?$AA?$AA@ 00000001800018c0     Pclass.obj
 0001:000008d8       ??_C@_1BE@MONBDOED@?$AA0?$AA?0?$AA4?$AA?0?$AA4?$AA?0?$AA0?$AA?0?$AA0?$AA?$AA@ 00000001800018d8     Pclass.obj
 0001:000008f0       ??_C@_1BG@MICALLFD@?$AAN?$AA?0?$AAX?$AAI?$AA?0?$AAX?$AA4?$AA?0?$AAX?$AA6?$AA?$AA@ 00000001800018f0     Pclass.obj
 0001:00000908       ??_C@_1BA@CAEMMMKJ@?$AA0?$AA?0?$AA4?$AA?0?$AA9?$AA?0?$AA9?$AA?$AA@ 0000000180001908     Pclass.obj
 0001:00000918       ??_C@_1DI@NKOPFHII@?$AAN?$AA?0?$AAX?$AAI?$AA?0?$AAX?$AA4?$AA?0?$AAX?$AA6?$AA?0?$AAX?$AA1?$AA0?$AA?0?$AAX?$AA1?$AA2?$AA?0?$AAX?$AA0?$AA?0?$AAX?$AA1?$AA?0?$AAX?$AA2?$AA?$AA@ 0000000180001918     Pclass.obj
 0001:00000950       ??_C@_1CG@HGJJIJIH@?$AA1?$AA2?$AA?0?$AA4?$AA?0?$AA0?$AA?0?$AA0?$AA?0?$AA0?$AA?0?$AA0?$AA?0?$AA8?$AA?0?$AA8?$AA?0?$AA8?$AA?$AA@ 0000000180001950     Pclass.obj
 0001:00000978       ??_C@_19ILLMDDHI@?$AAN?$AA?0?$AAZ?$AAD?$AA?$AA@ 0000000180001978     Pclass.obj
 0001:00000988       ??_C@_19NMOJBHGD@?$AA1?$AA2?$AA?0?$AA0?$AA?$AA@ 0000000180001988     Pclass.obj
 0001:000009a0       ??_C@_1EA@HPDEOPPH@?$AAN?$AA?0?$AAX?$AAP?$AA?0?$AAX?$AA0?$AAS?$AA?0?$AAX?$AA1?$AAS?$AA?0?$AAX?$AA2?$AAS?$AA?0?$AAX?$AA1?$AA1?$AAS?$AA?0?$AAX?$AA1?$AA4?$AAS?$AA?0?$AAX?$AA1?$AA8?$AAS?$AA?$AA@ 00000001800019a0     Pclass.obj
 0001:000009e0       ??_C@_1CA@MGMNHCLL@?$AA0?$AA?0?$AA2?$AA?0?$AA3?$AA?0?$AA2?$AA?0?$AA2?$AA?0?$AA3?$AA?0?$AA4?$AA?0?$AA3?$AA?$AA@ 00000001800019e0     Pclass.obj
 0001:00000a00       ??_C@_1O@JGFFCAGM@?$AAN?$AA?0?$AAX?$AAI?$AA?0?$AAO?$AA?$AA@ 0000000180001a00     Pclass.obj
 0001:00000a10       ??_C@_1O@LAHJLGAL@?$AA0?$AA?0?$AA5?$AA?0?$AA1?$AA5?$AA?$AA@ 0000000180001a10     Pclass.obj
 0001:00000a20       ??_C@_1CC@FANCGEGE@?$AAN?$AA?0?$AAX?$AAI?$AA?0?$AAX?$AAT?$AA?0?$AAX?$AA3?$AA?0?$AAX?$AAG?$AA?0?$AAX?$AAU?$AA?$AA@ 0000000180001a20     Pclass.obj
 0001:00000a48       ??_C@_1BI@DGDJEDOL@?$AA0?$AA?0?$AA4?$AA?0?$AA3?$AA?0?$AA4?$AA?0?$AA4?$AA?0?$AA4?$AA?$AA@ 0000000180001a48     Pclass.obj
 0001:00000b00       ??_C@_1BG@COBJEPBB@?$AAN?$AA?0?$AAX?$AAI?$AA?0?$AAX?$AAT?$AA?0?$AAX?$AA3?$AA?$AA@ 0000000180001b00     Pclass.obj
 0001:00000b18       ??_C@_1BA@EDOGAILM@?$AA0?$AA?0?$AA4?$AA?0?$AA3?$AA?0?$AA4?$AA?$AA@ 0000000180001b18     Pclass.obj
 0001:00000b28       ??_C@_1O@CBODAMOP@?$AAM?$AAo?$AAd?$AAe?$AA?$CF?$AAd?$AA?$AA@ 0000000180001b28     Pclass.obj
 0001:00000b38       ??_C@_1CA@HLBJOHGN@?$AAF?$AAu?$AAl?$AAl?$AAS?$AAc?$AAr?$AAe?$AAe?$AAn?$AAL?$AAo?$AAc?$AAa?$AAl?$AA?$AA@ 0000000180001b38     Pclass.obj
 0001:00000b58       ??_C@_1CC@EBBNDNOD@?$AAF?$AAu?$AAl?$AAl?$AAS?$AAc?$AAr?$AAe?$AAe?$AAn?$AAR?$AAe?$AAm?$AAo?$AAt?$AAe?$AA?$AA@ 0000000180001b58     Pclass.obj
 0001:00000b80       ??_C@_1BK@HMOODHKK@?$AAC?$AAo?$AAl?$AAu?$AAm?$AAn?$AAs?$AAL?$AAo?$AAc?$AAa?$AAl?$AA?$AA@ 0000000180001b80     Pclass.obj
 0001:00000ba0       ??_C@_1BM@EDHFKJEJ@?$AAC?$AAo?$AAl?$AAu?$AAm?$AAn?$AAs?$AAR?$AAe?$AAm?$AAo?$AAt?$AAe?$AA?$AA@ 0000000180001ba0     Pclass.obj
 0001:00000bc0       ??_C@_1BI@FOOHDOCI@?$AAW?$AAi?$AAd?$AAt?$AAh?$AAs?$AAL?$AAo?$AAc?$AAa?$AAl?$AA?$AA@ 0000000180001bc0     Pclass.obj
 0001:00000bd8       ??_C@_1BK@DDBMMJCN@?$AAW?$AAi?$AAd?$AAt?$AAh?$AAs?$AAR?$AAe?$AAm?$AAo?$AAt?$AAe?$AA?$AA@ 0000000180001bd8     Pclass.obj
 0001:00000bf4       ??_C@_13DEFPDAGF@?$AA?0?$AA?$AA@ 0000000180001bf4     Pclass.obj
 0001:00000bf8       ??_C@_15LNKNCLHH@?$AAS?$AAs?$AA?$AA@ 0000000180001bf8     Pclass.obj
 0001:00000c00       ??_C@_1BA@MFHNOFIJ@?$AA?$CF?$AAs?$AA?3?$AA?5?$AA?$CF?$AAs?$AA?5?$AA?$AA@ 0000000180001c00     Pclass.obj
 0001:00000c10       ??_C@_19MPDKCIDK@?$AA?5?$AA?$CF?$AAs?$AA?5?$AA?$AA@ 0000000180001c10     Pclass.obj
 0001:00000c1c       ??_C@_15JOGBDECP@?$AA?0?$AA?5?$AA?$AA@ 0000000180001c1c     Pclass.obj
 0001:00000c24       ??_C@_15DNHPCDHG@?$AAT?$AAt?$AA?$AA@ 0000000180001c24     Pclass.obj
 0001:00000d10       ??_C@_1BC@OMEIHGFC@?$AAW?$AAS?$AA_?$AAP?$AAO?$AAP?$AAU?$AAP?$AA?$AA@ 0000000180001d10     Pclass.obj
 0001:00000d28       ??_C@_1BC@ONEEOLLM@?$AAW?$AAS?$AA_?$AAC?$AAH?$AAI?$AAL?$AAD?$AA?$AA@ 0000000180001d28     Pclass.obj
 0001:00000d40       ??_C@_1BI@GHDIGAD@?$AAW?$AAS?$AA_?$AAM?$AAI?$AAN?$AAI?$AAM?$AAI?$AAZ?$AAE?$AA?$AA@ 0000000180001d40     Pclass.obj
 0001:00000d58       ??_C@_1BG@KLPFHNBP@?$AAW?$AAS?$AA_?$AAV?$AAI?$AAS?$AAI?$AAB?$AAL?$AAE?$AA?$AA@ 0000000180001d58     Pclass.obj
 0001:00000d70       ??_C@_1BI@NKODCGOF@?$AAW?$AAS?$AA_?$AAD?$AAI?$AAS?$AAA?$AAB?$AAL?$AAE?$AAD?$AA?$AA@ 0000000180001d70     Pclass.obj
 0001:00000d88       ??_C@_1CA@PCFJBBHH@?$AAW?$AAS?$AA_?$AAC?$AAL?$AAI?$AAP?$AAS?$AAI?$AAB?$AAL?$AAI?$AAN?$AAG?$AAS?$AA?$AA@ 0000000180001d88     Pclass.obj
 0001:00000da8       ??_C@_1CA@MPLGGIO@?$AAW?$AAS?$AA_?$AAC?$AAL?$AAI?$AAP?$AAC?$AAH?$AAI?$AAL?$AAD?$AAR?$AAE?$AAN?$AA?$AA@ 0000000180001da8     Pclass.obj
 0001:00000dc8       ??_C@_1BI@OLBAGOJG@?$AAW?$AAS?$AA_?$AAM?$AAA?$AAX?$AAI?$AAM?$AAI?$AAZ?$AAE?$AA?$AA@ 0000000180001dc8     Pclass.obj
 0001:00000de0       ??_C@_1BE@DAMMEKNP@?$AAW?$AAS?$AA_?$AAB?$AAO?$AAR?$AAD?$AAE?$AAR?$AA?$AA@ 0000000180001de0     Pclass.obj
 0001:00000df8       ??_C@_1BI@EDHINADK@?$AAW?$AAS?$AA_?$AAD?$AAL?$AAG?$AAF?$AAR?$AAA?$AAM?$AAE?$AA?$AA@ 0000000180001df8     Pclass.obj
 0001:00000e10       ??_C@_1BG@CKCLFGFA@?$AAW?$AAS?$AA_?$AAV?$AAS?$AAC?$AAR?$AAO?$AAL?$AAL?$AA?$AA@ 0000000180001e10     Pclass.obj
 0001:00000e28       ??_C@_1BG@OMIOJOGF@?$AAW?$AAS?$AA_?$AAH?$AAS?$AAC?$AAR?$AAO?$AAL?$AAL?$AA?$AA@ 0000000180001e28     Pclass.obj
 0001:00000e40       ??_C@_1BG@KJOBMDJC@?$AAW?$AAS?$AA_?$AAS?$AAY?$AAS?$AAM?$AAE?$AAN?$AAU?$AA?$AA@ 0000000180001e40     Pclass.obj
 0001:00000e58       ??_C@_1BM@GPNNOPCH@?$AAW?$AAS?$AA_?$AAT?$AAH?$AAI?$AAC?$AAK?$AAF?$AAR?$AAA?$AAM?$AAE?$AA?$AA@ 0000000180001e58     Pclass.obj
 0001:00000e78       ??_C@_1BO@FODKBODI@?$AAW?$AAS?$AA_?$AAM?$AAI?$AAN?$AAI?$AAM?$AAI?$AAZ?$AAE?$AAB?$AAO?$AAX?$AA?$AA@ 0000000180001e78     Pclass.obj
 0001:00000e98       ??_C@_1BO@IDJMAOMI@?$AAW?$AAS?$AA_?$AAM?$AAA?$AAX?$AAI?$AAM?$AAI?$AAZ?$AAE?$AAB?$AAO?$AAX?$AA?$AA@ 0000000180001e98     Pclass.obj
 0001:00000fb0       ??_C@_1CI@PKBCIOPN@?$AAW?$AAS?$AA_?$AAE?$AAX?$AA_?$AAD?$AAL?$AAG?$AAM?$AAO?$AAD?$AAA?$AAL?$AAF?$AAR?$AAA?$AAM?$AAE?$AA?$AA@ 0000000180001fb0     Pclass.obj
 0001:00000fd8       ??_C@_1CK@KJECLHMG@?$AAW?$AAS?$AA_?$AAE?$AAX?$AA_?$AAN?$AAO?$AAP?$AAA?$AAR?$AAE?$AAN?$AAT?$AAN?$AAO?$AAT?$AAI?$AAF?$AAY?$AA?$AA@ 0000000180001fd8     Pclass.obj
 0001:00001008       ??_C@_1BM@OCBKBALE@?$AAW?$AAS?$AA_?$AAE?$AAX?$AA_?$AAT?$AAO?$AAP?$AAM?$AAO?$AAS?$AAT?$AA?$AA@ 0000000180002008     Pclass.obj
 0001:00001028       ??_C@_1CE@JIDMMICL@?$AAW?$AAS?$AA_?$AAE?$AAX?$AA_?$AAA?$AAC?$AAC?$AAE?$AAP?$AAT?$AAF?$AAI?$AAL?$AAE?$AAS?$AA?$AA@ 0000000180002028     Pclass.obj
 0001:00001050       ??_C@_1CE@PFFPBMCF@?$AAW?$AAS?$AA_?$AAE?$AAX?$AA_?$AAT?$AAR?$AAA?$AAN?$AAS?$AAP?$AAA?$AAR?$AAE?$AAN?$AAT?$AA?$AA@ 0000000180002050     Pclass.obj
 0001:00001078       ??_C@_1BO@MEOEJPLO@?$AAW?$AAS?$AA_?$AAE?$AAX?$AA_?$AAM?$AAD?$AAI?$AAC?$AAH?$AAI?$AAL?$AAD?$AA?$AA@ 0000000180002078     Pclass.obj
 0001:00001098       ??_C@_1CC@IEIGGJGG@?$AAW?$AAS?$AA_?$AAE?$AAX?$AA_?$AAT?$AAO?$AAO?$AAL?$AAW?$AAI?$AAN?$AAD?$AAO?$AAW?$AA?$AA@ 0000000180002098     Pclass.obj
 0001:000010c0       ??_C@_1CC@PLPNIKGL@?$AAW?$AAS?$AA_?$AAE?$AAX?$AA_?$AAW?$AAI?$AAN?$AAD?$AAO?$AAW?$AAE?$AAD?$AAG?$AAE?$AA?$AA@ 00000001800020c0     Pclass.obj
 0001:000010e8       ??_C@_1CC@IAPGCLEG@?$AAW?$AAS?$AA_?$AAE?$AAX?$AA_?$AAC?$AAL?$AAI?$AAE?$AAN?$AAT?$AAE?$AAD?$AAG?$AAE?$AA?$AA@ 00000001800020e8     Pclass.obj
 0001:00001110       ??_C@_1CE@EANKNCIF@?$AAW?$AAS?$AA_?$AAE?$AAX?$AA_?$AAC?$AAO?$AAN?$AAT?$AAE?$AAX?$AAT?$AAH?$AAE?$AAL?$AAP?$AA?$AA@ 0000000180002110     Pclass.obj
 0001:00001138       ??_C@_1BI@GFIADCMK@?$AAW?$AAS?$AA_?$AAE?$AAX?$AA_?$AAR?$AAI?$AAG?$AAH?$AAT?$AA?$AA@ 0000000180002138     Pclass.obj
 0001:00001150       ??_C@_1CC@JOFCJJPB@?$AAW?$AAS?$AA_?$AAE?$AAX?$AA_?$AAR?$AAT?$AAL?$AAR?$AAE?$AAA?$AAD?$AAI?$AAN?$AAG?$AA?$AA@ 0000000180002150     Pclass.obj
 0001:00001178       ??_C@_1CI@EFLDECAB@?$AAW?$AAS?$AA_?$AAE?$AAX?$AA_?$AAL?$AAE?$AAF?$AAT?$AAS?$AAC?$AAR?$AAO?$AAL?$AAL?$AAB?$AAA?$AAR?$AA?$AA@ 0000000180002178     Pclass.obj
 0001:000011a0       ??_C@_1CI@CIFGFFJB@?$AAW?$AAS?$AA_?$AAE?$AAX?$AA_?$AAC?$AAO?$AAN?$AAT?$AAR?$AAO?$AAL?$AAP?$AAA?$AAR?$AAE?$AAN?$AAT?$AA?$AA@ 00000001800021a0     Pclass.obj
 0001:000011c8       ??_C@_1CC@BGEPLDCA@?$AAW?$AAS?$AA_?$AAE?$AAX?$AA_?$AAS?$AAT?$AAA?$AAT?$AAI?$AAC?$AAE?$AAD?$AAG?$AAE?$AA?$AA@ 00000001800021c8     Pclass.obj
 0001:000011f0       ??_C@_1CA@DOAIHHLO@?$AAW?$AAS?$AA_?$AAE?$AAX?$AA_?$AAA?$AAP?$AAP?$AAW?$AAI?$AAN?$AAD?$AAO?$AAW?$AA?$AA@ 00000001800021f0     Pclass.obj
 0001:00001210       ??_C@_1BM@FAODAMGD@?$AAW?$AAS?$AA_?$AAE?$AAX?$AA_?$AAL?$AAA?$AAY?$AAE?$AAR?$AAE?$AAD?$AA?$AA@ 0000000180002210     Pclass.obj
 0001:00001230       ??_C@_1CM@DJKNBOGD@?$AAW?$AAS?$AA_?$AAE?$AAX?$AA_?$AAN?$AAO?$AAI?$AAN?$AAH?$AAE?$AAR?$AAI?$AAT?$AAL?$AAA?$AAY?$AAO?$AAU?$AAT?$AA?$AA@ 0000000180002230     Pclass.obj
 0001:00001260       ??_C@_1CA@KMHLBMFI@?$AAW?$AAS?$AA_?$AAE?$AAX?$AA_?$AAL?$AAA?$AAY?$AAO?$AAU?$AAT?$AAR?$AAT?$AAL?$AA?$AA@ 0000000180002260     Pclass.obj
 0001:00001280       ??_C@_1CC@LOFMDOPL@?$AAW?$AAS?$AA_?$AAE?$AAX?$AA_?$AAN?$AAO?$AAA?$AAC?$AAT?$AAI?$AAV?$AAA?$AAT?$AAE?$AA?$AA@ 0000000180002280     Pclass.obj
 0001:000012a8       ??_C@_19GGNHIDOH@?$AA?4?$AAt?$AAx?$AAt?$AA?$AA@ 00000001800022a8     Pclass.obj
 0001:000012b8       ??_C@_1O@CNKEJBH@?$AA?0?$AA?5?$AA?$CF?$AAd?$AA?$CF?$AAs?$AA?$AA@ 00000001800022b8     Pclass.obj
 0001:000012c8       ??_C@_1BC@NEODPHBM@?$AA?$CF?$AAs?$AA?5?$AA?$CF?$AAs?$AA?$CF?$AAs?$AA?6?$AA?$AA@ 00000001800022c8     Pclass.obj
 0001:000012e0       ??_C@_1O@CIJHDDGA@?$AA?$CF?$AAs?$AA?5?$AA?$CF?$AAs?$AA?6?$AA?$AA@ 00000001800022e0     Pclass.obj
 0001:000012f0       ??_C@_1O@DGEEABED@?$AA?$CF?$AAs?$AA?5?$AA?$CF?$AAd?$AA?6?$AA?$AA@ 00000001800022f0     Pclass.obj
 0001:00001300       ??_C@_1BC@CLLLJKLA@?$AA?$CF?$AAs?$AA?5?$AA?$CF?$AA0?$AA8?$AAX?$AA?6?$AA?$AA@ 0000000180002300     Pclass.obj
 0001:00001318       ??_C@_17GMPJMPF@?$AA?$CF?$AAs?$AA?5?$AA?$AA@ 0000000180002318     Pclass.obj
 0001:00001320       ??_C@_1BE@OMBNFFBH@?$AA?$CF?$AAu?$AA?5?$AA?5?$AA?$CI?$AA?$CF?$AAs?$AA?$CJ?$AA?6?$AA?$AA@ 0000000180002320     Pclass.obj
 0001:00001338       ??_C@_17BPBJDALC@?$AA?$CF?$AAu?$AA?6?$AA?$AA@ 0000000180002338     Pclass.obj
 0001:00001340       ??_C@_1M@LFADDFHG@?$AA?$CF?$AA0?$AA8?$AAX?$AA?6?$AA?$AA@ 0000000180002340     Pclass.obj
 0001:00001350       ??_C@_1O@POMONAHN@?$AA?$CF?$AAs?$AA?5?$AA?$CF?$AAu?$AA?6?$AA?$AA@ 0000000180002350     Pclass.obj
 0001:00001360       ??_C@_1BG@MDLBKGIE@?$AA?6?$AA?$CF?$AAs?$AA?5?$AA?$CF?$AAs?$AA?5?$AA?$CF?$AAs?$AA?6?$AA?$AA@ 0000000180002360     Pclass.obj
 0001:00001378       ??_C@_1BA@OBCELLNO@?$AA?6?$AA?$CF?$AAs?$AA?5?$AA?$CF?$AAs?$AA?6?$AA?$AA@ 0000000180002378     Pclass.obj
 0001:00001388       ??_C@_1BC@MLKIHIFN@?$AA?6?$AA?$CF?$AAs?$AA?3?$AA?6?$AA?$CF?$AAs?$AA?6?$AA?$AA@ 0000000180002388     Pclass.obj
 0001:000013a0       ??_C@_1BA@DHHNFIMD@?$AA?6?$AA?$CF?$AAs?$AA?5?$AA?$CF?$AAu?$AA?6?$AA?$AA@ 00000001800023a0     Pclass.obj
 0001:000013b0       ??_C@_1BE@JKDBKCGH@?$AA?$CF?$AA?9?$AA2?$AA2?$AAs?$AA?5?$AA?$CF?$AAp?$AA?6?$AA?$AA@ 00000001800023b0     Pclass.obj
 0001:000013c8       ??_C@_1M@NOMFOFMP@?$AAH?$AAW?$AAN?$AAD?$AA?3?$AA?$AA@ 00000001800023c8     Pclass.obj
 0001:000013d4       ??_C@_13HOIJIPNN@?$AA?5?$AA?$AA@ 00000001800023d4     Pclass.obj
 0001:000013d8       ??_C@_1BO@LJMHGFAK@?$AA?$CF?$AA?9?$AA2?$AA2?$AAs?$AA?5?$AA?$CF?$AA0?$AA8?$AAX?$AA?5?$AA?$CF?$AAs?$AA?6?$AA?$AA@ 00000001800023d8     Pclass.obj
 0001:000013f8       ??_C@_1BE@PEGLKBKB@?$AA?6?$AA?$CF?$AAs?$AA?6?$AA?$CF?$AAs?$AA?$CF?$AAs?$AA?6?$AA?$AA@ 00000001800023f8     Pclass.obj
 0001:00001410       ??_C@_17JJIMNMHK@?$AA?5?$AA?$CG?$AA?$FO?$AA?$AA@ 0000000180002410     Pclass.obj
 0001:0000142c       ??_C@_15DDHGOCBH@?$AA?4?$AA?4?$AA?$AA@ 000000018000242c     Pclass.obj
 0001:00001438       ??_C@_17FJPEEFCB@?$AAp?$AAr?$AAc?$AA?$AA@ 0000000180002438     Pclass.obj
 0001:00001440       ??_C@_1BC@ENICKDH@?$AAC?$AAo?$AAn?$AAt?$AAe?$AAn?$AAt?$AAs?$AA?$AA@ 0000000180002440     Pclass.obj
 0001:00001458       ??_C@_1CK@DGKCELDD@?$AAP?$AAr?$AAo?$AAc?$AAe?$AAs?$AAs?$AAL?$AAi?$AAs?$AAt?$AA?4?$AAC?$AAo?$AAm?$AAp?$AAu?$AAt?$AAe?$AAr?$AA?$AA@ 0000000180002458     Pclass.obj
 0001:00001488       ??_C@_1CK@ECJCGOEK@?$AAP?$AAr?$AAo?$AAc?$AAe?$AAs?$AAs?$AAL?$AAi?$AAs?$AAt?$AA?4?$AAU?$AAs?$AAe?$AAr?$AAn?$AAa?$AAm?$AAe?$AA?$AA@ 0000000180002488     Pclass.obj
 0001:000014b4       ??_C@_15LEKKCGMK@?$AA?2?$AA?2?$AA?$AA@ 00000001800024b4     Pclass.obj
 0001:000014c0       ??_C@_1M@HKFBKEEN@?$AA?$CF?$AA?$CF?$AA?5?$AA?$CF?$AAs?$AA?$AA@ 00000001800024c0     Pclass.obj
 0001:000014d0       ??_C@_1M@MOFLFCEC@?$AA?$CF?$AAs?$AA?5?$AA?$CF?$AAs?$AA?$AA@ 00000001800024d0     Pclass.obj
 0001:000014e0       ??_C@_17DJGLCLAO@?$AA?$CF?$AAs?$AA?3?$AA?$AA@ 00000001800024e0     Pclass.obj
 0001:000014e8       ??_C@_1M@EJMLOAMM@?$AA?$CF?$AA?9?$AA2?$AA2?$AAs?$AA?$AA@ 00000001800024e8     Pclass.obj
 0001:00001528       ??_C@_1CE@OMPPCAIJ@?$AA?$CF?$AAd?$AA?5?$AA?$CF?$AA0?$AA2?$AAd?$AA?3?$AA?$CF?$AA0?$AA2?$AAd?$AA?3?$AA?$CF?$AA0?$AA2?$AAd?$AA?$AA@ 0000000180002528     Pclass.obj
 0001:00001550       ??_C@_1BO@EHJBCONC@?$AA?$CF?$AA0?$AA2?$AAd?$AA?3?$AA?$CF?$AA0?$AA2?$AAd?$AA?3?$AA?$CF?$AA0?$AA2?$AAd?$AA?$AA@ 0000000180002550     Pclass.obj
 0001:00001570       ??_C@_17JLFEDMMI@?$AA?$DP?$AA?$DP?$AA?$DP?$AA?$AA@ 0000000180002570     Pclass.obj
 0001:00001598       ??_C@_19JHEHLFPM@?$AA?2?$AA?$DP?$AA?$DP?$AA?2?$AA?$AA@ 0000000180002598     Pclass.obj
 0001:000015a8       ??_C@_1CG@PJJCHAJ@?$AA?2?$AA?$CF?$AAs?$AA?2?$AA?$CF?$AAs?$AA?2?$AAF?$AAi?$AAl?$AAe?$AAV?$AAe?$AAr?$AAs?$AAi?$AAo?$AAn?$AA?$AA@ 00000001800025a8     Pclass.obj
 0001:000015d0       ??_C@_1CO@PDLCNLLF@?$AA?2?$AA?$CF?$AAs?$AA?2?$AA?$CF?$AAs?$AA?2?$AAF?$AAi?$AAl?$AAe?$AAD?$AAe?$AAs?$AAc?$AAr?$AAi?$AAp?$AAt?$AAi?$AAo?$AAn?$AA?$AA@ 00000001800025d0     Pclass.obj
 0001:00001600       ??_C@_17CHCGIDNB@?$AA?$CF?$AAs?$AA?2?$AA?$AA@ 0000000180002600     Pclass.obj
 0001:00001608       ??_C@_1M@CBILFCKF@?$AA?5?$AA?$CI?$AA?$CF?$AAs?$AA?$CJ?$AA?$AA@ 0000000180002608     Pclass.obj
 0001:00001618       ??_C@_1BC@OMEIBLAI@?$AAw?$AAb?$AAe?$AAm?$AAc?$AAo?$AAm?$AAn?$AA?$AA@ 0000000180002618     Pclass.obj
 0001:00001630       __xmm@00000003000000870000000200000086 0000000180002630     Pclass.obj
 0001:00001640       __xmm@00000007000000890000000400000088 0000000180002640     Pclass.obj
 0001:00001650       __xmm@000000080000008b000000010000008a 0000000180002650     Pclass.obj
 0001:00001660       __xmm@0000000b000000120000004200000010 0000000180002660     Pclass.obj
 0001:00001670       __xmm@000000410000000f000000090000008c 0000000180002670     Pclass.obj
 0001:00001680       ??_C@_1CC@DNHMJIKH@?$AA?$CF?$AA?5?$AAP?$AAr?$AAo?$AAc?$AAe?$AAs?$AAs?$AAo?$AAr?$AA?5?$AAT?$AAi?$AAm?$AAe?$AA?$AA@ 0000000180002680     perfthread.obj
 0001:000016a8       ??_C@_1CE@FNEMIHOD@?$AA?$CF?$AA?5?$AAP?$AAr?$AAi?$AAv?$AAi?$AAl?$AAe?$AAg?$AAe?$AAd?$AA?5?$AAT?$AAi?$AAm?$AAe?$AA?$AA@ 00000001800026a8     perfthread.obj
 0001:000016d0       ??_C@_1BI@IIOPEKIO@?$AA?$CF?$AA?5?$AAU?$AAs?$AAe?$AAr?$AA?5?$AAT?$AAi?$AAm?$AAe?$AA?$AA@ 00000001800026d0     perfthread.obj
 0001:000016e8       ??_C@_1BK@FAAJNJIB@?$AAH?$AAa?$AAn?$AAd?$AAl?$AAe?$AA?5?$AAC?$AAo?$AAu?$AAn?$AAt?$AA?$AA@ 00000001800026e8     perfthread.obj
 0001:00001708       ??_C@_1CA@KJMNGIDJ@?$AAP?$AAa?$AAg?$AAe?$AA?5?$AAF?$AAi?$AAl?$AAe?$AA?5?$AAB?$AAy?$AAt?$AAe?$AAs?$AA?$AA@ 0000000180002708     perfthread.obj
 0001:00001728       ??_C@_1CK@FGGMBBIH@?$AAP?$AAa?$AAg?$AAe?$AA?5?$AAF?$AAi?$AAl?$AAe?$AA?5?$AAB?$AAy?$AAt?$AAe?$AAs?$AA?5?$AAP?$AAe?$AAa?$AAk?$AA?$AA@ 0000000180002728     perfthread.obj
 0001:00001758       ??_C@_1BI@GCOMDKEO@?$AAW?$AAo?$AAr?$AAk?$AAi?$AAn?$AAg?$AA?5?$AAS?$AAe?$AAt?$AA?$AA@ 0000000180002758     perfthread.obj
 0001:00001770       ??_C@_1CC@OFJLEPCP@?$AAW?$AAo?$AAr?$AAk?$AAi?$AAn?$AAg?$AA?5?$AAS?$AAe?$AAt?$AA?5?$AAP?$AAe?$AAa?$AAk?$AA?$AA@ 0000000180002770     perfthread.obj
 0001:00001798       ??_C@_1CI@LLKMGPEG@?$AAP?$AAo?$AAo?$AAl?$AA?5?$AAN?$AAo?$AAn?$AAp?$AAa?$AAg?$AAe?$AAd?$AA?5?$AAB?$AAy?$AAt?$AAe?$AAs?$AA?$AA@ 0000000180002798     perfthread.obj
 0001:000017c0       ??_C@_1CC@IMBAECJF@?$AAP?$AAo?$AAo?$AAl?$AA?5?$AAP?$AAa?$AAg?$AAe?$AAd?$AA?5?$AAB?$AAy?$AAt?$AAe?$AAs?$AA?$AA@ 00000001800027c0     perfthread.obj
 0001:000017e8       ??_C@_1BM@DGDPAMAA@?$AAP?$AAr?$AAi?$AAv?$AAa?$AAt?$AAe?$AA?5?$AAB?$AAy?$AAt?$AAe?$AAs?$AA?$AA@ 00000001800027e8     perfthread.obj
 0001:00001808       ??_C@_1CA@GADAGCME@?$AAP?$AAa?$AAg?$AAe?$AA?5?$AAF?$AAa?$AAu?$AAl?$AAt?$AAs?$AA?1?$AAs?$AAe?$AAc?$AA?$AA@ 0000000180002808     perfthread.obj
 0001:00001828       ??_C@_1BM@FMIOMJAE@?$AAV?$AAi?$AAr?$AAt?$AAu?$AAa?$AAl?$AA?5?$AAB?$AAy?$AAt?$AAe?$AAs?$AA?$AA@ 0000000180002828     perfthread.obj
 0001:00001848       ??_C@_1CG@KJOKFONA@?$AAV?$AAi?$AAr?$AAt?$AAu?$AAa?$AAl?$AA?5?$AAB?$AAy?$AAt?$AAe?$AAs?$AA?5?$AAP?$AAe?$AAa?$AAk?$AA?$AA@ 0000000180002848     perfthread.obj
 0001:00001870       ??_C@_1CE@DFDFLLAO@?$AAI?$AAO?$AA?5?$AAD?$AAa?$AAt?$AAa?$AA?5?$AAB?$AAy?$AAt?$AAe?$AAs?$AA?1?$AAs?$AAe?$AAc?$AA?$AA@ 0000000180002870     perfthread.obj
 0001:00001898       ??_C@_1CE@EFLEKJAB@?$AAI?$AAO?$AA?5?$AAR?$AAe?$AAa?$AAd?$AA?5?$AAB?$AAy?$AAt?$AAe?$AAs?$AA?1?$AAs?$AAe?$AAc?$AA?$AA@ 0000000180002898     perfthread.obj
 0001:000018c0       ??_C@_1CG@MEJHKKKF@?$AAI?$AAO?$AA?5?$AAW?$AAr?$AAi?$AAt?$AAe?$AA?5?$AAB?$AAy?$AAt?$AAe?$AAs?$AA?1?$AAs?$AAe?$AAc?$AA?$AA@ 00000001800028c0     perfthread.obj
 0001:000018e8       ??_C@_1CG@LBBBPCJA@?$AAI?$AAO?$AA?5?$AAO?$AAt?$AAh?$AAe?$AAr?$AA?5?$AAB?$AAy?$AAt?$AAe?$AAs?$AA?1?$AAs?$AAe?$AAc?$AA?$AA@ 00000001800028e8     perfthread.obj
 0001:00001910       ??_C@_1CO@LIEOHDCC@?$AAI?$AAO?$AA?5?$AAD?$AAa?$AAt?$AAa?$AA?5?$AAO?$AAp?$AAe?$AAr?$AAa?$AAt?$AAi?$AAo?$AAn?$AAs?$AA?1?$AAs?$AAe?$AAc?$AA?$AA@ 0000000180002910     perfthread.obj
 0001:00001940       ??_C@_1CO@LIIKBHDH@?$AAI?$AAO?$AA?5?$AAR?$AAe?$AAa?$AAd?$AA?5?$AAO?$AAp?$AAe?$AAr?$AAa?$AAt?$AAi?$AAo?$AAn?$AAs?$AA?1?$AAs?$AAe?$AAc?$AA?$AA@ 0000000180002940     perfthread.obj
 0001:00001970       ??_C@_1DA@HICMAFKK@?$AAI?$AAO?$AA?5?$AAW?$AAr?$AAi?$AAt?$AAe?$AA?5?$AAO?$AAp?$AAe?$AAr?$AAa?$AAt?$AAi?$AAo?$AAn?$AAs?$AA?1?$AAs?$AAe?$AAc?$AA?$AA@ 0000000180002970     perfthread.obj
 0001:000019a0       ??_C@_1DA@BEHINMGJ@?$AAI?$AAO?$AA?5?$AAO?$AAt?$AAh?$AAe?$AAr?$AA?5?$AAO?$AAp?$AAe?$AAr?$AAa?$AAt?$AAi?$AAo?$AAn?$AAs?$AA?1?$AAs?$AAe?$AAc?$AA?$AA@ 00000001800029a0     perfthread.obj
 0001:000019d0       ??_C@_1HE@NBDABLAL@?$AAS?$AAo?$AAf?$AAt?$AAw?$AAa?$AAr?$AAe?$AA?2?$AAM?$AAi?$AAc?$AAr?$AAo?$AAs?$AAo?$AAf?$AAt?$AA?2?$AAW?$AAi?$AAn?$AAd?$AAo?$AAw?$AAs?$AA?5?$AAN?$AAT?$AA?2?$AAC?$AAu@ 00000001800029d0     perfthread.obj
 0001:00001a48       ??_C@_1BC@IICCDNLG@?$AAC?$AAo?$AAu?$AAn?$AAt?$AAe?$AAr?$AAs?$AA?$AA@ 0000000180002a48     perfthread.obj
 0001:00001a60       ??_C@_1BG@NKNJPBCD@?$AAI?$AAD?$AA?5?$AAP?$AAr?$AAo?$AAc?$AAe?$AAs?$AAs?$AA?$AA@ 0000000180002a60     perfthread.obj
 0001:00001a78       ??_C@_1BM@KCAKLHJN@?$AAP?$AAr?$AAi?$AAo?$AAr?$AAi?$AAt?$AAy?$AA?5?$AAB?$AAa?$AAs?$AAe?$AA?$AA@ 0000000180002a78     perfthread.obj
 0001:00001a98       ??_C@_1BK@KCHPPKHP@?$AAT?$AAh?$AAr?$AAe?$AAa?$AAd?$AA?5?$AAC?$AAo?$AAu?$AAn?$AAt?$AA?$AA@ 0000000180002a98     perfthread.obj
 0001:00001ab8       ??_C@_1CI@FNIEMNAI@?$AAC?$AAr?$AAe?$AAa?$AAt?$AAi?$AAn?$AAg?$AA?5?$AAP?$AAr?$AAo?$AAc?$AAe?$AAs?$AAs?$AA?5?$AAI?$AAD?$AA?$AA@ 0000000180002ab8     perfthread.obj
 0001:00001ae0       ??_C@_1BK@IKAFHKBD@?$AAE?$AAl?$AAa?$AAp?$AAs?$AAe?$AAd?$AA?5?$AAT?$AAi?$AAm?$AAe?$AA?$AA@ 0000000180002ae0     perfthread.obj
 0001:00001b00       ??_C@_19DLCFHDFF@?$AAP?$AAE?$AAR?$AAF?$AA?$AA@ 0000000180002b00     perfthread.obj
 0001:00001b10       ??_C@_19DOGDICKI@?$AA?4?$AAe?$AAx?$AAe?$AA?$AA@ 0000000180002b10     perfthread.obj
 0001:00001b20       ??_C@_1CC@DMDJMJLM@?$AAS?$AAe?$AAD?$AAe?$AAb?$AAu?$AAg?$AAP?$AAr?$AAi?$AAv?$AAi?$AAl?$AAe?$AAg?$AAe?$AA?$AA@ 0000000180002b20     Plist.obj
 0001:00001b48       ??_C@_1M@GPDJLPMI@?$AA?4?$AA?$CF?$AA0?$AA3?$AAd?$AA?$AA@ 0000000180002b48     Plist.obj
 0001:00001b54       ??_C@_13EBCNDICG@?$AA?3?$AA?$AA@ 0000000180002b54     Plist.obj
 0001:00001b58       ??_C@_1O@KBBIJFEI@?$AA?$CF?$AA?9?$AA2?$AA4?$AAs?$AA?5?$AA?$AA@ 0000000180002b58     Plist.obj
 0001:00001b68       ??_C@_1BC@CIAMCHCM@?$AA?$CF?$AA1?$AA0?$AAI?$AA6?$AA4?$AAu?$AA?6?$AA?$AA@ 0000000180002b68     Plist.obj
 0001:00001b80       ??_C@_1BK@OIAGEDCG@?$AA?$CF?$AAs?$AA?5?$AA?$CF?$AA7?$AAI?$AA6?$AA4?$AAu?$AA?$CF?$AA?$CF?$AA?6?$AA?$AA@ 0000000180002b80     Plist.obj
 0001:00001ba0       ??_C@_1CG@FOOPEKLK@?$AA?$CF?$AA1?$AA0?$AAI?$AA6?$AA4?$AAu?$AA?5?$AA?5?$AA?$CF?$AA5?$AAI?$AA6?$AA4?$AAu?$AA?$CF?$AAs?$AA?6?$AA?$AA@ 0000000180002ba0     Plist.obj
 0001:00001bc8       ??_C@_1BA@LFJAMCEC@?$AA?$CF?$AAs?$AA?5?$AA?$CF?$AAs?$AA?6?$AA?6?$AA?$AA@ 0000000180002bc8     Plist.obj
 0001:00001bd8       ??_C@_19FJPIAKGM@?$AA?$CF?$AAs?$AA?6?$AA?6?$AA?$AA@ 0000000180002bd8     Plist.obj
 0001:00001be8       ??_C@_17MJEANDKP@?$AA?$CF?$AAs?$AA?6?$AA?$AA@ 0000000180002be8     Plist.obj
 0001:00001bf0       ??_C@_1BE@KPJOOIA@?$AA?5?$AA?5?$AA?$CF?$AAp?$AA?5?$AA?5?$AA?$CF?$AA6?$AAX?$AA?$AA@ 0000000180002bf0     Plist.obj
 0001:00001c08       ??_C@_17ENEANJDH@?$AA?5?$AA?$CF?$AAs?$AA?$AA@ 0000000180002c08     Plist.obj
 0001:00001c10       ??_C@_1BG@FFJGBKCB@?$AAE?$AAr?$AAr?$AAo?$AAr?$AA?5?$AA0?$AAx?$AA?$CF?$AAx?$AA?$AA@ 0000000180002c10     Pmix.obj
 0001:00001c28       ??_C@_15JNBOKNOG@?$AA?$AN?$AA?6?$AA?$AA@ 0000000180002c28     Pmix.obj
 0001:00001c30       CLSID_WbemLocator          0000000180002c30     WMI.obj
 0001:00001c40       IID_IWbemLocator           0000000180002c40     WMI.obj
 0001:00001c50       ??_C@_1DA@BIBEJFMF@?$AAW?$AAi?$AAn?$AA3?$AA2?$AA_?$AAP?$AAr?$AAo?$AAc?$AAe?$AAs?$AAs?$AA?4?$AAH?$AAa?$AAn?$AAd?$AAl?$AAe?$AA?$DN?$AA?$CF?$AAu?$AA?$AA@ 0000000180002c50     WMI.obj
 0001:00001c80       ??_C@_1BO@CLCOBGDE@?$AAE?$AAx?$AAe?$AAc?$AAu?$AAt?$AAa?$AAb?$AAl?$AAe?$AAP?$AAa?$AAt?$AAh?$AA?$AA@ 0000000180002c80     WMI.obj
 0001:00001ca0       ??_C@_1BC@JHNNEHFE@?$AAP?$AAr?$AAi?$AAo?$AAr?$AAi?$AAt?$AAy?$AA?$AA@ 0000000180002ca0     WMI.obj
 0001:00001cb8       ??_C@_1BC@HJJANEGO@?$AAG?$AAe?$AAt?$AAO?$AAw?$AAn?$AAe?$AAr?$AA?$AA@ 0000000180002cb8     WMI.obj
 0001:00001cd0       ??_C@_19PIJILKAI@?$AAU?$AAs?$AAe?$AAr?$AA?$AA@ 0000000180002cd0     WMI.obj
 0001:00001ce0       ??_C@_1O@OAMNPMOM@?$AAD?$AAo?$AAm?$AAa?$AAi?$AAn?$AA?$AA@ 0000000180002ce0     WMI.obj
 0001:00001cf0       ??_C@_1BI@OIPNMPCL@?$AAG?$AAe?$AAt?$AAO?$AAw?$AAn?$AAe?$AAr?$AAS?$AAi?$AAd?$AA?$AA@ 0000000180002cf0     WMI.obj
 0001:00001d08       ??_C@_17NKMLOKHF@?$AAS?$AAi?$AAd?$AA?$AA@ 0000000180002d08     WMI.obj
 0001:00001d10       ??_C@_1BE@CFEJJKFE@?$AAS?$AAe?$AAs?$AAs?$AAi?$AAo?$AAn?$AAI?$AAd?$AA?$AA@ 0000000180002d10     WMI.obj
 0001:00001d28       ??_C@_1BM@MLGLIGHJ@?$AAW?$AAi?$AAn?$AA3?$AA2?$AA_?$AAP?$AAr?$AAo?$AAc?$AAe?$AAs?$AAs?$AA?$AA@ 0000000180002d28     WMI.obj
 0001:00001d48       ??_C@_1BI@FLOHINJE@?$AAR?$AAe?$AAt?$AAu?$AAr?$AAn?$AAV?$AAa?$AAl?$AAu?$AAe?$AA?$AA@ 0000000180002d48     WMI.obj
 0001:00001d60       ??_C@_1BI@NKNJJIDM@?$AAS?$AAe?$AAt?$AAP?$AAr?$AAi?$AAo?$AAr?$AAi?$AAt?$AAy?$AA?$AA@ 0000000180002d60     WMI.obj
 0001:00001d78       ??_C@_1O@GGHBFGJC@?$AAR?$AAe?$AAa?$AAs?$AAo?$AAn?$AA?$AA@ 0000000180002d78     WMI.obj
 0001:00001d88       ??_C@_1BE@PBPGMODO@?$AAT?$AAe?$AAr?$AAm?$AAi?$AAn?$AAa?$AAt?$AAe?$AA?$AA@ 0000000180002d88     WMI.obj
 0001:00001d9c       ??_C@_13JOFGPIOO@?$AA?4?$AA?$AA@ 0000000180002d9c     WMI.obj
 0001:00001da0       ??_C@_1CA@ECJNGEII@?$AA?2?$AA?2?$AA?$CF?$AAs?$AA?2?$AAr?$AAo?$AAo?$AAt?$AA?2?$AAc?$AAi?$AAm?$AAv?$AA2?$AA?$AA@ 0000000180002da0     WMI.obj
 0001:00001dc0       MainGuid                   0000000180002dc0     Proclist.obj
 0001:00001dd0       MenuGuid                   0000000180002dd0     Proclist.obj
 0001:00001de0       ConfigDialogGuid           0000000180002de0     Proclist.obj
 0001:00001df0       ??_C@_1M@OAIMIKLP@?$AAn?$AAt?$AAd?$AAl?$AAl?$AA?$AA@ 0000000180002df0     Proclist.obj
 0001:00001e00       ??_C@_0BK@EGDDIFMK@NtQueryInformationProcess?$AA@ 0000000180002e00     Proclist.obj
 0001:00001e20       ??_C@_0BJ@HKKELGGC@NtQueryInformationThread?$AA@ 0000000180002e20     Proclist.obj
 0001:00001e40       ??_C@_0O@IFMDHOMC@NtQueryObject?$AA@ 0000000180002e40     Proclist.obj
 0001:00001e50       ??_C@_0BJ@NDLOPGCH@NtQuerySystemInformation?$AA@ 0000000180002e50     Proclist.obj
 0001:00001e70       ??_C@_0BH@DLPGICA@NtQueryInformationFile?$AA@ 0000000180002e70     Proclist.obj
 0001:00001e88       ??_C@_1BC@GDMECMAK@?$AAk?$AAe?$AAr?$AAn?$AAe?$AAl?$AA3?$AA2?$AA?$AA@ 0000000180002e88     Proclist.obj
 0001:00001ea0       ??_C@_0P@LKABJJMO@IsWow64Process?$AA@ 0000000180002ea0     Proclist.obj
 0001:00001eb0       ??_C@_1BC@DNHGCMLG@?$AAa?$AAd?$AAv?$AAa?$AAp?$AAi?$AA3?$AA2?$AA?$AA@ 0000000180002eb0     Proclist.obj
 0001:00001ec8       ??_C@_0L@KJHKJIPF@IsValidSid?$AA@ 0000000180002ec8     Proclist.obj
 0001:00001ed8       ??_C@_0BK@FIHGNING@GetSidIdentifierAuthority?$AA@ 0000000180002ed8     Proclist.obj
 0001:00001ef8       ??_C@_0BI@LPFJALDI@GetSidSubAuthorityCount?$AA@ 0000000180002ef8     Proclist.obj
 0001:00001f10       ??_C@_0BD@LMGFHOAE@GetSidSubAuthority?$AA@ 0000000180002f10     Proclist.obj
 0001:00001f28       ??_C@_0BD@MCBOPCDK@LookupAccountNameW?$AA@ 0000000180002f28     Proclist.obj
 0001:00001f40       ??_C@_1O@BCCLBEOE@?$AAu?$AAs?$AAe?$AAr?$AA3?$AA2?$AA?$AA@ 0000000180002f40     Proclist.obj
 0001:00001f50       ??_C@_0BA@FKGDNIJG@GetGuiResources?$AA@ 0000000180002f50     Proclist.obj
 0001:00001f60       ??_C@_1M@FFPAMFOB@?$AAo?$AAl?$AAe?$AA3?$AA2?$AA?$AA@ 0000000180002f60     Proclist.obj
 0001:00001f70       ??_C@_0BC@IOEGILCE@CoSetProxyBlanket?$AA@ 0000000180002f70     Proclist.obj
 0001:00001f88       ??_C@_1BC@PDEABLIN@?$AAP?$AAr?$AAo?$AAc?$AAL?$AAi?$AAs?$AAt?$AA?$AA@ 0000000180002f88     Proclist.obj
 0001:00001fa0       ??_C@_1DK@DCAMPEPJ@?$AAP?$AAr?$AAo?$AAc?$AAe?$AAs?$AAs?$AA?5?$AAL?$AAi?$AAs?$AAt?$AA?5?$AAf?$AAo?$AAr?$AA?5?$AAF?$AAA?$AAR?$AA?5?$AAM?$AAa?$AAn?$AAa?$AAg?$AAe?$AAr?$AA?$AA@ 0000000180002fa0     Proclist.obj
 0001:00001fe0       ??_C@_1DE@BGKMIKPD@?$AAE?$AAu?$AAg?$AAe?$AAn?$AAe?$AA?5?$AAR?$AAo?$AAs?$AAh?$AAa?$AAl?$AA?5?$AA?$CG?$AA?5?$AAF?$AAa?$AAr?$AA?5?$AAG?$AAr?$AAo?$AAu?$AAp?$AA?$AA@ 0000000180002fe0     Proclist.obj
 0001:00002018       ??_C@_1M@MNPEKPKO@?$AAp?$AAl?$AAi?$AAs?$AAt?$AA?$AA@ 0000000180003018     Proclist.obj
 0001:00002028       _pRawDllMain               0000000180003028     LIBCMT:dll_dllmain.obj
 0001:00002028       _pDefaultRawDllMain        0000000180003028     LIBCMT:dll_dllmain.obj
 0001:00002038       ??_7exception@std@@6B@     0000000180003038     LIBCMT:throw_bad_alloc.obj
 0001:00002048       ??_C@_0BC@EOODALEL@Unknown?5exception?$AA@ 0000000180003048     LIBCMT:throw_bad_alloc.obj
 0001:00002068       ??_7bad_alloc@std@@6B@     0000000180003068     LIBCMT:throw_bad_alloc.obj
 0001:00002078       ??_C@_0P@GHFPNOJB@bad?5allocation?$AA@ 0000000180003078     LIBCMT:throw_bad_alloc.obj
 0001:00002090       ??_7bad_array_new_length@std@@6B@ 0000000180003090     LIBCMT:throw_bad_alloc.obj
 0001:000020a0       ??_C@_0BF@KINCDENJ@bad?5array?5new?5length?$AA@ 00000001800030a0     LIBCMT:throw_bad_alloc.obj
 0001:000020c0       ??_7type_info@@6B@         00000001800030c0     LIBCMT:std_type_info_static.obj
 0001:000020c8       _Microsoft_CRTProvider     00000001800030c8     libvcruntime:telemetry.obj
 0001:000020d0       ??_C@_00CNPNBAHC@?$AA@     00000001800030d0     libvcruntime:telemetry.obj
 0001:000020d8       ??_C@_0O@JEOPJOMI@Main?5Invoked?4?$AA@ 00000001800030d8     libvcruntime:telemetry.obj
 0001:000020e8       ??_C@_0P@NEAEIBDO@Main?5Returned?4?$AA@ 00000001800030e8     libvcruntime:telemetry.obj
 0001:00002160       ??_C@_1DM@KHCHBNEB@?$AAa?$AAp?$AAi?$AA?9?$AAm?$AAs?$AA?9?$AAw?$AAi?$AAn?$AA?9?$AAc?$AAo?$AAr?$AAe?$AA?9?$AAf?$AAi?$AAb?$AAe?$AAr?$AAs?$AA?9?$AAl?$AA1?$AA?9?$AA1?$AA?9?$AA1?$AA?$AA@ 0000000180003160     libvcruntime:winapi_downlevel.obj
 0001:000021a0       ??_C@_1DK@LPPGFMPP@?$AAa?$AAp?$AAi?$AA?9?$AAm?$AAs?$AA?9?$AAw?$AAi?$AAn?$AA?9?$AAc?$AAo?$AAr?$AAe?$AA?9?$AAs?$AAy?$AAn?$AAc?$AAh?$AA?9?$AAl?$AA1?$AA?9?$AA2?$AA?9?$AA0?$AA?$AA@ 00000001800031a0     libvcruntime:winapi_downlevel.obj
 0001:000021e0       ??_C@_0O@BAMBGLIE@EventRegister?$AA@ 00000001800031e0     libvcruntime:winapi_downlevel.obj
 0001:000021f8       ??_C@_0BE@BJEEGHGK@EventSetInformation?$AA@ 00000001800031f8     libvcruntime:winapi_downlevel.obj
 0001:00002210       ??_C@_0BA@FAKLIPIC@EventUnregister?$AA@ 0000000180003210     libvcruntime:winapi_downlevel.obj
 0001:00002228       ??_C@_0BD@PKLHJPHD@EventWriteTransfer?$AA@ 0000000180003228     libvcruntime:winapi_downlevel.obj
 0001:00002248       ??_C@_08KNHFBNJ@FlsAlloc?$AA@ 0000000180003248     libvcruntime:winapi_downlevel.obj
 0001:00002260       ??_C@_07PEJMOBNF@FlsFree?$AA@ 0000000180003260     libvcruntime:winapi_downlevel.obj
 0001:00002270       ??_C@_0M@GDNOONDI@FlsGetValue?$AA@ 0000000180003270     libvcruntime:winapi_downlevel.obj
 0001:00002288       ??_C@_0M@JCPCPOEF@FlsSetValue?$AA@ 0000000180003288     libvcruntime:winapi_downlevel.obj
 0001:000022a0       ??_C@_0BM@HCFOFFN@InitializeCriticalSectionEx?$AA@ 00000001800032a0     libvcruntime:winapi_downlevel.obj
 0001:000022bc       ??_C@_01JOAMLHOP@?9?$AA@   00000001800032bc     libvcruntime:undname.obj
 0001:000022c0       ??_C@_01MIFGBAGJ@?$CL?$AA@ 00000001800032c0     libvcruntime:undname.obj
 0001:000022c4       ??_C@_01HNPIGOCE@?$CG?$AA@ 00000001800032c4     libvcruntime:undname.obj
 0001:000022c8       ??_C@_03MNHNFDLC@?9?$DO?$CK?$AA@ 00000001800032c8     libvcruntime:undname.obj
 0001:000022cc       ??_C@_01KMDKNFGN@?1?$AA@   00000001800032cc     libvcruntime:undname.obj
 0001:000022d0       ??_C@_01FGNFDNOH@?$CF?$AA@ 00000001800032d0     libvcruntime:undname.obj
 0001:000022d4       ??_C@_01MNNFJEPP@?$DM?$AA@ 00000001800032d4     libvcruntime:undname.obj
 0001:000022d8       ??_C@_02EHCHHCKH@?$DM?$DN?$AA@ 00000001800032d8     libvcruntime:undname.obj
 0001:000022dc       ??_C@_01PPODPGHN@?$DO?$AA@ 00000001800032dc     libvcruntime:undname.obj
 0001:000022e0       ??_C@_02EEKDKGMJ@?$DO?$DN?$AA@ 00000001800032e0     libvcruntime:undname.obj
 0001:000022e4       ??_C@_01IHBHIGKO@?0?$AA@   00000001800032e4     libvcruntime:undname.obj
 0001:000022e8       ??_C@_02HCKGKOFO@?$CI?$CJ?$AA@ 00000001800032e8     libvcruntime:undname.obj
 0001:000022ec       ??_C@_01PJKLJHI@?$HO?$AA@  00000001800032ec     libvcruntime:undname.obj
 0001:000022f0       ??_C@_01JKBOJNNK@?$FO?$AA@ 00000001800032f0     libvcruntime:undname.obj
 0001:000022f4       ??_C@_01DNKMNLPK@?$HM?$AA@ 00000001800032f4     libvcruntime:undname.obj
 0001:000022f8       ??_C@_02PPKAJPJL@?$CG?$CG?$AA@ 00000001800032f8     libvcruntime:undname.obj
 0001:000022fc       ??_C@_02NONPIBCD@?$HM?$HM?$AA@ 00000001800032fc     libvcruntime:undname.obj
 0001:00002300       ??_C@_02FPIMKNGF@?$CK?$DN?$AA@ 0000000180003300     libvcruntime:undname.obj
 0001:00002304       ??_C@_02FOEOMHFC@?$CL?$DN?$AA@ 0000000180003304     libvcruntime:undname.obj
 0001:00002308       ??_C@_02FKMDLLOA@?9?$DN?$AA@ 0000000180003308     libvcruntime:undname.obj
 0001:0000230c       ??_C@_02FJEHGPIO@?1?$DN?$AA@ 000000018000330c     libvcruntime:undname.obj
 0001:00002310       ??_C@_02FENAOKFI@?$CF?$DN?$AA@ 0000000180003310     libvcruntime:undname.obj
 0001:00002314       ??_C@_03IKFCCPFF@?$DO?$DO?$DN?$AA@ 0000000180003314     libvcruntime:undname.obj
 0001:00002318       ??_C@_03CDNPDDLA@?$DM?$DM?$DN?$AA@ 0000000180003318     libvcruntime:undname.obj
 0001:0000231c       ??_C@_02FGJGFEAB@?$CG?$DN?$AA@ 000000018000331c     libvcruntime:undname.obj
 0001:00002320       ??_C@_02DHLNPPGH@?$HM?$DN?$AA@ 0000000180003320     libvcruntime:undname.obj
 0001:00002324       ??_C@_02MHEGNOJ@?$FO?$DN?$AA@ 0000000180003324     libvcruntime:undname.obj
 0001:00002328       ??_C@_09IFPLHPGF@?$GAvftable?8?$AA@ 0000000180003328     libvcruntime:undname.obj
 0001:00002338       ??_C@_09BLBHBJP@?$GAvbtable?8?$AA@ 0000000180003338     libvcruntime:undname.obj
 0001:00002348       ??_C@_07FEEIOKP@?$GAvcall?8?$AA@ 0000000180003348     libvcruntime:undname.obj
 0001:00002350       ??_C@_08LLFFHHDJ@?$GAtypeof?8?$AA@ 0000000180003350     libvcruntime:undname.obj
 0001:00002360       ??_C@_0BF@KDPPACIK@?$GAlocal?5static?5guard?8?$AA@ 0000000180003360     libvcruntime:undname.obj
 0001:00002378       ??_C@_08OBABFOLI@?$GAstring?8?$AA@ 0000000180003378     libvcruntime:undname.obj
 0001:00002388       ??_C@_0BD@JDLKDPAB@?$GAvbase?5destructor?8?$AA@ 0000000180003388     libvcruntime:undname.obj
 0001:000023a0       ??_C@_0BN@DEGPLNFK@?$GAvector?5deleting?5destructor?8?$AA@ 00000001800033a0     libvcruntime:undname.obj
 0001:000023c0       ??_C@_0BO@OBMKPJIG@?$GAdefault?5constructor?5closure?8?$AA@ 00000001800033c0     libvcruntime:undname.obj
 0001:000023e0       ??_C@_0BN@IMDCHIKM@?$GAscalar?5deleting?5destructor?8?$AA@ 00000001800033e0     libvcruntime:undname.obj
 0001:00002400       ??_C@_0BO@PFGOCPJJ@?$GAvector?5constructor?5iterator?8?$AA@ 0000000180003400     libvcruntime:undname.obj
 0001:00002420       ??_C@_0BN@LFPFMEDL@?$GAvector?5destructor?5iterator?8?$AA@ 0000000180003420     libvcruntime:undname.obj
 0001:00002440       ??_C@_0CE@IKBNEHA@?$GAvector?5vbase?5constructor?5iterat@ 0000000180003440     libvcruntime:undname.obj
 0001:00002468       ??_C@_0BL@NILFHHPC@?$GAvirtual?5displacement?5map?8?$AA@ 0000000180003468     libvcruntime:undname.obj
 0001:00002488       ??_C@_0CB@JONCMFFK@?$GAeh?5vector?5constructor?5iterator?8@ 0000000180003488     libvcruntime:undname.obj
 0001:000024b0       ??_C@_0CA@GCEOPDGL@?$GAeh?5vector?5destructor?5iterator?8?$AA@ 00000001800034b0     libvcruntime:undname.obj
 0001:000024d0       ??_C@_0CH@OOJPLCPH@?$GAeh?5vector?5vbase?5constructor?5ite@ 00000001800034d0     libvcruntime:undname.obj
 0001:000024f8       ??_C@_0BL@LLKPOHJI@?$GAcopy?5constructor?5closure?8?$AA@ 00000001800034f8     libvcruntime:undname.obj
 0001:00002518       ??_C@_0BA@KBCDOMBN@?$GAudt?5returning?8?$AA@ 0000000180003518     libvcruntime:undname.obj
 0001:00002528       ??_C@_03KLGMFNMG@?$GAEH?$AA@ 0000000180003528     libvcruntime:undname.obj
 0001:0000252c       ??_C@_05KHLCHHI@?$GARTTI?$AA@ 000000018000352c     libvcruntime:undname.obj
 0001:00002538       ??_C@_0BA@KKLDJDLB@?$GAlocal?5vftable?8?$AA@ 0000000180003538     libvcruntime:undname.obj
 0001:00002548       ??_C@_0CE@IIHCMGGL@?$GAlocal?5vftable?5constructor?5closu@ 0000000180003548     libvcruntime:undname.obj
 0001:0000256c       ??_C@_06FHBGPFGH@?5new?$FL?$FN?$AA@ 000000018000356c     libvcruntime:undname.obj
 0001:00002578       ??_C@_09LBNFPBCA@?5delete?$FL?$FN?$AA@ 0000000180003578     libvcruntime:undname.obj
 0001:00002588       ??_C@_0P@HJKNJFNN@?$GAomni?5callsig?8?$AA@ 0000000180003588     libvcruntime:undname.obj
 0001:00002598       ??_C@_0BL@CNOONJFP@?$GAplacement?5delete?5closure?8?$AA@ 0000000180003598     libvcruntime:undname.obj
 0001:000025b8       ??_C@_0BN@CKNJLHMB@?$GAplacement?5delete?$FL?$FN?5closure?8?$AA@ 00000001800035b8     libvcruntime:undname.obj
 0001:000025d8       ??_C@_0CG@CFDHKGGD@?$GAmanaged?5vector?5constructor?5iter@ 00000001800035d8     libvcruntime:undname.obj
 0001:00002600       ??_C@_0CF@IMGKMJNO@?$GAmanaged?5vector?5destructor?5itera@ 0000000180003600     libvcruntime:undname.obj
 0001:00002628       ??_C@_0CG@HLDDJMAG@?$GAeh?5vector?5copy?5constructor?5iter@ 0000000180003628     libvcruntime:undname.obj
 0001:00002650       ??_C@_0CM@FCBBDIGB@?$GAeh?5vector?5vbase?5copy?5constructo@ 0000000180003650     libvcruntime:undname.obj
 0001:00002680       ??_C@_0BL@CLIPGLGB@?$GAdynamic?5initializer?5for?5?8?$AA@ 0000000180003680     libvcruntime:undname.obj
 0001:000026a0       ??_C@_0CB@PDBIFEP@?$GAdynamic?5atexit?5destructor?5for?5?8@ 00000001800036a0     libvcruntime:undname.obj
 0001:000026c8       ??_C@_0CD@CGAJBKEJ@?$GAvector?5copy?5constructor?5iterato@ 00000001800036c8     libvcruntime:undname.obj
 0001:000026f0       ??_C@_0CJ@GJELGAMM@?$GAvector?5vbase?5copy?5constructor?5i@ 00000001800036f0     libvcruntime:undname.obj
 0001:00002720       ??_C@_0CL@FGIJHLCE@?$GAmanaged?5vector?5copy?5constructor@ 0000000180003720     libvcruntime:undname.obj
 0001:00002750       ??_C@_0BM@PMGGMLDN@?$GAlocal?5static?5thread?5guard?8?$AA@ 0000000180003750     libvcruntime:undname.obj
 0001:00002770       ??_C@_0N@BDNMDMOL@operator?5?$CC?$CC?5?$AA@ 0000000180003770     libvcruntime:undname.obj
 0001:00002aa8       ??_C@_0BC@DAFEJGAK@?5Type?5Descriptor?8?$AA@ 0000000180003aa8     libvcruntime:undname.obj
 0001:00002ac0       ??_C@_0BM@LDKODKLH@?5Base?5Class?5Descriptor?5at?5?$CI?$AA@ 0000000180003ac0     libvcruntime:undname.obj
 0001:00002ae0       ??_C@_0BD@LGICGFMM@?5Base?5Class?5Array?8?$AA@ 0000000180003ae0     libvcruntime:undname.obj
 0001:00002af8       ??_C@_0BN@MECKDCOJ@?5Class?5Hierarchy?5Descriptor?8?$AA@ 0000000180003af8     libvcruntime:undname.obj
 0001:00002b18       ??_C@_0BK@CFCOFLF@?5Complete?5Object?5Locator?8?$AA@ 0000000180003b18     libvcruntime:undname.obj
 0001:00002b38       ??_C@_08EHJDFFNH@__based?$CI?$AA@ 0000000180003b38     libvcruntime:undname.obj
 0001:00002b48       ??_C@_07KOLFKCDI@__cdecl?$AA@ 0000000180003b48     libvcruntime:undname.obj
 0001:00002b50       ??_C@_08GHMPAG@__pascal?$AA@ 0000000180003b50     libvcruntime:undname.obj
 0001:00002b60       ??_C@_09IFJBGAPI@__stdcall?$AA@ 0000000180003b60     libvcruntime:undname.obj
 0001:00002b70       ??_C@_0L@NPHFGOKO@__thiscall?$AA@ 0000000180003b70     libvcruntime:undname.obj
 0001:00002b80       ??_C@_0L@JMKHOMEK@__fastcall?$AA@ 0000000180003b80     libvcruntime:undname.obj
 0001:00002b90       ??_C@_0N@BCKKPABJ@__vectorcall?$AA@ 0000000180003b90     libvcruntime:undname.obj
 0001:00002ba0       ??_C@_09HIJEGCPM@__clrcall?$AA@ 0000000180003ba0     libvcruntime:undname.obj
 0001:00002bac       ??_C@_06GHPCKEAG@__eabi?$AA@ 0000000180003bac     libvcruntime:undname.obj
 0001:00002bb8       ??_C@_07JOMMBBKO@__ptr64?$AA@ 0000000180003bb8     libvcruntime:undname.obj
 0001:00002bc0       ??_C@_0L@PILCLIHE@__restrict?$AA@ 0000000180003bc0     libvcruntime:undname.obj
 0001:00002bd0       ??_C@_0M@GFIIJFMG@__unaligned?$AA@ 0000000180003bd0     libvcruntime:undname.obj
 0001:00002be0       ??_C@_09DHDLOLLB@restrict?$CI?$AA@ 0000000180003be0     libvcruntime:undname.obj
 0001:00002bec       ??_C@_04NIHEBCM@?5new?$AA@ 0000000180003bec     libvcruntime:undname.obj
 0001:00002bf8       ??_C@_07FPCDHGMM@?5delete?$AA@ 0000000180003bf8     libvcruntime:undname.obj
 0001:00002c00       ??_C@_01NEMOKFLO@?$DN?$AA@ 0000000180003c00     libvcruntime:undname.obj
 0001:00002c04       ??_C@_02GPIOPFAK@?$DO?$DO?$AA@ 0000000180003c04     libvcruntime:undname.obj
 0001:00002c08       ??_C@_02FODMEDOG@?$DM?$DM?$AA@ 0000000180003c08     libvcruntime:undname.obj
 0001:00002c0c       ??_C@_01DCLJPIOD@?$CB?$AA@ 0000000180003c0c     libvcruntime:undname.obj
 0001:00002c10       ??_C@_02EGOFBIJA@?$DN?$DN?$AA@ 0000000180003c10     libvcruntime:undname.obj
 0001:00002c14       ??_C@_02FDNJECIE@?$CB?$DN?$AA@ 0000000180003c14     libvcruntime:undname.obj
 0001:00002c18       ??_C@_02GPECMEKF@?$FL?$FN?$AA@ 0000000180003c18     libvcruntime:undname.obj
 0001:00002c20       ??_C@_08LHJFAFGD@operator?$AA@ 0000000180003c20     libvcruntime:undname.obj
 0001:00002c2c       ??_C@_02HBOOOICD@?9?$DO?$AA@ 0000000180003c2c     libvcruntime:undname.obj
 0001:00002c30       ??_C@_01NBENCBCI@?$CK?$AA@ 0000000180003c30     libvcruntime:undname.obj
 0001:00002c34       ??_C@_02ECNGHCIF@?$CL?$CL?$AA@ 0000000180003c34     libvcruntime:undname.obj
 0001:00002c38       ??_C@_02BAABKJLB@?9?9?$AA@ 0000000180003c38     libvcruntime:undname.obj
 0001:00002c40       __acrt_exception_action_table 0000000180003c40     libucrt:exception_filter.obj
 0001:00002d00       __acrt_signal_action_table_count 0000000180003d00     libucrt:exception_filter.obj
 0001:00002d08       __acrt_signal_action_first_fpe_index 0000000180003d08     libucrt:exception_filter.obj
 0001:00002d10       __acrt_signal_action_fpe_count 0000000180003d10     libucrt:exception_filter.obj
 0001:00002d18       ??_C@_1BI@BGOHAHKC@?$AAm?$AAs?$AAc?$AAo?$AAr?$AAe?$AAe?$AA?4?$AAd?$AAl?$AAl?$AA?$AA@ 0000000180003d18     libucrt:exit.obj
 0001:00002d30       ??_C@_0P@MIGLKIOC@CorExitProcess?$AA@ 0000000180003d30     libucrt:exit.obj
 0001:00002fa0       __lc_time_c                0000000180003fa0     libucrt:nlsdata.obj
 0001:00003260       ??_C@_03KOEHGMDN@Sun?$AA@  0000000180004260     libucrt:nlsdata.obj
 0001:00003264       ??_C@_03PDAGKDH@Mon?$AA@   0000000180004264     libucrt:nlsdata.obj
 0001:00003268       ??_C@_03NAGEINEP@Tue?$AA@  0000000180004268     libucrt:nlsdata.obj
 0001:0000326c       ??_C@_03MHOMLAJA@Wed?$AA@  000000018000426c     libucrt:nlsdata.obj
 0001:00003270       ??_C@_03IOFIKPDN@Thu?$AA@  0000000180004270     libucrt:nlsdata.obj
 0001:00003274       ??_C@_03IDIOELNC@Fri?$AA@  0000000180004274     libucrt:nlsdata.obj
 0001:00003278       ??_C@_03FEFJNEK@Sat?$AA@   0000000180004278     libucrt:nlsdata.obj
 0001:0000327c       ??_C@_06OOPIFAJ@Sunday?$AA@ 000000018000427c     libucrt:nlsdata.obj
 0001:00003284       ??_C@_06JLEDEDGH@Monday?$AA@ 0000000180004284     libucrt:nlsdata.obj
 0001:00003290       ??_C@_07BAAGCFCM@Tuesday?$AA@ 0000000180004290     libucrt:nlsdata.obj
 0001:00003298       ??_C@_09DLIGFAKA@Wednesday?$AA@ 0000000180004298     libucrt:nlsdata.obj
 0001:000032a8       ??_C@_08HACCIKIA@Thursday?$AA@ 00000001800042a8     libucrt:nlsdata.obj
 0001:000032b4       ??_C@_06JECMNKMI@Friday?$AA@ 00000001800042b4     libucrt:nlsdata.obj
 0001:000032c0       ??_C@_08INBOOONO@Saturday?$AA@ 00000001800042c0     libucrt:nlsdata.obj
 0001:000032cc       ??_C@_03JIHJHPIE@Jan?$AA@  00000001800042cc     libucrt:nlsdata.obj
 0001:000032d0       ??_C@_03HJBDCHOM@Feb?$AA@  00000001800042d0     libucrt:nlsdata.obj
 0001:000032d4       ??_C@_03ODNJBKGA@Mar?$AA@  00000001800042d4     libucrt:nlsdata.obj
 0001:000032d8       ??_C@_03LEOLGMJP@Apr?$AA@  00000001800042d8     libucrt:nlsdata.obj
 0001:000032dc       ??_C@_03CNMDKL@May?$AA@    00000001800042dc     libucrt:nlsdata.obj
 0001:000032e0       ??_C@_03IDFGHECI@Jun?$AA@  00000001800042e0     libucrt:nlsdata.obj
 0001:000032e4       ??_C@_03LBGABGKK@Jul?$AA@  00000001800042e4     libucrt:nlsdata.obj
 0001:000032e8       ??_C@_03IFJFEIGA@Aug?$AA@  00000001800042e8     libucrt:nlsdata.obj
 0001:000032ec       ??_C@_03GGCAPAJC@Sep?$AA@  00000001800042ec     libucrt:nlsdata.obj
 0001:000032f0       ??_C@_03BMAOKBAD@Oct?$AA@  00000001800042f0     libucrt:nlsdata.obj
 0001:000032f4       ??_C@_03JPJOFNIA@Nov?$AA@  00000001800042f4     libucrt:nlsdata.obj
 0001:000032f8       ??_C@_03MKABNOCG@Dec?$AA@  00000001800042f8     libucrt:nlsdata.obj
 0001:00003300       ??_C@_07CGJPFGJA@January?$AA@ 0000000180004300     libucrt:nlsdata.obj
 0001:00003308       ??_C@_08GNJGEPFN@February?$AA@ 0000000180004308     libucrt:nlsdata.obj
 0001:00003314       ??_C@_05HPCKOFNC@March?$AA@ 0000000180004314     libucrt:nlsdata.obj
 0001:0000331c       ??_C@_05DMJDNLEJ@April?$AA@ 000000018000431c     libucrt:nlsdata.obj
 0001:00003324       ??_C@_04CNLMGBGM@June?$AA@ 0000000180004324     libucrt:nlsdata.obj
 0001:0000332c       ??_C@_04MIEPOIFP@July?$AA@ 000000018000432c     libucrt:nlsdata.obj
 0001:00003334       ??_C@_06LBBHFDDG@August?$AA@ 0000000180004334     libucrt:nlsdata.obj
 0001:00003340       ??_C@_09BHHEALKD@September?$AA@ 0000000180004340     libucrt:nlsdata.obj
 0001:00003350       ??_C@_07JJNFCEND@October?$AA@ 0000000180004350     libucrt:nlsdata.obj
 0001:00003358       ??_C@_08HCHEGEOA@November?$AA@ 0000000180004358     libucrt:nlsdata.obj
 0001:00003368       ??_C@_08EDHMEBNP@December?$AA@ 0000000180004368     libucrt:nlsdata.obj
 0001:00003374       ??_C@_02DEDBPAFC@AM?$AA@   0000000180004374     libucrt:nlsdata.obj
 0001:00003378       ??_C@_02CJNFDJBF@PM?$AA@   0000000180004378     libucrt:nlsdata.obj
 0001:00003380       ??_C@_08BPBNCDIB@MM?1dd?1yy?$AA@ 0000000180004380     libucrt:nlsdata.obj
 0001:00003390       ??_C@_0BE@CKGJFCPC@dddd?0?5MMMM?5dd?0?5yyyy?$AA@ 0000000180004390     libucrt:nlsdata.obj
 0001:000033a8       ??_C@_08JCCMCCIL@HH?3mm?3ss?$AA@ 00000001800043a8     libucrt:nlsdata.obj
 0001:000033b8       ??_C@_17MBGCMIPB@?$AAS?$AAu?$AAn?$AA?$AA@ 00000001800043b8     libucrt:nlsdata.obj
 0001:000033c0       ??_C@_17KBOMKBF@?$AAM?$AAo?$AAn?$AA?$AA@ 00000001800043c0     libucrt:nlsdata.obj
 0001:000033c8       ??_C@_17BMKGEGOJ@?$AAT?$AAu?$AAe?$AA?$AA@ 00000001800043c8     libucrt:nlsdata.obj
 0001:000033d0       ??_C@_17CJEDCEPE@?$AAW?$AAe?$AAd?$AA?$AA@ 00000001800043d0     libucrt:nlsdata.obj
 0001:000033d8       ??_C@_17PDPHAADD@?$AAT?$AAh?$AAu?$AA?$AA@ 00000001800043d8     libucrt:nlsdata.obj
 0001:000033e0       ??_C@_17HFOLPPLP@?$AAF?$AAr?$AAi?$AA?$AA@ 00000001800043e0     libucrt:nlsdata.obj
 0001:000033e8       ??_C@_17GGIBDPIH@?$AAS?$AAa?$AAt?$AA?$AA@ 00000001800043e8     libucrt:nlsdata.obj
 0001:000033f0       ??_C@_1O@IHNHDHPB@?$AAS?$AAu?$AAn?$AAd?$AAa?$AAy?$AA?$AA@ 00000001800043f0     libucrt:nlsdata.obj
 0001:00003400       ??_C@_1O@MMNBFLIA@?$AAM?$AAo?$AAn?$AAd?$AAa?$AAy?$AA?$AA@ 0000000180004400     libucrt:nlsdata.obj
 0001:00003410       ??_C@_1BA@ENFBFFEK@?$AAT?$AAu?$AAe?$AAs?$AAd?$AAa?$AAy?$AA?$AA@ 0000000180004410     libucrt:nlsdata.obj
 0001:00003420       ??_C@_1BE@EBOGMDOH@?$AAW?$AAe?$AAd?$AAn?$AAe?$AAs?$AAd?$AAa?$AAy?$AA?$AA@ 0000000180004420     libucrt:nlsdata.obj
 0001:00003438       ??_C@_1BC@HHMNLIHE@?$AAT?$AAh?$AAu?$AAr?$AAs?$AAd?$AAa?$AAy?$AA?$AA@ 0000000180004438     libucrt:nlsdata.obj
 0001:00003450       ??_C@_1O@PDICJHAG@?$AAF?$AAr?$AAi?$AAd?$AAa?$AAy?$AA?$AA@ 0000000180004450     libucrt:nlsdata.obj
 0001:00003460       ??_C@_1BC@ENMNNPAJ@?$AAS?$AAa?$AAt?$AAu?$AAr?$AAd?$AAa?$AAy?$AA?$AA@ 0000000180004460     libucrt:nlsdata.obj
 0001:00003478       ??_C@_17DKNBKCHM@?$AAJ?$AAa?$AAn?$AA?$AA@ 0000000180004478     libucrt:nlsdata.obj
 0001:00003480       ??_C@_17LMDJEKJN@?$AAF?$AAe?$AAb?$AA?$AA@ 0000000180004480     libucrt:nlsdata.obj
 0001:00003488       ??_C@_17CKNLEDEC@?$AAM?$AAa?$AAr?$AA?$AA@ 0000000180004488     libucrt:nlsdata.obj
 0001:00003490       ??_C@_17LFPOIHDD@?$AAA?$AAp?$AAr?$AA?$AA@ 0000000180004490     libucrt:nlsdata.obj
 0001:00003498       ??_C@_17PNNKMEED@?$AAM?$AAa?$AAy?$AA?$AA@ 0000000180004498     libucrt:nlsdata.obj
 0001:000034a0       ??_C@_17KCJGOCPB@?$AAJ?$AAu?$AAn?$AA?$AA@ 00000001800044a0     libucrt:nlsdata.obj
 0001:000034a8       ??_C@_17IJPCKHK@?$AAJ?$AAu?$AAl?$AA?$AA@ 00000001800044a8     libucrt:nlsdata.obj
 0001:000034b0       ??_C@_17ICPELBCN@?$AAA?$AAu?$AAg?$AA?$AA@ 00000001800044b0     libucrt:nlsdata.obj
 0001:000034b8       ??_C@_17HCHCOKMG@?$AAS?$AAe?$AAp?$AA?$AA@ 00000001800044b8     libucrt:nlsdata.obj
 0001:000034c0       ??_C@_17FNLKOI@?$AAO?$AAc?$AAt?$AA?$AA@ 00000001800044c0     libucrt:nlsdata.obj
 0001:000034c8       ??_C@_17BBDMLCIG@?$AAN?$AAo?$AAv?$AA?$AA@ 00000001800044c8     libucrt:nlsdata.obj
 0001:000034d0       ??_C@_17EGKACKIF@?$AAD?$AAe?$AAc?$AA?$AA@ 00000001800044d0     libucrt:nlsdata.obj
 0001:000034d8       ??_C@_1BA@EFMEIEBA@?$AAJ?$AAa?$AAn?$AAu?$AAa?$AAr?$AAy?$AA?$AA@ 00000001800044d8     libucrt:nlsdata.obj
 0001:000034e8       ??_C@_1BC@JGDDFFAM@?$AAF?$AAe?$AAb?$AAr?$AAu?$AAa?$AAr?$AAy?$AA?$AA@ 00000001800044e8     libucrt:nlsdata.obj
 0001:00003500       ??_C@_1M@IKEENEDF@?$AAM?$AAa?$AAr?$AAc?$AAh?$AA?$AA@ 0000000180004500     libucrt:nlsdata.obj
 0001:00003510       ??_C@_1M@GJNLMHFD@?$AAA?$AAp?$AAr?$AAi?$AAl?$AA?$AA@ 0000000180004510     libucrt:nlsdata.obj
 0001:00003520       ??_C@_19EPFLPGAP@?$AAJ?$AAu?$AAn?$AAe?$AA?$AA@ 0000000180004520     libucrt:nlsdata.obj
 0001:00003530       ??_C@_19BIFMLPCD@?$AAJ?$AAu?$AAl?$AAy?$AA?$AA@ 0000000180004530     libucrt:nlsdata.obj
 0001:00003540       ??_C@_1O@PAHLKOAC@?$AAA?$AAu?$AAg?$AAu?$AAs?$AAt?$AA?$AA@ 0000000180004540     libucrt:nlsdata.obj
 0001:00003550       ??_C@_1BE@DKAAMBJL@?$AAS?$AAe?$AAp?$AAt?$AAe?$AAm?$AAb?$AAe?$AAr?$AA?$AA@ 0000000180004550     libucrt:nlsdata.obj
 0001:00003568       ??_C@_1BA@EPANDLNG@?$AAO?$AAc?$AAt?$AAo?$AAb?$AAe?$AAr?$AA?$AA@ 0000000180004568     libucrt:nlsdata.obj
 0001:00003578       ??_C@_1BC@BGLIFPF@?$AAN?$AAo?$AAv?$AAe?$AAm?$AAb?$AAe?$AAr?$AA?$AA@ 0000000180004578     libucrt:nlsdata.obj
 0001:00003590       ??_C@_1BC@FEMKIFH@?$AAD?$AAe?$AAc?$AAe?$AAm?$AAb?$AAe?$AAr?$AA?$AA@ 0000000180004590     libucrt:nlsdata.obj
 0001:000035a4       ??_C@_15ODEHAHHF@?$AAA?$AAM?$AA?$AA@ 00000001800045a4     libucrt:nlsdata.obj
 0001:000035ac       ??_C@_15CLMNNGEL@?$AAP?$AAM?$AA?$AA@ 00000001800045ac     libucrt:nlsdata.obj
 0001:000035b8       ??_C@_1BC@IEBCMHCM@?$AAM?$AAM?$AA?1?$AAd?$AAd?$AA?1?$AAy?$AAy?$AA?$AA@ 00000001800045b8     libucrt:nlsdata.obj
 0001:000035d0       ??_C@_1CI@KNAKOEBC@?$AAd?$AAd?$AAd?$AAd?$AA?0?$AA?5?$AAM?$AAM?$AAM?$AAM?$AA?5?$AAd?$AAd?$AA?0?$AA?5?$AAy?$AAy?$AAy?$AAy?$AA?$AA@ 00000001800045d0     libucrt:nlsdata.obj
 0001:000035f8       ??_C@_1BC@GDGBMEMK@?$AAH?$AAH?$AA?3?$AAm?$AAm?$AA?3?$AAs?$AAs?$AA?$AA@ 00000001800045f8     libucrt:nlsdata.obj
 0001:00003610       ??_C@_1M@BMHNFIME@?$AAe?$AAn?$AA?9?$AAU?$AAS?$AA?$AA@ 0000000180004610     libucrt:nlsdata.obj
 0001:00003620       __newctype                 0000000180004620     libucrt:ctype.obj
 0001:00003920       __newclmap                 0000000180004920     libucrt:ctype.obj
 0001:00003aa0       __newcumap                 0000000180004aa0     libucrt:ctype.obj
 0001:00003c20       _wctype                    0000000180004c20     libucrt:ctype.obj
 0001:00003ed0       ??_C@_1EG@CNNIPFIM@?$AAa?$AAp?$AAi?$AA?9?$AAm?$AAs?$AA?9?$AAw?$AAi?$AAn?$AA?9?$AAa?$AAp?$AAp?$AAm?$AAo?$AAd?$AAe?$AAl?$AA?9?$AAr?$AAu?$AAn?$AAt?$AAi?$AAm?$AAe?$AA?9?$AAl?$AA1?$AA?9?$AA1@ 0000000180004ed0     libucrt:winapi_thunks.obj
 0001:00003f20       ??_C@_1EA@JGEFHKEI@?$AAa?$AAp?$AAi?$AA?9?$AAm?$AAs?$AA?9?$AAw?$AAi?$AAn?$AA?9?$AAc?$AAo?$AAr?$AAe?$AA?9?$AAd?$AAa?$AAt?$AAe?$AAt?$AAi?$AAm?$AAe?$AA?9?$AAl?$AA1?$AA?9?$AA1?$AA?9?$AA1?$AA?$AA@ 0000000180004f20     libucrt:winapi_thunks.obj
 0001:00003f60       ??_C@_1DI@GCIAAENM@?$AAa?$AAp?$AAi?$AA?9?$AAm?$AAs?$AA?9?$AAw?$AAi?$AAn?$AA?9?$AAc?$AAo?$AAr?$AAe?$AA?9?$AAf?$AAi?$AAl?$AAe?$AA?9?$AAl?$AA2?$AA?9?$AA1?$AA?9?$AA1?$AA?$AA@ 0000000180004f60     libucrt:winapi_thunks.obj
 0001:00003fa0       ??_C@_1EI@MPIAOHOC@?$AAa?$AAp?$AAi?$AA?9?$AAm?$AAs?$AA?9?$AAw?$AAi?$AAn?$AA?9?$AAc?$AAo?$AAr?$AAe?$AA?9?$AAl?$AAo?$AAc?$AAa?$AAl?$AAi?$AAz?$AAa?$AAt?$AAi?$AAo?$AAn?$AA?9?$AAl?$AA1?$AA?9@ 0000000180004fa0     libucrt:winapi_thunks.obj
 0001:00003ff0       ??_C@_1FK@FPHCKFIE@?$AAa?$AAp?$AAi?$AA?9?$AAm?$AAs?$AA?9?$AAw?$AAi?$AAn?$AA?9?$AAc?$AAo?$AAr?$AAe?$AA?9?$AAl?$AAo?$AAc?$AAa?$AAl?$AAi?$AAz?$AAa?$AAt?$AAi?$AAo?$AAn?$AA?9?$AAo?$AAb?$AAs@ 0000000180004ff0     libucrt:winapi_thunks.obj
 0001:00004050       ??_C@_1EM@DILCGIIO@?$AAa?$AAp?$AAi?$AA?9?$AAm?$AAs?$AA?9?$AAw?$AAi?$AAn?$AA?9?$AAc?$AAo?$AAr?$AAe?$AA?9?$AAp?$AAr?$AAo?$AAc?$AAe?$AAs?$AAs?$AAt?$AAh?$AAr?$AAe?$AAa?$AAd?$AAs?$AA?9?$AAl@ 0000000180005050     libucrt:winapi_thunks.obj
 0001:000040a0       ??_C@_1DM@LNCGDDPN@?$AAa?$AAp?$AAi?$AA?9?$AAm?$AAs?$AA?9?$AAw?$AAi?$AAn?$AA?9?$AAc?$AAo?$AAr?$AAe?$AA?9?$AAs?$AAt?$AAr?$AAi?$AAn?$AAg?$AA?9?$AAl?$AA1?$AA?9?$AA1?$AA?9?$AA0?$AA?$AA@ 00000001800050a0     libucrt:winapi_thunks.obj
 0001:000040e0       ??_C@_1DO@FPAPJEMD@?$AAa?$AAp?$AAi?$AA?9?$AAm?$AAs?$AA?9?$AAw?$AAi?$AAn?$AA?9?$AAc?$AAo?$AAr?$AAe?$AA?9?$AAs?$AAy?$AAs?$AAi?$AAn?$AAf?$AAo?$AA?9?$AAl?$AA1?$AA?9?$AA2?$AA?9?$AA1?$AA?$AA@ 00000001800050e0     libucrt:winapi_thunks.obj
 0001:00004120       ??_C@_1DK@NDHNAHIO@?$AAa?$AAp?$AAi?$AA?9?$AAm?$AAs?$AA?9?$AAw?$AAi?$AAn?$AA?9?$AAc?$AAo?$AAr?$AAe?$AA?9?$AAw?$AAi?$AAn?$AAr?$AAt?$AA?9?$AAl?$AA1?$AA?9?$AA1?$AA?9?$AA0?$AA?$AA@ 0000000180005120     libucrt:winapi_thunks.obj
 0001:00004160       ??_C@_1DM@KGHDGBCM@?$AAa?$AAp?$AAi?$AA?9?$AAm?$AAs?$AA?9?$AAw?$AAi?$AAn?$AA?9?$AAc?$AAo?$AAr?$AAe?$AA?9?$AAx?$AAs?$AAt?$AAa?$AAt?$AAe?$AA?9?$AAl?$AA2?$AA?9?$AA1?$AA?9?$AA0?$AA?$AA@ 0000000180005160     libucrt:winapi_thunks.obj
 0001:000041a0       ??_C@_1EO@IJIOEFOH@?$AAa?$AAp?$AAi?$AA?9?$AAm?$AAs?$AA?9?$AAw?$AAi?$AAn?$AA?9?$AAr?$AAt?$AAc?$AAo?$AAr?$AAe?$AA?9?$AAn?$AAt?$AAu?$AAs?$AAe?$AAr?$AA?9?$AAw?$AAi?$AAn?$AAd?$AAo?$AAw?$AA?9@ 00000001800051a0     libucrt:winapi_thunks.obj
 0001:000041f0       ??_C@_1FG@HHGEKANL@?$AAa?$AAp?$AAi?$AA?9?$AAm?$AAs?$AA?9?$AAw?$AAi?$AAn?$AA?9?$AAs?$AAe?$AAc?$AAu?$AAr?$AAi?$AAt?$AAy?$AA?9?$AAs?$AAy?$AAs?$AAt?$AAe?$AAm?$AAf?$AAu?$AAn?$AAc?$AAt?$AAi@ 00000001800051f0     libucrt:winapi_thunks.obj
 0001:00004250       ??_C@_1FG@NCKKOLKO@?$AAe?$AAx?$AAt?$AA?9?$AAm?$AAs?$AA?9?$AAw?$AAi?$AAn?$AA?9?$AAk?$AAe?$AAr?$AAn?$AAe?$AAl?$AA3?$AA2?$AA?9?$AAp?$AAa?$AAc?$AAk?$AAa?$AAg?$AAe?$AA?9?$AAc?$AAu?$AAr?$AAr@ 0000000180005250     libucrt:winapi_thunks.obj
 0001:000042b0       ??_C@_1EG@DBIOJECG@?$AAe?$AAx?$AAt?$AA?9?$AAm?$AAs?$AA?9?$AAw?$AAi?$AAn?$AA?9?$AAn?$AAt?$AAu?$AAs?$AAe?$AAr?$AA?9?$AAd?$AAi?$AAa?$AAl?$AAo?$AAg?$AAb?$AAo?$AAx?$AA?9?$AAl?$AA1?$AA?9?$AA1@ 00000001800052b0     libucrt:winapi_thunks.obj
 0001:00004300       ??_C@_1EO@FIHMJCLF@?$AAe?$AAx?$AAt?$AA?9?$AAm?$AAs?$AA?9?$AAw?$AAi?$AAn?$AA?9?$AAn?$AAt?$AAu?$AAs?$AAe?$AAr?$AA?9?$AAw?$AAi?$AAn?$AAd?$AAo?$AAw?$AAs?$AAt?$AAa?$AAt?$AAi?$AAo?$AAn?$AA?9@ 0000000180005300     libucrt:winapi_thunks.obj
 0001:00004378       ??_C@_0BE@JOGNEJCI@GetCurrentPackageId?$AA@ 0000000180005378     libucrt:winapi_thunks.obj
 0001:000043a0       ??_C@_0O@KKBNKAPF@LCMapStringEx?$AA@ 00000001800053a0     libucrt:winapi_thunks.obj
 0001:000043b8       ??_C@_0BB@HBDEELFH@LocaleNameToLCID?$AA@ 00000001800053b8     libucrt:winapi_thunks.obj
 0001:000043f0       ??_C@_1M@HPNHIDJI@?$AAj?$AAa?$AA?9?$AAJ?$AAP?$AA?$AA@ 00000001800053f0     libucrt:mbctype.obj
 0001:00004400       ??_C@_1M@BIBDDEMK@?$AAz?$AAh?$AA?9?$AAC?$AAN?$AA?$AA@ 0000000180005400     libucrt:mbctype.obj
 0001:00004410       ??_C@_1M@JLOOOEGK@?$AAk?$AAo?$AA?9?$AAK?$AAR?$AA?$AA@ 0000000180005410     libucrt:mbctype.obj
 0001:00004420       ??_C@_1M@CLNBBOPM@?$AAz?$AAh?$AA?9?$AAT?$AAW?$AA?$AA@ 0000000180005420     libucrt:mbctype.obj
 0001:0000442c       ??_C@_15PJPFLCCM@?$AAu?$AAk?$AA?$AA@ 000000018000542c     libucrt:get_qualified_locale.obj
 0001:00005280       ??_C@_15EMKDOKLE@?$AAa?$AAr?$AA?$AA@ 0000000180006280     libucrt:lcidtoname_downlevel.obj
 0001:00005288       ??_C@_15KNPADPLH@?$AAb?$AAg?$AA?$AA@ 0000000180006288     libucrt:lcidtoname_downlevel.obj
 0001:00005290       ??_C@_15EDMHLDMO@?$AAc?$AAa?$AA?$AA@ 0000000180006290     libucrt:lcidtoname_downlevel.obj
 0001:00005298       ??_C@_1O@BPEAJADD@?$AAz?$AAh?$AA?9?$AAC?$AAH?$AAS?$AA?$AA@ 0000000180006298     libucrt:lcidtoname_downlevel.obj
 0001:000052a8       ??_C@_15LJNHCMNK@?$AAc?$AAs?$AA?$AA@ 00000001800062a8     libucrt:lcidtoname_downlevel.obj
 0001:000052b0       ??_C@_15FOMCIDHG@?$AAd?$AAa?$AA?$AA@ 00000001800062b0     libucrt:lcidtoname_downlevel.obj
 0001:000052b8       ??_C@_15NBKABECB@?$AAd?$AAe?$AA?$AA@ 00000001800062b8     libucrt:lcidtoname_downlevel.obj
 0001:000052c0       ??_C@_15GHPEIIAO@?$AAe?$AAl?$AA?$AA@ 00000001800062c0     libucrt:lcidtoname_downlevel.obj
 0001:000052c8       ??_C@_15MNPNEAIF@?$AAe?$AAn?$AA?$AA@ 00000001800062c8     libucrt:lcidtoname_downlevel.obj
 0001:000052d0       ??_C@_15GPIOMPMH@?$AAe?$AAs?$AA?$AA@ 00000001800062d0     libucrt:lcidtoname_downlevel.obj
 0001:000052d8       ??_C@_15NGLOAKJC@?$AAf?$AAi?$AA?$AA@ 00000001800062d8     libucrt:lcidtoname_downlevel.obj
 0001:000052e0       ??_C@_15FBKGNKAM@?$AAf?$AAr?$AA?$AA@ 00000001800062e0     libucrt:lcidtoname_downlevel.obj
 0001:000052e8       ??_C@_15KGGCNEFK@?$AAh?$AAe?$AA?$AA@ 00000001800062e8     libucrt:lcidtoname_downlevel.obj
 0001:000052f0       ??_C@_15PGHLIDMF@?$AAh?$AAu?$AA?$AA@ 00000001800062f0     libucrt:lcidtoname_downlevel.obj
 0001:000052f8       ??_C@_15BIEMAPLM@?$AAi?$AAs?$AA?$AA@ 00000001800062f8     libucrt:lcidtoname_downlevel.obj
 0001:00005300       ??_C@_15IFJLDHAF@?$AAi?$AAt?$AA?$AA@ 0000000180006300     libucrt:lcidtoname_downlevel.obj
 0001:00005308       ??_C@_15GEMIOCAG@?$AAj?$AAa?$AA?$AA@ 0000000180006308     libucrt:lcidtoname_downlevel.obj
 0001:00005310       ??_C@_15EPELEGJA@?$AAk?$AAo?$AA?$AA@ 0000000180006310     libucrt:lcidtoname_downlevel.obj
 0001:00005318       ??_C@_15NDDHIMN@?$AAn?$AAl?$AA?$AA@ 0000000180006318     libucrt:lcidtoname_downlevel.obj
 0001:00005320       ??_C@_15BPIGNHCD@?$AAn?$AAo?$AA?$AA@ 0000000180006320     libucrt:lcidtoname_downlevel.obj
 0001:00005328       ??_C@_15DEOPBLCG@?$AAp?$AAl?$AA?$AA@ 0000000180006328     libucrt:lcidtoname_downlevel.obj
 0001:00005330       ??_C@_15KBECGEFG@?$AAp?$AAt?$AA?$AA@ 0000000180006330     libucrt:lcidtoname_downlevel.obj
 0001:00005338       ??_C@_15GLJCBFMD@?$AAr?$AAo?$AA?$AA@ 0000000180006338     libucrt:lcidtoname_downlevel.obj
 0001:00005340       ??_C@_15FEDGKCDI@?$AAr?$AAu?$AA?$AA@ 0000000180006340     libucrt:lcidtoname_downlevel.obj
 0001:00005348       ??_C@_15GLKMLLHM@?$AAh?$AAr?$AA?$AA@ 0000000180006348     libucrt:lcidtoname_downlevel.obj
 0001:00005350       ??_C@_15CPKMFBDB@?$AAs?$AAk?$AA?$AA@ 0000000180006350     libucrt:lcidtoname_downlevel.obj
 0001:00005358       ??_C@_15BAAIOGMK@?$AAs?$AAq?$AA?$AA@ 0000000180006358     libucrt:lcidtoname_downlevel.obj
 0001:00005360       ??_C@_15INNPNOHD@?$AAs?$AAv?$AA?$AA@ 0000000180006360     libucrt:lcidtoname_downlevel.obj
 0001:00005368       ??_C@_15CABMMOGH@?$AAt?$AAh?$AA?$AA@ 0000000180006368     libucrt:lcidtoname_downlevel.obj
 0001:00005370       ??_C@_15BPLIHJJM@?$AAt?$AAr?$AA?$AA@ 0000000180006370     libucrt:lcidtoname_downlevel.obj
 0001:00005378       ??_C@_15NEOEKKDJ@?$AAu?$AAr?$AA?$AA@ 0000000180006378     libucrt:lcidtoname_downlevel.obj
 0001:00005380       ??_C@_15NFICGAJK@?$AAi?$AAd?$AA?$AA@ 0000000180006380     libucrt:lcidtoname_downlevel.obj
 0001:00005388       ??_C@_15HPJPHDM@?$AAb?$AAe?$AA?$AA@ 0000000180006388     libucrt:lcidtoname_downlevel.obj
 0001:00005390       ??_C@_15LCHLGJII@?$AAs?$AAl?$AA?$AA@ 0000000180006390     libucrt:lcidtoname_downlevel.obj
 0001:00005398       ??_C@_15PCFJPHHO@?$AAe?$AAt?$AA?$AA@ 0000000180006398     libucrt:lcidtoname_downlevel.obj
 0001:000053a0       ??_C@_15HPFPGODN@?$AAl?$AAv?$AA?$AA@ 00000001800063a0     libucrt:lcidtoname_downlevel.obj
 0001:000053a8       ??_C@_15NFFGKGLG@?$AAl?$AAt?$AA?$AA@ 00000001800063a8     libucrt:lcidtoname_downlevel.obj
 0001:000053b0       ??_C@_15BDAKCCHN@?$AAf?$AAa?$AA?$AA@ 00000001800063b0     libucrt:lcidtoname_downlevel.obj
 0001:000053b8       ??_C@_15NFGIAIAJ@?$AAv?$AAi?$AA?$AA@ 00000001800063b8     libucrt:lcidtoname_downlevel.obj
 0001:000053c0       ??_C@_15LMKNDMHN@?$AAh?$AAy?$AA?$AA@ 00000001800063c0     libucrt:lcidtoname_downlevel.obj
 0001:000053c8       ??_C@_15IJBHMCFL@?$AAa?$AAz?$AA?$AA@ 00000001800063c8     libucrt:lcidtoname_downlevel.obj
 0001:000053d0       ??_C@_15EKOFJABL@?$AAe?$AAu?$AA?$AA@ 00000001800063d0     libucrt:lcidtoname_downlevel.obj
 0001:000053d8       ??_C@_15BGHADCNK@?$AAm?$AAk?$AA?$AA@ 00000001800063d8     libucrt:lcidtoname_downlevel.obj
 0001:000053e0       ??_C@_15JDNICKHM@?$AAa?$AAf?$AA?$AA@ 00000001800063e0     libucrt:lcidtoname_downlevel.obj
 0001:000053e8       ??_C@_15KPJEDBKD@?$AAk?$AAa?$AA?$AA@ 00000001800063e8     libucrt:lcidtoname_downlevel.obj
 0001:000053f0       ??_C@_15PDNFFFEO@?$AAf?$AAo?$AA?$AA@ 00000001800063f0     libucrt:lcidtoname_downlevel.obj
 0001:000053f8       ??_C@_15OMLEGLOC@?$AAh?$AAi?$AA?$AA@ 00000001800063f8     libucrt:lcidtoname_downlevel.obj
 0001:00005400       ??_C@_15IDNNENKK@?$AAm?$AAs?$AA?$AA@ 0000000180006400     libucrt:lcidtoname_downlevel.obj
 0001:00005408       ??_C@_15MACJNBMH@?$AAk?$AAk?$AA?$AA@ 0000000180006408     libucrt:lcidtoname_downlevel.obj
 0001:00005410       ??_C@_15DKDJEOND@?$AAk?$AAy?$AA?$AA@ 0000000180006410     libucrt:lcidtoname_downlevel.obj
 0001:00005418       ??_C@_15DFGDLJBG@?$AAs?$AAw?$AA?$AA@ 0000000180006418     libucrt:lcidtoname_downlevel.obj
 0001:00005420       ??_C@_15BBFAICNG@?$AAu?$AAz?$AA?$AA@ 0000000180006420     libucrt:lcidtoname_downlevel.obj
 0001:00005428       ??_C@_15DKNDCGEA@?$AAt?$AAt?$AA?$AA@ 0000000180006428     libucrt:lcidtoname_downlevel.obj
 0001:00005430       ??_C@_15MGIFMDPL@?$AAp?$AAa?$AA?$AA@ 0000000180006430     libucrt:lcidtoname_downlevel.obj
 0001:00005438       ??_C@_15HCNDBBA@?$AAg?$AAu?$AA?$AA@ 0000000180006438     libucrt:lcidtoname_downlevel.obj
 0001:00005440       ??_C@_15FNBEIBON@?$AAt?$AAa?$AA?$AA@ 0000000180006440     libucrt:lcidtoname_downlevel.obj
 0001:00005448       ??_C@_15NCHGBGLK@?$AAt?$AAe?$AA?$AA@ 0000000180006448     libucrt:lcidtoname_downlevel.obj
 0001:00005450       ??_C@_15PHPHCBPF@?$AAk?$AAn?$AA?$AA@ 0000000180006450     libucrt:lcidtoname_downlevel.obj
 0001:00005458       ??_C@_15DLGBCKMP@?$AAm?$AAr?$AA?$AA@ 0000000180006458     libucrt:lcidtoname_downlevel.obj
 0001:00005460       ??_C@_15EABBLBFF@?$AAs?$AAa?$AA?$AA@ 0000000180006460     libucrt:lcidtoname_downlevel.obj
 0001:00005468       ??_C@_15CBKOMCOI@?$AAm?$AAn?$AA?$AA@ 0000000180006468     libucrt:lcidtoname_downlevel.obj
 0001:00005470       ??_C@_15CKDMCJAF@?$AAg?$AAl?$AA?$AA@ 0000000180006470     libucrt:lcidtoname_downlevel.obj
 0001:00005478       ??_C@_17CNJFBPG@?$AAk?$AAo?$AAk?$AA?$AA@ 0000000180006478     libucrt:lcidtoname_downlevel.obj
 0001:00005480       ??_C@_17FFBJICPL@?$AAs?$AAy?$AAr?$AA?$AA@ 0000000180006480     libucrt:lcidtoname_downlevel.obj
 0001:00005488       ??_C@_17KPNDCPAF@?$AAd?$AAi?$AAv?$AA?$AA@ 0000000180006488     libucrt:lcidtoname_downlevel.obj
 0001:00005490       ??_C@_1M@OKAHONE@?$AAa?$AAr?$AA?9?$AAS?$AAA?$AA?$AA@ 0000000180006490     libucrt:lcidtoname_downlevel.obj
 0001:000054a0       ??_C@_1M@FFFIGIGK@?$AAb?$AAg?$AA?9?$AAB?$AAG?$AA?$AA@ 00000001800064a0     libucrt:lcidtoname_downlevel.obj
 0001:000054b0       ??_C@_1M@BJNKEDC@?$AAc?$AAa?$AA?9?$AAE?$AAS?$AA?$AA@ 00000001800064b0     libucrt:lcidtoname_downlevel.obj
 0001:000054c0       ??_C@_1M@IJJHFJHA@?$AAc?$AAs?$AA?9?$AAC?$AAZ?$AA?$AA@ 00000001800064c0     libucrt:lcidtoname_downlevel.obj
 0001:000054d0       ??_C@_1M@CLPEOBGI@?$AAd?$AAa?$AA?9?$AAD?$AAK?$AA?$AA@ 00000001800064d0     libucrt:lcidtoname_downlevel.obj
 0001:000054e0       ??_C@_1M@MCMADGCB@?$AAd?$AAe?$AA?9?$AAD?$AAE?$AA?$AA@ 00000001800064e0     libucrt:lcidtoname_downlevel.obj
 0001:000054f0       ??_C@_1M@OOCKEMAM@?$AAe?$AAl?$AA?9?$AAG?$AAR?$AA?$AA@ 00000001800064f0     libucrt:lcidtoname_downlevel.obj
 0001:00005500       ??_C@_1M@DDNJFGID@?$AAf?$AAi?$AA?9?$AAF?$AAI?$AA?$AA@ 0000000180006500     libucrt:lcidtoname_downlevel.obj
 0001:00005510       ??_C@_1M@GLIPPMAC@?$AAf?$AAr?$AA?9?$AAF?$AAR?$AA?$AA@ 0000000180006510     libucrt:lcidtoname_downlevel.obj
 0001:00005520       ??_C@_1M@GFMCHPE@?$AAh?$AAe?$AA?9?$AAI?$AAL?$AA?$AA@ 0000000180006520     libucrt:lcidtoname_downlevel.obj
 0001:00005530       ??_C@_1M@MHLPGNKM@?$AAh?$AAu?$AA?9?$AAH?$AAU?$AA?$AA@ 0000000180006530     libucrt:lcidtoname_downlevel.obj
 0001:00005540       ??_C@_1M@LPDDNNPN@?$AAi?$AAs?$AA?9?$AAI?$AAS?$AA?$AA@ 0000000180006540     libucrt:lcidtoname_downlevel.obj
 0001:00005550       ??_C@_1M@MADIPODN@?$AAi?$AAt?$AA?9?$AAI?$AAT?$AA?$AA@ 0000000180006550     libucrt:lcidtoname_downlevel.obj
 0001:00005560       ??_C@_1M@IHBJJGG@?$AAn?$AAl?$AA?9?$AAN?$AAL?$AA?$AA@ 0000000180006560     libucrt:lcidtoname_downlevel.obj
 0001:00005570       ??_C@_1M@EANAGDL@?$AAn?$AAb?$AA?9?$AAN?$AAO?$AA?$AA@ 0000000180006570     libucrt:lcidtoname_downlevel.obj
 0001:00005580       ??_C@_1M@NEIEMEGP@?$AAp?$AAl?$AA?9?$AAP?$AAL?$AA?$AA@ 0000000180006580     libucrt:lcidtoname_downlevel.obj
 0001:00005590       ??_C@_1M@BOCFIGEP@?$AAp?$AAt?$AA?9?$AAB?$AAR?$AA?$AA@ 0000000180006590     libucrt:lcidtoname_downlevel.obj
 0001:000055a0       ??_C@_1M@IMPFOPBG@?$AAr?$AAo?$AA?9?$AAR?$AAO?$AA?$AA@ 00000001800065a0     libucrt:lcidtoname_downlevel.obj
 0001:000055b0       ??_C@_1M@IDNNEJMM@?$AAr?$AAu?$AA?9?$AAR?$AAU?$AA?$AA@ 00000001800065b0     libucrt:lcidtoname_downlevel.obj
 0001:000055c0       ??_C@_1M@LILEEOGM@?$AAh?$AAr?$AA?9?$AAH?$AAR?$AA?$AA@ 00000001800065c0     libucrt:lcidtoname_downlevel.obj
 0001:000055d0       ??_C@_1M@FKIFEHPB@?$AAs?$AAk?$AA?9?$AAS?$AAK?$AA?$AA@ 00000001800065d0     libucrt:lcidtoname_downlevel.obj
 0001:000055e0       ??_C@_1M@LJMAMNPJ@?$AAs?$AAq?$AA?9?$AAA?$AAL?$AA?$AA@ 00000001800065e0     libucrt:lcidtoname_downlevel.obj
 0001:000055f0       ??_C@_1M@GIAKDKJK@?$AAs?$AAv?$AA?9?$AAS?$AAE?$AA?$AA@ 00000001800065f0     libucrt:lcidtoname_downlevel.obj
 0001:00005600       ??_C@_1M@MKJKIKCL@?$AAt?$AAh?$AA?9?$AAT?$AAH?$AA?$AA@ 0000000180006600     libucrt:lcidtoname_downlevel.obj
 0001:00005610       ??_C@_1M@MFLCCMPB@?$AAt?$AAr?$AA?9?$AAT?$AAR?$AA?$AA@ 0000000180006610     libucrt:lcidtoname_downlevel.obj
 0001:00005620       ??_C@_1M@OIJHDKJN@?$AAu?$AAr?$AA?9?$AAP?$AAK?$AA?$AA@ 0000000180006620     libucrt:lcidtoname_downlevel.obj
[...]
 0003:00001188       $pdata$__acrt_LCMapStringEx 000000018004d188     libucrt:winapi_thunks.obj
 0003:00001194       $pdata$__acrt_LocaleNameToLCID 000000018004d194     libucrt:winapi_thunks.obj
 0003:000011a0       $pdata$__acrt_initialize_winapi_thunks 000000018004d1a0     libucrt:winapi_thunks.obj
 0003:000011ac       $pdata$__acrt_is_packaged_app 000000018004d1ac     libucrt:winapi_thunks.obj
 0003:000011b8       $pdata$__acrt_uninitialize_winapi_thunks 000000018004d1b8     libucrt:winapi_thunks.obj
 0003:000011c4       $pdata$wcscpy_s            000000018004d1c4     libucrt:wcscpy_s.obj
 0003:000011d0       $pdata$??$?RV<lambda_99476a1ad63dd22509b5d3e65b0ffc95>@@AEAV<lambda_ad1ced32f4ac17aa236e5ef05d6b3b7c>@@V<lambda_f7424dd8d45958661754dc4f2697e9c3>@@@?$__crt_seh_guarded_call@X@@QEAAX$$QEAV<lambda_99476a1ad63dd22509b5d3e65b0ffc95>@@AEAV<lambda_ad1ced32f4ac17aa236e5ef05d6b3b7c>@@$$QEAV<lambda_f7424dd8d45958661754dc4f2697e9c3>@@@Z 000000018004d1d0     libucrt:mbctype.obj
 0003:000011dc       $pdata$??R<lambda_ad1ced32f4ac17aa236e5ef05d6b3b7c>@@QEBAXXZ 000000018004d1dc     libucrt:mbctype.obj
 0003:000011e8       $pdata$?getSystemCP@@YAHH@Z 000000018004d1e8     libucrt:mbctype.obj
 0003:000011f4       $pdata$?setSBCS@@YAXPEAU__crt_multibyte_data@@@Z 000000018004d1f4     libucrt:mbctype.obj
 0003:00001200       $pdata$?setSBUpLow@@YAXPEAU__crt_multibyte_data@@@Z 000000018004d200     libucrt:mbctype.obj
 0003:0000120c       $pdata$?setmbcp_internal@@YAHH_N@Z 000000018004d20c     libucrt:mbctype.obj
 0003:00001218       $pdata$__acrt_initialize_multibyte 000000018004d218     libucrt:mbctype.obj
 0003:00001224       $pdata$__acrt_update_thread_multibyte_data 000000018004d224     libucrt:mbctype.obj
 0003:00001230       $pdata$_setmbcp_nolock     000000018004d230     libucrt:mbctype.obj
 0003:0000123c       $pdata$__dcrt_get_narrow_environment_from_os 000000018004d23c     libucrt:get_environment_from_os.obj
 0003:00001248       $pdata$_recalloc_base      000000018004d248     libucrt:recalloc.obj
 0003:00001254       $pdata$__acrt_initialize_heap 000000018004d254     libucrt:heap_handle.obj
 0003:00001260       $pdata$?initialize_inherited_file_handles_nolock@@YAXXZ 000000018004d260     libucrt:ioinit.obj
 0003:0000126c       $pdata$?initialize_stdio_handles_nolock@@YAXXZ 000000018004d26c     libucrt:ioinit.obj
 0003:00001278       $pdata$__acrt_initialize_lowio 000000018004d278     libucrt:ioinit.obj
 0003:00001284       $pdata$__acrt_uninitialize_lowio 000000018004d284     libucrt:ioinit.obj
 0003:00001290       $pdata$__acrt_initialize_command_line 000000018004d290     libucrt:argv_data.obj
 0003:0000129c       $pdata$__acrt_execute_initializers 000000018004d29c     libucrt:shared_initialization.obj
 0003:000012a8       $pdata$__acrt_execute_uninitializers 000000018004d2a8     libucrt:shared_initialization.obj
 0003:000012b4       $pdata$??$?RV<lambda_c36588078e9f5dfd39652860aa6b3aaf>@@AEAV<lambda_ec61778202f4f5fc7e7711acc23c3bca>@@V<lambda_dc9d2797ccde5d239b4a0efae8ebd7db>@@@?$__crt_seh_guarded_call@P6AXH@Z@@QEAAP6AXH@Z$$QEAV<lambda_c36588078e9f5dfd39652860aa6b3aaf>@@AEAV<lambda_ec61778202f4f5fc7e7711acc23c3bca>@@$$QEAV<lambda_dc9d2797ccde5d239b4a0efae8ebd7db>@@@Z 000000018004d2b4     libucrt:signal.obj
 0003:000012c0       $pdata$__acrt_get_sigabrt_handler 000000018004d2c0     libucrt:signal.obj
 0003:000012cc       $pdata$raise               000000018004d2cc     libucrt:signal.obj
 0003:000012d8       $pdata$__acrt_invoke_user_matherr 000000018004d2d8     libucrt:matherr.obj
 0003:000012e4       $pdata$_mbtowc_l           000000018004d2e4     libucrt:mbtowc.obj
 0003:000012f0       $pdata$_fileno             000000018004d2f0     libucrt:fileno.obj
 0003:000012fc       $pdata$__acrt_initialize_stdio 000000018004d2fc     libucrt:_file.obj
 0003:00001308       $pdata$__acrt_uninitialize_stdio 000000018004d308     libucrt:_file.obj
 0003:00001314       $pdata$?__acrt_LCMapStringA_stat@@YAHPEAU__crt_locale_pointers@@PEB_WKPEBDHPEADHHH@Z 000000018004d314     libucrt:lcmapstringa.obj
 0003:00001320       $pdata$__acrt_LCMapStringA 000000018004d320     libucrt:lcmapstringa.obj
 0003:0000132c       $pdata$__acrt_free_locale  000000018004d32c     libucrt:locale_refcounting.obj
 0003:00001338       $pdata$__acrt_locale_free_lc_time_if_unreferenced 000000018004d338     libucrt:locale_refcounting.obj
 0003:00001344       $pdata$__acrt_release_locale_ref 000000018004d344     libucrt:locale_refcounting.obj
 0003:00001350       $pdata$__acrt_update_thread_locale_data 000000018004d350     libucrt:locale_refcounting.obj
 0003:0000135c       $pdata$_updatetlocinfoEx_nolock 000000018004d35c     libucrt:locale_refcounting.obj
 0003:00001368       $pdata$__acrt_locale_free_monetary 000000018004d368     libucrt:initmon.obj
 0003:00001374       $pdata$__acrt_locale_free_numeric 000000018004d374     libucrt:initnum.obj
 0003:00001380       $pdata$?free_crt_array_internal@@YAXQEAPEBX_K@Z 000000018004d380     libucrt:inittime.obj
 0003:0000138c       $pdata$__acrt_locale_free_time 000000018004d38c     libucrt:inittime.obj
 0003:00001398       $pdata$__acrt_GetStringTypeA 000000018004d398     libucrt:getstringtypea.obj
 0003:000013a4       $pdata$?GetTableIndexFromLocaleName@@YAHPEB_W@Z 000000018004d3a4     libucrt:lcidtoname_downlevel.obj
 0003:000013b0       $pdata$__acrt_DownlevelLocaleNameToLCID 000000018004d3b0     libucrt:lcidtoname_downlevel.obj
 0003:000013bc       $pdata$?initialize_multibyte@@YAHXZ 000000018004d3bc     libucrt:multibyte_initializer.obj
 0003:000013c8       $pdata$_msize              000000018004d3c8     libucrt:msize.obj
 0003:000013d4       $pdata$_realloc_base       000000018004d3d4     libucrt:realloc_base.obj
 0003:000013e0       $pdata$__acrt_lowio_create_handle_array 000000018004d3e0     libucrt:osfinfo.obj
 0003:000013ec       $pdata$__acrt_lowio_destroy_handle_array 000000018004d3ec     libucrt:osfinfo.obj
 0003:000013f8       $pdata$__acrt_lowio_ensure_fh_exists 000000018004d3f8     libucrt:osfinfo.obj
 0003:00001404       $pdata$_free_osfhnd        000000018004d404     libucrt:osfinfo.obj
 0003:00001410       $pdata$_get_osfhandle      000000018004d410     libucrt:osfinfo.obj
 0003:0000141c       $pdata$_isatty             000000018004d41c     libucrt:isatty.obj
 0003:00001428       $pdata$__acrt_stdio_flush_nolock 000000018004d428     libucrt:fflush.obj
 0003:00001434       $pdata$_fflush_nolock      000000018004d434     libucrt:fflush.obj
 0003:00001440       $pdata$common_flush_all    000000018004d440     libucrt:fflush.obj
 0003:0000144c       $pdata$_fcloseall          000000018004d44c     libucrt:closeall.obj
 0003:00001458       $pdata$__acrt_stdio_free_buffer_nolock 000000018004d458     libucrt:_freebuf.obj
 0003:00001464       $pdata$??$?RV<lambda_b521505b218e5242e90febf6bfebc422>@@AEAV<lambda_6978c1fb23f02e42e1d9e99668cc68aa>@@V<lambda_314360699dd331753a4119843814e9a7>@@@?$__crt_seh_guarded_call@H@@QEAAH$$QEAV<lambda_b521505b218e5242e90febf6bfebc422>@@AEAV<lambda_6978c1fb23f02e42e1d9e99668cc68aa>@@$$QEAV<lambda_314360699dd331753a4119843814e9a7>@@@Z 000000018004d464     libucrt:commit.obj
 0003:00001470       $pdata$_commit             000000018004d470     libucrt:commit.obj
 0003:0000147c       $pdata$?write_double_translated_ansi_nolock@@YA?AUwrite_result@?A0x9c548279@@HQEBDI@Z 000000018004d47c     libucrt:write.obj
 0003:00001488       $pdata$?write_text_ansi_nolock@@YA?AUwrite_result@?A0x9c548279@@HQEBDI@Z 000000018004d488     libucrt:write.obj
 0003:00001494       $pdata$?write_text_utf16le_nolock@@YA?AUwrite_result@?A0x9c548279@@HQEBDI@Z 000000018004d494     libucrt:write.obj
 0003:000014a0       $pdata$?write_text_utf8_nolock@@YA?AUwrite_result@?A0x9c548279@@HQEBDI@Z 000000018004d4a0     libucrt:write.obj
 0003:000014ac       $pdata$_write              000000018004d4ac     libucrt:write.obj
 0003:000014b8       $pdata$_write_nolock       000000018004d4b8     libucrt:write.obj
 0003:000014d0       $pdata$??$common_lseek_nolock@_J@@YA_JH_JH@Z 000000018004d4d0     libucrt:lseek.obj
 0003:000014dc       $pdata$_fclose_nolock      000000018004d4dc     libucrt:fclose.obj
 0003:000014e8       $pdata$fclose              000000018004d4e8     libucrt:fclose.obj
 0003:000014f4       $pdata$_putwch_nolock      000000018004d4f4     libucrt:putwch.obj
 0003:00001500       $pdata$_call_matherr       000000018004d500     libucrt:libm_error.obj
 0003:0000150c       $pdata$_exception_enabled  000000018004d50c     libucrt:libm_error.obj
 0003:00001518       $pdata$_handle_error       000000018004d518     libucrt:libm_error.obj
 0003:00001524       $pdata$__acrt_initialize_fma3 000000018004d524     libucrt:fma3_available.obj
 0003:00001530       $pdata$_log10_special      000000018004d530     libucrt:log_special.obj
 0003:0000153c       $pdata$_log_special_common 000000018004d53c     libucrt:log_special.obj
 0003:00001548       $pdata$??$?RV<lambda_bfedae4ebbf01fab1bb6dcc6a9e276e0>@@AEAV<lambda_2fe9b910cf3cbf4a0ab98a02ba45b3ec>@@V<lambda_237c231691f317818eb88cc1d5d642d6>@@@?$__crt_seh_guarded_call@H@@QEAAH$$QEAV<lambda_bfedae4ebbf01fab1bb6dcc6a9e276e0>@@AEAV<lambda_2fe9b910cf3cbf4a0ab98a02ba45b3ec>@@$$QEAV<lambda_237c231691f317818eb88cc1d5d642d6>@@@Z 000000018004d548     libucrt:close.obj
 0003:00001554       $pdata$_close              000000018004d554     libucrt:close.obj
 0003:00001560       $pdata$_close_nolock       000000018004d560     libucrt:close.obj
 0003:0000156c       $pdata$__dcrt_lowio_initialize_console_output 000000018004d56c     libucrt:initcon.obj
 0003:00001578       $pdata$__dcrt_terminate_console_output 000000018004d578     libucrt:initcon.obj
 0003:00001590       $pdata$_raise_exc          000000018004d590     libucrt:fpexcept.obj
 0003:0000159c       $pdata$_raise_exc_ex       000000018004d59c     libucrt:fpexcept.obj
 0003:000015a8       $pdata$_set_errno_from_matherr 000000018004d5a8     libucrt:fpexcept.obj
 0003:000015b4       $pdata$_clrfp              000000018004d5b4     libucrt:fpctrl.obj
 0003:000015c0       $pdata$_ctrlfp             000000018004d5c0     libucrt:fpctrl.obj
 0003:000015cc       $pdata$_set_statfp         000000018004d5cc     libucrt:fpctrl.obj
 0003:000015d8       $pdata$_statfp             000000018004d5d8     libucrt:fpctrl.obj
 0003:000015e4       $pdata$__GSHandlerCheck    000000018004d5e4     LIBCMT:_gshandler_.obj
 0003:000015f0       $pdata$__GSHandlerCheckCommon 000000018004d5f0     LIBCMT:_gshandler_.obj
 0003:00001608       $pdata$_IsNonwritableInCurrentImage 000000018004d608     LIBCMT:pesect.obj
 0003:00001614       $pdata$__raise_securityfailure 000000018004d614     LIBCMT:gs_report.obj
 0003:00001620       $pdata$__report_gsfailure  000000018004d620     LIBCMT:gs_report.obj
 0003:0000162c       $pdata$capture_previous_context 000000018004d62c     LIBCMT:gs_report.obj
 0003:00001650       $pdata$?fin$0@?0??dllmain_crt_process_attach@@YAHQEAUHINSTANCE__@@QEAX@Z@4HA 000000018004d650     LIBCMT:dll_dllmain.obj
 0003:0000165c       $pdata$?fin$0@?0??dllmain_crt_process_detach@@YAH_N@Z@4HA 000000018004d65c     LIBCMT:dll_dllmain.obj
 0003:00001668       $pdata$?filt$0@?0??dllmain_dispatch@@YAHQEAUHINSTANCE__@@KQEAX@Z@4HA 000000018004d668     LIBCMT:dll_dllmain.obj
 0003:00001674       $pdata$__scrt_is_nonwritable_in_current_image$filt$0 000000018004d674     LIBCMT:utility.obj
 0003:00001680       $pdata$_query_new_handler$fin$0 000000018004d680     libucrt:new_handler.obj
 0003:0000168c       $pdata$?filt$0@?0??common_exit@@YAXHW4_crt_exit_cleanup_mode@@W4_crt_exit_return_mode@@@Z@4HA 000000018004d68c     libucrt:exit.obj
 0003:00001698       $pdata$?fin$1@?0??common_exit@@YAXHW4_crt_exit_cleanup_mode@@W4_crt_exit_return_mode@@@Z@4HA 000000018004d698     libucrt:exit.obj
 0003:000016a4       $pdata$?fin$0@?0???$?RV<lambda_e24bbb7b643b32fcea6fa61b31d4c984>@@AEAV<lambda_275893d493268fdec8709772e3fcec0e>@@V<lambda_9d71df4d7cf3f480f8d633942495c3b0>@@@?$__crt_seh_guarded_call@H@@QEAAH$$QEAV<lambda_e24bbb7b643b32fcea6fa61b31d4c984>@@AEAV<lambda_275893d493268fdec8709772e3fcec0e>@@$$QEAV<lambda_9d71df4d7cf3f480f8d633942495c3b0>@@@Z@4HA 000000018004d6a4     libucrt:onexit.obj
 0003:000016b0       $pdata$?fin$0@?0???$?RV<lambda_72d1df2b273a38828b1ce30cbf4cdab5>@@AEAV<lambda_876a65b173b8412d3a47c70a915b0cf4>@@V<lambda_41932305e351933ebe8f8be3ed8bb5dc>@@@?$__crt_seh_guarded_call@X@@QEAAX$$QEAV<lambda_72d1df2b273a38828b1ce30cbf4cdab5>@@AEAV<lambda_876a65b173b8412d3a47c70a915b0cf4>@@$$QEAV<lambda_41932305e351933ebe8f8be3ed8bb5dc>@@@Z@4HA 000000018004d6b0     libucrt:per_thread_data.obj
 0003:000016b0       $pdata$?fin$0@?0???$?RV<lambda_5e887d1dcbef67a5eb4283622ba103bf>@@AEAV<lambda_4466841279450cc726390878d4a41900>@@V<lambda_341c25c0346d94847f1f3c463c57e077>@@@?$__crt_seh_guarded_call@X@@QEAAX$$QEAV<lambda_5e887d1dcbef67a5eb4283622ba103bf>@@AEAV<lambda_4466841279450cc726390878d4a41900>@@$$QEAV<lambda_341c25c0346d94847f1f3c463c57e077>@@@Z@4HA 000000018004d6b0     libucrt:per_thread_data.obj
 0003:000016b0       $pdata$?fin$0@?0???$?RV<lambda_46352004c1216016012b18bd6f87e700>@@AEAV<lambda_3bd07e1a1191394380780325891bf33f>@@V<lambda_334532d3f185bcaa59b5be82d7d22bff>@@@?$__crt_seh_guarded_call@X@@QEAAX$$QEAV<lambda_46352004c1216016012b18bd6f87e700>@@AEAV<lambda_3bd07e1a1191394380780325891bf33f>@@$$QEAV<lambda_334532d3f185bcaa59b5be82d7d22bff>@@@Z@4HA 000000018004d6b0     libucrt:per_thread_data.obj
 0003:000016b0       $pdata$?fin$0@?0???$?RV<lambda_c36588078e9f5dfd39652860aa6b3aaf>@@AEAV<lambda_ec61778202f4f5fc7e7711acc23c3bca>@@V<lambda_dc9d2797ccde5d239b4a0efae8ebd7db>@@@?$__crt_seh_guarded_call@P6AXH@Z@@QEAAP6AXH@Z$$QEAV<lambda_c36588078e9f5dfd39652860aa6b3aaf>@@AEAV<lambda_ec61778202f4f5fc7e7711acc23c3bca>@@$$QEAV<lambda_dc9d2797ccde5d239b4a0efae8ebd7db>@@@Z@4HA 000000018004d6b0     libucrt:signal.obj
 0003:000016b0       $pdata$?fin$0@?0???$?RV<lambda_fb3a7dec4e47f37f22dae91bb15c9095>@@AEAV<lambda_698284760c8add0bfb0756c19673e34b>@@V<lambda_dfb8eca1e75fef3034a8fb18dd509707>@@@?$__crt_seh_guarded_call@X@@QEAAX$$QEAV<lambda_fb3a7dec4e47f37f22dae91bb15c9095>@@AEAV<lambda_698284760c8add0bfb0756c19673e34b>@@$$QEAV<lambda_dfb8eca1e75fef3034a8fb18dd509707>@@@Z@4HA 000000018004d6b0     libucrt:per_thread_data.obj
 0003:000016b0       $pdata$?fin$0@?0???$?RV<lambda_99476a1ad63dd22509b5d3e65b0ffc95>@@AEAV<lambda_ad1ced32f4ac17aa236e5ef05d6b3b7c>@@V<lambda_f7424dd8d45958661754dc4f2697e9c3>@@@?$__crt_seh_guarded_call@X@@QEAAX$$QEAV<lambda_99476a1ad63dd22509b5d3e65b0ffc95>@@AEAV<lambda_ad1ced32f4ac17aa236e5ef05d6b3b7c>@@$$QEAV<lambda_f7424dd8d45958661754dc4f2697e9c3>@@@Z@4HA 000000018004d6b0     libucrt:mbctype.obj
 0003:000016b0       $pdata$?fin$0@?0???$?RV<lambda_b8c45f8f788dd370798f47cfe8ac3a86>@@AEAV<lambda_4e60a939b0d047cfe11ddc22648dfba9>@@V<lambda_332c3edc96d0294ec56c57d38c1cdfd5>@@@?$__crt_seh_guarded_call@H@@QEAAH$$QEAV<lambda_b8c45f8f788dd370798f47cfe8ac3a86>@@AEAV<lambda_4e60a939b0d047cfe11ddc22648dfba9>@@$$QEAV<lambda_332c3edc96d0294ec56c57d38c1cdfd5>@@@Z@4HA 000000018004d6b0     libucrt:onexit.obj
 0003:000016bc       $pdata$__acrt_update_thread_multibyte_data$fin$0 000000018004d6bc     libucrt:mbctype.obj
 0003:000016c8       $pdata$__acrt_initialize_lowio$fin$0 000000018004d6c8     libucrt:ioinit.obj
 0003:000016c8       $pdata$__acrt_lowio_ensure_fh_exists$fin$0 000000018004d6c8     libucrt:osfinfo.obj
 0003:000016d4       $pdata$raise$fin$0         000000018004d6d4     libucrt:signal.obj
 0003:000016e0       $pdata$__acrt_update_thread_locale_data$fin$0 000000018004d6e0     libucrt:locale_refcounting.obj
 0003:000016e0       $pdata$__acrt_uninitialize_locale$fin$0 000000018004d6e0     libucrt:wsetlocale.obj
 0003:000016ec       $pdata$common_flush_all$fin$0 000000018004d6ec     libucrt:fflush.obj
 0003:000016f8       $pdata$common_flush_all$fin$1 000000018004d6f8     libucrt:fflush.obj
 0003:00001704       $pdata$_fcloseall$fin$0    000000018004d704     libucrt:closeall.obj
 0003:00001710       $pdata$?fin$0@?0???$?RV<lambda_b521505b218e5242e90febf6bfebc422>@@AEAV<lambda_6978c1fb23f02e42e1d9e99668cc68aa>@@V<lambda_314360699dd331753a4119843814e9a7>@@@?$__crt_seh_guarded_call@H@@QEAAH$$QEAV<lambda_b521505b218e5242e90febf6bfebc422>@@AEAV<lambda_6978c1fb23f02e42e1d9e99668cc68aa>@@$$QEAV<lambda_314360699dd331753a4119843814e9a7>@@@Z@4HA 000000018004d710     libucrt:commit.obj
 0003:00001710       $pdata$?fin$0@?0???$?RV<lambda_bfedae4ebbf01fab1bb6dcc6a9e276e0>@@AEAV<lambda_2fe9b910cf3cbf4a0ab98a02ba45b3ec>@@V<lambda_237c231691f317818eb88cc1d5d642d6>@@@?$__crt_seh_guarded_call@H@@QEAAH$$QEAV<lambda_bfedae4ebbf01fab1bb6dcc6a9e276e0>@@AEAV<lambda_2fe9b910cf3cbf4a0ab98a02ba45b3ec>@@$$QEAV<lambda_237c231691f317818eb88cc1d5d642d6>@@@Z@4HA 000000018004d710     libucrt:close.obj
 0003:0000171c       $pdata$_write$fin$0        000000018004d71c     libucrt:write.obj
 0003:00001728       $pdata$fclose$fin$0        000000018004d728     libucrt:fclose.obj
 0003:00001734       $pdata$_ctrlfp$filt$0      000000018004d734     libucrt:fpctrl.obj
 0003:00001740       $pdata$_IsNonwritableInCurrentImage$filt$0 000000018004d740     LIBCMT:pesect.obj
 0004:00000c7e       .idata$6                   000000018004ec7e     kernel32:KERNEL32.dll
 0004:00000d66       .idata$6                   000000018004ed66     user32:USER32.dll
 0004:00000e46       .idata$6                   000000018004ee46     advapi32:ADVAPI32.dll
 0004:00000e8a       .idata$6                   000000018004ee8a     ole32:ole32.dll
 0004:00000ec4       .idata$6                   000000018004eec4     mpr:MPR.dll
 0004:00000f0e       .idata$6                   000000018004ef0e     version:VERSION.dll
 0004:00000f1a       .idata$6                   000000018004ef1a     oleaut32:OLEAUT32.dll
 0005:00000000       __guard_fids__             0000000180050000     libucrt:initialization.obj
 0005:00000060       __guard_fids___acrt_initialize_ptd 0000000180050060     libucrt:per_thread_data.obj
 0005:00000064       __guard_fids__             0000000180050064     libucrt:locale_initializer.obj
 0005:00000068       __guard_fids__             0000000180050068     libucrt:multibyte_initializer.obj
 0005:0000006c       __guard_fids__             000000018005006c     libucrt:stdio_initializer.obj
 0005:00000070       __guard_fids__             0000000180050070     libucrt:stdio_initializer.obj
 0005:00000074       __guard_fids__             0000000180050074     libucrt:fma3_initializer.obj
 0005:00000078       __guard_fids__             0000000180050078     libucrt:console_output_initializer.obj
 0005:0000007c       __guard_fids_?dllmain_crt_process_attach@@YAHQEAUHINSTANCE__@@QEAX@Z 000000018005007c     LIBCMT:dll_dllmain.obj
 0005:00000084       __guard_fids_?dllmain_dispatch@@YAHQEAUHINSTANCE__@@KQEAX@Z 0000000180050084     LIBCMT:dll_dllmain.obj
 0005:00000088       __guard_fids__             0000000180050088     LIBCMT:throw_bad_alloc.obj
 0005:00000090       __guard_fids__             0000000180050090     LIBCMT:throw_bad_alloc.obj
 0005:00000098       __guard_fids__             0000000180050098     LIBCMT:throw_bad_alloc.obj
 0005:000000a0       __guard_fids__             00000001800500a0     LIBCMT:std_type_info_static.obj
 0005:000000a4       __guard_fids__             00000001800500a4     LIBCMT:guard_support.obj
 0005:000000a8       __guard_fids__             00000001800500a8     libvcruntime:telemetry.obj
 0005:000000ac       __guard_fids_?TraceLoggingRegister@__vcrt_trace_logging_provider@@YAJPEBU_TlgProvider_t@1@PEBU_GUID@@P6AX1KE_K2PEAU_EVENT_FILTER_DESCRIPTOR@@PEAX@Z4@Z 00000001800500ac     libvcruntime:telemetry.obj
 0005:000000b0       __guard_fids___vcrt_initialize_ptd 00000001800500b0     libvcruntime:per_thread_data.obj
 0006:00000060       $R000000                   0000000180051060     Proclist.res
