 Proclist

 Timestamp is 54ba6e5c (Sat Jan 17 17:14:52 2015)

 Preferred load address is 0000000180000000

 Start         Length     Name                   Class
 0001:00000000 00000430H .idata$5                CODE
 0001:00000430 00000008H .CRT$XCA                CODE
 0001:00000438 00000008H .CRT$XCZ                CODE
 0001:00000440 00000008H .CRT$XIA                CODE
 0001:00000448 00000010H .CRT$XIC                CODE
 0001:00000458 00000008H .CRT$XIZ                CODE
 0001:00000460 00000008H .CRT$XPA                CODE
 0001:00000468 00000008H .CRT$XPZ                CODE
 0001:00000470 00000008H .CRT$XTA                CODE
 0001:00000478 00000008H .CRT$XTZ                CODE
 0001:00000480 000042b7H .rdata                  CODE
 0001:00004738 0000016cH .rdata$r                CODE
 0001:000048a8 00000008H .rtc$IAA                CODE
 0001:000048b0 00000008H .rtc$IZZ                CODE
 0001:000048b8 00000008H .rtc$TAA                CODE
 0001:000048c0 00000008H .rtc$TZZ                CODE
 0001:000048d0 000160edH .text                   CODE
 0001:0001a9c0 0000016dH .text$x                 CODE
 0001:0001ab30 0000001aH .text$yd                CODE
 0001:0001ab50 00001290H .xdata                  CODE
 0001:0001bde0 00000084H .xdata$x                CODE
 0001:0001be64 0000008cH .idata$2                CODE
 0001:0001bef0 00000014H .idata$3                CODE
 0001:0001bf08 00000430H .idata$4                CODE
 0001:0001c338 0000092eH .idata$6                CODE
 0001:0001cc70 00000192H .edata                  CODE
 0002:00000000 000014acH .data                   DATA
 0002:000014c0 00026db8H .bss                    DATA
 0003:00000000 00001128H .pdata                  DATA
 0004:00000000 00000058H .rsrc$01                DATA
 0004:00000060 00000378H .rsrc$02                DATA

  Address         Publics by Value              Rva+Base               Lib:Object

 0000:00000000       ___safe_se_handler_table   0000000000000000     <absolute>
 0000:00000000       ___safe_se_handler_count   0000000000000000     <absolute>
 0000:00000000       __ImageBase                0000000180000000     <linker-defined>
 0001:00000000       __imp_DuplicateTokenEx     0000000180001000     advapi32:ADVAPI32.dll
 0001:00000008       __imp_LookupPrivilegeValueW 0000000180001008     advapi32:ADVAPI32.dll
 0001:00000010       __imp_AdjustTokenPrivileges 0000000180001010     advapi32:ADVAPI32.dll
 0001:00000018       __imp_OpenThreadToken      0000000180001018     advapi32:ADVAPI32.dll
 0001:00000020       __imp_SetThreadToken       0000000180001020     advapi32:ADVAPI32.dll
 0001:00000028       __imp_RegConnectRegistryW  0000000180001028     advapi32:ADVAPI32.dll
 0001:00000030       __imp_RegQueryValueExW     0000000180001030     advapi32:ADVAPI32.dll
 0001:00000038       __imp_RegCloseKey          0000000180001038     advapi32:ADVAPI32.dll
 0001:00000040       __imp_RegOpenKeyExW        0000000180001040     advapi32:ADVAPI32.dll
 0001:00000048       __imp_GetUserNameW         0000000180001048     advapi32:ADVAPI32.dll
 0001:00000050       __imp_OpenProcessToken     0000000180001050     advapi32:ADVAPI32.dll
 0001:00000058       \177ADVAPI32_NULL_THUNK_DATA 0000000180001058     advapi32:ADVAPI32.dll
 0001:00000060       __imp_SetLastError         0000000180001060     kernel32:KERNEL32.dll
 0001:00000068       __imp_VirtualFree          0000000180001068     kernel32:KERNEL32.dll
 0001:00000070       __imp_VirtualAlloc         0000000180001070     kernel32:KERNEL32.dll
 0001:00000078       __imp_SetEvent             0000000180001078     kernel32:KERNEL32.dll
 0001:00000080       __imp_lstrcatW             0000000180001080     kernel32:KERNEL32.dll
 0001:00000088       __imp_lstrcpyW             0000000180001088     kernel32:KERNEL32.dll
 0001:00000090       __imp_FileTimeToSystemTime 0000000180001090     kernel32:KERNEL32.dll
 0001:00000098       __imp_lstrcmpiW            0000000180001098     kernel32:KERNEL32.dll
 0001:000000a0       __imp_GetCurrentThreadId   00000001800010a0     kernel32:KERNEL32.dll
 0001:000000a8       __imp_GetTickCount         00000001800010a8     kernel32:KERNEL32.dll
 0001:000000b0       __imp_SystemTimeToTzSpecificLocalTime 00000001800010b0     kernel32:KERNEL32.dll
 0001:000000b8       __imp_GetLocalTime         00000001800010b8     kernel32:KERNEL32.dll
 0001:000000c0       __imp_GetSystemTimeAsFileTime 00000001800010c0     kernel32:KERNEL32.dll
 0001:000000c8       __imp_CreateFileW          00000001800010c8     kernel32:KERNEL32.dll
 0001:000000d0       __imp_SetPriorityClass     00000001800010d0     kernel32:KERNEL32.dll
 0001:000000d8       __imp_GetPriorityClass     00000001800010d8     kernel32:KERNEL32.dll
 0001:000000e0       __imp_lstrcmpW             00000001800010e0     kernel32:KERNEL32.dll
 0001:000000e8       __imp_ResetEvent           00000001800010e8     kernel32:KERNEL32.dll
 0001:000000f0       __imp_GetProcessTimes      00000001800010f0     kernel32:KERNEL32.dll
 0001:000000f8       __imp_WaitForMultipleObjects 00000001800010f8     kernel32:KERNEL32.dll
 0001:00000100       __imp_CreateEventW         0000000180001100     kernel32:KERNEL32.dll
 0001:00000108       __imp_CreateMutexW         0000000180001108     kernel32:KERNEL32.dll
 0001:00000110       __imp_ReadProcessMemory    0000000180001110     kernel32:KERNEL32.dll
 0001:00000118       __imp_GetCurrentProcessId  0000000180001118     kernel32:KERNEL32.dll
 0001:00000120       __imp_GetCurrentThread     0000000180001120     kernel32:KERNEL32.dll
 0001:00000128       __imp_OpenProcess          0000000180001128     kernel32:KERNEL32.dll
 0001:00000130       __imp_TerminateProcess     0000000180001130     kernel32:KERNEL32.dll
 0001:00000138       __imp_GetDateFormatW       0000000180001138     kernel32:KERNEL32.dll
 0001:00000140       __imp_GetTimeFormatW       0000000180001140     kernel32:KERNEL32.dll
 0001:00000148       __imp_FileTimeToLocalFileTime 0000000180001148     kernel32:KERNEL32.dll
 0001:00000150       __imp_LocalFree            0000000180001150     kernel32:KERNEL32.dll
 0001:00000158       __imp_FormatMessageW       0000000180001158     kernel32:KERNEL32.dll
 0001:00000160       __imp_GetModuleHandleW     0000000180001160     kernel32:KERNEL32.dll
 0001:00000168       __imp_GetProcAddress       0000000180001168     kernel32:KERNEL32.dll
 0001:00000170       __imp_HeapSize             0000000180001170     kernel32:KERNEL32.dll
 0001:00000178       __imp_LoadLibraryW         0000000180001178     kernel32:KERNEL32.dll
 0001:00000180       __imp_EnterCriticalSection 0000000180001180     kernel32:KERNEL32.dll
 0001:00000188       __imp_LeaveCriticalSection 0000000180001188     kernel32:KERNEL32.dll
 0001:00000190       __imp_MultiByteToWideChar  0000000180001190     kernel32:KERNEL32.dll
 0001:00000198       __imp_GetCurrentProcess    0000000180001198     kernel32:KERNEL32.dll
 0001:000001a0       __imp_DuplicateHandle      00000001800011a0     kernel32:KERNEL32.dll
 0001:000001a8       __imp_lstrlenW             00000001800011a8     kernel32:KERNEL32.dll
 0001:000001b0       __imp_lstrcpynW            00000001800011b0     kernel32:KERNEL32.dll
 0001:000001b8       __imp_CreateThread         00000001800011b8     kernel32:KERNEL32.dll
 0001:000001c0       __imp_TerminateThread      00000001800011c0     kernel32:KERNEL32.dll
 0001:000001c8       __imp_CloseHandle          00000001800011c8     kernel32:KERNEL32.dll
 0001:000001d0       __imp_Sleep                00000001800011d0     kernel32:KERNEL32.dll
 0001:000001d8       __imp_ReleaseMutex         00000001800011d8     kernel32:KERNEL32.dll
 0001:000001e0       __imp_WaitForSingleObject  00000001800011e0     kernel32:KERNEL32.dll
 0001:000001e8       __imp_GetLastError         00000001800011e8     kernel32:KERNEL32.dll
 0001:000001f0       __imp_WriteFile            00000001800011f0     kernel32:KERNEL32.dll
 0001:000001f8       __imp_LCMapStringW         00000001800011f8     kernel32:KERNEL32.dll
 0001:00000200       __imp_QueryPerformanceCounter 0000000180001200     kernel32:KERNEL32.dll
 0001:00000208       __imp_GetEnvironmentStringsW 0000000180001208     kernel32:KERNEL32.dll
 0001:00000210       __imp_WideCharToMultiByte  0000000180001210     kernel32:KERNEL32.dll
 0001:00000218       __imp_FreeEnvironmentStringsW 0000000180001218     kernel32:KERNEL32.dll
 0001:00000220       __imp_GetModuleFileNameA   0000000180001220     kernel32:KERNEL32.dll
 0001:00000228       __imp_DeleteCriticalSection 0000000180001228     kernel32:KERNEL32.dll
 0001:00000230       __imp_GetStartupInfoW      0000000180001230     kernel32:KERNEL32.dll
 0001:00000238       __imp_GetFileType          0000000180001238     kernel32:KERNEL32.dll
 0001:00000240       __imp_InitializeCriticalSectionAndSpinCount 0000000180001240     kernel32:KERNEL32.dll
 0001:00000248       __imp_SetHandleCount       0000000180001248     kernel32:KERNEL32.dll
 0001:00000250       __imp_RtlUnwindEx          0000000180001250     kernel32:KERNEL32.dll
 0001:00000258       __imp_GetStringTypeW       0000000180001258     kernel32:KERNEL32.dll
 0001:00000260       __imp_RtlPcToFileHeader    0000000180001260     kernel32:KERNEL32.dll
 0001:00000268       __imp_RaiseException       0000000180001268     kernel32:KERNEL32.dll
 0001:00000270       __imp_HeapFree             0000000180001270     kernel32:KERNEL32.dll
 0001:00000278       __imp_HeapAlloc            0000000180001278     kernel32:KERNEL32.dll
 0001:00000280       __imp_FlsSetValue          0000000180001280     kernel32:KERNEL32.dll
 0001:00000288       __imp_GetCommandLineA      0000000180001288     kernel32:KERNEL32.dll
 0001:00000290       __imp_GetCPInfo            0000000180001290     kernel32:KERNEL32.dll
 0001:00000298       __imp_GetACP               0000000180001298     kernel32:KERNEL32.dll
 0001:000002a0       __imp_GetOEMCP             00000001800012a0     kernel32:KERNEL32.dll
 0001:000002a8       __imp_IsValidCodePage      00000001800012a8     kernel32:KERNEL32.dll
 0001:000002b0       __imp_EncodePointer        00000001800012b0     kernel32:KERNEL32.dll
 0001:000002b8       __imp_FlsGetValue          00000001800012b8     kernel32:KERNEL32.dll
 0001:000002c0       __imp_FlsFree              00000001800012c0     kernel32:KERNEL32.dll
 0001:000002c8       __imp_FlsAlloc             00000001800012c8     kernel32:KERNEL32.dll
 0001:000002d0       __imp_UnhandledExceptionFilter 00000001800012d0     kernel32:KERNEL32.dll
 0001:000002d8       __imp_SetUnhandledExceptionFilter 00000001800012d8     kernel32:KERNEL32.dll
 0001:000002e0       __imp_IsDebuggerPresent    00000001800012e0     kernel32:KERNEL32.dll
 0001:000002e8       __imp_RtlVirtualUnwind     00000001800012e8     kernel32:KERNEL32.dll
 0001:000002f0       __imp_RtlLookupFunctionEntry 00000001800012f0     kernel32:KERNEL32.dll
 0001:000002f8       __imp_RtlCaptureContext    00000001800012f8     kernel32:KERNEL32.dll
 0001:00000300       __imp_DecodePointer        0000000180001300     kernel32:KERNEL32.dll
 0001:00000308       __imp_HeapSetInformation   0000000180001308     kernel32:KERNEL32.dll
 0001:00000310       __imp_GetVersion           0000000180001310     kernel32:KERNEL32.dll
 0001:00000318       __imp_HeapCreate           0000000180001318     kernel32:KERNEL32.dll
 0001:00000320       __imp_HeapDestroy          0000000180001320     kernel32:KERNEL32.dll
 0001:00000328       __imp_ExitProcess          0000000180001328     kernel32:KERNEL32.dll
 0001:00000330       __imp_GetStdHandle         0000000180001330     kernel32:KERNEL32.dll
 0001:00000338       __imp_GetModuleFileNameW   0000000180001338     kernel32:KERNEL32.dll
 0001:00000340       __imp_HeapReAlloc          0000000180001340     kernel32:KERNEL32.dll
 0001:00000348       \177KERNEL32_NULL_THUNK_DATA 0000000180001348     kernel32:KERNEL32.dll
 0001:00000350       __imp_WNetAddConnection2W  0000000180001350     mpr:MPR.dll
 0001:00000358       __imp_WNetCancelConnection2W 0000000180001358     mpr:MPR.dll
 0001:00000360       \177MPR_NULL_THUNK_DATA    0000000180001360     mpr:MPR.dll
 0001:00000368       __imp_SysAllocString       0000000180001368     oleaut32:OLEAUT32.dll
 0001:00000370       __imp_SysFreeString        0000000180001370     oleaut32:OLEAUT32.dll
 0001:00000378       __imp_VariantClear         0000000180001378     oleaut32:OLEAUT32.dll
 0001:00000380       \177OLEAUT32_NULL_THUNK_DATA 0000000180001380     oleaut32:OLEAUT32.dll
 0001:00000388       __imp_GetWindowPlacement   0000000180001388     user32:USER32.dll
 0001:00000390       __imp_GetParent            0000000180001390     user32:USER32.dll
 0001:00000398       __imp_GetWindowThreadProcessId 0000000180001398     user32:USER32.dll
 0001:000003a0       __imp_wsprintfW            00000001800013a0     user32:USER32.dll
 0001:000003a8       __imp_GetWindowLongW       00000001800013a8     user32:USER32.dll
 0001:000003b0       __imp_IsIconic             00000001800013b0     user32:USER32.dll
 0001:000003b8       __imp_GetWindowTextW       00000001800013b8     user32:USER32.dll
 0001:000003c0       __imp_SystemParametersInfoW 00000001800013c0     user32:USER32.dll
 0001:000003c8       __imp_SetForegroundWindow  00000001800013c8     user32:USER32.dll
 0001:000003d0       __imp_EnumWindows          00000001800013d0     user32:USER32.dll
 0001:000003d8       __imp_ShowWindowAsync      00000001800013d8     user32:USER32.dll
 0001:000003e0       __imp_IsWindowVisible      00000001800013e0     user32:USER32.dll
 0001:000003e8       \177USER32_NULL_THUNK_DATA 00000001800013e8     user32:USER32.dll
 0001:000003f0       __imp_GetFileVersionInfoSizeW 00000001800013f0     version:VERSION.dll
 0001:000003f8       __imp_GetFileVersionInfoW  00000001800013f8     version:VERSION.dll
 0001:00000400       __imp_VerQueryValueW       0000000180001400     version:VERSION.dll
 0001:00000408       \177VERSION_NULL_THUNK_DATA 0000000180001408     version:VERSION.dll
 0001:00000410       __imp_CoCreateInstance     0000000180001410     ole32:ole32.dll
 0001:00000418       __imp_CoUninitialize       0000000180001418     ole32:ole32.dll
 0001:00000420       __imp_CoInitialize         0000000180001420     ole32:ole32.dll
 0001:00000428       \177ole32_NULL_THUNK_DATA  0000000180001428     ole32:ole32.dll
 0001:00000430       __xc_a                     0000000180001430     LIBCMT:crt0init.obj
 0001:00000438       __xc_z                     0000000180001438     LIBCMT:crt0init.obj
 0001:00000440       __xi_a                     0000000180001440     LIBCMT:crt0init.obj
 0001:00000458       __xi_z                     0000000180001458     LIBCMT:crt0init.obj
 0001:00000460       __xp_a                     0000000180001460     LIBCMT:crt0init.obj
 0001:00000468       __xp_z                     0000000180001468     LIBCMT:crt0init.obj
 0001:00000470       __xt_a                     0000000180001470     LIBCMT:crt0init.obj
 0001:00000478       __xt_z                     0000000180001478     LIBCMT:crt0init.obj
 0001:00000480       ??_C@_1BA@KLFBJALL@?$AAW?$AAm?$AAi?$AAG?$AAu?$AAi?$AAd?$AA?$AA@ 0000000180001480     handles.obj
 0001:00000490       ??_C@_19DDLLJDOO@?$AAF?$AAi?$AAl?$AAe?$AA?$AA@ 0000000180001490     handles.obj
 0001:000004a0       ??_C@_1BK@HCMNLOAL@?$AAI?$AAo?$AAC?$AAo?$AAm?$AAp?$AAl?$AAe?$AAt?$AAi?$AAo?$AAn?$AA?$AA@ 00000001800014a0     handles.obj
 0001:000004c0       ??_C@_17EKANHMLE@?$AAJ?$AAo?$AAb?$AA?$AA@ 00000001800014c0     handles.obj
 0001:000004c8       ??_C@_1BK@GACLFIOK@?$AAW?$AAa?$AAi?$AAt?$AAa?$AAb?$AAl?$AAe?$AAP?$AAo?$AAr?$AAt?$AA?$AA@ 00000001800014c8     handles.obj
 0001:000004e8       ??_C@_19OBNDINH@?$AAP?$AAo?$AAr?$AAt?$AA?$AA@ 00000001800014e8     handles.obj
 0001:000004f8       ??_C@_17KACEIPNC@?$AAK?$AAe?$AAy?$AA?$AA@ 00000001800014f8     handles.obj
 0001:00000500       ??_C@_1BA@LHDKDEEN@?$AAS?$AAe?$AAc?$AAt?$AAi?$AAo?$AAn?$AA?$AA@ 0000000180001500     handles.obj
 0001:00000510       ??_C@_1BA@CBCBMBGJ@?$AAD?$AAe?$AAs?$AAk?$AAt?$AAo?$AAp?$AA?$AA@ 0000000180001510     handles.obj
 0001:00000520       ??_C@_1BM@JIPCCEDL@?$AAW?$AAi?$AAn?$AAd?$AAo?$AAw?$AAS?$AAt?$AAa?$AAt?$AAi?$AAo?$AAn?$AA?$AA@ 0000000180001520     handles.obj
 0001:00000540       ??_C@_1BA@OKEJPPOI@?$AAP?$AAr?$AAo?$AAf?$AAi?$AAl?$AAe?$AA?$AA@ 0000000180001540     handles.obj
 0001:00000550       ??_C@_1M@EEEEDEMN@?$AAT?$AAi?$AAm?$AAe?$AAr?$AA?$AA@ 0000000180001550     handles.obj
 0001:00000560       ??_C@_1BE@NPGPGCB@?$AAS?$AAe?$AAm?$AAa?$AAp?$AAh?$AAo?$AAr?$AAe?$AA?$AA@ 0000000180001560     handles.obj
 0001:00000578       ??_C@_1O@FBKOCLFA@?$AAM?$AAu?$AAt?$AAa?$AAn?$AAt?$AA?$AA@ 0000000180001578     handles.obj
 0001:00000588       ??_C@_1BE@EBMGBMON@?$AAE?$AAv?$AAe?$AAn?$AAt?$AAP?$AAa?$AAi?$AAr?$AA?$AA@ 0000000180001588     handles.obj
 0001:000005a0       ??_C@_1M@JJBFPLJB@?$AAE?$AAv?$AAe?$AAn?$AAt?$AA?$AA@ 00000001800015a0     handles.obj
 0001:000005b0       ??_C@_1O@CDOGJPJJ@?$AAT?$AAh?$AAr?$AAe?$AAa?$AAd?$AA?$AA@ 00000001800015b0     handles.obj
 0001:000005c0       ??_C@_1BA@NMDNJJOO@?$AAP?$AAr?$AAo?$AAc?$AAe?$AAs?$AAs?$AA?$AA@ 00000001800015c0     handles.obj
 0001:000005d0       ??_C@_1M@JFPKKFCK@?$AAT?$AAo?$AAk?$AAe?$AAn?$AA?$AA@ 00000001800015d0     handles.obj
 0001:000005e0       ??_C@_1BK@KDPOKCA@?$AAS?$AAy?$AAm?$AAb?$AAo?$AAl?$AAi?$AAc?$AAL?$AAi?$AAn?$AAk?$AA?$AA@ 00000001800015e0     handles.obj
 0001:00000600       ??_C@_1BE@DNDHOCGP@?$AAD?$AAi?$AAr?$AAe?$AAc?$AAt?$AAo?$AAr?$AAy?$AA?$AA@ 0000000180001600     handles.obj
 0001:00000614       ??_C@_11LOCGONAA@?$AA?$AA@ 0000000180001614     handles.obj
 0001:000006d8       ??_C@_17CNPHIMPH@?$AA?$CF?$AAl?$AAs?$AA?$AA@ 00000001800016d8     handles.obj
 0001:000006e0       ??_C@_1BA@FDFONNEJ@?$AA?$CF?$AAs?$AA?5?$AA?$CI?$AA?$CF?$AAd?$AA?$CJ?$AA?$AA@ 00000001800016e0     handles.obj
 0001:000006f0       ??_C@_1BE@ELICABCK@?$AA?$DM?$AAu?$AAn?$AAk?$AAn?$AAo?$AAw?$AAn?$AA?$DO?$AA?$AA@ 00000001800016f0     handles.obj
 0001:00000708       ??_C@_1BA@LGCEDAAB@?$AAT?$AAI?$AAD?$AA?3?$AA?5?$AA?$CF?$AAd?$AA?$AA@ 0000000180001708     handles.obj
 0001:00000718       ??_C@_15GANGMFKL@?$AA?$CF?$AAs?$AA?$AA@ 0000000180001718     handles.obj
 0001:00000720       ??_C@_19PEALEEJB@?$AAH?$AAK?$AAL?$AAM?$AA?$AA@ 0000000180001720     handles.obj
 0001:00000730       ??_C@_1BA@INBMCOAP@?$AAM?$AAA?$AAC?$AAH?$AAI?$AAN?$AAE?$AA?$AA@ 0000000180001730     handles.obj
 0001:00000740       ??_C@_19NCHLBIN@?$AAH?$AAK?$AAC?$AAR?$AA?$AA@ 0000000180001740     handles.obj
 0001:00000750       ??_C@_1DC@OIDKFHBF@?$AAM?$AAA?$AAC?$AAH?$AAI?$AAN?$AAE?$AA?2?$AAS?$AAO?$AAF?$AAT?$AAW?$AAA?$AAR?$AAE?$AA?2?$AAC?$AAL?$AAA?$AAS?$AAS?$AAE?$AAS?$AA?$AA@ 0000000180001750     handles.obj
 0001:00000788       ??_C@_17PJOJPMPB@?$AAH?$AAK?$AAU?$AA?$AA@ 0000000180001788     handles.obj
 0001:00000790       ??_C@_1BK@OEABCBLA@?$AAH?$AAK?$AAC?$AAU?$AA?2?$AAC?$AAl?$AAa?$AAs?$AAs?$AAe?$AAs?$AA?$AA@ 0000000180001790     handles.obj
 0001:000007b0       ??_C@_19JAPAIJDE@?$AAH?$AAK?$AAC?$AAU?$AA?$AA@ 00000001800017b0     handles.obj
 0001:000007c0       ??_C@_1BC@PGMOPNLK@?$AA_?$AAC?$AAl?$AAa?$AAs?$AAs?$AAe?$AAs?$AA?$AA@ 00000001800017c0     handles.obj
 0001:000007d8       ??_C@_19KGHAHCFG@?$AAU?$AAS?$AAE?$AAR?$AA?$AA@ 00000001800017d8     handles.obj
 0001:000007e8       ??_C@_1BG@OKCBELMP@?$AA?2?$AAR?$AAE?$AAG?$AAI?$AAS?$AAT?$AAR?$AAY?$AA?2?$AA?$AA@ 00000001800017e8     handles.obj
 0001:00000800       ??_C@_1O@EAOKCHFC@?$AA?$CF?$AA?9?$AA1?$AA3?$AAs?$AA?5?$AA?$AA@ 0000000180001800     handles.obj
 0001:00000810       ??_C@_19DEJHOMFE@?$AA?9?$AA?$CF?$AAl?$AAu?$AA?$AA@ 0000000180001810     handles.obj
 0001:00000820       ??_C@_1EC@MPDKEHCN@?$AA0?$AAx?$AA?$CF?$AA0?$AA2?$AAh?$AAx?$AA?$CF?$AA0?$AA2?$AAh?$AAx?$AA?$CF?$AA0?$AA2?$AAh?$AAx?$AA?$CF?$AA0?$AA2?$AAh?$AAx?$AA?$CF?$AA0?$AA2?$AAh?$AAx?$AA?$CF?$AA0?$AA2?$AAh?$AAx@ 0000000180001820     handles.obj
 0001:00000868       ??_C@_17IJMNDCL@?$AA?$CF?$AAl?$AAu?$AA?$AA@ 0000000180001868     handles.obj
 0001:00000870       ??_C@_1BA@IGEMANKH@?$AA?2?$AAS?$AA?9?$AA?$CF?$AAl?$AAu?$AA?9?$AA?$AA@ 0000000180001870     handles.obj
 0001:00000880       ??_C@_1BG@OCPCMCEA@?$AA?$CF?$AA5?$AAX?$AA?5?$AA?5?$AA?$CF?$AA0?$AA8?$AAX?$AA?5?$AA?$AA@ 0000000180001880     handles.obj
 0001:00000898       ??_C@_1O@HAOIKAHJ@?$AA?$CF?$AAs?$AA?6?$AA?$CF?$AAs?$AA?6?$AA?$AA@ 0000000180001898     handles.obj
 0001:000008a8       ??_C@_1CK@CLFOOHFA@?$AAE?$AAx?$AAp?$AAo?$AAr?$AAt?$AAH?$AAa?$AAn?$AAd?$AAl?$AAe?$AAs?$AAU?$AAn?$AAn?$AAa?$AAm?$AAe?$AAd?$AA?$AA@ 00000001800018a8     PCFG.OBJ
 0001:000008d8       ??_C@_1BM@KMCHODLM@?$AAE?$AAx?$AAp?$AAo?$AAr?$AAt?$AAH?$AAa?$AAn?$AAd?$AAl?$AAe?$AAs?$AA?$AA@ 00000001800018d8     PCFG.OBJ
 0001:000008f8       ??_C@_1CE@GNMOKOAL@?$AAE?$AAx?$AAp?$AAo?$AAr?$AAt?$AAP?$AAe?$AAr?$AAf?$AAo?$AAr?$AAm?$AAa?$AAn?$AAc?$AAe?$AA?$AA@ 00000001800018f8     PCFG.OBJ
 0001:00000920       ??_C@_1CI@OFLGHPDG@?$AAE?$AAx?$AAp?$AAo?$AAr?$AAt?$AAM?$AAo?$AAd?$AAu?$AAl?$AAe?$AAV?$AAe?$AAr?$AAs?$AAi?$AAo?$AAn?$AA?$AA@ 0000000180001920     PCFG.OBJ
 0001:00000948       ??_C@_1CC@OABICAMP@?$AAE?$AAx?$AAp?$AAo?$AAr?$AAt?$AAM?$AAo?$AAd?$AAu?$AAl?$AAe?$AAI?$AAn?$AAf?$AAo?$AA?$AA@ 0000000180001948     PCFG.OBJ
 0001:00000970       ??_C@_1CE@JIPJNDMD@?$AAE?$AAx?$AAp?$AAo?$AAr?$AAt?$AAE?$AAn?$AAv?$AAi?$AAr?$AAo?$AAn?$AAm?$AAe?$AAn?$AAt?$AA?$AA@ 0000000180001970     PCFG.OBJ
 0001:00000998       ??_C@_1CC@PNNAOHJC@?$AAA?$AAd?$AAd?$AAT?$AAo?$AAP?$AAl?$AAu?$AAg?$AAi?$AAn?$AAs?$AAM?$AAe?$AAn?$AAu?$AA?$AA@ 0000000180001998     PCFG.OBJ
 0001:000009c0       ??_C@_1BO@NGDOFANC@?$AAA?$AAd?$AAd?$AAT?$AAo?$AAD?$AAi?$AAs?$AAk?$AAs?$AAM?$AAe?$AAn?$AAu?$AA?$AA@ 00000001800019c0     PCFG.OBJ
 0001:000009e0       ??_C@_1BE@PKILIDFH@?$AAE?$AAn?$AAa?$AAb?$AAl?$AAe?$AAW?$AAM?$AAI?$AA?$AA@ 00000001800019e0     PCFG.OBJ
 0001:00000a00       ??_7?$DialogBuilderBase@UFarDialogItem@@@@6B@ 0000000180001a00     PCFG.OBJ
 0001:00000a50       ??_7PluginDialogBuilder@@6B@ 0000000180001a50     PCFG.OBJ
 0001:00000a98       ??_7?$DialogItemBinding@UFarDialogItem@@@@6B@ 0000000180001a98     PCFG.OBJ
 0001:00000aa8       ??_7PluginCheckBoxBinding@@6B@ 0000000180001aa8     PCFG.OBJ
 0001:00000ab8       ??_7PluginRadioButtonBinding@@6B@ 0000000180001ab8     PCFG.OBJ
 0001:00000ac8       ??_C@_15EFLNJKHH@?$AA?$CF?$AAu?$AA?$AA@ 0000000180001ac8     PCFG.OBJ
 0001:00000ad0       ??_7PluginIntEditFieldBinding@@6B@ 0000000180001ad0     PCFG.OBJ
 0001:00000ae0       ??_7PluginUIntEditFieldBinding@@6B@ 0000000180001ae0     PCFG.OBJ
 0001:00000af0       ??_C@_1O@BJPKKLLM@?$AAC?$AAo?$AAn?$AAf?$AAi?$AAg?$AA?$AA@ 0000000180001af0     PCFG.OBJ
 0001:00000b00       ??_C@_13LHMFKAAD@?$AAM?$AA?$AA@ 0000000180001b00     Pclass.obj
 0001:00000b04       ??_C@_13JCKOPPNP@?$AAK?$AA?$AA@ 0000000180001b04     Pclass.obj
 0001:00000b08       ??_C@_1CC@EBBNDNOD@?$AAF?$AAu?$AAl?$AAl?$AAS?$AAc?$AAr?$AAe?$AAe?$AAn?$AAR?$AAe?$AAm?$AAo?$AAt?$AAe?$AA?$AA@ 0000000180001b08     Pclass.obj
 0001:00000b30       ??_C@_1CA@HLBJOHGN@?$AAF?$AAu?$AAl?$AAl?$AAS?$AAc?$AAr?$AAe?$AAe?$AAn?$AAL?$AAo?$AAc?$AAa?$AAl?$AA?$AA@ 0000000180001b30     Pclass.obj
 0001:00000b50       ??_C@_1BK@DDBMMJCN@?$AAW?$AAi?$AAd?$AAt?$AAh?$AAs?$AAR?$AAe?$AAm?$AAo?$AAt?$AAe?$AA?$AA@ 0000000180001b50     Pclass.obj
 0001:00000b70       ??_C@_1BI@FOOHDOCI@?$AAW?$AAi?$AAd?$AAt?$AAh?$AAs?$AAL?$AAo?$AAc?$AAa?$AAl?$AA?$AA@ 0000000180001b70     Pclass.obj
 0001:00000b88       ??_C@_1BM@EDHFKJEJ@?$AAC?$AAo?$AAl?$AAu?$AAm?$AAn?$AAs?$AAR?$AAe?$AAm?$AAo?$AAt?$AAe?$AA?$AA@ 0000000180001b88     Pclass.obj
 0001:00000ba8       ??_C@_1BK@HMOODHKK@?$AAC?$AAo?$AAl?$AAu?$AAm?$AAn?$AAs?$AAL?$AAo?$AAc?$AAa?$AAl?$AA?$AA@ 0000000180001ba8     Pclass.obj
 0001:00000bc8       ??_C@_1O@CBODAMOP@?$AAM?$AAo?$AAd?$AAe?$AA?$CF?$AAd?$AA?$AA@ 0000000180001bc8     Pclass.obj
 0001:00000bd8       ??_C@_15LNKNCLHH@?$AAS?$AAs?$AA?$AA@ 0000000180001bd8     Pclass.obj
 0001:00000be0       ??_C@_13DEFPDAGF@?$AA?0?$AA?$AA@ 0000000180001be0     Pclass.obj
 0001:00000be8       ??_C@_19MPDKCIDK@?$AA?5?$AA?$CF?$AAs?$AA?5?$AA?$AA@ 0000000180001be8     Pclass.obj
 0001:00000bf8       ??_C@_1BA@MFHNOFIJ@?$AA?$CF?$AAs?$AA?3?$AA?5?$AA?$CF?$AAs?$AA?5?$AA?$AA@ 0000000180001bf8     Pclass.obj
 0001:00000c08       ??_C@_13HOIJIPNN@?$AA?5?$AA?$AA@ 0000000180001c08     Pclass.obj
 0001:00000c10       ??_C@_17JJIMNMHK@?$AA?5?$AA?$CG?$AA?$FO?$AA?$AA@ 0000000180001c10     Pclass.obj
 0001:00000c18       ??_C@_1M@EJMLOAMM@?$AA?$CF?$AA?9?$AA2?$AA2?$AAs?$AA?$AA@ 0000000180001c18     Pclass.obj
 0001:00000c28       ??_C@_17DJGLCLAO@?$AA?$CF?$AAs?$AA?3?$AA?$AA@ 0000000180001c28     Pclass.obj
 0001:00000c30       ??_C@_17JLFEDMMI@?$AA?$DP?$AA?$DP?$AA?$DP?$AA?$AA@ 0000000180001c30     Pclass.obj
 0001:00000c38       ??_C@_1BO@EHJBCONC@?$AA?$CF?$AA0?$AA2?$AAd?$AA?3?$AA?$CF?$AA0?$AA2?$AAd?$AA?3?$AA?$CF?$AA0?$AA2?$AAd?$AA?$AA@ 0000000180001c38     Pclass.obj
 0001:00000c58       ??_C@_1CE@OMPPCAIJ@?$AA?$CF?$AAd?$AA?5?$AA?$CF?$AA0?$AA2?$AAd?$AA?3?$AA?$CF?$AA0?$AA2?$AAd?$AA?3?$AA?$CF?$AA0?$AA2?$AAd?$AA?$AA@ 0000000180001c58     Pclass.obj
 0001:00000cb0       ??_C@_1CO@PDLCNLLF@?$AA?2?$AA?$CF?$AAs?$AA?2?$AA?$CF?$AAs?$AA?2?$AAF?$AAi?$AAl?$AAe?$AAD?$AAe?$AAs?$AAc?$AAr?$AAi?$AAp?$AAt?$AAi?$AAo?$AAn?$AA?$AA@ 0000000180001cb0     Pclass.obj
 0001:00000ce0       ??_C@_1CG@PJJCHAJ@?$AA?2?$AA?$CF?$AAs?$AA?2?$AA?$CF?$AAs?$AA?2?$AAF?$AAi?$AAl?$AAe?$AAV?$AAe?$AAr?$AAs?$AAi?$AAo?$AAn?$AA?$AA@ 0000000180001ce0     Pclass.obj
 0001:00000d28       ??_C@_19JHEHLFPM@?$AA?2?$AA?$DP?$AA?$DP?$AA?2?$AA?$AA@ 0000000180001d28     Pclass.obj
 0001:00000d38       ??_C@_1O@CIJHDDGA@?$AA?$CF?$AAs?$AA?5?$AA?$CF?$AAs?$AA?6?$AA?$AA@ 0000000180001d38     Pclass.obj
 0001:00000d48       ??_C@_1O@DGEEABED@?$AA?$CF?$AAs?$AA?5?$AA?$CF?$AAd?$AA?6?$AA?$AA@ 0000000180001d48     Pclass.obj
 0001:00000d58       ??_C@_1M@CBILFCKF@?$AA?5?$AA?$CI?$AA?$CF?$AAs?$AA?$CJ?$AA?$AA@ 0000000180001d58     Pclass.obj
 0001:00000d68       ??_C@_17CHCGIDNB@?$AA?$CF?$AAs?$AA?2?$AA?$AA@ 0000000180001d68     Pclass.obj
 0001:00000d70       ??_C@_17GMPJMPF@?$AA?$CF?$AAs?$AA?5?$AA?$AA@ 0000000180001d70     Pclass.obj
 0001:00000d78       ??_C@_1BC@OMEIBLAI@?$AAw?$AAb?$AAe?$AAm?$AAc?$AAo?$AAm?$AAn?$AA?$AA@ 0000000180001d78     Pclass.obj
 0001:00000d90       ??_7PluginEditFieldBinding@@6B@ 0000000180001d90     Pclass.obj
 0001:00000f00       ??_C@_1CM@OLKFIHMK@?$AAN?$AA?0?$AAX?$AA1?$AA5?$AAT?$AA?0?$AAX?$AA1?$AA6?$AAT?$AA?0?$AAX?$AA1?$AA7?$AAT?$AA?0?$AAX?$AA1?$AA8?$AAS?$AA?$AA@ 0000000180001f00     Pclass.obj
 0001:00000f30       ??_C@_1BG@MNPGDOEP@?$AA1?$AA2?$AA?0?$AA0?$AA?0?$AA0?$AA?0?$AA0?$AA?0?$AA4?$AA?$AA@ 0000000180001f30     Pclass.obj
 0001:00000f48       ??_C@_1BO@ONCLJEFA@?$AAN?$AA?0?$AAX?$AAI?$AA?0?$AAX?$AAP?$AA?0?$AAX?$AA0?$AAS?$AA?0?$AAX?$AA6?$AA?$AA@ 0000000180001f48     Pclass.obj
 0001:00000f68       ??_C@_1BE@NCGLNDMK@?$AA0?$AA?0?$AA4?$AA?0?$AA2?$AA?0?$AA3?$AA?0?$AA9?$AA?$AA@ 0000000180001f68     Pclass.obj
 0001:00000f80       ??_C@_17KNGPBKAK@?$AAN?$AA?0?$AAN?$AA?$AA@ 0000000180001f80     Pclass.obj
 0001:00000f88       ??_C@_17JPFFEOAH@?$AA0?$AA?0?$AA0?$AA?$AA@ 0000000180001f88     Pclass.obj
 0001:00000f90       ??_C@_1BI@FAMBFJKE@?$AAN?$AA?0?$AAX?$AAI?$AA?0?$AAX?$AAC?$AA?0?$AAD?$AA?0?$AAT?$AA?$AA@ 0000000180001f90     Pclass.obj
 0001:00000fa8       ??_C@_1BE@MONBDOED@?$AA0?$AA?0?$AA4?$AA?0?$AA4?$AA?0?$AA0?$AA?0?$AA0?$AA?$AA@ 0000000180001fa8     Pclass.obj
 0001:00000fc0       ??_C@_1BG@MICALLFD@?$AAN?$AA?0?$AAX?$AAI?$AA?0?$AAX?$AA4?$AA?0?$AAX?$AA6?$AA?$AA@ 0000000180001fc0     Pclass.obj
 0001:00000fd8       ??_C@_1BA@CAEMMMKJ@?$AA0?$AA?0?$AA4?$AA?0?$AA9?$AA?0?$AA9?$AA?$AA@ 0000000180001fd8     Pclass.obj
 0001:00000fe8       ??_C@_1DI@NKOPFHII@?$AAN?$AA?0?$AAX?$AAI?$AA?0?$AAX?$AA4?$AA?0?$AAX?$AA6?$AA?0?$AAX?$AA1?$AA0?$AA?0?$AAX?$AA1?$AA2?$AA?0?$AAX?$AA0?$AA?0?$AAX?$AA1?$AA?0?$AAX?$AA2?$AA?$AA@ 0000000180001fe8     Pclass.obj
 0001:00001020       ??_C@_1CG@HGJJIJIH@?$AA1?$AA2?$AA?0?$AA4?$AA?0?$AA0?$AA?0?$AA0?$AA?0?$AA0?$AA?0?$AA0?$AA?0?$AA8?$AA?0?$AA8?$AA?0?$AA8?$AA?$AA@ 0000000180002020     Pclass.obj
 0001:00001048       ??_C@_19ILLMDDHI@?$AAN?$AA?0?$AAZ?$AAD?$AA?$AA@ 0000000180002048     Pclass.obj
 0001:00001058       ??_C@_19NMOJBHGD@?$AA1?$AA2?$AA?0?$AA0?$AA?$AA@ 0000000180002058     Pclass.obj
 0001:00001070       ??_C@_1EA@HPDEOPPH@?$AAN?$AA?0?$AAX?$AAP?$AA?0?$AAX?$AA0?$AAS?$AA?0?$AAX?$AA1?$AAS?$AA?0?$AAX?$AA2?$AAS?$AA?0?$AAX?$AA1?$AA1?$AAS?$AA?0?$AAX?$AA1?$AA4?$AAS?$AA?0?$AAX?$AA1?$AA8?$AAS?$AA?$AA@ 0000000180002070     Pclass.obj
 0001:000010b0       ??_C@_1CA@MGMNHCLL@?$AA0?$AA?0?$AA2?$AA?0?$AA3?$AA?0?$AA2?$AA?0?$AA2?$AA?0?$AA3?$AA?0?$AA4?$AA?0?$AA3?$AA?$AA@ 00000001800020b0     Pclass.obj
 0001:000010d0       ??_C@_1O@JGFFCAGM@?$AAN?$AA?0?$AAX?$AAI?$AA?0?$AAO?$AA?$AA@ 00000001800020d0     Pclass.obj
 0001:000010e0       ??_C@_1O@LAHJLGAL@?$AA0?$AA?0?$AA5?$AA?0?$AA1?$AA5?$AA?$AA@ 00000001800020e0     Pclass.obj
 0001:000010f0       ??_C@_1CC@FANCGEGE@?$AAN?$AA?0?$AAX?$AAI?$AA?0?$AAX?$AAT?$AA?0?$AAX?$AA3?$AA?0?$AAX?$AAG?$AA?0?$AAX?$AAU?$AA?$AA@ 00000001800020f0     Pclass.obj
 0001:00001118       ??_C@_1BI@DGDJEDOL@?$AA0?$AA?0?$AA4?$AA?0?$AA3?$AA?0?$AA4?$AA?0?$AA4?$AA?0?$AA4?$AA?$AA@ 0000000180002118     Pclass.obj
 0001:00001130       ??_C@_1BG@COBJEPBB@?$AAN?$AA?0?$AAX?$AAI?$AA?0?$AAX?$AAT?$AA?0?$AAX?$AA3?$AA?$AA@ 0000000180002130     Pclass.obj
 0001:00001148       ??_C@_1BA@EDOGAILM@?$AA0?$AA?0?$AA4?$AA?0?$AA3?$AA?0?$AA4?$AA?$AA@ 0000000180002148     Pclass.obj
 0001:00001158       ??_C@_15DNHPCDHG@?$AAT?$AAt?$AA?$AA@ 0000000180002158     Pclass.obj
 0001:00001160       ??_C@_15JOGBDECP@?$AA?0?$AA?5?$AA?$AA@ 0000000180002160     Pclass.obj
 0001:00001168       ??_C@_1BE@PEGLKBKB@?$AA?6?$AA?$CF?$AAs?$AA?6?$AA?$CF?$AAs?$AA?$CF?$AAs?$AA?6?$AA?$AA@ 0000000180002168     Pclass.obj
 0001:00001180       ??_C@_1BO@LJMHGFAK@?$AA?$CF?$AA?9?$AA2?$AA2?$AAs?$AA?5?$AA?$CF?$AA0?$AA8?$AAX?$AA?5?$AA?$CF?$AAs?$AA?6?$AA?$AA@ 0000000180002180     Pclass.obj
 0001:00001350       ??_C@_1BE@JKDBKCGH@?$AA?$CF?$AA?9?$AA2?$AA2?$AAs?$AA?5?$AA?$CF?$AAp?$AA?6?$AA?$AA@ 0000000180002350     Pclass.obj
 0001:00001368       ??_C@_1M@NOMFOFMP@?$AAH?$AAW?$AAN?$AAD?$AA?3?$AA?$AA@ 0000000180002368     Pclass.obj
 0001:00001378       ??_C@_1BA@DHHNFIMD@?$AA?6?$AA?$CF?$AAs?$AA?5?$AA?$CF?$AAu?$AA?6?$AA?$AA@ 0000000180002378     Pclass.obj
 0001:00001388       ??_C@_1BC@MLKIHIFN@?$AA?6?$AA?$CF?$AAs?$AA?3?$AA?6?$AA?$CF?$AAs?$AA?6?$AA?$AA@ 0000000180002388     Pclass.obj
 0001:000013a0       ??_C@_1BG@MDLBKGIE@?$AA?6?$AA?$CF?$AAs?$AA?5?$AA?$CF?$AAs?$AA?5?$AA?$CF?$AAs?$AA?6?$AA?$AA@ 00000001800023a0     Pclass.obj
 0001:000013b8       ??_C@_1BA@OBCELLNO@?$AA?6?$AA?$CF?$AAs?$AA?5?$AA?$CF?$AAs?$AA?6?$AA?$AA@ 00000001800023b8     Pclass.obj
 0001:000013c8       ??_C@_1O@POMONAHN@?$AA?$CF?$AAs?$AA?5?$AA?$CF?$AAu?$AA?6?$AA?$AA@ 00000001800023c8     Pclass.obj
 0001:000013d8       ??_C@_1M@LFADDFHG@?$AA?$CF?$AA0?$AA8?$AAX?$AA?6?$AA?$AA@ 00000001800023d8     Pclass.obj
 0001:000013e8       ??_C@_1BE@OMBNFFBH@?$AA?$CF?$AAu?$AA?5?$AA?5?$AA?$CI?$AA?$CF?$AAs?$AA?$CJ?$AA?6?$AA?$AA@ 00000001800023e8     Pclass.obj
 0001:00001400       ??_C@_17BPBJDALC@?$AA?$CF?$AAu?$AA?6?$AA?$AA@ 0000000180002400     Pclass.obj
 0001:00001408       ??_C@_1BC@CLLLJKLA@?$AA?$CF?$AAs?$AA?5?$AA?$CF?$AA0?$AA8?$AAX?$AA?6?$AA?$AA@ 0000000180002408     Pclass.obj
 0001:00001420       ??_C@_1BC@NEODPHBM@?$AA?$CF?$AAs?$AA?5?$AA?$CF?$AAs?$AA?$CF?$AAs?$AA?6?$AA?$AA@ 0000000180002420     Pclass.obj
 0001:00001438       ??_C@_1O@CNKEJBH@?$AA?0?$AA?5?$AA?$CF?$AAd?$AA?$CF?$AAs?$AA?$AA@ 0000000180002438     Pclass.obj
 0001:00001460       ??_C@_19GGNHIDOH@?$AA?4?$AAt?$AAx?$AAt?$AA?$AA@ 0000000180002460     Pclass.obj
 0001:00001470       ??_C@_1BC@OMEIHGFC@?$AAW?$AAS?$AA_?$AAP?$AAO?$AAP?$AAU?$AAP?$AA?$AA@ 0000000180002470     Pclass.obj
 0001:00001488       ??_C@_1BC@ONEEOLLM@?$AAW?$AAS?$AA_?$AAC?$AAH?$AAI?$AAL?$AAD?$AA?$AA@ 0000000180002488     Pclass.obj
 0001:000014a0       ??_C@_1BI@GHDIGAD@?$AAW?$AAS?$AA_?$AAM?$AAI?$AAN?$AAI?$AAM?$AAI?$AAZ?$AAE?$AA?$AA@ 00000001800024a0     Pclass.obj
 0001:000014b8       ??_C@_1BG@KLPFHNBP@?$AAW?$AAS?$AA_?$AAV?$AAI?$AAS?$AAI?$AAB?$AAL?$AAE?$AA?$AA@ 00000001800024b8     Pclass.obj
 0001:000014d0       ??_C@_1BI@NKODCGOF@?$AAW?$AAS?$AA_?$AAD?$AAI?$AAS?$AAA?$AAB?$AAL?$AAE?$AAD?$AA?$AA@ 00000001800024d0     Pclass.obj
 0001:000014e8       ??_C@_1CA@PCFJBBHH@?$AAW?$AAS?$AA_?$AAC?$AAL?$AAI?$AAP?$AAS?$AAI?$AAB?$AAL?$AAI?$AAN?$AAG?$AAS?$AA?$AA@ 00000001800024e8     Pclass.obj
 0001:00001508       ??_C@_1CA@MPLGGIO@?$AAW?$AAS?$AA_?$AAC?$AAL?$AAI?$AAP?$AAC?$AAH?$AAI?$AAL?$AAD?$AAR?$AAE?$AAN?$AA?$AA@ 0000000180002508     Pclass.obj
 0001:00001528       ??_C@_1BI@OLBAGOJG@?$AAW?$AAS?$AA_?$AAM?$AAA?$AAX?$AAI?$AAM?$AAI?$AAZ?$AAE?$AA?$AA@ 0000000180002528     Pclass.obj
 0001:00001540       ??_C@_1BE@DAMMEKNP@?$AAW?$AAS?$AA_?$AAB?$AAO?$AAR?$AAD?$AAE?$AAR?$AA?$AA@ 0000000180002540     Pclass.obj
 0001:00001558       ??_C@_1BI@EDHINADK@?$AAW?$AAS?$AA_?$AAD?$AAL?$AAG?$AAF?$AAR?$AAA?$AAM?$AAE?$AA?$AA@ 0000000180002558     Pclass.obj
 0001:00001570       ??_C@_1BG@CKCLFGFA@?$AAW?$AAS?$AA_?$AAV?$AAS?$AAC?$AAR?$AAO?$AAL?$AAL?$AA?$AA@ 0000000180002570     Pclass.obj
 0001:00001588       ??_C@_1BG@OMIOJOGF@?$AAW?$AAS?$AA_?$AAH?$AAS?$AAC?$AAR?$AAO?$AAL?$AAL?$AA?$AA@ 0000000180002588     Pclass.obj
 0001:000015a0       ??_C@_1BG@KJOBMDJC@?$AAW?$AAS?$AA_?$AAS?$AAY?$AAS?$AAM?$AAE?$AAN?$AAU?$AA?$AA@ 00000001800025a0     Pclass.obj
 0001:000015b8       ??_C@_1BM@GPNNOPCH@?$AAW?$AAS?$AA_?$AAT?$AAH?$AAI?$AAC?$AAK?$AAF?$AAR?$AAA?$AAM?$AAE?$AA?$AA@ 00000001800025b8     Pclass.obj
 0001:000015d8       ??_C@_1BO@FODKBODI@?$AAW?$AAS?$AA_?$AAM?$AAI?$AAN?$AAI?$AAM?$AAI?$AAZ?$AAE?$AAB?$AAO?$AAX?$AA?$AA@ 00000001800025d8     Pclass.obj
 0001:000015f8       ??_C@_1BO@IDJMAOMI@?$AAW?$AAS?$AA_?$AAM?$AAA?$AAX?$AAI?$AAM?$AAI?$AAZ?$AAE?$AAB?$AAO?$AAX?$AA?$AA@ 00000001800025f8     Pclass.obj
 0001:00001618       ??_C@_1CI@PKBCIOPN@?$AAW?$AAS?$AA_?$AAE?$AAX?$AA_?$AAD?$AAL?$AAG?$AAM?$AAO?$AAD?$AAA?$AAL?$AAF?$AAR?$AAA?$AAM?$AAE?$AA?$AA@ 0000000180002618     Pclass.obj
 0001:00001640       ??_C@_1CK@KJECLHMG@?$AAW?$AAS?$AA_?$AAE?$AAX?$AA_?$AAN?$AAO?$AAP?$AAA?$AAR?$AAE?$AAN?$AAT?$AAN?$AAO?$AAT?$AAI?$AAF?$AAY?$AA?$AA@ 0000000180002640     Pclass.obj
 0001:00001670       ??_C@_1BM@OCBKBALE@?$AAW?$AAS?$AA_?$AAE?$AAX?$AA_?$AAT?$AAO?$AAP?$AAM?$AAO?$AAS?$AAT?$AA?$AA@ 0000000180002670     Pclass.obj
 0001:00001690       ??_C@_1CE@JIDMMICL@?$AAW?$AAS?$AA_?$AAE?$AAX?$AA_?$AAA?$AAC?$AAC?$AAE?$AAP?$AAT?$AAF?$AAI?$AAL?$AAE?$AAS?$AA?$AA@ 0000000180002690     Pclass.obj
 0001:000016b8       ??_C@_1CE@PFFPBMCF@?$AAW?$AAS?$AA_?$AAE?$AAX?$AA_?$AAT?$AAR?$AAA?$AAN?$AAS?$AAP?$AAA?$AAR?$AAE?$AAN?$AAT?$AA?$AA@ 00000001800026b8     Pclass.obj
 0001:000016e0       ??_C@_1BO@MEOEJPLO@?$AAW?$AAS?$AA_?$AAE?$AAX?$AA_?$AAM?$AAD?$AAI?$AAC?$AAH?$AAI?$AAL?$AAD?$AA?$AA@ 00000001800026e0     Pclass.obj
 0001:00001700       ??_C@_1CC@IEIGGJGG@?$AAW?$AAS?$AA_?$AAE?$AAX?$AA_?$AAT?$AAO?$AAO?$AAL?$AAW?$AAI?$AAN?$AAD?$AAO?$AAW?$AA?$AA@ 0000000180002700     Pclass.obj
 0001:00001728       ??_C@_1CC@PLPNIKGL@?$AAW?$AAS?$AA_?$AAE?$AAX?$AA_?$AAW?$AAI?$AAN?$AAD?$AAO?$AAW?$AAE?$AAD?$AAG?$AAE?$AA?$AA@ 0000000180002728     Pclass.obj
 0001:00001750       ??_C@_1CC@IAPGCLEG@?$AAW?$AAS?$AA_?$AAE?$AAX?$AA_?$AAC?$AAL?$AAI?$AAE?$AAN?$AAT?$AAE?$AAD?$AAG?$AAE?$AA?$AA@ 0000000180002750     Pclass.obj
 0001:00001778       ??_C@_1CE@EANKNCIF@?$AAW?$AAS?$AA_?$AAE?$AAX?$AA_?$AAC?$AAO?$AAN?$AAT?$AAE?$AAX?$AAT?$AAH?$AAE?$AAL?$AAP?$AA?$AA@ 0000000180002778     Pclass.obj
 0001:000017a0       ??_C@_1BI@GFIADCMK@?$AAW?$AAS?$AA_?$AAE?$AAX?$AA_?$AAR?$AAI?$AAG?$AAH?$AAT?$AA?$AA@ 00000001800027a0     Pclass.obj
 0001:000017b8       ??_C@_1CC@JOFCJJPB@?$AAW?$AAS?$AA_?$AAE?$AAX?$AA_?$AAR?$AAT?$AAL?$AAR?$AAE?$AAA?$AAD?$AAI?$AAN?$AAG?$AA?$AA@ 00000001800027b8     Pclass.obj
 0001:000017e0       ??_C@_1CI@EFLDECAB@?$AAW?$AAS?$AA_?$AAE?$AAX?$AA_?$AAL?$AAE?$AAF?$AAT?$AAS?$AAC?$AAR?$AAO?$AAL?$AAL?$AAB?$AAA?$AAR?$AA?$AA@ 00000001800027e0     Pclass.obj
 0001:00001808       ??_C@_1CI@CIFGFFJB@?$AAW?$AAS?$AA_?$AAE?$AAX?$AA_?$AAC?$AAO?$AAN?$AAT?$AAR?$AAO?$AAL?$AAP?$AAA?$AAR?$AAE?$AAN?$AAT?$AA?$AA@ 0000000180002808     Pclass.obj
 0001:00001830       ??_C@_1CC@BGEPLDCA@?$AAW?$AAS?$AA_?$AAE?$AAX?$AA_?$AAS?$AAT?$AAA?$AAT?$AAI?$AAC?$AAE?$AAD?$AAG?$AAE?$AA?$AA@ 0000000180002830     Pclass.obj
 0001:00001858       ??_C@_1CA@DOAIHHLO@?$AAW?$AAS?$AA_?$AAE?$AAX?$AA_?$AAA?$AAP?$AAP?$AAW?$AAI?$AAN?$AAD?$AAO?$AAW?$AA?$AA@ 0000000180002858     Pclass.obj
 0001:00001878       ??_C@_1BM@FAODAMGD@?$AAW?$AAS?$AA_?$AAE?$AAX?$AA_?$AAL?$AAA?$AAY?$AAE?$AAR?$AAE?$AAD?$AA?$AA@ 0000000180002878     Pclass.obj
 0001:00001898       ??_C@_1CM@DJKNBOGD@?$AAW?$AAS?$AA_?$AAE?$AAX?$AA_?$AAN?$AAO?$AAI?$AAN?$AAH?$AAE?$AAR?$AAI?$AAT?$AAL?$AAA?$AAY?$AAO?$AAU?$AAT?$AA?$AA@ 0000000180002898     Pclass.obj
 0001:000018c8       ??_C@_1CA@KMHLBMFI@?$AAW?$AAS?$AA_?$AAE?$AAX?$AA_?$AAL?$AAA?$AAY?$AAO?$AAU?$AAT?$AAR?$AAT?$AAL?$AA?$AA@ 00000001800028c8     Pclass.obj
 0001:000018e8       ??_C@_1CC@LOFMDOPL@?$AAW?$AAS?$AA_?$AAE?$AAX?$AA_?$AAN?$AAO?$AAA?$AAC?$AAT?$AAI?$AAV?$AAA?$AAT?$AAE?$AA?$AA@ 00000001800028e8     Pclass.obj
 0001:00001910       ??_C@_1BC@IALIJCAM@?$AAS?$AAo?$AAr?$AAt?$AAM?$AAo?$AAd?$AAe?$AA?$AA@ 0000000180002910     Pclass.obj
 0001:00001928       ??_C@_1BO@OMKAPLPJ@?$AAS?$AAt?$AAa?$AAr?$AAt?$AAP?$AAa?$AAn?$AAe?$AAl?$AAM?$AAo?$AAd?$AAe?$AA?$AA@ 0000000180002928     Pclass.obj
 0001:00001948       ??_C@_1M@MOFLFCEC@?$AA?$CF?$AAs?$AA?5?$AA?$CF?$AAs?$AA?$AA@ 0000000180002948     Pclass.obj
 0001:00001958       ??_C@_1M@HKFBKEEN@?$AA?$CF?$AA?$CF?$AA?5?$AA?$CF?$AAs?$AA?$AA@ 0000000180002958     Pclass.obj
 0001:000019d8       ??_C@_17FJPEEFCB@?$AAp?$AAr?$AAc?$AA?$AA@ 00000001800029d8     Pclass.obj
 0001:000019e0       ??_C@_15DDHGOCBH@?$AA?4?$AA?4?$AA?$AA@ 00000001800029e0     Pclass.obj
 0001:000019e8       ??_C@_15LEKKCGMK@?$AA?2?$AA?2?$AA?$AA@ 00000001800029e8     Pclass.obj
 0001:000019f0       ??_C@_1CK@ECJCGOEK@?$AAP?$AAr?$AAo?$AAc?$AAe?$AAs?$AAs?$AAL?$AAi?$AAs?$AAt?$AA?4?$AAU?$AAs?$AAe?$AAr?$AAn?$AAa?$AAm?$AAe?$AA?$AA@ 00000001800029f0     Pclass.obj
 0001:00001a20       ??_C@_1CK@DGKCELDD@?$AAP?$AAr?$AAo?$AAc?$AAe?$AAs?$AAs?$AAL?$AAi?$AAs?$AAt?$AA?4?$AAC?$AAo?$AAm?$AAp?$AAu?$AAt?$AAe?$AAr?$AA?$AA@ 0000000180002a20     Pclass.obj
 0001:00001a50       ??_C@_1BC@ENICKDH@?$AAC?$AAo?$AAn?$AAt?$AAe?$AAn?$AAt?$AAs?$AA?$AA@ 0000000180002a50     Pclass.obj
 0001:00001a68       ??_C@_1DA@BEHINMGJ@?$AAI?$AAO?$AA?5?$AAO?$AAt?$AAh?$AAe?$AAr?$AA?5?$AAO?$AAp?$AAe?$AAr?$AAa?$AAt?$AAi?$AAo?$AAn?$AAs?$AA?1?$AAs?$AAe?$AAc?$AA?$AA@ 0000000180002a68     perfthread.obj
 0001:00001a98       ??_C@_1DA@HICMAFKK@?$AAI?$AAO?$AA?5?$AAW?$AAr?$AAi?$AAt?$AAe?$AA?5?$AAO?$AAp?$AAe?$AAr?$AAa?$AAt?$AAi?$AAo?$AAn?$AAs?$AA?1?$AAs?$AAe?$AAc?$AA?$AA@ 0000000180002a98     perfthread.obj
 0001:00001ac8       ??_C@_1CO@LIIKBHDH@?$AAI?$AAO?$AA?5?$AAR?$AAe?$AAa?$AAd?$AA?5?$AAO?$AAp?$AAe?$AAr?$AAa?$AAt?$AAi?$AAo?$AAn?$AAs?$AA?1?$AAs?$AAe?$AAc?$AA?$AA@ 0000000180002ac8     perfthread.obj
 0001:00001af8       ??_C@_1CO@LIEOHDCC@?$AAI?$AAO?$AA?5?$AAD?$AAa?$AAt?$AAa?$AA?5?$AAO?$AAp?$AAe?$AAr?$AAa?$AAt?$AAi?$AAo?$AAn?$AAs?$AA?1?$AAs?$AAe?$AAc?$AA?$AA@ 0000000180002af8     perfthread.obj
 0001:00001b28       ??_C@_1CG@LBBBPCJA@?$AAI?$AAO?$AA?5?$AAO?$AAt?$AAh?$AAe?$AAr?$AA?5?$AAB?$AAy?$AAt?$AAe?$AAs?$AA?1?$AAs?$AAe?$AAc?$AA?$AA@ 0000000180002b28     perfthread.obj
 0001:00001b50       ??_C@_1CG@MEJHKKKF@?$AAI?$AAO?$AA?5?$AAW?$AAr?$AAi?$AAt?$AAe?$AA?5?$AAB?$AAy?$AAt?$AAe?$AAs?$AA?1?$AAs?$AAe?$AAc?$AA?$AA@ 0000000180002b50     perfthread.obj
 0001:00001b78       ??_C@_1CE@EFLEKJAB@?$AAI?$AAO?$AA?5?$AAR?$AAe?$AAa?$AAd?$AA?5?$AAB?$AAy?$AAt?$AAe?$AAs?$AA?1?$AAs?$AAe?$AAc?$AA?$AA@ 0000000180002b78     perfthread.obj
 0001:00001ba0       ??_C@_1CE@DFDFLLAO@?$AAI?$AAO?$AA?5?$AAD?$AAa?$AAt?$AAa?$AA?5?$AAB?$AAy?$AAt?$AAe?$AAs?$AA?1?$AAs?$AAe?$AAc?$AA?$AA@ 0000000180002ba0     perfthread.obj
 0001:00001bc8       ??_C@_1CG@KJOKFONA@?$AAV?$AAi?$AAr?$AAt?$AAu?$AAa?$AAl?$AA?5?$AAB?$AAy?$AAt?$AAe?$AAs?$AA?5?$AAP?$AAe?$AAa?$AAk?$AA?$AA@ 0000000180002bc8     perfthread.obj
 0001:00001bf0       ??_C@_1BM@FMIOMJAE@?$AAV?$AAi?$AAr?$AAt?$AAu?$AAa?$AAl?$AA?5?$AAB?$AAy?$AAt?$AAe?$AAs?$AA?$AA@ 0000000180002bf0     perfthread.obj
 0001:00001c10       ??_C@_1CA@GADAGCME@?$AAP?$AAa?$AAg?$AAe?$AA?5?$AAF?$AAa?$AAu?$AAl?$AAt?$AAs?$AA?1?$AAs?$AAe?$AAc?$AA?$AA@ 0000000180002c10     perfthread.obj
 0001:00001c30       ??_C@_1BM@DGDPAMAA@?$AAP?$AAr?$AAi?$AAv?$AAa?$AAt?$AAe?$AA?5?$AAB?$AAy?$AAt?$AAe?$AAs?$AA?$AA@ 0000000180002c30     perfthread.obj
 0001:00001c50       ??_C@_1CC@IMBAECJF@?$AAP?$AAo?$AAo?$AAl?$AA?5?$AAP?$AAa?$AAg?$AAe?$AAd?$AA?5?$AAB?$AAy?$AAt?$AAe?$AAs?$AA?$AA@ 0000000180002c50     perfthread.obj
 0001:00001c78       ??_C@_1CI@LLKMGPEG@?$AAP?$AAo?$AAo?$AAl?$AA?5?$AAN?$AAo?$AAn?$AAp?$AAa?$AAg?$AAe?$AAd?$AA?5?$AAB?$AAy?$AAt?$AAe?$AAs?$AA?$AA@ 0000000180002c78     perfthread.obj
 0001:00001ca0       ??_C@_1CC@OFJLEPCP@?$AAW?$AAo?$AAr?$AAk?$AAi?$AAn?$AAg?$AA?5?$AAS?$AAe?$AAt?$AA?5?$AAP?$AAe?$AAa?$AAk?$AA?$AA@ 0000000180002ca0     perfthread.obj
 0001:00001cc8       ??_C@_1BI@GCOMDKEO@?$AAW?$AAo?$AAr?$AAk?$AAi?$AAn?$AAg?$AA?5?$AAS?$AAe?$AAt?$AA?$AA@ 0000000180002cc8     perfthread.obj
 0001:00001ce0       ??_C@_1CK@FGGMBBIH@?$AAP?$AAa?$AAg?$AAe?$AA?5?$AAF?$AAi?$AAl?$AAe?$AA?5?$AAB?$AAy?$AAt?$AAe?$AAs?$AA?5?$AAP?$AAe?$AAa?$AAk?$AA?$AA@ 0000000180002ce0     perfthread.obj
 0001:00001d10       ??_C@_1CA@KJMNGIDJ@?$AAP?$AAa?$AAg?$AAe?$AA?5?$AAF?$AAi?$AAl?$AAe?$AA?5?$AAB?$AAy?$AAt?$AAe?$AAs?$AA?$AA@ 0000000180002d10     perfthread.obj
 0001:00001d30       ??_C@_1BK@FAAJNJIB@?$AAH?$AAa?$AAn?$AAd?$AAl?$AAe?$AA?5?$AAC?$AAo?$AAu?$AAn?$AAt?$AA?$AA@ 0000000180002d30     perfthread.obj
 0001:00001d50       ??_C@_1BI@IIOPEKIO@?$AA?$CF?$AA?5?$AAU?$AAs?$AAe?$AAr?$AA?5?$AAT?$AAi?$AAm?$AAe?$AA?$AA@ 0000000180002d50     perfthread.obj
 0001:00001d68       ??_C@_1CE@FNEMIHOD@?$AA?$CF?$AA?5?$AAP?$AAr?$AAi?$AAv?$AAi?$AAl?$AAe?$AAg?$AAe?$AAd?$AA?5?$AAT?$AAi?$AAm?$AAe?$AA?$AA@ 0000000180002d68     perfthread.obj
 0001:00001d90       ??_C@_1CC@DNHMJIKH@?$AA?$CF?$AA?5?$AAP?$AAr?$AAo?$AAc?$AAe?$AAs?$AAs?$AAo?$AAr?$AA?5?$AAT?$AAi?$AAm?$AAe?$AA?$AA@ 0000000180002d90     perfthread.obj
 0001:00001db8       ??_C@_19DOGDICKI@?$AA?4?$AAe?$AAx?$AAe?$AA?$AA@ 0000000180002db8     perfthread.obj
 0001:00001dc8       ??_C@_19DLCFHDFF@?$AAP?$AAE?$AAR?$AAF?$AA?$AA@ 0000000180002dc8     perfthread.obj
 0001:00001dd8       ??_C@_1BK@IKAFHKBD@?$AAE?$AAl?$AAa?$AAp?$AAs?$AAe?$AAd?$AA?5?$AAT?$AAi?$AAm?$AAe?$AA?$AA@ 0000000180002dd8     perfthread.obj
 0001:00001df8       ??_C@_1CI@FNIEMNAI@?$AAC?$AAr?$AAe?$AAa?$AAt?$AAi?$AAn?$AAg?$AA?5?$AAP?$AAr?$AAo?$AAc?$AAe?$AAs?$AAs?$AA?5?$AAI?$AAD?$AA?$AA@ 0000000180002df8     perfthread.obj
 0001:00001e20       ??_C@_1BK@KCHPPKHP@?$AAT?$AAh?$AAr?$AAe?$AAa?$AAd?$AA?5?$AAC?$AAo?$AAu?$AAn?$AAt?$AA?$AA@ 0000000180002e20     perfthread.obj
 0001:00001e40       ??_C@_1BM@KCAKLHJN@?$AAP?$AAr?$AAi?$AAo?$AAr?$AAi?$AAt?$AAy?$AA?5?$AAB?$AAa?$AAs?$AAe?$AA?$AA@ 0000000180002e40     perfthread.obj
 0001:00001e60       ??_C@_1BG@NKNJPBCD@?$AAI?$AAD?$AA?5?$AAP?$AAr?$AAo?$AAc?$AAe?$AAs?$AAs?$AA?$AA@ 0000000180002e60     perfthread.obj
 0001:00001e78       ??_C@_1BC@IICCDNLG@?$AAC?$AAo?$AAu?$AAn?$AAt?$AAe?$AAr?$AAs?$AA?$AA@ 0000000180002e78     perfthread.obj
 0001:00001e90       ??_C@_1HE@NBDABLAL@?$AAS?$AAo?$AAf?$AAt?$AAw?$AAa?$AAr?$AAe?$AA?2?$AAM?$AAi?$AAc?$AAr?$AAo?$AAs?$AAo?$AAf?$AAt?$AA?2?$AAW?$AAi?$AAn?$AAd?$AAo?$AAw?$AAs?$AA?5?$AAN?$AAT?$AA?2?$AAC?$AAu@ 0000000180002e90     perfthread.obj
 0001:00001f08       ??_C@_1CC@DMDJMJLM@?$AAS?$AAe?$AAD?$AAe?$AAb?$AAu?$AAg?$AAP?$AAr?$AAi?$AAv?$AAi?$AAl?$AAe?$AAg?$AAe?$AA?$AA@ 0000000180002f08     Plist.obj
 0001:00001f30       ??_C@_1M@GPDJLPMI@?$AA?4?$AA?$CF?$AA0?$AA3?$AAd?$AA?$AA@ 0000000180002f30     Plist.obj
 0001:00001f40       ??_C@_1BC@CIAMCHCM@?$AA?$CF?$AA1?$AA0?$AAI?$AA6?$AA4?$AAu?$AA?6?$AA?$AA@ 0000000180002f40     Plist.obj
 0001:00001f58       ??_C@_1BA@DJJLONDK@?$AA?$CF?$AA1?$AA0?$AA?4?$AA0?$AAf?$AA?6?$AA?$AA@ 0000000180002f58     Plist.obj
 0001:00001f68       ??_C@_1CG@FOOPEKLK@?$AA?$CF?$AA1?$AA0?$AAI?$AA6?$AA4?$AAu?$AA?5?$AA?5?$AA?$CF?$AA5?$AAI?$AA6?$AA4?$AAu?$AA?$CF?$AAs?$AA?6?$AA?$AA@ 0000000180002f68     Plist.obj
 0001:00001f90       ??_C@_1CC@EKFMKAAC@?$AA?$CF?$AA1?$AA0?$AA?4?$AA0?$AAf?$AA?5?$AA?5?$AA?$CF?$AA5?$AA?4?$AA0?$AAf?$AA?$CF?$AAs?$AA?6?$AA?$AA@ 0000000180002f90     Plist.obj
 0001:00001fb8       ??_C@_1BI@HAFBCFCK@?$AA?$CF?$AAs?$AA?5?$AA?$CF?$AA7?$AA?4?$AA0?$AAf?$AA?$CF?$AA?$CF?$AA?6?$AA?$AA@ 0000000180002fb8     Plist.obj
 0001:00001fd0       ??_C@_1O@KBBIJFEI@?$AA?$CF?$AA?9?$AA2?$AA4?$AAs?$AA?5?$AA?$AA@ 0000000180002fd0     Plist.obj
 0001:00001fe0       ??_C@_13EBCNDICG@?$AA?3?$AA?$AA@ 0000000180002fe0     Plist.obj
 0001:00001fe8       ??_C@_17MJEANDKP@?$AA?$CF?$AAs?$AA?6?$AA?$AA@ 0000000180002fe8     Plist.obj
 0001:00001ff0       ??_C@_19FJPIAKGM@?$AA?$CF?$AAs?$AA?6?$AA?6?$AA?$AA@ 0000000180002ff0     Plist.obj
 0001:00002000       ??_C@_1BA@LFJAMCEC@?$AA?$CF?$AAs?$AA?5?$AA?$CF?$AAs?$AA?6?$AA?6?$AA?$AA@ 0000000180003000     Plist.obj
 0001:00002010       ??_C@_17ENEANJDH@?$AA?5?$AA?$CF?$AAs?$AA?$AA@ 0000000180003010     Plist.obj
 0001:00002018       ??_C@_1BE@KPJOOIA@?$AA?5?$AA?5?$AA?$CF?$AAp?$AA?5?$AA?5?$AA?$CF?$AA6?$AAX?$AA?$AA@ 0000000180003018     Plist.obj
 0001:0000202c       ??_C@_15JNBOKNOG@?$AA?$AN?$AA?6?$AA?$AA@ 000000018000302c     Pmix.obj
 0001:00002038       ??_C@_1BG@FFJGBKCB@?$AAE?$AAr?$AAr?$AAo?$AAr?$AA?5?$AA0?$AAx?$AA?$CF?$AAx?$AA?$AA@ 0000000180003038     Pmix.obj
 0001:00002050       IID_IWbemLocator           0000000180003050     WMI.obj
 0001:00002060       CLSID_WbemLocator          0000000180003060     WMI.obj
 0001:00002070       ??_C@_1DA@BIBEJFMF@?$AAW?$AAi?$AAn?$AA3?$AA2?$AA_?$AAP?$AAr?$AAo?$AAc?$AAe?$AAs?$AAs?$AA?4?$AAH?$AAa?$AAn?$AAd?$AAl?$AAe?$AA?$DN?$AA?$CF?$AAu?$AA?$AA@ 0000000180003070     WMI.obj
 0001:000020a0       ??_C@_1BO@CLCOBGDE@?$AAE?$AAx?$AAe?$AAc?$AAu?$AAt?$AAa?$AAb?$AAl?$AAe?$AAP?$AAa?$AAt?$AAh?$AA?$AA@ 00000001800030a0     WMI.obj
 0001:000020c0       ??_C@_1BC@JHNNEHFE@?$AAP?$AAr?$AAi?$AAo?$AAr?$AAi?$AAt?$AAy?$AA?$AA@ 00000001800030c0     WMI.obj
 0001:000020d8       ??_C@_1O@OAMNPMOM@?$AAD?$AAo?$AAm?$AAa?$AAi?$AAn?$AA?$AA@ 00000001800030d8     WMI.obj
 0001:000020e8       ??_C@_19PIJILKAI@?$AAU?$AAs?$AAe?$AAr?$AA?$AA@ 00000001800030e8     WMI.obj
 0001:000020f8       ??_C@_1BC@HJJANEGO@?$AAG?$AAe?$AAt?$AAO?$AAw?$AAn?$AAe?$AAr?$AA?$AA@ 00000001800030f8     WMI.obj
 0001:00002110       ??_C@_17NKMLOKHF@?$AAS?$AAi?$AAd?$AA?$AA@ 0000000180003110     WMI.obj
 0001:00002118       ??_C@_1BI@OIPNMPCL@?$AAG?$AAe?$AAt?$AAO?$AAw?$AAn?$AAe?$AAr?$AAS?$AAi?$AAd?$AA?$AA@ 0000000180003118     WMI.obj
 0001:00002130       ??_C@_1BE@CFEJJKFE@?$AAS?$AAe?$AAs?$AAs?$AAi?$AAo?$AAn?$AAI?$AAd?$AA?$AA@ 0000000180003130     WMI.obj
 0001:00002148       ??_C@_1BI@FLOHINJE@?$AAR?$AAe?$AAt?$AAu?$AAr?$AAn?$AAV?$AAa?$AAl?$AAu?$AAe?$AA?$AA@ 0000000180003148     WMI.obj
 0001:00002160       ??_C@_1BM@MLGLIGHJ@?$AAW?$AAi?$AAn?$AA3?$AA2?$AA_?$AAP?$AAr?$AAo?$AAc?$AAe?$AAs?$AAs?$AA?$AA@ 0000000180003160     WMI.obj
 0001:00002180       ??_C@_1BI@NKNJJIDM@?$AAS?$AAe?$AAt?$AAP?$AAr?$AAi?$AAo?$AAr?$AAi?$AAt?$AAy?$AA?$AA@ 0000000180003180     WMI.obj
 0001:00002198       ??_C@_1BE@PBPGMODO@?$AAT?$AAe?$AAr?$AAm?$AAi?$AAn?$AAa?$AAt?$AAe?$AA?$AA@ 0000000180003198     WMI.obj
 0001:000021b0       ??_C@_1O@GGHBFGJC@?$AAR?$AAe?$AAa?$AAs?$AAo?$AAn?$AA?$AA@ 00000001800031b0     WMI.obj
 0001:000021c0       ??_C@_1CA@ECJNGEII@?$AA?2?$AA?2?$AA?$CF?$AAs?$AA?2?$AAr?$AAo?$AAo?$AAt?$AA?2?$AAc?$AAi?$AAm?$AAv?$AA2?$AA?$AA@ 00000001800031c0     WMI.obj
 0001:000021e0       ??_C@_13JOFGPIOO@?$AA?4?$AA?$AA@ 00000001800031e0     WMI.obj
 0001:000021e8       MainGuid                   00000001800031e8     Proclist.obj
 0001:000021f8       MenuGuid                   00000001800031f8     Proclist.obj
 0001:00002208       ConfigDialogGuid           0000000180003208     Proclist.obj
 0001:00002218       ??_C@_0BC@IOEGILCE@CoSetProxyBlanket?$AA@ 0000000180003218     Proclist.obj
 0001:00002230       ??_C@_1M@FFPAMFOB@?$AAo?$AAl?$AAe?$AA3?$AA2?$AA?$AA@ 0000000180003230     Proclist.obj
 0001:00002240       ??_C@_0BA@FKGDNIJG@GetGuiResources?$AA@ 0000000180003240     Proclist.obj
 0001:00002250       ??_C@_1O@BCCLBEOE@?$AAu?$AAs?$AAe?$AAr?$AA3?$AA2?$AA?$AA@ 0000000180003250     Proclist.obj
 0001:00002260       ??_C@_0BD@MCBOPCDK@LookupAccountNameW?$AA@ 0000000180003260     Proclist.obj
 0001:00002278       ??_C@_0BD@LMGFHOAE@GetSidSubAuthority?$AA@ 0000000180003278     Proclist.obj
 0001:00002290       ??_C@_0BI@LPFJALDI@GetSidSubAuthorityCount?$AA@ 0000000180003290     Proclist.obj
 0001:000022a8       ??_C@_0BK@FIHGNING@GetSidIdentifierAuthority?$AA@ 00000001800032a8     Proclist.obj
 0001:000022c8       ??_C@_0L@KJHKJIPF@IsValidSid?$AA@ 00000001800032c8     Proclist.obj
 0001:000022d8       ??_C@_1BC@DNHGCMLG@?$AAa?$AAd?$AAv?$AAa?$AAp?$AAi?$AA3?$AA2?$AA?$AA@ 00000001800032d8     Proclist.obj
 0001:000022f0       ??_C@_0P@LKABJJMO@IsWow64Process?$AA@ 00000001800032f0     Proclist.obj
 0001:00002300       ??_C@_1BC@GDMECMAK@?$AAk?$AAe?$AAr?$AAn?$AAe?$AAl?$AA3?$AA2?$AA?$AA@ 0000000180003300     Proclist.obj
 0001:00002318       ??_C@_0BH@DLPGICA@NtQueryInformationFile?$AA@ 0000000180003318     Proclist.obj
 0001:00002330       ??_C@_0BJ@NDLOPGCH@NtQuerySystemInformation?$AA@ 0000000180003330     Proclist.obj
 0001:00002350       ??_C@_0O@IFMDHOMC@NtQueryObject?$AA@ 0000000180003350     Proclist.obj
 0001:00002360       ??_C@_0BJ@HKKELGGC@NtQueryInformationThread?$AA@ 0000000180003360     Proclist.obj
 0001:00002380       ??_C@_0BK@EGDDIFMK@NtQueryInformationProcess?$AA@ 0000000180003380     Proclist.obj
 0001:000023a0       ??_C@_1M@OAIMIKLP@?$AAn?$AAt?$AAd?$AAl?$AAl?$AA?$AA@ 00000001800033a0     Proclist.obj
 0001:000023b0       ??_C@_1DE@BGKMIKPD@?$AAE?$AAu?$AAg?$AAe?$AAn?$AAe?$AA?5?$AAR?$AAo?$AAs?$AAh?$AAa?$AAl?$AA?5?$AA?$CG?$AA?5?$AAF?$AAa?$AAr?$AA?5?$AAG?$AAr?$AAo?$AAu?$AAp?$AA?$AA@ 00000001800033b0     Proclist.obj
 0001:000023e8       ??_C@_1DK@DCAMPEPJ@?$AAP?$AAr?$AAo?$AAc?$AAe?$AAs?$AAs?$AA?5?$AAL?$AAi?$AAs?$AAt?$AA?5?$AAf?$AAo?$AAr?$AA?5?$AAF?$AAA?$AAR?$AA?5?$AAM?$AAa?$AAn?$AAa?$AAg?$AAe?$AAr?$AA?$AA@ 00000001800033e8     Proclist.obj
 0001:00002428       ??_C@_1BC@PDEABLIN@?$AAP?$AAr?$AAo?$AAc?$AAL?$AAi?$AAs?$AAt?$AA?$AA@ 0000000180003428     Proclist.obj
 0001:00002440       ??_C@_1M@MNPEKPKO@?$AAp?$AAl?$AAi?$AAs?$AAt?$AA?$AA@ 0000000180003440     Proclist.obj
 0001:00002458       ??_7bad_alloc@std@@6B@     0000000180003458     LIBCMT:new.obj
 0001:00002468       ??_C@_0P@GHFPNOJB@bad?5allocation?$AA@ 0000000180003468     LIBCMT:new.obj
 0001:00002478       _FPinit                    0000000180003478     LIBCMT:_fpinit_.obj
 0001:00002480       _pRawDllMain               0000000180003480     LIBCMT:dllcrt0.obj
 0001:00002480       _pDefaultRawDllMain        0000000180003480     LIBCMT:dllcrt0.obj
 0001:00002488       ??_C@_1BC@GDGBMEMK@?$AAH?$AAH?$AA?3?$AAm?$AAm?$AA?3?$AAs?$AAs?$AA?$AA@ 0000000180003488     LIBCMT:nlsdata2.obj
 0001:000024a0       ??_C@_1CI@KNAKOEBC@?$AAd?$AAd?$AAd?$AAd?$AA?0?$AA?5?$AAM?$AAM?$AAM?$AAM?$AA?5?$AAd?$AAd?$AA?0?$AA?5?$AAy?$AAy?$AAy?$AAy?$AA?$AA@ 00000001800034a0     LIBCMT:nlsdata2.obj
 0001:000024c8       ??_C@_1BC@IEBCMHCM@?$AAM?$AAM?$AA?1?$AAd?$AAd?$AA?1?$AAy?$AAy?$AA?$AA@ 00000001800034c8     LIBCMT:nlsdata2.obj
 0001:000024dc       ??_C@_15CLMNNGEL@?$AAP?$AAM?$AA?$AA@ 00000001800034dc     LIBCMT:nlsdata2.obj
 0001:000024e4       ??_C@_15ODEHAHHF@?$AAA?$AAM?$AA?$AA@ 00000001800034e4     LIBCMT:nlsdata2.obj
 0001:000024f0       ??_C@_1BC@FEMKIFH@?$AAD?$AAe?$AAc?$AAe?$AAm?$AAb?$AAe?$AAr?$AA?$AA@ 00000001800034f0     LIBCMT:nlsdata2.obj
 0001:00002508       ??_C@_1BC@BGLIFPF@?$AAN?$AAo?$AAv?$AAe?$AAm?$AAb?$AAe?$AAr?$AA?$AA@ 0000000180003508     LIBCMT:nlsdata2.obj
 0001:00002520       ??_C@_1BA@EPANDLNG@?$AAO?$AAc?$AAt?$AAo?$AAb?$AAe?$AAr?$AA?$AA@ 0000000180003520     LIBCMT:nlsdata2.obj
 0001:00002530       ??_C@_1BE@DKAAMBJL@?$AAS?$AAe?$AAp?$AAt?$AAe?$AAm?$AAb?$AAe?$AAr?$AA?$AA@ 0000000180003530     LIBCMT:nlsdata2.obj
 0001:00002548       ??_C@_1O@PAHLKOAC@?$AAA?$AAu?$AAg?$AAu?$AAs?$AAt?$AA?$AA@ 0000000180003548     LIBCMT:nlsdata2.obj
 0001:00002558       ??_C@_19BIFMLPCD@?$AAJ?$AAu?$AAl?$AAy?$AA?$AA@ 0000000180003558     LIBCMT:nlsdata2.obj
 0001:00002568       ??_C@_19EPFLPGAP@?$AAJ?$AAu?$AAn?$AAe?$AA?$AA@ 0000000180003568     LIBCMT:nlsdata2.obj
 0001:00002578       ??_C@_1M@GJNLMHFD@?$AAA?$AAp?$AAr?$AAi?$AAl?$AA?$AA@ 0000000180003578     LIBCMT:nlsdata2.obj
 0001:00002588       ??_C@_1M@IKEENEDF@?$AAM?$AAa?$AAr?$AAc?$AAh?$AA?$AA@ 0000000180003588     LIBCMT:nlsdata2.obj
 0001:00002598       ??_C@_1BC@JGDDFFAM@?$AAF?$AAe?$AAb?$AAr?$AAu?$AAa?$AAr?$AAy?$AA?$AA@ 0000000180003598     LIBCMT:nlsdata2.obj
 0001:000025b0       ??_C@_1BA@EFMEIEBA@?$AAJ?$AAa?$AAn?$AAu?$AAa?$AAr?$AAy?$AA?$AA@ 00000001800035b0     LIBCMT:nlsdata2.obj
 0001:000025c0       ??_C@_17EGKACKIF@?$AAD?$AAe?$AAc?$AA?$AA@ 00000001800035c0     LIBCMT:nlsdata2.obj
 0001:000025c8       ??_C@_17BBDMLCIG@?$AAN?$AAo?$AAv?$AA?$AA@ 00000001800035c8     LIBCMT:nlsdata2.obj
 0001:000025d0       ??_C@_17FNLKOI@?$AAO?$AAc?$AAt?$AA?$AA@ 00000001800035d0     LIBCMT:nlsdata2.obj
 0001:000025d8       ??_C@_17HCHCOKMG@?$AAS?$AAe?$AAp?$AA?$AA@ 00000001800035d8     LIBCMT:nlsdata2.obj
 0001:000025e0       ??_C@_17ICPELBCN@?$AAA?$AAu?$AAg?$AA?$AA@ 00000001800035e0     LIBCMT:nlsdata2.obj
 0001:000025e8       ??_C@_17IJPCKHK@?$AAJ?$AAu?$AAl?$AA?$AA@ 00000001800035e8     LIBCMT:nlsdata2.obj
 0001:000025f0       ??_C@_17KCJGOCPB@?$AAJ?$AAu?$AAn?$AA?$AA@ 00000001800035f0     LIBCMT:nlsdata2.obj
 0001:000025f8       ??_C@_17PNNKMEED@?$AAM?$AAa?$AAy?$AA?$AA@ 00000001800035f8     LIBCMT:nlsdata2.obj
 0001:00002600       ??_C@_17LFPOIHDD@?$AAA?$AAp?$AAr?$AA?$AA@ 0000000180003600     LIBCMT:nlsdata2.obj
 0001:00002608       ??_C@_17CKNLEDEC@?$AAM?$AAa?$AAr?$AA?$AA@ 0000000180003608     LIBCMT:nlsdata2.obj
 0001:00002610       ??_C@_17LMDJEKJN@?$AAF?$AAe?$AAb?$AA?$AA@ 0000000180003610     LIBCMT:nlsdata2.obj
 0001:00002618       ??_C@_17DKNBKCHM@?$AAJ?$AAa?$AAn?$AA?$AA@ 0000000180003618     LIBCMT:nlsdata2.obj
 0001:00002620       ??_C@_1BC@ENMNNPAJ@?$AAS?$AAa?$AAt?$AAu?$AAr?$AAd?$AAa?$AAy?$AA?$AA@ 0000000180003620     LIBCMT:nlsdata2.obj
 0001:00002638       ??_C@_1O@PDICJHAG@?$AAF?$AAr?$AAi?$AAd?$AAa?$AAy?$AA?$AA@ 0000000180003638     LIBCMT:nlsdata2.obj
 0001:00002648       ??_C@_1BC@HHMNLIHE@?$AAT?$AAh?$AAu?$AAr?$AAs?$AAd?$AAa?$AAy?$AA?$AA@ 0000000180003648     LIBCMT:nlsdata2.obj
 0001:00002660       ??_C@_1BE@EBOGMDOH@?$AAW?$AAe?$AAd?$AAn?$AAe?$AAs?$AAd?$AAa?$AAy?$AA?$AA@ 0000000180003660     LIBCMT:nlsdata2.obj
 0001:00002678       ??_C@_1BA@ENFBFFEK@?$AAT?$AAu?$AAe?$AAs?$AAd?$AAa?$AAy?$AA?$AA@ 0000000180003678     LIBCMT:nlsdata2.obj
 0001:00002688       ??_C@_1O@MMNBFLIA@?$AAM?$AAo?$AAn?$AAd?$AAa?$AAy?$AA?$AA@ 0000000180003688     LIBCMT:nlsdata2.obj
 0001:00002698       ??_C@_1O@IHNHDHPB@?$AAS?$AAu?$AAn?$AAd?$AAa?$AAy?$AA?$AA@ 0000000180003698     LIBCMT:nlsdata2.obj
 0001:000026a8       ??_C@_17GGIBDPIH@?$AAS?$AAa?$AAt?$AA?$AA@ 00000001800036a8     LIBCMT:nlsdata2.obj
 0001:000026b0       ??_C@_17HFOLPPLP@?$AAF?$AAr?$AAi?$AA?$AA@ 00000001800036b0     LIBCMT:nlsdata2.obj
 0001:000026b8       ??_C@_17PDPHAADD@?$AAT?$AAh?$AAu?$AA?$AA@ 00000001800036b8     LIBCMT:nlsdata2.obj
 0001:000026c0       ??_C@_17CJEDCEPE@?$AAW?$AAe?$AAd?$AA?$AA@ 00000001800036c0     LIBCMT:nlsdata2.obj
 0001:000026c8       ??_C@_17BMKGEGOJ@?$AAT?$AAu?$AAe?$AA?$AA@ 00000001800036c8     LIBCMT:nlsdata2.obj
 0001:000026d0       ??_C@_17KBOMKBF@?$AAM?$AAo?$AAn?$AA?$AA@ 00000001800036d0     LIBCMT:nlsdata2.obj
 0001:000026d8       ??_C@_17MBGCMIPB@?$AAS?$AAu?$AAn?$AA?$AA@ 00000001800036d8     LIBCMT:nlsdata2.obj
 0001:000026e0       ??_C@_08JCCMCCIL@HH?3mm?3ss?$AA@ 00000001800036e0     LIBCMT:nlsdata2.obj
 0001:000026f0       ??_C@_0BE@CKGJFCPC@dddd?0?5MMMM?5dd?0?5yyyy?$AA@ 00000001800036f0     LIBCMT:nlsdata2.obj
 0001:00002708       ??_C@_08BPBNCDIB@MM?1dd?1yy?$AA@ 0000000180003708     LIBCMT:nlsdata2.obj
 0001:00002714       ??_C@_02CJNFDJBF@PM?$AA@   0000000180003714     LIBCMT:nlsdata2.obj
 0001:00002718       ??_C@_02DEDBPAFC@AM?$AA@   0000000180003718     LIBCMT:nlsdata2.obj
 0001:00002720       ??_C@_08EDHMEBNP@December?$AA@ 0000000180003720     LIBCMT:nlsdata2.obj
 0001:00002730       ??_C@_08HCHEGEOA@November?$AA@ 0000000180003730     LIBCMT:nlsdata2.obj
 0001:00002740       ??_C@_07JJNFCEND@October?$AA@ 0000000180003740     LIBCMT:nlsdata2.obj
 0001:00002748       ??_C@_09BHHEALKD@September?$AA@ 0000000180003748     LIBCMT:nlsdata2.obj
 0001:00002754       ??_C@_06LBBHFDDG@August?$AA@ 0000000180003754     LIBCMT:nlsdata2.obj
 0001:0000275c       ??_C@_04MIEPOIFP@July?$AA@ 000000018000375c     LIBCMT:nlsdata2.obj
 0001:00002764       ??_C@_04CNLMGBGM@June?$AA@ 0000000180003764     LIBCMT:nlsdata2.obj
 0001:0000276c       ??_C@_05DMJDNLEJ@April?$AA@ 000000018000376c     LIBCMT:nlsdata2.obj
 0001:00002774       ??_C@_05HPCKOFNC@March?$AA@ 0000000180003774     LIBCMT:nlsdata2.obj
 0001:00002780       ??_C@_08GNJGEPFN@February?$AA@ 0000000180003780     LIBCMT:nlsdata2.obj
 0001:00002790       ??_C@_07CGJPFGJA@January?$AA@ 0000000180003790     LIBCMT:nlsdata2.obj
 0001:00002798       ??_C@_03MKABNOCG@Dec?$AA@  0000000180003798     LIBCMT:nlsdata2.obj
 0001:0000279c       ??_C@_03JPJOFNIA@Nov?$AA@  000000018000379c     LIBCMT:nlsdata2.obj
 0001:000027a0       ??_C@_03BMAOKBAD@Oct?$AA@  00000001800037a0     LIBCMT:nlsdata2.obj
 0001:000027a4       ??_C@_03GGCAPAJC@Sep?$AA@  00000001800037a4     LIBCMT:nlsdata2.obj
 0001:000027a8       ??_C@_03IFJFEIGA@Aug?$AA@  00000001800037a8     LIBCMT:nlsdata2.obj
 0001:000027ac       ??_C@_03LBGABGKK@Jul?$AA@  00000001800037ac     LIBCMT:nlsdata2.obj
 0001:000027b0       ??_C@_03IDFGHECI@Jun?$AA@  00000001800037b0     LIBCMT:nlsdata2.obj
 0001:000027b4       ??_C@_03CNMDKL@May?$AA@    00000001800037b4     LIBCMT:nlsdata2.obj
 0001:000027b8       ??_C@_03LEOLGMJP@Apr?$AA@  00000001800037b8     LIBCMT:nlsdata2.obj
 0001:000027bc       ??_C@_03ODNJBKGA@Mar?$AA@  00000001800037bc     LIBCMT:nlsdata2.obj
 0001:000027c0       ??_C@_03HJBDCHOM@Feb?$AA@  00000001800037c0     LIBCMT:nlsdata2.obj
 0001:000027c4       ??_C@_03JIHJHPIE@Jan?$AA@  00000001800037c4     LIBCMT:nlsdata2.obj
 0001:000027c8       ??_C@_08INBOOONO@Saturday?$AA@ 00000001800037c8     LIBCMT:nlsdata2.obj
 0001:000027d4       ??_C@_06JECMNKMI@Friday?$AA@ 00000001800037d4     LIBCMT:nlsdata2.obj
 0001:000027e0       ??_C@_08HACCIKIA@Thursday?$AA@ 00000001800037e0     LIBCMT:nlsdata2.obj
 0001:000027f0       ??_C@_09DLIGFAKA@Wednesday?$AA@ 00000001800037f0     LIBCMT:nlsdata2.obj
 0001:00002800       ??_C@_07BAAGCFCM@Tuesday?$AA@ 0000000180003800     LIBCMT:nlsdata2.obj
 0001:00002808       ??_C@_06JLEDEDGH@Monday?$AA@ 0000000180003808     LIBCMT:nlsdata2.obj
 0001:00002810       ??_C@_06OOPIFAJ@Sunday?$AA@ 0000000180003810     LIBCMT:nlsdata2.obj
 0001:00002818       ??_C@_03FEFJNEK@Sat?$AA@   0000000180003818     LIBCMT:nlsdata2.obj
 0001:0000281c       ??_C@_03IDIOELNC@Fri?$AA@  000000018000381c     LIBCMT:nlsdata2.obj
 0001:00002820       ??_C@_03IOFIKPDN@Thu?$AA@  0000000180003820     LIBCMT:nlsdata2.obj
 0001:00002824       ??_C@_03MHOMLAJA@Wed?$AA@  0000000180003824     LIBCMT:nlsdata2.obj
 0001:00002828       ??_C@_03NAGEINEP@Tue?$AA@  0000000180003828     LIBCMT:nlsdata2.obj
 0001:0000282c       ??_C@_03PDAGKDH@Mon?$AA@   000000018000382c     LIBCMT:nlsdata2.obj
 0001:00002830       ??_C@_03KOEHGMDN@Sun?$AA@  0000000180003830     LIBCMT:nlsdata2.obj
 0001:000028c0       ??_C@_01NEMOKFLO@?$DN?$AA@ 00000001800038c0     LIBCMT:setlocal.obj
 0001:000028c2       ??_C@_00CNPNBAHC@?$AA@     00000001800038c2     LIBCMT:setlocal.obj
 0001:000028c8       ??_C@_0P@MIGLKIOC@CorExitProcess?$AA@ 00000001800038c8     LIBCMT:crt0dat.obj
 0001:000028d8       ??_C@_1BI@BGOHAHKC@?$AAm?$AAs?$AAc?$AAo?$AAr?$AAe?$AAe?$AA?4?$AAd?$AAl?$AAl?$AA?$AA@ 00000001800038d8     LIBCMT:crt0dat.obj
 0001:000028f0       ??_C@_1BO@BKOMIGKJ@?$AAr?$AAu?$AAn?$AAt?$AAi?$AAm?$AAe?$AA?5?$AAe?$AAr?$AAr?$AAo?$AAr?$AA?5?$AA?$AA@ 00000001800038f0     LIBCMT:crt0msg.obj
 0001:00002910       ??_C@_1BM@JBBEPPHI@?$AAT?$AAL?$AAO?$AAS?$AAS?$AA?5?$AAe?$AAr?$AAr?$AAo?$AAr?$AA?$AN?$AA?6?$AA?$AA@ 0000000180003910     LIBCMT:crt0msg.obj
 0001:00002930       ??_C@_1BK@KMOMNAAI@?$AAS?$AAI?$AAN?$AAG?$AA?5?$AAe?$AAr?$AAr?$AAo?$AAr?$AA?$AN?$AA?6?$AA?$AA@ 0000000180003930     LIBCMT:crt0msg.obj
 0001:00002950       ??_C@_1BO@BFCDCGC@?$AAD?$AAO?$AAM?$AAA?$AAI?$AAN?$AA?5?$AAe?$AAr?$AAr?$AAo?$AAr?$AA?$AN?$AA?6?$AA?$AA@ 0000000180003950     LIBCMT:crt0msg.obj
 0001:00002970       ??_C@_1BOO@KGEDBGAJ@?$AAR?$AA6?$AA0?$AA3?$AA3?$AA?$AN?$AA?6?$AA?9?$AA?5?$AAA?$AAt?$AAt?$AAe?$AAm?$AAp?$AAt?$AA?5?$AAt?$AAo?$AA?5?$AAu?$AAs?$AAe?$AA?5?$AAM?$AAS?$AAI?$AAL?$AA?5?$AAc?$AAo?$AAd@ 0000000180003970     LIBCMT:crt0msg.obj
 0001:00002b60       ??_C@_1GG@GOPILAJP@?$AAR?$AA6?$AA0?$AA3?$AA2?$AA?$AN?$AA?6?$AA?9?$AA?5?$AAn?$AAo?$AAt?$AA?5?$AAe?$AAn?$AAo?$AAu?$AAg?$AAh?$AA?5?$AAs?$AAp?$AAa?$AAc?$AAe?$AA?5?$AAf?$AAo?$AAr?$AA?5?$AAl?$AAo@ 0000000180003b60     LIBCMT:crt0msg.obj
 0001:00002bd0       ??_C@_1MG@ENCOOIDF@?$AAR?$AA6?$AA0?$AA3?$AA1?$AA?$AN?$AA?6?$AA?9?$AA?5?$AAA?$AAt?$AAt?$AAe?$AAm?$AAp?$AAt?$AA?5?$AAt?$AAo?$AA?5?$AAi?$AAn?$AAi?$AAt?$AAi?$AAa?$AAl?$AAi?$AAz?$AAe?$AA?5?$AAt@ 0000000180003bd0     LIBCMT:crt0msg.obj
 0001:00002c98       ??_C@_1DO@BMFCDCD@?$AAR?$AA6?$AA0?$AA3?$AA0?$AA?$AN?$AA?6?$AA?9?$AA?5?$AAC?$AAR?$AAT?$AA?5?$AAn?$AAo?$AAt?$AA?5?$AAi?$AAn?$AAi?$AAt?$AAi?$AAa?$AAl?$AAi?$AAz?$AAe?$AAd?$AA?$AN?$AA?6?$AA?$AA@ 0000000180003c98     LIBCMT:crt0msg.obj
 0001:00002ce0       ??_C@_1EK@HHFLMAOL@?$AAR?$AA6?$AA0?$AA2?$AA8?$AA?$AN?$AA?6?$AA?9?$AA?5?$AAu?$AAn?$AAa?$AAb?$AAl?$AAe?$AA?5?$AAt?$AAo?$AA?5?$AAi?$AAn?$AAi?$AAt?$AAi?$AAa?$AAl?$AAi?$AAz?$AAe?$AA?5?$AAh?$AAe@ 0000000180003ce0     LIBCMT:crt0msg.obj
 0001:00002d30       ??_C@_1GK@MFGOKLAG@?$AAR?$AA6?$AA0?$AA2?$AA7?$AA?$AN?$AA?6?$AA?9?$AA?5?$AAn?$AAo?$AAt?$AA?5?$AAe?$AAn?$AAo?$AAu?$AAg?$AAh?$AA?5?$AAs?$AAp?$AAa?$AAc?$AAe?$AA?5?$AAf?$AAo?$AAr?$AA?5?$AAl?$AAo@ 0000000180003d30     LIBCMT:crt0msg.obj
 0001:00002da0       ??_C@_1GK@MCAAGJMO@?$AAR?$AA6?$AA0?$AA2?$AA6?$AA?$AN?$AA?6?$AA?9?$AA?5?$AAn?$AAo?$AAt?$AA?5?$AAe?$AAn?$AAo?$AAu?$AAg?$AAh?$AA?5?$AAs?$AAp?$AAa?$AAc?$AAe?$AA?5?$AAf?$AAo?$AAr?$AA?5?$AAs?$AAt@ 0000000180003da0     LIBCMT:crt0msg.obj
 0001:00002e10       ??_C@_1EM@MAADIHMB@?$AAR?$AA6?$AA0?$AA2?$AA5?$AA?$AN?$AA?6?$AA?9?$AA?5?$AAp?$AAu?$AAr?$AAe?$AA?5?$AAv?$AAi?$AAr?$AAt?$AAu?$AAa?$AAl?$AA?5?$AAf?$AAu?$AAn?$AAc?$AAt?$AAi?$AAo?$AAn?$AA?5?$AAc@ 0000000180003e10     LIBCMT:crt0msg.obj
 0001:00002e60       ??_C@_1GK@FHCKBEFA@?$AAR?$AA6?$AA0?$AA2?$AA4?$AA?$AN?$AA?6?$AA?9?$AA?5?$AAn?$AAo?$AAt?$AA?5?$AAe?$AAn?$AAo?$AAu?$AAg?$AAh?$AA?5?$AAs?$AAp?$AAa?$AAc?$AAe?$AA?5?$AAf?$AAo?$AAr?$AA?5?$AA_?$AAo@ 0000000180003e60     LIBCMT:crt0msg.obj
 0001:00002ed0       ??_C@_1FC@ECHBIFBC@?$AAR?$AA6?$AA0?$AA1?$AA9?$AA?$AN?$AA?6?$AA?9?$AA?5?$AAu?$AAn?$AAa?$AAb?$AAl?$AAe?$AA?5?$AAt?$AAo?$AA?5?$AAo?$AAp?$AAe?$AAn?$AA?5?$AAc?$AAo?$AAn?$AAs?$AAo?$AAl?$AAe?$AA?5@ 0000000180003ed0     LIBCMT:crt0msg.obj
 0001:00002f30       ??_C@_1EC@JIBHAOPH@?$AAR?$AA6?$AA0?$AA1?$AA8?$AA?$AN?$AA?6?$AA?9?$AA?5?$AAu?$AAn?$AAe?$AAx?$AAp?$AAe?$AAc?$AAt?$AAe?$AAd?$AA?5?$AAh?$AAe?$AAa?$AAp?$AA?5?$AAe?$AAr?$AAr?$AAo?$AAr?$AA?$AN?$AA?6@ 0000000180003f30     LIBCMT:crt0msg.obj
 0001:00002f80       ??_C@_1FK@BEOGODMC@?$AAR?$AA6?$AA0?$AA1?$AA7?$AA?$AN?$AA?6?$AA?9?$AA?5?$AAu?$AAn?$AAe?$AAx?$AAp?$AAe?$AAc?$AAt?$AAe?$AAd?$AA?5?$AAm?$AAu?$AAl?$AAt?$AAi?$AAt?$AAh?$AAr?$AAe?$AAa?$AAd?$AA?5@ 0000000180003f80     LIBCMT:crt0msg.obj
 0001:00002fe0       ??_C@_1FI@LOGNIKDM@?$AAR?$AA6?$AA0?$AA1?$AA6?$AA?$AN?$AA?6?$AA?9?$AA?5?$AAn?$AAo?$AAt?$AA?5?$AAe?$AAn?$AAo?$AAu?$AAg?$AAh?$AA?5?$AAs?$AAp?$AAa?$AAc?$AAe?$AA?5?$AAf?$AAo?$AAr?$AA?5?$AAt?$AAh@ 0000000180003fe0     LIBCMT:crt0msg.obj
 0001:00003040       ??_C@_1EG@BEHAGFJD@?$AAR?$AA6?$AA0?$AA1?$AA0?$AA?$AN?$AA?6?$AA?9?$AA?5?$AAa?$AAb?$AAo?$AAr?$AAt?$AA?$CI?$AA?$CJ?$AA?5?$AAh?$AAa?$AAs?$AA?5?$AAb?$AAe?$AAe?$AAn?$AA?5?$AAc?$AAa?$AAl?$AAl?$AAe?$AAd@ 0000000180004040     LIBCMT:crt0msg.obj
 0001:00003090       ??_C@_1FI@HONFMGBI@?$AAR?$AA6?$AA0?$AA0?$AA9?$AA?$AN?$AA?6?$AA?9?$AA?5?$AAn?$AAo?$AAt?$AA?5?$AAe?$AAn?$AAo?$AAu?$AAg?$AAh?$AA?5?$AAs?$AAp?$AAa?$AAc?$AAe?$AA?5?$AAf?$AAo?$AAr?$AA?5?$AAe?$AAn@ 0000000180004090     LIBCMT:crt0msg.obj
 0001:000030f0       ??_C@_1FE@LLNEDJMD@?$AAR?$AA6?$AA0?$AA0?$AA8?$AA?$AN?$AA?6?$AA?9?$AA?5?$AAn?$AAo?$AAt?$AA?5?$AAe?$AAn?$AAo?$AAu?$AAg?$AAh?$AA?5?$AAs?$AAp?$AAa?$AAc?$AAe?$AA?5?$AAf?$AAo?$AAr?$AA?5?$AAa?$AAr@ 00000001800040f0     LIBCMT:crt0msg.obj
 0001:00003150       ??_C@_1FK@PGACCAFB@?$AAR?$AA6?$AA0?$AA0?$AA2?$AA?$AN?$AA?6?$AA?9?$AA?5?$AAf?$AAl?$AAo?$AAa?$AAt?$AAi?$AAn?$AAg?$AA?5?$AAp?$AAo?$AAi?$AAn?$AAt?$AA?5?$AAs?$AAu?$AAp?$AAp?$AAo?$AAr?$AAt?$AA?5@ 0000000180004150     LIBCMT:crt0msg.obj
 0001:00003310       ??_C@_1EK@MBDPDCGA@?$AAM?$AAi?$AAc?$AAr?$AAo?$AAs?$AAo?$AAf?$AAt?$AA?5?$AAV?$AAi?$AAs?$AAu?$AAa?$AAl?$AA?5?$AAC?$AA?$CL?$AA?$CL?$AA?5?$AAR?$AAu?$AAn?$AAt?$AAi?$AAm?$AAe?$AA?5?$AAL?$AAi?$AAb@ 0000000180004310     LIBCMT:crt0msg.obj
 0001:0000335c       ??_C@_15IABLJNFO@?$AA?6?$AA?6?$AA?$AA@ 000000018000435c     LIBCMT:crt0msg.obj
 0001:00003368       ??_C@_17LGKOMLJ@?$AA?4?$AA?4?$AA?4?$AA?$AA@ 0000000180004368     LIBCMT:crt0msg.obj
 0001:00003370       ??_C@_1CO@EAEJAADC@?$AA?$DM?$AAp?$AAr?$AAo?$AAg?$AAr?$AAa?$AAm?$AA?5?$AAn?$AAa?$AAm?$AAe?$AA?5?$AAu?$AAn?$AAk?$AAn?$AAo?$AAw?$AAn?$AA?$DO?$AA?$AA@ 0000000180004370     LIBCMT:crt0msg.obj
 0001:000033a0       ??_C@_1DE@JNGNBFGO@?$AAR?$AAu?$AAn?$AAt?$AAi?$AAm?$AAe?$AA?5?$AAE?$AAr?$AAr?$AAo?$AAr?$AA?$CB?$AA?6?$AA?6?$AAP?$AAr?$AAo?$AAg?$AAr?$AAa?$AAm?$AA?3?$AA?5?$AA?$AA@ 00000001800043a0     LIBCMT:crt0msg.obj
 0001:000033e0       ??_7exception@std@@6B@     00000001800043e0     LIBCMT:stdexcpt.obj
 0001:000033f0       ??_C@_0BC@EOODALEL@Unknown?5exception?$AA@ 00000001800043f0     LIBCMT:stdexcpt.obj
 0001:00003410       ??_7type_info@@6B@         0000000180004410     LIBCMT:typinfo.obj
 0001:00003460       __real@0000000000000000    0000000180004460     LIBCMT:cvt.obj
 0001:00003468       ??_C@_05KLBDPFGC@e?$CL000?$AA@ 0000000180004468     LIBCMT:cvt.obj
 0001:00003470       _XcptActTab                0000000180004470     LIBCMT:winxfltr.obj
 0001:00003530       _First_FPE_Indx            0000000180004530     LIBCMT:winxfltr.obj
 0001:00003534       _Num_FPE                   0000000180004534     LIBCMT:winxfltr.obj
 0001:00003538       _XcptActTabSize            0000000180004538     LIBCMT:winxfltr.obj
 0001:0000353c       _XcptActTabCount           000000018000453c     LIBCMT:winxfltr.obj
 0001:00003540       __newctype                 0000000180004540     LIBCMT:ctype.obj
 0001:00003840       _wctype                    0000000180004840     LIBCMT:ctype.obj
 0001:00003a50       __newclmap                 0000000180004a50     LIBCMT:ctype.obj
 0001:00003bd0       __newcumap                 0000000180004bd0     LIBCMT:ctype.obj
 0001:00003d50       ??_C@_0BI@DFKBFLJE@GetProcessWindowStation?$AA@ 0000000180004d50     LIBCMT:crtmboxw.obj
 0001:00003d68       ??_C@_0BK@DEKFELLI@GetUserObjectInformationW?$AA@ 0000000180004d68     LIBCMT:crtmboxw.obj
 0001:00003d88       ??_C@_0BD@HHGDFDBJ@GetLastActivePopup?$AA@ 0000000180004d88     LIBCMT:crtmboxw.obj
 0001:00003da0       ??_C@_0BA@HNOPNCHB@GetActiveWindow?$AA@ 0000000180004da0     LIBCMT:crtmboxw.obj
 0001:00003db0       ??_C@_0M@DLDCCGNP@MessageBoxW?$AA@ 0000000180004db0     LIBCMT:crtmboxw.obj
 0001:00003dc0       ??_C@_1BG@GOEBHBDC@?$AAU?$AAS?$AAE?$AAR?$AA3?$AA2?$AA?4?$AAD?$AAL?$AAL?$AA?$AA@ 0000000180004dc0     LIBCMT:crtmboxw.obj
 0001:00003de8       ??_C@_0BK@CFCOFLF@?5Complete?5Object?5Locator?8?$AA@ 0000000180004de8     LIBCMT:undname.obj
 0001:00003e08       ??_C@_0BN@MECKDCOJ@?5Class?5Hierarchy?5Descriptor?8?$AA@ 0000000180004e08     LIBCMT:undname.obj
 0001:00003e28       ??_C@_0BD@LGICGFMM@?5Base?5Class?5Array?8?$AA@ 0000000180004e28     LIBCMT:undname.obj
 0001:00003e40       ??_C@_0BM@LDKODKLH@?5Base?5Class?5Descriptor?5at?5?$CI?$AA@ 0000000180004e40     LIBCMT:undname.obj
 0001:00003e60       ??_C@_0BC@DAFEJGAK@?5Type?5Descriptor?8?$AA@ 0000000180004e60     LIBCMT:undname.obj
 0001:00003e78       ??_C@_0BM@PMGGMLDN@?$GAlocal?5static?5thread?5guard?8?$AA@ 0000000180004e78     LIBCMT:undname.obj
 0001:00003e98       ??_C@_0CL@FGIJHLCE@?$GAmanaged?5vector?5copy?5constructor@ 0000000180004e98     LIBCMT:undname.obj
 0001:00003ec8       ??_C@_0CJ@GJELGAMM@?$GAvector?5vbase?5copy?5constructor?5i@ 0000000180004ec8     LIBCMT:undname.obj
 0001:00003ef8       ??_C@_0CD@CGAJBKEJ@?$GAvector?5copy?5constructor?5iterato@ 0000000180004ef8     LIBCMT:undname.obj
 0001:00003f20       ??_C@_0CB@PDBIFEP@?$GAdynamic?5atexit?5destructor?5for?5?8@ 0000000180004f20     LIBCMT:undname.obj
 0001:00003f48       ??_C@_0BL@CLIPGLGB@?$GAdynamic?5initializer?5for?5?8?$AA@ 0000000180004f48     LIBCMT:undname.obj
 0001:00003f68       ??_C@_0CM@FCBBDIGB@?$GAeh?5vector?5vbase?5copy?5constructo@ 0000000180004f68     LIBCMT:undname.obj
 0001:00003f98       ??_C@_0CG@HLDDJMAG@?$GAeh?5vector?5copy?5constructor?5iter@ 0000000180004f98     LIBCMT:undname.obj
 0001:00003fc0       ??_C@_0CF@IMGKMJNO@?$GAmanaged?5vector?5destructor?5itera@ 0000000180004fc0     LIBCMT:undname.obj
 0001:00003fe8       ??_C@_0CG@CFDHKGGD@?$GAmanaged?5vector?5constructor?5iter@ 0000000180004fe8     LIBCMT:undname.obj
 0001:00004010       ??_C@_0BN@CKNJLHMB@?$GAplacement?5delete?$FL?$FN?5closure?8?$AA@ 0000000180005010     LIBCMT:undname.obj
 0001:00004030       ??_C@_0BL@CNOONJFP@?$GAplacement?5delete?5closure?8?$AA@ 0000000180005030     LIBCMT:undname.obj
 0001:00004050       ??_C@_0P@HJKNJFNN@?$GAomni?5callsig?8?$AA@ 0000000180005050     LIBCMT:undname.obj
 0001:00004060       ??_C@_09LBNFPBCA@?5delete?$FL?$FN?$AA@ 0000000180005060     LIBCMT:undname.obj
 0001:0000406c       ??_C@_06FHBGPFGH@?5new?$FL?$FN?$AA@ 000000018000506c     LIBCMT:undname.obj
 0001:00004078       ??_C@_0CE@IIHCMGGL@?$GAlocal?5vftable?5constructor?5closu@ 0000000180005078     LIBCMT:undname.obj
 0001:000040a0       ??_C@_0BA@KKLDJDLB@?$GAlocal?5vftable?8?$AA@ 00000001800050a0     LIBCMT:undname.obj
 0001:000040b0       ??_C@_05KHLCHHI@?$GARTTI?$AA@ 00000001800050b0     LIBCMT:undname.obj
 0001:000040b8       ??_C@_03KLGMFNMG@?$GAEH?$AA@ 00000001800050b8     LIBCMT:undname.obj
 0001:000040c0       ??_C@_0BA@KBCDOMBN@?$GAudt?5returning?8?$AA@ 00000001800050c0     LIBCMT:undname.obj
 0001:000040d0       ??_C@_0BL@LLKPOHJI@?$GAcopy?5constructor?5closure?8?$AA@ 00000001800050d0     LIBCMT:undname.obj
 0001:000040f0       ??_C@_0CH@OOJPLCPH@?$GAeh?5vector?5vbase?5constructor?5ite@ 00000001800050f0     LIBCMT:undname.obj
 0001:00004118       ??_C@_0CA@GCEOPDGL@?$GAeh?5vector?5destructor?5iterator?8?$AA@ 0000000180005118     LIBCMT:undname.obj
 0001:00004138       ??_C@_0CB@JONCMFFK@?$GAeh?5vector?5constructor?5iterator?8@ 0000000180005138     LIBCMT:undname.obj
 0001:00004160       ??_C@_0BL@NILFHHPC@?$GAvirtual?5displacement?5map?8?$AA@ 0000000180005160     LIBCMT:undname.obj
 0001:00004180       ??_C@_0CE@IKBNEHA@?$GAvector?5vbase?5constructor?5iterat@ 0000000180005180     LIBCMT:undname.obj
 0001:000041a8       ??_C@_0BN@LFPFMEDL@?$GAvector?5destructor?5iterator?8?$AA@ 00000001800051a8     LIBCMT:undname.obj
 0001:000041c8       ??_C@_0BO@PFGOCPJJ@?$GAvector?5constructor?5iterator?8?$AA@ 00000001800051c8     LIBCMT:undname.obj
 0001:000041e8       ??_C@_0BN@IMDCHIKM@?$GAscalar?5deleting?5destructor?8?$AA@ 00000001800051e8     LIBCMT:undname.obj
 0001:00004208       ??_C@_0BO@OBMKPJIG@?$GAdefault?5constructor?5closure?8?$AA@ 0000000180005208     LIBCMT:undname.obj
 0001:00004228       ??_C@_0BN@DEGPLNFK@?$GAvector?5deleting?5destructor?8?$AA@ 0000000180005228     LIBCMT:undname.obj
 0001:00004248       ??_C@_0BD@JDLKDPAB@?$GAvbase?5destructor?8?$AA@ 0000000180005248     LIBCMT:undname.obj
 0001:00004260       ??_C@_08OBABFOLI@?$GAstring?8?$AA@ 0000000180005260     LIBCMT:undname.obj
 0001:00004270       ??_C@_0BF@KDPPACIK@?$GAlocal?5static?5guard?8?$AA@ 0000000180005270     LIBCMT:undname.obj
 0001:00004288       ??_C@_08LLFFHHDJ@?$GAtypeof?8?$AA@ 0000000180005288     LIBCMT:undname.obj
 0001:00004298       ??_C@_07FEEIOKP@?$GAvcall?8?$AA@ 0000000180005298     LIBCMT:undname.obj
 0001:000042a0       ??_C@_09BLBHBJP@?$GAvbtable?8?$AA@ 00000001800052a0     LIBCMT:undname.obj
 0001:000042b0       ??_C@_09IFPLHPGF@?$GAvftable?8?$AA@ 00000001800052b0     LIBCMT:undname.obj
 0001:000042bc       ??_C@_02MHEGNOJ@?$FO?$DN?$AA@ 00000001800052bc     LIBCMT:undname.obj
 0001:000042c0       ??_C@_02DHLNPPGH@?$HM?$DN?$AA@ 00000001800052c0     LIBCMT:undname.obj
 0001:000042c4       ??_C@_02FGJGFEAB@?$CG?$DN?$AA@ 00000001800052c4     LIBCMT:undname.obj
 0001:000042c8       ??_C@_03CDNPDDLA@?$DM?$DM?$DN?$AA@ 00000001800052c8     LIBCMT:undname.obj
 0001:000042cc       ??_C@_03IKFCCPFF@?$DO?$DO?$DN?$AA@ 00000001800052cc     LIBCMT:undname.obj
 0001:000042d0       ??_C@_02FENAOKFI@?$CF?$DN?$AA@ 00000001800052d0     LIBCMT:undname.obj
 0001:000042d4       ??_C@_02FJEHGPIO@?1?$DN?$AA@ 00000001800052d4     LIBCMT:undname.obj
 0001:000042d8       ??_C@_02FKMDLLOA@?9?$DN?$AA@ 00000001800052d8     LIBCMT:undname.obj
 0001:000042dc       ??_C@_02FOEOMHFC@?$CL?$DN?$AA@ 00000001800052dc     LIBCMT:undname.obj
 0001:000042e0       ??_C@_02FPIMKNGF@?$CK?$DN?$AA@ 00000001800052e0     LIBCMT:undname.obj
 0001:000042e4       ??_C@_02NONPIBCD@?$HM?$HM?$AA@ 00000001800052e4     LIBCMT:undname.obj
 0001:000042e8       ??_C@_02PPKAJPJL@?$CG?$CG?$AA@ 00000001800052e8     LIBCMT:undname.obj
 0001:000042ec       ??_C@_01DNKMNLPK@?$HM?$AA@ 00000001800052ec     LIBCMT:undname.obj
 0001:000042f0       ??_C@_01JKBOJNNK@?$FO?$AA@ 00000001800052f0     LIBCMT:undname.obj
 0001:000042f4       ??_C@_01PJKLJHI@?$HO?$AA@  00000001800052f4     LIBCMT:undname.obj
 0001:000042f8       ??_C@_02HCKGKOFO@?$CI?$CJ?$AA@ 00000001800052f8     LIBCMT:undname.obj
 0001:000042fc       ??_C@_01IHBHIGKO@?0?$AA@   00000001800052fc     LIBCMT:undname.obj
 0001:00004300       ??_C@_02EEKDKGMJ@?$DO?$DN?$AA@ 0000000180005300     LIBCMT:undname.obj
 0001:00004304       ??_C@_01PPODPGHN@?$DO?$AA@ 0000000180005304     LIBCMT:undname.obj
 0001:00004308       ??_C@_02EHCHHCKH@?$DM?$DN?$AA@ 0000000180005308     LIBCMT:undname.obj
 0001:0000430c       ??_C@_01MNNFJEPP@?$DM?$AA@ 000000018000530c     LIBCMT:undname.obj
 0001:00004310       ??_C@_01FGNFDNOH@?$CF?$AA@ 0000000180005310     LIBCMT:undname.obj
 0001:00004314       ??_C@_01KMDKNFGN@?1?$AA@   0000000180005314     LIBCMT:undname.obj
 0001:00004318       ??_C@_03MNHNFDLC@?9?$DO?$CK?$AA@ 0000000180005318     LIBCMT:undname.obj
 0001:0000431c       ??_C@_01HNPIGOCE@?$CG?$AA@ 000000018000531c     LIBCMT:undname.obj
 0001:00004320       ??_C@_01MIFGBAGJ@?$CL?$AA@ 0000000180005320     LIBCMT:undname.obj
 0001:00004324       ??_C@_01JOAMLHOP@?9?$AA@   0000000180005324     LIBCMT:undname.obj
 0001:00004328       ??_C@_02BAABKJLB@?9?9?$AA@ 0000000180005328     LIBCMT:undname.obj
 0001:0000432c       ??_C@_02ECNGHCIF@?$CL?$CL?$AA@ 000000018000532c     LIBCMT:undname.obj
 0001:00004330       ??_C@_01NBENCBCI@?$CK?$AA@ 0000000180005330     LIBCMT:undname.obj
 0001:00004334       ??_C@_02HBOOOICD@?9?$DO?$AA@ 0000000180005334     LIBCMT:undname.obj
 0001:00004338       ??_C@_08LHJFAFGD@operator?$AA@ 0000000180005338     LIBCMT:undname.obj
 0001:00004344       ??_C@_02GPECMEKF@?$FL?$FN?$AA@ 0000000180005344     LIBCMT:undname.obj
 0001:00004348       ??_C@_02FDNJECIE@?$CB?$DN?$AA@ 0000000180005348     LIBCMT:undname.obj
 0001:0000434c       ??_C@_02EGOFBIJA@?$DN?$DN?$AA@ 000000018000534c     LIBCMT:undname.obj
 0001:00004350       ??_C@_01DCLJPIOD@?$CB?$AA@ 0000000180005350     LIBCMT:undname.obj
 0001:00004354       ??_C@_02FODMEDOG@?$DM?$DM?$AA@ 0000000180005354     LIBCMT:undname.obj
 0001:00004358       ??_C@_02GPIOPFAK@?$DO?$DO?$AA@ 0000000180005358     LIBCMT:undname.obj
 0001:00004360       ??_C@_07FPCDHGMM@?5delete?$AA@ 0000000180005360     LIBCMT:undname.obj
 0001:00004368       ??_C@_04NIHEBCM@?5new?$AA@ 0000000180005368     LIBCMT:undname.obj
 0001:00004370       ??_C@_0M@GFIIJFMG@__unaligned?$AA@ 0000000180005370     LIBCMT:undname.obj
 0001:00004380       ??_C@_0L@PILCLIHE@__restrict?$AA@ 0000000180005380     LIBCMT:undname.obj
 0001:00004390       ??_C@_07JOMMBBKO@__ptr64?$AA@ 0000000180005390     LIBCMT:undname.obj
 0001:00004398       ??_C@_06GHPCKEAG@__eabi?$AA@ 0000000180005398     LIBCMT:undname.obj
 0001:000043a0       ??_C@_09HIJEGCPM@__clrcall?$AA@ 00000001800053a0     LIBCMT:undname.obj
 0001:000043b0       ??_C@_0L@JMKHOMEK@__fastcall?$AA@ 00000001800053b0     LIBCMT:undname.obj
 0001:000043c0       ??_C@_0L@NPHFGOKO@__thiscall?$AA@ 00000001800053c0     LIBCMT:undname.obj
 0001:000043d0       ??_C@_09IFJBGAPI@__stdcall?$AA@ 00000001800053d0     LIBCMT:undname.obj
 0001:000043e0       ??_C@_08GHMPAG@__pascal?$AA@ 00000001800053e0     LIBCMT:undname.obj
 0001:000043f0       ??_C@_07KOLFKCDI@__cdecl?$AA@ 00000001800053f0     LIBCMT:undname.obj
 0001:000043f8       ??_C@_08EHJDFFNH@__based?$CI?$AA@ 00000001800053f8     LIBCMT:undname.obj
 0001:00004718       ??_C@_06IMKFLFPG@1?$CDQNAN?$AA@ 0000000180005718     LIBCMT:_x10fout_.obj
 0001:00004720       ??_C@_05DNEBIAHO@1?$CDINF?$AA@ 0000000180005720     LIBCMT:_x10fout_.obj
 0001:00004728       ??_C@_05PHHOCPM@1?$CDIND?$AA@ 0000000180005728     LIBCMT:_x10fout_.obj
 0001:00004730       ??_C@_06PGGFOGJG@1?$CDSNAN?$AA@ 0000000180005730     LIBCMT:_x10fout_.obj
 0001:00004738       ??_R4bad_alloc@std@@6B@    0000000180005738     LIBCMT:new.obj
 0001:00004760       ??_R3bad_alloc@std@@8      0000000180005760     LIBCMT:new.obj
 0001:00004778       ??_R2bad_alloc@std@@8      0000000180005778     LIBCMT:new.obj
 0001:00004790       ??_R1A@?0A@EA@bad_alloc@std@@8 0000000180005790     LIBCMT:new.obj
 0001:000047b8       ??_R1A@?0A@EA@exception@std@@8 00000001800057b8     LIBCMT:new.obj
 0001:000047e0       ??_R3exception@std@@8      00000001800057e0     LIBCMT:new.obj
 0001:000047f8       ??_R2exception@std@@8      00000001800057f8     LIBCMT:new.obj
 0001:00004808       ??_R4exception@std@@6B@    0000000180005808     LIBCMT:stdexcpt.obj
 0001:00004830       ??_R4type_info@@6B@        0000000180005830     LIBCMT:typinfo.obj
 0001:00004858       ??_R3type_info@@8          0000000180005858     LIBCMT:typinfo.obj
 0001:00004870       ??_R2type_info@@8          0000000180005870     LIBCMT:typinfo.obj
 0001:00004880       ??_R1A@?0A@EA@type_info@@8 0000000180005880     LIBCMT:typinfo.obj
 0001:000048a8       __rtc_iaa                  00000001800058a8     LIBCMT:_initsect_.obj
 0001:000048b0       __rtc_izz                  00000001800058b0     LIBCMT:_initsect_.obj
 0001:000048b8       __rtc_taa                  00000001800058b8     LIBCMT:_initsect_.obj
 0001:000048c0       __rtc_tzz                  00000001800058c0     LIBCMT:_initsect_.obj
 0001:000048e0       __chkstk                   00000001800058e0 f   chkstk.obj
 0001:000048e0       _alloca_probe              00000001800058e0     chkstk.obj
[...]
 0001:00017a44       __crtMessageBoxW           0000000180018a44 f   LIBCMT:crtmboxw.obj
 0001:00017c4c       wcscat_s                   0000000180018c4c f   LIBCMT:wcscat_s.obj
 0001:00017cd4       wcsncpy_s                  0000000180018cd4 f   LIBCMT:wcsncpy_s.obj
 0001:00017da4       wcslen                     0000000180018da4 f   LIBCMT:wcslen.obj
 0001:00017dc0       wcscpy_s                   0000000180018dc0 f   LIBCMT:wcscpy_s.obj
 0001:00017e2c       _set_error_mode            0000000180018e2c f   LIBCMT:errmode.obj
 0001:00017e6c       ?_Type_info_dtor@type_info@@CAXPEAV1@@Z 0000000180018e6c f   LIBCMT:typname.obj
 0001:00017ed8       _msize                     0000000180018ed8 f   LIBCMT:msize.obj
 0001:00017f14       strrchr                    0000000180018f14 f   LIBCMT:strrchr.obj
 0001:00017f3c       isdigit                    0000000180018f3c f i LIBCMT:_ctype.obj
 0001:00017fbc       _atodbl_l                  0000000180018fbc f   LIBCMT:atodbl.obj
 0001:000180bc       _atoflt_l                  00000001800190bc f   LIBCMT:atodbl.obj
 0001:000181bc       _fptostr                   00000001800191bc f   LIBCMT:_fptostr.obj
 0001:00018288       __dtold                    0000000180019288 f   LIBCMT:_cfout_.obj
 0001:00018350       _fltout2                   0000000180019350 f   LIBCMT:_cfout_.obj
 0001:00018408       _fptrap                    0000000180019408 f   LIBCMT:crt0fp.obj
 0001:00018430       _local_unwind              0000000180019430 f   LIBCMT:jmpuwind.obj
 0001:00018460       _NLG_Notify                0000000180019460 f   LIBCMT:jmpuwind.obj
 0001:00018480       __NLG_Dispatch2            0000000180019480 f   LIBCMT:jmpuwind.obj
 0001:00018490       __NLG_Return2              0000000180019490 f   LIBCMT:jmpuwind.obj
 0001:00018494       _calloc_impl               0000000180019494 f   LIBCMT:calloc_impl.obj
 0001:00018530       realloc                    0000000180019530 f   LIBCMT:realloc.obj
 0001:00018680       _ismbblead                 0000000180019680 f   LIBCMT:ismbbyte.obj
 0001:00018694       __report_gsfailure         0000000180019694 f   LIBCMT:gs_report.obj
 0001:000187e0       abort                      00000001800197e0 f   LIBCMT:abort.obj
 0001:00018820       _ld12tod                   0000000180019820 f   LIBCMT:_intrncvt_.obj
 0001:00018dec       _ld12tof                   0000000180019dec f   LIBCMT:_intrncvt_.obj
 0001:000193b8       __strgtold12_l             000000018001a3b8 f   LIBCMT:_strgtold_.obj
 0001:00019c1c       $I10_OUTPUT                000000018001ac1c f   LIBCMT:_x10fout_.obj
 0001:0001a6d0       __mtold12                  000000018001b6d0 f   LIBCMT:_mantold_.obj
 0001:0001a8ea       RtlVirtualUnwind           000000018001b8ea f   kernel32:KERNEL32.dll
 0001:0001a8f0       RtlLookupFunctionEntry     000000018001b8f0 f   kernel32:KERNEL32.dll
 0001:0001a8f6       RtlPcToFileHeader          000000018001b8f6 f   kernel32:KERNEL32.dll
 0001:0001a8fc       RtlUnwindEx                000000018001b8fc f   kernel32:KERNEL32.dll
 0001:0001a904       wcsdup                     000000018001b904 f   LIBCMT:wcsdup.obj
 0001:0001a904       _wcsdup                    000000018001b904 f   LIBCMT:wcsdup.obj
 0001:0001a97c       calloc                     000000018001b97c f   LIBCMT:calloc.obj
 0001:0001bde0       _TI2?AVbad_alloc@std@@     000000018001cde0     LIBCMT:new.obj
 0001:0001be00       _CTA2?AVbad_alloc@std@@    000000018001ce00     LIBCMT:new.obj
 0001:0001be18       _CT??_R0?AVbad_alloc@std@@@8??0bad_alloc@std@@QEAA@AEBV01@@Z24 000000018001ce18     LIBCMT:new.obj
 0001:0001be40       _CT??_R0?AVexception@std@@@8??0exception@std@@QEAA@AEBV01@@Z24 000000018001ce40     LIBCMT:new.obj
 0001:0001be64       __IMPORT_DESCRIPTOR_KERNEL32 000000018001ce64     kernel32:KERNEL32.dll
 0001:0001be78       __IMPORT_DESCRIPTOR_USER32 000000018001ce78     user32:USER32.dll
 0001:0001be8c       __IMPORT_DESCRIPTOR_ADVAPI32 000000018001ce8c     advapi32:ADVAPI32.dll
 0001:0001bea0       __IMPORT_DESCRIPTOR_ole32  000000018001cea0     ole32:ole32.dll
 0001:0001beb4       __IMPORT_DESCRIPTOR_MPR    000000018001ceb4     mpr:MPR.dll
 0001:0001bec8       __IMPORT_DESCRIPTOR_VERSION 000000018001cec8     version:VERSION.dll
 0001:0001bedc       __IMPORT_DESCRIPTOR_OLEAUT32 000000018001cedc     oleaut32:OLEAUT32.dll
 0001:0001bef0       __NULL_IMPORT_DESCRIPTOR   000000018001cef0     kernel32:KERNEL32.dll
 0002:00000000       ?DescIDs@@3PAHA            000000018001e000     Pclass.obj
 0002:000000a0       ?Counters@@3PAU_Counters@@A 000000018001e0a0     perfthread.obj
 0002:00000200       ?pNtQueryInformationProcess@@3P6AJPEAXW4_PROCESSINFOCLASS@@0KPEAK@ZEA 000000018001e200     Proclist.obj
 0002:00000208       ?pNtQueryInformationThread@@3P6AJPEAXK0KPEAK@ZEA 000000018001e208     Proclist.obj
 0002:00000210       ?pNtQueryObject@@3P6AJPEAXK0K0@ZEA 000000018001e210     Proclist.obj
 0002:00000218       ?pNtQuerySystemInformation@@3P6AJKPEAXKPEAK@ZEA 000000018001e218     Proclist.obj
 0002:00000220       ?pNtQueryInformationFile@@3P6AJPEAX00KK@ZEA 000000018001e220     Proclist.obj
 0002:00000228       ?pIsWow64Process@@3P6AHPEAXPEAH@ZEA 000000018001e228     Proclist.obj
 0002:00000230       ?pGetGuiResources@@3P6AKPEAXK@ZEA 000000018001e230     Proclist.obj
 0002:00000238       ?pIsValidSid@@3P6AHPEAX@ZEA 000000018001e238     Proclist.obj
 0002:00000240       ?pGetSidIdentifierAuthority@@3P6APEAU_SID_IDENTIFIER_AUTHORITY@@PEAX@ZEA 000000018001e240     Proclist.obj
 0002:00000248       ?pGetSidSubAuthorityCount@@3P6APEAEPEAX@ZEA 000000018001e248     Proclist.obj
 0002:00000250       ?pGetSidSubAuthority@@3P6APEAKPEAXK@ZEA 000000018001e250     Proclist.obj
 0002:00000258       ?pLookupAccountName@@3P6AHPEB_W0PEAXPEAKPEA_W2PEAW4_SID_NAME_USE@@@ZEA 000000018001e258     Proclist.obj
 0002:00000260       ?pCoSetProxyBlanket@@3P6AJPEAUIUnknown@@KKPEA_WKKPEAXK@ZEA 000000018001e260     Proclist.obj
 0002:00000270       ??_R0?AVbad_alloc@std@@@8  000000018001e270     LIBCMT:new.obj
 0002:00000298       ??_R0?AVexception@std@@@8  000000018001e298     LIBCMT:new.obj
 0002:000002bc       _fltused                   000000018001e2bc     LIBCMT:_fpinit_.obj
 0002:000002c0       _ldused                    000000018001e2c0     LIBCMT:_fpinit_.obj
 0002:000002d0       __initialmbcinfo           000000018001e2d0     LIBCMT:mbctype.obj
 0002:000004f0       _mbctype                   000000018001e4f0     LIBCMT:mbctype.obj
 0002:00000600       _mbcasemap                 000000018001e600     LIBCMT:mbctype.obj
 0002:00000700       __ptmbcinfo                000000018001e700     LIBCMT:mbctype.obj
 0002:00000800       __globallocalestatus       000000018001e800     LIBCMT:glstatus.obj
 0002:00000804       __clocalestr               000000018001e804     LIBCMT:nlsdata2.obj
 0002:00000810       __lc_time_c                000000018001e810     LIBCMT:nlsdata2.obj
 0002:00000ad0       __initiallocinfo           000000018001ead0     LIBCMT:nlsdata2.obj
 0002:00000c30       __ptlocinfo                000000018001ec30     LIBCMT:nlsdata2.obj
 0002:00000c38       __flsindex                 000000018001ec38     LIBCMT:tidtable.obj
 0002:00000db8       ??_R0?AVtype_info@@@8      000000018001edb8     LIBCMT:typinfo.obj
 0002:00000de0       _cfltcvt_tab               000000018001ede0     LIBCMT:cmiscdat.obj
 0002:00000e30       __badioinfo                000000018001ee30     LIBCMT:ioinit.obj
 0002:00000e88       __security_cookie          000000018001ee88     LIBCMT:gs_cookie.obj
 0002:00000e90       __security_cookie_complement 000000018001ee90     LIBCMT:gs_cookie.obj
 0002:000010e0       __lconv_static_decimal     000000018001f0e0     LIBCMT:lconv.obj
 0002:000010e4       __lconv_static_W_decimal   000000018001f0e4     LIBCMT:lconv.obj
 0002:000010e8       __lconv                    000000018001f0e8     LIBCMT:lconv.obj
 0002:000010f0       __lconv_c                  000000018001f0f0     LIBCMT:lconv.obj
 0002:00001188       _pctype                    000000018001f188     LIBCMT:ctype.obj
 0002:00001190       _pwctype                   000000018001f190     LIBCMT:ctype.obj
 0002:00001198       __mb_cur_max               000000018001f198     LIBCMT:nlsdata1.obj
 0002:0000119c       __decimal_point            000000018001f19c     LIBCMT:nlsdata1.obj
 0002:000011a0       __decimal_point_length     000000018001f1a0     LIBCMT:nlsdata1.obj
 0002:000011b0       __abort_behavior           000000018001f1b0     LIBCMT:abort.obj
 0002:000011f0       _pow10pos                  000000018001f1f0     LIBCMT:_constpow_.obj
 0002:00001350       _pow10neg                  000000018001f350     LIBCMT:_constpow_.obj
 0002:000014c0       ?FPRINTFbuffer@@3PA_WA     000000018001f4c0     fileio.obj
 0002:000216d0       ?ProcPanelModesRemote@Plist@@2PAY0FA@_WA 000000018003f6d0     Pclass.obj
 0002:00021d10       ?PanelModesRemote@Plist@@2PAUPanelMode@@A 000000018003fd10     Pclass.obj
 0002:00021ef0       ?bInit@Plist@@2_NA         000000018003fef0     Pclass.obj
 0002:00021f00       ?PanelModesLocal@Plist@@2PAUPanelMode@@A 000000018003ff00     Pclass.obj
 0002:000220e0       ?ProcPanelModesLocal@Plist@@2PAY0FA@_WA 00000001800400e0     Pclass.obj
 0002:00022720       ?PanelModeBuffer@Plist@@2PA_WA 0000000180040720     Pclass.obj
 0002:00026c10       ?hDebugToken@DebugToken@@0REAXEA 0000000180044c10     Plist.obj
 0002:00026c80       ?Info@@3UPluginStartupInfo@@A 0000000180044c80     Proclist.obj
 0002:00026d90       ?_ui64Table@@3PEAVui64Table@@EA 0000000180044d90     Proclist.obj
 0002:00026d98       ?PluginRootKey@@3PEA_WEA   0000000180044d98     Proclist.obj
 0002:00026da0       ?FSF@@3UFarStandardFunctions@@A 0000000180044da0     Proclist.obj
 0002:00026f18       ?Opt@@3U_Opt@@A            0000000180044f18     Proclist.obj
 0002:00026f74       __fastflag                 0000000180044f74     LIBCMT:_fpinit_.obj
 0002:00026f7c       __error_mode               0000000180044f7c     LIBCMT:dllcrt0.obj
 0002:00026f80       _aenvptr                   0000000180044f80     LIBCMT:dllcrt0.obj
 0002:00026f88       _wenvptr                   0000000180044f88     LIBCMT:dllcrt0.obj
 0002:00026f90       __app_type                 0000000180044f90     LIBCMT:dllcrt0.obj
 0002:00026fa0       __mbulinfo                 0000000180044fa0     LIBCMT:mbctype.obj
 0002:00026fac       __mbcodepage               0000000180044fac     LIBCMT:mbctype.obj
 0002:00026fb0       __ismbcodepage             0000000180044fb0     LIBCMT:mbctype.obj
 0002:00026fb4       __mblcid                   0000000180044fb4     LIBCMT:mbctype.obj
 0002:00026fb8       __pInvalidArgHandler       0000000180044fb8     LIBCMT:invarg.obj
 0002:00026fc0       __locale_changed           0000000180044fc0     LIBCMT:setlocal.obj
 0002:00026fc8       _crtheap                   0000000180044fc8     LIBCMT:heapinit.obj
 0002:00026fd0       _umaskval                  0000000180044fd0     LIBCMT:crt0dat.obj
 0002:00026fd4       __argc                     0000000180044fd4     LIBCMT:crt0dat.obj
 0002:00026fd8       __argv                     0000000180044fd8     LIBCMT:crt0dat.obj
 0002:00026fe0       __wargv                    0000000180044fe0     LIBCMT:crt0dat.obj
 0002:00026fe8       _environ                   0000000180044fe8     LIBCMT:crt0dat.obj
 0002:00026ff0       __initenv                  0000000180044ff0     LIBCMT:crt0dat.obj
 0002:00026ff8       _wenviron                  0000000180044ff8     LIBCMT:crt0dat.obj
 0002:00027000       __winitenv                 0000000180045000     LIBCMT:crt0dat.obj
 0002:00027008       _pgmptr                    0000000180045008     LIBCMT:crt0dat.obj
 0002:00027010       _wpgmptr                   0000000180045010     LIBCMT:crt0dat.obj
 0002:00027018       _exitflag                  0000000180045018     LIBCMT:crt0dat.obj
 0002:0002701c       _C_Termination_Done        000000018004501c     LIBCMT:crt0dat.obj
 0002:00027020       _C_Exit_Done               0000000180045020     LIBCMT:crt0dat.obj
 0002:00027658       ?_pnhHeap@@3P6AH_K@ZEA     0000000180045658     LIBCMT:handler.obj
 0002:00027660       _newmode                   0000000180045660     LIBCMT:_newmode.obj
 0002:00027664       _maxwait                   0000000180045664     LIBCMT:crtheap.obj
 0002:000279b0       __lconv_static_null        00000001800459b0     LIBCMT:lconv.obj
 0002:000279b4       __lconv_static_W_null      00000001800459b4     LIBCMT:lconv.obj
 0002:000279b8       ?__pInconsistency@@3P6AXXZEA 00000001800459b8     LIBCMT:hooks.obj
 0002:000279f0       __pPurecall                00000001800459f0     LIBCMT:inithelp.obj
 0002:00027a30       _outputformat              0000000180045a30     LIBCMT:outputformat.obj
 0002:00027fb0       ?pArgList@UnDecorator@@0PEAVReplicator@@EA 0000000180045fb0     LIBCMT:undname.obj
 0002:00027fe0       ?pZNameList@UnDecorator@@0PEAVReplicator@@EA 0000000180045fe0     LIBCMT:undname.obj
 0002:00027fe8       ?pTemplateArgList@UnDecorator@@0PEAVReplicator@@EA 0000000180045fe8     LIBCMT:undname.obj
 0002:00027ff0       ?gName@UnDecorator@@0PEBDEB 0000000180045ff0     LIBCMT:undname.obj
 0002:00027ff8       ?name@UnDecorator@@0PEBDEB 0000000180045ff8     LIBCMT:undname.obj
 0002:00028000       ?outputString@UnDecorator@@0PEADEA 0000000180046000     LIBCMT:undname.obj
 0002:00028008       ?maxStringLength@UnDecorator@@0HA 0000000180046008     LIBCMT:undname.obj
 0002:0002800c       ?disableFlags@UnDecorator@@0KA 000000018004600c     LIBCMT:undname.obj
 0002:00028010       ?m_pGetParameter@UnDecorator@@0P6APEADJ@ZEA 0000000180046010     LIBCMT:undname.obj
 0002:00028018       ?fExplicitTemplateParams@UnDecorator@@0_NA 0000000180046018     LIBCMT:undname.obj
 0002:00028019       ?fGetTemplateArgumentList@UnDecorator@@0_NA 0000000180046019     LIBCMT:undname.obj
 0002:0002801c       _debugger_hook_dummy       000000018004601c     <common>
 0002:00028020       _nhandle                   0000000180046020     <common>
 0002:00028040       __pioinfo                  0000000180046040     <common>
 0002:00028240       _pDestructExceptionObject  0000000180046240     <common>
 0002:00028248       __env_initialized          0000000180046248     <common>
 0002:00028250       __onexitend                0000000180046250     <common>
 0002:00028258       __onexitbegin              0000000180046258     <common>
 0002:00028260       __mbctype_initialized      0000000180046260     <common>
 0002:00028268       __dyn_tls_init_callback    0000000180046268     <common>
 0002:00028270       _acmdln                    0000000180046270     <common>

 entry point at        0001:000127e8

 Static symbols

 0001:00004970       ?GetFileNameThread@@YAKPEAX@Z 0000000180005970 f   handles.obj
 0001:000049c0       ?PrintFileName@@YA_NPEAX0@Z 00000001800059c0 f   handles.obj
 0001:00004b10       ?GetType@@YAGPEAX@Z        0000000180005b10 f   handles.obj
 0001:00004c10       ?PrintNameByType@@YA_NPEAXG0PEAVPerfThread@@@Z 0000000180005c10 f   handles.obj
 0001:00004fb0       ?PrintNameAndType@@YA_NPEAXK0PEAVPerfThread@@@Z 0000000180005fb0 f   handles.obj
 0001:00005140       ?ConvertSid@@YAHPEAXPEA_WPEAK@Z 0000000180006140 f   handles.obj
 0001:00005330       ?GetUserAccountID@@YAPEB_WXZ 0000000180006330 f   handles.obj
 0001:00007880       ?ui64toa_width@@YAX_KPEA_WI_N@Z 0000000180008880 f   Pclass.obj
 0001:00008120       ?GenerateTitles@@YAXQEAY0FA@_WPEAUPanelMode@@QEAY0BI@PEA_W@Z 0000000180009120 f   Pclass.obj
 0001:0000eda0       ?FreeUserData@@YAXPEAXPEBUFarPanelItemFreeInfo@@@Z 000000018000fda0 f   Plist.obj
 0001:00011110       ?fNtQueryObject@@YAJPEAXK0K0@Z 0000000180012110 f   Proclist.obj
 0001:00011110       ?fNtQueryInformationProcess@@YAJPEAXW4_PROCESSINFOCLASS@@0KPEAK@Z 0000000180012110 f   Proclist.obj
 0001:00011110       ?fNtQueryInformationThread@@YAJPEAXK0KPEAK@Z 0000000180012110 f   Proclist.obj
 0001:00011110       ?fNtQuerySystemInformation@@YAJKPEAXKPEAK@Z 0000000180012110 f   Proclist.obj
 0001:00011110       ?fNtQueryInformationFile@@YAJPEAX00KK@Z 0000000180012110 f   Proclist.obj
 0001:00011120       ?fGetSidSubAuthorityCount@@YAPEAEPEAX@Z 0000000180012120 f   Proclist.obj
 0001:00011120       ?fGetGuiResources@@YAKPEAXK@Z 0000000180012120 f   Proclist.obj
 0001:00011120       ?fLookupAccountName@@YAHPEB_W0PEAXPEAKPEA_W2PEAW4_SID_NAME_USE@@@Z 0000000180012120 f   Proclist.obj
 0001:00011120       ?fGetSidSubAuthority@@YAPEAKPEAXK@Z 0000000180012120 f   Proclist.obj
 0001:00011120       ?fIsWow64Process@@YAHPEAXPEAH@Z 0000000180012120 f   Proclist.obj
 0001:00011120       ?fGetSidIdentifierAuthority@@YAPEAU_SID_IDENTIFIER_AUTHORITY@@PEAX@Z 0000000180012120 f   Proclist.obj
 0001:00011120       ?fIsValidSid@@YAHPEAX@Z    0000000180012120 f   Proclist.obj
 0001:00011130       ?fCoSetProxyBlanket@@YAJPEAUIUnknown@@KKPEA_WKKPEAXK@Z 0000000180012130 f   Proclist.obj
 0001:00011140       ?dynamic_bind@@YAXXZ       0000000180012140 f   Proclist.obj
 0001:000121ec       x64tow                     00000001800131ec f   LIBCMT:xtow.obj
 0001:0001227c       ?wcstoxl@@YAKPEB_WPEAPEB_WHH@Z 000000018001327c f   LIBCMT:wcstol.obj
 0001:000126cc       __DllMainCRTStartup        00000001800136cc f   LIBCMT:dllcrt0.obj
 0001:00012828       ?setSBCS@@YAXPEAUthreadmbcinfostruct@@@Z 0000000180013828 f   LIBCMT:mbctype.obj
 0001:000128b4       ?setSBUpLow@@YAXPEAUthreadmbcinfostruct@@@Z 00000001800138b4 f   LIBCMT:mbctype.obj
 0001:00012b60       ?getSystemCP@@YAHH@Z       0000000180013b60 f   LIBCMT:mbctype.obj
 0001:00013c94       _initterm                  0000000180014c94 f   LIBCMT:crt0dat.obj
 0001:00013db4       doexit                     0000000180014db4 f   LIBCMT:crt0dat.obj
 0001:000149d0       _cftoe2_l                  00000001800159d0 f   LIBCMT:cvt.obj
 0001:000150dc       _cftof2_l                  00000001800160dc f   LIBCMT:cvt.obj
 0001:00015d78       parse_cmdline              0000000180016d78 f   LIBCMT:stdargv.obj
 0001:000164c8       ?__crtLCMapStringA_stat@@YAHPEAUlocaleinfo_struct@@KKPEBDHPEADHHH@Z 00000001800174c8 f   LIBCMT:a_map.obj
 0001:0001682c       ?__crtGetStringTypeA_stat@@YAHPEAUlocaleinfo_struct@@KPEBDHPEAGHHH@Z 000000018001782c f   LIBCMT:a_str.obj
 0001:00018604       ?x_ismbbtype_l@@YAHPEAUlocaleinfo_struct@@IHH@Z 0000000180019604 f   LIBCMT:ismbbyte.obj
 0001:0001a9c0       _CRT_INIT$fin$0            000000018001b9c0 f   LIBCMT:dllcrt0.obj
 0001:0001a9e6       __DllMainCRTStartup$filt$0 000000018001b9e6 f   LIBCMT:dllcrt0.obj
 0001:0001aa04       _setmbcp$fin$0             000000018001ba04 f   LIBCMT:mbctype.obj
 0001:0001aa04       __updatetmbcinfo$fin$0     000000018001ba04 f   LIBCMT:mbctype.obj
 0001:0001aa1f       __updatetlocinfo$fin$0     000000018001ba1f f   LIBCMT:localref.obj
 0001:0001aa3a       _freefls$fin$1             000000018001ba3a f   LIBCMT:tidtable.obj
 0001:0001aa3a       _initptd$fin$1             000000018001ba3a f   LIBCMT:tidtable.obj
 0001:0001aa5a       _initptd$fin$0             000000018001ba5a f   LIBCMT:tidtable.obj
 0001:0001aa5a       _freefls$fin$0             000000018001ba5a f   LIBCMT:tidtable.obj
 0001:0001aa75       doexit$fin$0               000000018001ba75 f   LIBCMT:crt0dat.obj
 0001:0001aa99       _onexit$fin$0              000000018001ba99 f   LIBCMT:onexit.obj
 0001:0001aaaf       _mtinitlocknum$fin$0       000000018001baaf f   LIBCMT:mlock.obj
 0001:0001aacd       raise$fin$0                000000018001bacd f   LIBCMT:winsig.obj
 0001:0001aaf0       _IsNonwritableInCurrentImage$filt$0 000000018001baf0 f   LIBCMT:pesect.obj
 0001:0001ab12       ?fin$0@?0??_Type_info_dtor@type_info@@CAXPEAV1@@Z@4HA 000000018001bb12 f   LIBCMT:typname.obj
 0001:0001ab30       ??__Fnomem@?5???2@YAPEAX_K@Z@YAXXZ 000000018001bb30 f   LIBCMT:new.obj
